******************************************************************************
             TMS320C2000 Linker PC v21.6.0                     
******************************************************************************
>> Linked Sun Nov  7 19:37:35 2021

OUTPUT FILE NAME:   <DIAN_SAI_lanyahou.out>
ENTRY POINT SYMBOL: "code_start"  address: 00000000


MEMORY CONFIGURATION

         name            origin    length      used     unused   attr    fill
----------------------  --------  ---------  --------  --------  ----  --------
PAGE 0:
  BEGIN                 00000000   00000002  00000002  00000000  RWIX
  RAMM0                 00000123   000002dd  00000000  000002dd  RWIX
  RAMLS0                00008000   00000800  00000060  000007a0  RWIX
  RAMLS12               00008800   00001000  00000000  00001000  RWIX
  RAMLS34               00009800   00001000  00000000  00001000  RWIX
  RAMD0                 0000b000   00000800  00000000  00000800  RWIX
  RESET                 003fffc0   00000002  00000000  00000002  RWIX

PAGE 1:
  BOOT_RSVD             00000002   00000121  00000000  00000121  RWIX
  RAMM1                 00000400   000003f8  00000100  000002f8  RWIX
  ADCARESULT            00000b00   00000018  00000000  00000018  RWIX
  ADCBRESULT            00000b20   00000018  00000000  00000018  RWIX
  ADCCRESULT            00000b40   00000018  00000000  00000018  RWIX
  ADCDRESULT            00000b60   00000018  00000000  00000018  RWIX
  CPUTIMER0             00000c00   00000008  00000000  00000008  RWIX
  CPUTIMER1             00000c08   00000008  00000008  00000000  RWIX
  CPUTIMER2             00000c10   00000008  00000008  00000000  RWIX
  PIECTRL               00000ce0   0000001a  0000001a  00000000  RWIX
  PIEVECTTABLE          00000d00   00000200  000001c0  00000040  RWIX
  DMA                   00001000   00000200  00000000  00000200  RWIX
  CLA1                  00001400   00000080  00000000  00000080  RWIX
  CLB1LOGICCFG          00003000   00000052  00000000  00000052  RWIX
  CLB1LOGICCTRL         00003100   00000040  00000000  00000040  RWIX
  CLB1DATAEXCH          00003200   00000200  00000000  00000200  RWIX
  CLB2LOGICCFG          00003400   00000052  00000000  00000052  RWIX
  CLB2LOGICCTRL         00003500   00000040  00000000  00000040  RWIX
  CLB2DATAEXCH          00003600   00000200  00000000  00000200  RWIX
  CLB3LOGICCFG          00003800   00000052  00000000  00000052  RWIX
  CLB3LOGICCTRL         00003900   00000040  00000000  00000040  RWIX
  CLB3DATAEXCH          00003a00   00000200  00000000  00000200  RWIX
  CLB4LOGICCFG          00003c00   00000052  00000000  00000052  RWIX
  CLB4LOGICCTRL         00003d00   00000040  00000000  00000040  RWIX
  CLB4DATAEXCH          00003e00   00000200  00000000  00000200  RWIX
  EPWM1                 00004000   00000100  00000000  00000100  RWIX
  EPWM2                 00004100   00000100  00000000  00000100  RWIX
  EPWM3                 00004200   00000100  00000000  00000100  RWIX
  EPWM4                 00004300   00000100  00000000  00000100  RWIX
  EPWM5                 00004400   00000100  00000000  00000100  RWIX
  EPWM6                 00004500   00000100  00000000  00000100  RWIX
  EPWM7                 00004600   00000100  00000000  00000100  RWIX
  EPWM8                 00004700   00000100  00000000  00000100  RWIX
  EPWM9                 00004800   00000100  00000000  00000100  RWIX
  EPWM10                00004900   00000100  00000000  00000100  RWIX
  EPWM11                00004a00   00000100  00000000  00000100  RWIX
  EPWM12                00004b00   00000100  00000000  00000100  RWIX
  ECAP1                 00005000   00000020  00000000  00000020  RWIX
  ECAP2                 00005020   00000020  00000000  00000020  RWIX
  ECAP3                 00005040   00000020  00000000  00000020  RWIX
  ECAP4                 00005060   00000020  00000000  00000020  RWIX
  ECAP5                 00005080   00000020  00000000  00000020  RWIX
  ECAP6                 000050a0   00000020  00000000  00000020  RWIX
  EQEP1                 00005100   00000022  00000000  00000022  RWIX
  EQEP2                 00005140   00000022  00000000  00000022  RWIX
  EQEP3                 00005180   00000022  00000000  00000022  RWIX
  DACA                  00005c00   00000008  00000000  00000008  RWIX
  DACB                  00005c10   00000008  00000000  00000008  RWIX
  DACC                  00005c20   00000008  00000000  00000008  RWIX
  CMPSS1                00005c80   00000020  00000000  00000020  RWIX
  CMPSS2                00005ca0   00000020  00000000  00000020  RWIX
  CMPSS3                00005cc0   00000020  00000000  00000020  RWIX
  CMPSS4                00005ce0   00000020  00000000  00000020  RWIX
  CMPSS5                00005d00   00000020  00000000  00000020  RWIX
  CMPSS6                00005d20   00000020  00000000  00000020  RWIX
  CMPSS7                00005d40   00000020  00000000  00000020  RWIX
  CMPSS8                00005d60   00000020  00000000  00000020  RWIX
  SDFM1                 00005e00   00000080  00000000  00000080  RWIX
  SDFM2                 00005e80   00000080  00000000  00000080  RWIX
  MCBSPA                00006000   00000024  00000000  00000024  RWIX
  MCBSPB                00006040   00000024  00000000  00000024  RWIX
  SPIA                  00006100   00000010  00000000  00000010  RWIX
  SPIB                  00006110   00000010  00000000  00000010  RWIX
  SPIC                  00006120   00000010  00000000  00000010  RWIX
  UPP                   00006200   00000048  00000000  00000048  RWIX
  WD                    00007000   0000002b  0000002b  00000000  RWIX
  NMIINTRUPT            00007060   00000007  00000000  00000007  RWIX
  XINT                  00007070   0000000b  00000000  0000000b  RWIX
  SCIA                  00007200   00000010  00000000  00000010  RWIX
  SCIB                  00007210   00000010  00000000  00000010  RWIX
  SCIC                  00007220   00000010  00000000  00000010  RWIX
  SCID                  00007230   00000010  00000000  00000010  RWIX
  I2CA                  00007300   00000022  00000000  00000022  RWIX
  I2CB                  00007340   00000022  00000000  00000022  RWIX
  ADCA                  00007400   00000080  00000000  00000080  RWIX
  ADCB                  00007480   00000080  00000000  00000080  RWIX
  ADCC                  00007500   00000080  00000000  00000080  RWIX
  ADCD                  00007580   00000080  00000000  00000080  RWIX
  INPUTXBAR             00007900   00000020  00000020  00000000  RWIX
  XBAR                  00007920   00000020  00000000  00000020  RWIX
  SYNCSOC               00007940   00000006  00000000  00000006  RWIX
  DMACLASRCSEL          00007980   0000001a  00000000  0000001a  RWIX
  EPWMXBAR              00007a00   00000040  00000000  00000040  RWIX
  CLBXBAR               00007a40   00000040  00000000  00000040  RWIX
  OUTPUTXBAR            00007a80   00000040  00000000  00000040  RWIX
  GPIOCTRL              00007c00   00000180  00000180  00000000  RWIX
  GPIODATA              00007f00   00000030  00000030  00000000  RWIX
  RAMLS5                0000a800   00000800  00000093  0000076d  RWIX
  RAMD1                 0000b800   00000800  00000800  00000000  RWIX
  RAMGS01               0000c000   00002000  00000000  00002000  RWIX
  RAMGS23               0000e000   00002000  00001c02  000003fe  RWIX
  RAMGS45               00010000   00002000  00000400  00001c00  RWIX
  RAMGS6789             00012000   00004000  0000302c  00000fd4  RWIX
  RAMGS1011             00016000   00002000  0000066e  00001992  RWIX
  EMIF1                 00047000   00000070  00000000  00000070  RWIX
  EMIF2                 00047800   00000070  00000000  00000070  RWIX
  CANA                  00048000   00000200  00000000  00000200  RWIX
  CANA_MSG_RAM          00049000   00000800  00000000  00000800  RWIX
  CANB                  0004a000   00000200  00000000  00000200  RWIX
  CANB_MSG_RAM          0004b000   00000800  00000000  00000800  RWIX
  IPC                   00050000   00000024  00000000  00000024  RWIX
  FLASHPUMPSEMAPHORE    00050024   00000002  00000002  00000000  RWIX
  DEVCFG                0005d000   0000012e  0000012e  00000000  RWIX
  ANALOGSUBSYS          0005d180   00000048  0000003e  0000000a  RWIX
  CLKCFG                0005d200   00000032  00000032  00000000  RWIX
  CPUSYS                0005d300   00000082  00000082  00000000  RWIX
  ROMPREFETCH           0005e608   00000002  00000000  00000002  RWIX
  DCSMZ1                0005f000   00000024  00000022  00000002  RWIX
  DCSMZ2                0005f040   00000024  00000022  00000002  RWIX
  DCSMCOMMON            0005f070   00000008  00000000  00000008  RWIX
  MEMCFG                0005f400   00000080  00000000  00000080  RWIX
  EMIF1CONFIG           0005f480   00000020  00000000  00000020  RWIX
  EMIF2CONFIG           0005f4a0   00000020  00000000  00000020  RWIX
  ACCESSPROTECTION      0005f4c0   00000040  00000000  00000040  RWIX
  MEMORYERROR           0005f500   00000040  00000000  00000040  RWIX
  ROMWAITSTATE          0005f540   00000002  00000000  00000002  RWIX
  FLASH0CTRL            0005f800   00000182  00000000  00000182  RWIX
  FLASH0ECC             0005fb00   00000028  00000000  00000028  RWIX


SECTION ALLOCATION MAP

 output                                  attributes/
section   page    origin      length       input sections
--------  ----  ----------  ----------   ----------------
codestart 
*          0    00000000    00000002     
                  00000000    00000002     F2837xD_CodeStartBranch.obj (codestart)

.cinit     0    00008008    00000058     
                  00008008    0000000b     (.cinit..data.load) [load image, compression = lzss]
                  00008013    00000001     --HOLE-- [fill = 0]
                  00008014    00000006     (__TI_handler_table)
                  0000801a    00000004     (.cinit..bss.load) [load image, compression = zero_init]
                  0000801e    00000004     (.cinit.PieVectTableFile.load) [load image, compression = zero_init]
                  00008022    00000004     (.cinit.RFFTdata1.load) [load image, compression = zero_init]
                  00008026    00000004     (.cinit.RFFTdata2.load) [load image, compression = zero_init]
                  0000802a    00000004     (.cinit.RFFTdata3.load) [load image, compression = zero_init]
                  0000802e    00000004     (.cinit.RFFTdata4.load) [load image, compression = zero_init]
                  00008032    00000004     (.cinit.RFFTdata5.load) [load image, compression = zero_init]
                  00008036    00000004     (.cinit.adcAResultsdata.load) [load image, compression = zero_init]
                  0000803a    00000002     --HOLE-- [fill = 0]
                  0000803c    00000024     (__TI_cinit_table)

.reset     0    003fffc0    00000000     DSECT

.stack     1    00000400    00000100     UNINITIALIZED
                  00000400    00000100     --HOLE--

.bss       1    0000a800    0000007c     UNINITIALIZED
                  0000a800    0000003c     sci_ex3_echoback.obj (.bss:wifi_data)
                  0000a83c    00000004     --HOLE--
                  0000a840    0000002c     sci_ex3_echoback.obj (.bss)
                  0000a86c    0000000a     sci_ex3_echoback.obj (.bss:f)
                  0000a876    00000006     sci_ex3_echoback.obj (.bss:wifi_uint16)

.init_array 
*          0    00000123    00000000     UNINITIALIZED

.data      1    0000a87c    00000017     UNINITIALIZED
                  0000a87c    00000002     rts2800_fpu32_eabi.lib : _lock.c.obj (.data:_lock)
                  0000a87e    00000002                            : _lock.c.obj (.data:_unlock)
                  0000a880    00000006     device.obj (.data)
                  0000a886    00000006     rts2800_fpu32_eabi.lib : exit.c.obj (.data)
                  0000a88c    00000006     sci_ex3_echoback.obj (.data)
                  0000a892    00000001     rts2800_fpu32_eabi.lib : errno.c.obj (.data)

.const     1    00016000    0000066e     
                  00016000    000001c0     F2837xD_PieVect.obj (.const)
                  000161c0    00000101     rts2800_fpu32_eabi.lib : ctype.c.obj (.const:.string:_ctypes_)
                  000162c1    00000001     --HOLE-- [fill = 0]
                  000162c2    000000f9     sci_ex3_echoback.obj (.const:.string)
                  000163bb    00000001     --HOLE-- [fill = 0]
                  000163bc    000000c2     driverlib_eabi.lib : sysctl.obj (.const:.string)
                  0001647e    000000bb                        : sci.obj (.const:.string)
                  00016539    00000001     --HOLE-- [fill = 0]
                  0001653a    0000005d                        : adc.obj (.const:.string)
                  00016597    00000001     --HOLE-- [fill = 0]
                  00016598    00000043     board.obj (.const:.string)
                  000165db    00000001     --HOLE-- [fill = 0]
                  000165dc    00000026     rts2800_fpu32_eabi.lib : _printfi.c.obj (.const:.string)
                  00016602    0000001c                            : _printfi.c.obj (.const)
                  0001661e    0000001c                            : s_scalbn.c.obj (.const)
                  0001663a    00000013     device.obj (.const:.string)
                  0001664d    00000001     --HOLE-- [fill = 0]
                  0001664e    0000000c     rts2800_fpu32_eabi.lib : e_sqrt.c.obj (.const)
                  0001665a    00000008     F2837xD_SysCtrl.obj (.const)
                  00016662    00000008     rts2800_fpu32_eabi.lib : s_frexp.c.obj (.const)
                  0001666a    00000004     sci_ex3_echoback.obj (.const)

adcAResultsdata 
*          1    00000000    00002800     FAILED TO ALLOCATE
.TI.ramfunc 
*          0    00008000    00000008     
                  00008000    00000004     F2837xD_usDelay.obj (.TI.ramfunc)
                  00008004    00000004     driverlib_eabi.lib : sysctl.obj (.TI.ramfunc)

PieVectTableFile 
*          1    00000d00    000001c0     UNINITIALIZED
                  00000d00    000001c0     F2837xD_GlobalVariableDefs.obj (PieVectTableFile)

EmuKeyVar 
*          1    00000d00    00000000     UNINITIALIZED

EmuBModeVar 
*          1    00000d00    00000000     UNINITIALIZED

EmuBootPinsVar 
*          1    00000d00    00000000     UNINITIALIZED

FlashCallbackVar 
*          1    00000d00    00000000     UNINITIALIZED

FlashScalingVar 
*          1    00000d00    00000000     UNINITIALIZED

RFFTdata1 
*          1    0000e000    00000800     UNINITIALIZED
                  0000e000    00000800     sci_ex3_echoback.obj (RFFTdata1)

RFFTdata2 
*          1    0000e800    00000800     UNINITIALIZED
                  0000e800    00000800     sci_ex3_echoback.obj (RFFTdata2)

RFFTdata5 
*          1    0000f000    00000800     UNINITIALIZED
                  0000f000    00000800     sci_ex3_echoback.obj (RFFTdata5)

RFFTdata3 
*          1    0000f800    00000402     UNINITIALIZED
                  0000f800    00000402     sci_ex3_echoback.obj (RFFTdata3)

RFFTdata4 
*          1    00010000    00000400     UNINITIALIZED
                  00010000    00000400     sci_ex3_echoback.obj (RFFTdata4)

AnalogSubsysRegsFile 
*          1    0005d180    0000003e     UNINITIALIZED
                  0005d180    0000003e     F2837xD_GlobalVariableDefs.obj (AnalogSubsysRegsFile)

ClkCfgRegsFile 
*          1    0005d200    00000032     UNINITIALIZED
                  0005d200    00000032     F2837xD_GlobalVariableDefs.obj (ClkCfgRegsFile)

CpuTimer1RegsFile 
*          1    00000c08    00000008     UNINITIALIZED
                  00000c08    00000008     F2837xD_GlobalVariableDefs.obj (CpuTimer1RegsFile)

CpuTimer2RegsFile 
*          1    00000c10    00000008     UNINITIALIZED
                  00000c10    00000008     F2837xD_GlobalVariableDefs.obj (CpuTimer2RegsFile)

CpuSysRegsFile 
*          1    0005d300    00000082     UNINITIALIZED
                  0005d300    00000082     F2837xD_GlobalVariableDefs.obj (CpuSysRegsFile)

DevCfgRegsFile 
*          1    0005d000    0000012e     UNINITIALIZED
                  0005d000    0000012e     F2837xD_GlobalVariableDefs.obj (DevCfgRegsFile)

DcsmZ1RegsFile 
*          1    0005f000    00000022     UNINITIALIZED
                  0005f000    00000022     F2837xD_GlobalVariableDefs.obj (DcsmZ1RegsFile)

DcsmZ2RegsFile 
*          1    0005f040    00000022     UNINITIALIZED
                  0005f040    00000022     F2837xD_GlobalVariableDefs.obj (DcsmZ2RegsFile)

GpioCtrlRegsFile 
*          1    00007c00    00000180     UNINITIALIZED
                  00007c00    00000180     F2837xD_GlobalVariableDefs.obj (GpioCtrlRegsFile)

GpioDataRegsFile 
*          1    00007f00    00000030     UNINITIALIZED
                  00007f00    00000030     F2837xD_GlobalVariableDefs.obj (GpioDataRegsFile)

FlashPumpSemaphoreRegsFile 
*          1    00050024    00000002     UNINITIALIZED
                  00050024    00000002     F2837xD_GlobalVariableDefs.obj (FlashPumpSemaphoreRegsFile)

InputXbarRegsFile 
*          1    00007900    00000020     UNINITIALIZED
                  00007900    00000020     F2837xD_GlobalVariableDefs.obj (InputXbarRegsFile)

PieCtrlRegsFile 
*          1    00000ce0    0000001a     UNINITIALIZED
                  00000ce0    0000001a     F2837xD_GlobalVariableDefs.obj (PieCtrlRegsFile)

WdRegsFile 
*          1    00007000    0000002b     UNINITIALIZED
                  00007000    0000002b     F2837xD_GlobalVariableDefs.obj (WdRegsFile)

.text.1    1    0000b800    00000800     
                  0000b800    00000717     sci_ex3_echoback.obj (.text)
                  0000bf17    000000de     rts2800_fpu32_eabi.lib : e_sqrt.c.obj (.text)
                  0000bff5    0000000b     driverlib_eabi.lib : sysctl.obj (.text:SysCtl_isMCDClockFailureDetected)

.text.2    1    00012000    0000302c     
                  00012000    000006c9     rts2800_fpu32_eabi.lib : _printfi.c.obj (.text)
                  000126c9    0000062a                            : _printfi.c.obj (.text:__TI_printfi)
                  00012cf3    00000585     F2837xD_DefaultISR.obj (.text:retain)
                  00013278    000004bb     F2837xD_SysCtrl.obj (.text)
                  00013733    00000244     F2837xD_Gpio.obj (.text)
                  00013977    00000242     device.obj (.text)
                  00013bb9    00000207     driverlib_eabi.lib : sysctl.obj (.text:SysCtl_setClock)
                  00013dc0    00000138     c28x_fpu_dsp_library_eabi.lib : RFFT_adc_f32.obj (.text)
                  00013ef8    00000126     board.obj (.text)
                  0001401e    00000107     rts2800_fpu32_eabi.lib : ll_div28.asm.obj (.text)
                  00014125    000000ae                            : s_scalbn.c.obj (.text)
                  000141d3    0000009c                            : fd_add28.asm.obj (.text)
                  0001426f    0000008b                            : fd_div28.asm.obj (.text)
                  000142fa    00000088                            : fs_div28.asm.obj (.text)
                  00014382    00000086     c28x_fpu_dsp_library_eabi.lib : RFFT_f32_phase_TMU0.obj (.text)
                  00014408    00000083     rts2800_fpu32_eabi.lib : fd_mpy28.asm.obj (.text)
                  0001448b    00000073     driverlib_eabi.lib : adc.obj (.text:ADC_setINLTrim)
                  000144fe    0000006b                        : sysctl.obj (.text:SysCtl_selectXTAL)
                  00014569    0000006b     c28x_fpu_dsp_library_eabi.lib : RFFT_f32_sincostable.obj (.text)
                  000145d4    00000068     driverlib_eabi.lib : sysctl.obj (.text:SysCtl_getDeviceParametric)
                  0001463c    00000064                        : adc.obj (.text:ADC_setOffsetTrim)
                  000146a0    00000063     rts2800_fpu32_eabi.lib : s_cosf.c.obj (.text)
                  00014703    0000005d     sci_ex3_echoback.obj (.text:retain)
                  00014760    0000005a     rts2800_fpu32_eabi.lib : s_frexp.c.obj (.text)
                  000147ba    00000059                            : s_sinf.c.obj (.text)
                  00014813    00000054     driverlib_eabi.lib : sysctl.obj (.text:SysCtl_selectOscSource)
                  00014867    00000051                        : sysctl.obj (.text:SysCtl_getClock)
                  000148b8    0000004e     c28x_fpu_dsp_library_eabi.lib : RFFT_f32_mag_TMU0.obj (.text)
                  00014906    00000046     driverlib_eabi.lib : sci.obj (.text:SCI_clearInterruptStatus)
                  0001494c    00000041                        : sci.obj (.text:SCI_writeCharArray)
                  0001498d    0000003e                        : sci.obj (.text:SCI_setConfig)
                  000149cb    0000003d                        : interrupt.obj (.text:Interrupt_initModule)
                  00014a08    00000037                        : gpio.obj (.text:GPIO_setPinConfig)
                  00014a3f    00000034                        : interrupt.obj (.text:Interrupt_enable)
                  00014a73    00000032     rts2800_fpu32_eabi.lib : sprintf.c.obj (.text)
                  00014aa5    00000031                            : copy_decompress_lzss.c.obj (.text:decompress:lzss)
                  00014ad6    00000031                            : atoi.c.obj (.text)
                  00014b07    00000030                            : _ltoa.c.obj (.text)
                  00014b37    0000002f     driverlib_eabi.lib : adc.obj (.text:ADC_setMode)
                  00014b66    0000002b     rts2800_fpu32_eabi.lib : autoinit.c.obj (.text:__TI_auto_init_nobinit_nopinit)
                  00014b91    0000002a                            : fd_cmp28.asm.obj (.text)
                  00014bbb    0000002a                            : l_div28.asm.obj (.text)
                  00014be5    00000029                            : exit.c.obj (.text)
                  00014c0e    00000028     F2837xD_PieCtrl.obj (.text)
                  00014c36    00000026     F2837xD_PieVect.obj (.text)
                  00014c5c    00000025     rts2800_fpu32_eabi.lib : s_copysign.c.obj (.text)
                  00014c81    00000024     driverlib_eabi.lib : sysctl.obj (.text:CPUTimer_selectClockSource)
                  00014ca5    00000023     rts2800_fpu32_eabi.lib : fd_tofsfpu32.asm.obj (.text)
                  00014cc8    00000022     driverlib_eabi.lib : sci.obj (.text:SCI_isFIFOEnabled)
                  00014cea    00000021     rts2800_fpu32_eabi.lib : fd_toi28.asm.obj (.text)
                  00014d0b    00000020     driverlib_eabi.lib : sysctl.obj (.text:CPUTimer_getTimerOverflowStatus)
                  00014d2b    0000001f                        : adc.obj (.text:ADC_isBaseValid)
                  00014d4a    0000001f                        : sci.obj (.text:SCI_isBaseValid)
                  00014d69    0000001f     rts2800_fpu32_eabi.lib : fd_tol28.asm.obj (.text)
                  00014d88    0000001e                            : ll_cmp28.asm.obj (.text)
                  00014da6    0000001d                            : i_tofd28.asm.obj (.text)
                  00014dc3    0000001d                            : memcpy.c.obj (.text)
                  00014de0    0000001c                            : fs_tofdfpu32.asm.obj (.text)
                  00014dfc    0000001c                            : l_tofd28.asm.obj (.text)
                  00014e18    0000001b     driverlib_eabi.lib : sysctl.obj (.text:CPUTimer_startTimer)
                  00014e33    0000001b                        : sci.obj (.text:SCI_isSpaceAvailableNonFIFO)
                  00014e4e    0000001a                        : sysctl.obj (.text:CPUTimer_isBaseValid)
                  00014e68    0000001a                        : sysctl.obj (.text:SysCtl_getLowSpeedClock)
                  00014e82    00000019                        : sci.obj (.text:SCI_disableModule)
                  00014e9b    00000019                        : sci.obj (.text:SCI_performSoftwareReset)
                  00014eb4    00000019                        : sysctl.obj (.text:SysCtl_pollCpuTimer)
                  00014ecd    00000018     rts2800_fpu32_eabi.lib : ll_aox28.asm.obj (.text)
                  00014ee5    00000017                            : boot28.asm.obj (.text)
                  00014efc    00000015     driverlib_eabi.lib : sci.obj (.text:SCI_getTxFIFOStatus)
                  00014f11    00000014                        : sysctl.obj (.text:CPUTimer_stopTimer)
                  00014f25    00000014                        : sci.obj (.text:SCI_enableModule)
                  00014f39    00000013     examples_setup.obj (.text)
                  00014f4c    00000012     driverlib_eabi.lib : sysctl.obj (.text:CPUTimer_clearOverflowFlag)
                  00014f5e    00000012                        : sysctl.obj (.text:CPUTimer_disableInterrupt)
                  00014f70    00000012                        : sysctl.obj (.text:CPUTimer_setPeriod)
                  00014f82    00000010     rts2800_fpu32_eabi.lib : memccpy.c.obj (.text)
                  00014f92    0000000e                            : fd_sub28.asm.obj (.text)
                  00014fa0    0000000d     driverlib_eabi.lib : interrupt.obj (.text:Interrupt_disableMaster)
                  00014fad    0000000d                        : interrupt.obj (.text:Interrupt_enableMaster)
                  00014fba    0000000c     rts2800_fpu32_eabi.lib : args_main.c.obj (.text)
                  00014fc6    0000000c                            : strchr.c.obj (.text)
                  00014fd2    0000000b                            : wcslen.c.obj (.text)
                  00014fdd    00000009     driverlib_eabi.lib : sysctl.obj (.text:SysCtl_serviceWatchdog)
                  00014fe6    00000009     rts2800_fpu32_eabi.lib : _lock.c.obj (.text)
                  00014fef    00000009                            : fd_neg28.asm.obj (.text)
                  00014ff8    00000008     F2837xD_CodeStartBranch.obj (.text)
                  00015000    00000008     rts2800_fpu32_eabi.lib : copy_decompress_none.c.obj (.text:decompress:none)
                  00015008    00000008                            : strlen.c.obj (.text)
                  00015010    00000007     driverlib_eabi.lib : sysctl.obj (.text:SysCtl_resetMCD)
                  00015017    00000007     rts2800_fpu32_eabi.lib : memset.c.obj (.text)
                  0001501e    00000006                            : copy_zero_init.c.obj (.text:decompress:ZI)
                  00015024    00000005                            : strcpy.c.obj (.text)
                  00015029    00000002                            : pre_init.c.obj (.text)
                  0001502b    00000001                            : startup.c.obj (.text)

MODULE SUMMARY

       Module                           code    ro data   rw data
       ------                           ----    -------   -------
    .\
       sci_ex3_echoback.obj             1908    253       8320   
       F2837xD_GlobalVariableDefs.obj   0       0         1611   
       F2837xD_DefaultISR.obj           1413    0         0      
       F2837xD_SysCtrl.obj              1211    8         0      
       F2837xD_Gpio.obj                 580     0         0      
       F2837xD_PieVect.obj              38      448       0      
       board.obj                        294     67        0      
       F2837xD_PieCtrl.obj              40      0         0      
       examples_setup.obj               19      0         0      
       F2837xD_CodeStartBranch.obj      10      0         0      
       F2837xD_usDelay.obj              4       0         0      
    +--+--------------------------------+-------+---------+---------+
       Total:                           5517    776       9931   
                                                                 
    .\device\
       device.obj                       578     19        6      
    +--+--------------------------------+-------+---------+---------+
       Total:                           578     19        6      
                                                                 
    H:\ti\C2000\C2000Ware_4_00_00_00\driverlib\f2837xs\driverlib\ccs\Debug\driverlib_eabi.lib
       sysctl.obj                       1172    194       0      
       sci.obj                          380     187       0      
       adc.obj                          293     93        0      
       interrupt.obj                    139     0         0      
       gpio.obj                         55      0         0      
    +--+--------------------------------+-------+---------+---------+
       Total:                           2039    474       0      
                                                                 
    H:\ti\C2000\C2000Ware_4_00_00_00\libraries\dsp\FPU\c28\lib\c28x_fpu_dsp_library_eabi.lib
       RFFT_adc_f32.obj                 312     0         0      
       RFFT_f32_phase_TMU0.obj          134     0         0      
       RFFT_f32_sincostable.obj         107     0         0      
       RFFT_f32_mag_TMU0.obj            78      0         0      
    +--+--------------------------------+-------+---------+---------+
       Total:                           631     0         0      
                                                                 
    H:\ti\CCS11.0.0\ccs\tools\compiler\ti-cgt-c2000_21.6.0.LTS\lib\rts2800_fpu32_eabi.lib
       _printfi.c.obj                   3315    66        0      
       ll_div28.asm.obj                 263     0         0      
       ctype.c.obj                      0       257       0      
       e_sqrt.c.obj                     222     12        0      
       s_scalbn.c.obj                   174     28        0      
       fd_add28.asm.obj                 156     0         0      
       fd_div28.asm.obj                 139     0         0      
       fs_div28.asm.obj                 136     0         0      
       fd_mpy28.asm.obj                 131     0         0      
       s_cosf.c.obj                     99      0         0      
       s_frexp.c.obj                    90      8         0      
       s_sinf.c.obj                     89      0         0      
       sprintf.c.obj                    50      0         0      
       atoi.c.obj                       49      0         0      
       copy_decompress_lzss.c.obj       49      0         0      
       _ltoa.c.obj                      48      0         0      
       exit.c.obj                       41      0         6      
       autoinit.c.obj                   43      0         0      
       fd_cmp28.asm.obj                 42      0         0      
       l_div28.asm.obj                  42      0         0      
       s_copysign.c.obj                 37      0         0      
       fd_tofsfpu32.asm.obj             35      0         0      
       fd_toi28.asm.obj                 33      0         0      
       fd_tol28.asm.obj                 31      0         0      
       ll_cmp28.asm.obj                 30      0         0      
       i_tofd28.asm.obj                 29      0         0      
       memcpy.c.obj                     29      0         0      
       fs_tofdfpu32.asm.obj             28      0         0      
       l_tofd28.asm.obj                 28      0         0      
       ll_aox28.asm.obj                 24      0         0      
       boot28.asm.obj                   23      0         0      
       memccpy.c.obj                    16      0         0      
       fd_sub28.asm.obj                 14      0         0      
       _lock.c.obj                      9       0         4      
       args_main.c.obj                  12      0         0      
       strchr.c.obj                     12      0         0      
       wcslen.c.obj                     11      0         0      
       fd_neg28.asm.obj                 9       0         0      
       copy_decompress_none.c.obj       8       0         0      
       strlen.c.obj                     8       0         0      
       memset.c.obj                     7       0         0      
       copy_zero_init.c.obj             6       0         0      
       strcpy.c.obj                     5       0         0      
       pre_init.c.obj                   2       0         0      
       errno.c.obj                      0       0         1      
       startup.c.obj                    1       0         0      
    +--+--------------------------------+-------+---------+---------+
       Total:                           5625    371       11     
                                                                 
       Stack:                           0       0         256    
       Linker Generated:                0       85        0      
    +--+--------------------------------+-------+---------+---------+
       Grand Total:                     14390   1725      10204  


LINKER GENERATED COPY TABLES

__TI_cinit_table @ 0000803c records: 9, size/record: 4, table size: 36
	.data: load addr=00008008, load size=0000000b bytes, run addr=0000a87c, run size=00000017 bytes, compression=lzss
	.bss: load addr=0000801a, load size=00000004 bytes, run addr=0000a800, run size=0000007c bytes, compression=zero_init
	PieVectTableFile: load addr=0000801e, load size=00000004 bytes, run addr=00000d00, run size=000001c0 bytes, compression=zero_init
	RFFTdata1: load addr=00008022, load size=00000004 bytes, run addr=0000e000, run size=00000800 bytes, compression=zero_init
	RFFTdata2: load addr=00008026, load size=00000004 bytes, run addr=0000e800, run size=00000800 bytes, compression=zero_init
	RFFTdata3: load addr=0000802a, load size=00000004 bytes, run addr=0000f800, run size=00000402 bytes, compression=zero_init
	RFFTdata4: load addr=0000802e, load size=00000004 bytes, run addr=00010000, run size=00000400 bytes, compression=zero_init
	RFFTdata5: load addr=00008032, load size=00000004 bytes, run addr=0000f000, run size=00000800 bytes, compression=zero_init
	adcAResultsdata: load addr=00008036, load size=00000004 bytes, run addr=00000000, run size=00002800 bytes, compression=zero_init


LINKER GENERATED HANDLER TABLE

__TI_handler_table @ 00008014 records: 3, size/record: 2, table size: 6
	index: 0, handler: __TI_zero_init
	index: 1, handler: __TI_decompress_lzss
	index: 2, handler: __TI_decompress_none


GLOBAL DATA SYMBOLS: SORTED BY DATA PAGE

address     data page           name
--------    ----------------    ----
00000000       0 (00000000)     adcAResults

00000400      10 (00000400)     __stack

00000c08      30 (00000c00)     CpuTimer1Regs
00000c10      30 (00000c00)     CpuTimer2Regs

00000ce0      33 (00000cc0)     PieCtrlRegs

00000d00      34 (00000d00)     PieVectTable

00007000     1c0 (00007000)     WdRegs

00007900     1e4 (00007900)     InputXbarRegs

00007c00     1f0 (00007c00)     GpioCtrlRegs

00007f00     1fc (00007f00)     GpioDataRegs

0000a800     2a0 (0000a800)     wifi_data

0000a840     2a1 (0000a840)     index
0000a841     2a1 (0000a840)     bufferFull
0000a842     2a1 (0000a840)     len
0000a843     2a1 (0000a840)     i
0000a844     2a1 (0000a840)     j
0000a845     2a1 (0000a840)     val2
0000a846     2a1 (0000a840)     val3
0000a847     2a1 (0000a840)     val4
0000a848     2a1 (0000a840)     val5
0000a849     2a1 (0000a840)     val_THD
0000a84a     2a1 (0000a840)     msg
0000a84c     2a1 (0000a840)     str
0000a84e     2a1 (0000a840)     strmsg
0000a850     2a1 (0000a840)     msg_wifi
0000a852     2a1 (0000a840)     THD
0000a854     2a1 (0000a840)     gui2
0000a856     2a1 (0000a840)     gui3
0000a858     2a1 (0000a840)     gui4
0000a85a     2a1 (0000a840)     gui5
0000a85c     2a1 (0000a840)     rfft_adc
0000a860     2a1 (0000a840)     rfft
0000a86c     2a1 (0000a840)     f
0000a876     2a1 (0000a840)     wifi_uint16
0000a87c     2a1 (0000a840)     _lock
0000a87e     2a1 (0000a840)     _unlock

0000a880     2a2 (0000a880)     Example_Result
0000a882     2a2 (0000a880)     Example_PassCount
0000a884     2a2 (0000a880)     Example_Fail
0000a886     2a2 (0000a880)     __TI_enable_exit_profile_output
0000a888     2a2 (0000a880)     __TI_cleanup_ptr
0000a88a     2a2 (0000a880)     __TI_dtors_ptr
0000a88c     2a2 (0000a880)     val
0000a88e     2a2 (0000a880)     hnd_rfft
0000a890     2a2 (0000a880)     hnd_rfft_adc
0000a892     2a2 (0000a880)     errno

0000e000     380 (0000e000)     RFFTin1Buff

0000e800     3a0 (0000e800)     RFFToutBuff

0000f000     3c0 (0000f000)     RFFTF32Coef

0000f800     3e0 (0000f800)     RFFTmagBuff

00010000     400 (00010000)     RFFTphaseBuff

00016000     580 (00016000)     PieVectTableInit

000161c0     587 (000161c0)     _ctypes_

00050024    1400 (00050000)     FlashPumpSemaphoreRegs

0005d000    1740 (0005d000)     DevCfgRegs

0005d180    1746 (0005d180)     AnalogSubsysRegs

0005d200    1748 (0005d200)     ClkCfgRegs

0005d300    174c (0005d300)     CpuSysRegs

0005f000    17c0 (0005f000)     DcsmZ1Regs

0005f040    17c1 (0005f040)     DcsmZ2Regs


GLOBAL SYMBOLS: SORTED ALPHABETICALLY BY Name 

page  address   name                                     
----  -------   ----                                     
1     00012db1  ADCA1_ISR                                
1     00013031  ADCA2_ISR                                
1     0001303b  ADCA3_ISR                                
1     00013045  ADCA4_ISR                                
1     00013027  ADCA_EVT_ISR                             
1     00012dbb  ADCB1_ISR                                
1     00013059  ADCB2_ISR                                
1     00013063  ADCB3_ISR                                
1     0001306d  ADCB4_ISR                                
1     0001304f  ADCB_EVT_ISR                             
1     00012dc5  ADCC1_ISR                                
1     000131c1  ADCC2_ISR                                
1     000131cb  ADCC3_ISR                                
1     000131d5  ADCC4_ISR                                
1     000131b7  ADCC_EVT_ISR                             
1     00012de3  ADCD1_ISR                                
1     000131e9  ADCD2_ISR                                
1     000131f3  ADCD3_ISR                                
1     000131fd  ADCD4_ISR                                
1     000131df  ADCD_EVT_ISR                             
1     0001448b  ADC_setINLTrim                           
1     00014b37  ADC_setMode                              
1     0001463c  ADC_setOffsetTrim                        
1     00013239  AUX_PLL_SLIP_ISR                         
1     0005d180  AnalogSubsysRegs                         
1     000136c2  AuxAuxClkSel                             
1     000136ac  AuxIntOsc2Sel                            
1     000136b6  AuxXtalOscSel                            
1     00013f97  Board_init                               
1     00014be5  C$$EXIT                                  
1     00012fff  CANA0_ISR                                
1     00013009  CANA1_ISR                                
1     00013013  CANB0_ISR                                
1     0001301d  CANB1_ISR                                
1     00013077  CLA1_1_ISR                               
1     00013081  CLA1_2_ISR                               
1     0001308b  CLA1_3_ISR                               
1     00013095  CLA1_4_ISR                               
1     0001309f  CLA1_5_ISR                               
1     000130a9  CLA1_6_ISR                               
1     000130b3  CLA1_7_ISR                               
1     000130bd  CLA1_8_ISR                               
1     00013243  CLA_OVERFLOW_ISR                         
1     0001324d  CLA_UNDERFLOW_ISR                        
1     0005d200  ClkCfgRegs                               
1     00013716  ConfigureTMXAnalogTrim                   
1     0005d300  CpuSysRegs                               
1     00000c08  CpuTimer1Regs                            
1     00000c10  CpuTimer2Regs                            
1     00013657  CsmUnlock                                
1     00012d07  DATALOG_ISR                              
1     00012f4b  DMA_CH1_ISR                              
1     00012f55  DMA_CH2_ISR                              
1     00012f5f  DMA_CH3_ISR                              
1     00012f69  DMA_CH4_ISR                              
1     00012f73  DMA_CH5_ISR                              
1     00012f7d  DMA_CH6_ISR                              
1     0005f000  DcsmZ1Regs                               
1     0005f040  DcsmZ2Regs                               
1     0005d000  DevCfgRegs                               
1     00013b76  Device_configureTMXAnalogTrim            
1     00013a24  Device_enableAllPeripherals              
1     00013b60  Device_enableUnbondedGPIOPullups         
1     00013b43  Device_enableUnbondedGPIOPullupsFor100Pin
1     00013b30  Device_enableUnbondedGPIOPullupsFor176Pin
1     000139e4  Device_init                              
1     00013b0f  Device_initGPIO                          
1     0001335b  DisableDog                               
1     0001331c  DisablePeripheralClocks                  
1     00012ea1  ECAP1_ISR                                
1     00012eab  ECAP2_ISR                                
1     00012eb5  ECAP3_ISR                                
1     00012ebf  ECAP4_ISR                                
1     00012ec9  ECAP5_ISR                                
1     00012ed3  ECAP6_ISR                                
1     00013207  EMIF_ERROR_ISR                           
1     00013261  EMPTY_ISR                                
1     00012d1b  EMU_ISR                                  
1     0001315d  EPWM10_ISR                               
1     00013135  EPWM10_TZ_ISR                            
1     00013167  EPWM11_ISR                               
1     0001313f  EPWM11_TZ_ISR                            
1     00013171  EPWM12_ISR                               
1     00013149  EPWM12_TZ_ISR                            
1     00012e51  EPWM1_ISR                                
1     00012e01  EPWM1_TZ_ISR                             
1     00012e5b  EPWM2_ISR                                
1     00012e0b  EPWM2_TZ_ISR                             
1     00012e65  EPWM3_ISR                                
1     00012e15  EPWM3_TZ_ISR                             
1     00012e6f  EPWM4_ISR                                
1     00012e1f  EPWM4_TZ_ISR                             
1     00012e79  EPWM5_ISR                                
1     00012e29  EPWM5_TZ_ISR                             
1     00012e83  EPWM6_ISR                                
1     00012e33  EPWM6_TZ_ISR                             
1     00012e8d  EPWM7_ISR                                
1     00012e3d  EPWM7_TZ_ISR                             
1     00012e97  EPWM8_ISR                                
1     00012e47  EPWM8_TZ_ISR                             
1     00013153  EPWM9_ISR                                
1     0001312b  EPWM9_TZ_ISR                             
1     00012edd  EQEP1_ISR                                
1     00012ee7  EQEP2_ISR                                
1     00012ef1  EQEP3_ISR                                
1     00014c2d  EnableInterrupts                         
1     0000a884  Example_Fail                             
1     0000a882  Example_PassCount                        
1     0000a880  Example_Result                           
1     00013bb8  Example_done                             
1     00013bb3  Example_setResultFail                    
1     00013bae  Example_setResultPass                    
0     00008000  F28x_usDelay                             
1     0001321b  FLASH_CORRECTABLE_ERROR_ISR              
1     000130ef  FPU_OVERFLOW_ISR                         
1     000130f9  FPU_UNDERFLOW_ISR                        
1     00014f40  FPU_initEpie                             
1     00014f39  FPU_initSystemClocks                     
1     00050024  FlashPumpSemaphoreRegs                   
1     0001392c  GPIO_EnableUnbondedIOPullups             
1     00013907  GPIO_EnableUnbondedIOPullupsFor100Pin    
1     000138ee  GPIO_EnableUnbondedIOPullupsFor176Pin    
1     00013942  GPIO_ReadPin                             
1     00013893  GPIO_SetupLock                           
1     00013773  GPIO_SetupPinMux                         
1     000137ff  GPIO_SetupPinOptions                     
1     000138bc  GPIO_SetupXINT1Gpio                      
1     000138c6  GPIO_SetupXINT2Gpio                      
1     000138d0  GPIO_SetupXINT3Gpio                      
1     000138da  GPIO_SetupXINT4Gpio                      
1     000138e4  GPIO_SetupXINT5Gpio                      
1     00013959  GPIO_WritePin                            
1     00014a08  GPIO_setPinConfig                        
1     00007c00  GpioCtrlRegs                             
1     00007f00  GpioDataRegs                             
1     000136e0  HALT                                     
1     000136f9  HIB                                      
1     00012f91  I2CA_FIFO_ISR                            
1     00012f87  I2CA_ISR                                 
1     00012fa5  I2CB_FIFO_ISR                            
1     00012f9b  I2CB_ISR                                 
1     000136cc  IDLE                                     
1     00012d2f  ILLEGAL_ISR                              
1     00013103  IPC0_ISR                                 
1     0001310d  IPC1_ISR                                 
1     00013117  IPC2_ISR                                 
1     00013121  IPC3_ISR                                 
1     00013568  InitAuxPll                               
1     00013733  InitGpio                                 
1     00013298  InitPeripheralClocks                     
1     00014c0e  InitPieCtrl                              
1     00014c36  InitPieVectTable                         
1     00013278  InitSysCtrl                              
1     00013369  InitSysPll                               
1     00007900  InputXbarRegs                            
1     00014a3f  Interrupt_enable                         
1     000149cb  Interrupt_initModule                     
1     00012f23  MCBSPA_RX_ISR                            
1     00012f2d  MCBSPA_TX_ISR                            
1     00012f37  MCBSPB_RX_ISR                            
1     00012f41  MCBSPB_TX_ISR                            
1     00012d25  NMI_ISR                                  
1     0001326e  NOTUSED_ISR                              
1     00013257  PIE_RESERVED_ISR                         
1     00000ce0  PieCtrlRegs                              
1     00000d00  PieVectTable                             
1     00016000  PieVectTableInit                         
1     00013f9e  PinMux_init                              
1     00013225  RAM_ACCESS_VIOLATION_ISR                 
1     00013211  RAM_CORRECTABLE_ERROR_ISR                
1     0000f000  RFFTF32Coef                              
1     00013dc0  RFFT_adc_f32                             
1     000148b8  RFFT_f32_mag_TMU0                        
1     00014382  RFFT_f32_phase_TMU0                      
1     00014569  RFFT_f32_sincostable                     
1     0000e000  RFFTin1Buff                              
1     0000f800  RFFTmagBuff                              
1     0000e800  RFFToutBuff                              
1     00010000  RFFTphaseBuff                            
1     00012d11  RTOS_ISR                                 
1     00013343  ReleaseFlashPump                         
1     00012fd7  SCIA_RX_ISR                              
1     00012fe1  SCIA_TX_ISR                              
1     00012feb  SCIB_RX_ISR                              
1     00012ff5  SCIB_TX_ISR                              
1     00012faf  SCIC_RX_ISR                              
1     00012fb9  SCIC_TX_ISR                              
1     00012fc3  SCID_RX_ISR                              
1     00012fcd  SCID_TX_ISR                              
1     00014906  SCI_clearInterruptStatus                 
1     00013fb3  SCI_init                                 
1     0001498d  SCI_setConfig                            
1     0001494c  SCI_writeCharArray                       
1     0001317b  SD1_ISR                                  
1     00013185  SD2_ISR                                  
1     00012efb  SPIA_RX_ISR                              
1     00012f05  SPIA_TX_ISR                              
1     00012f0f  SPIB_RX_ISR                              
1     00012f19  SPIB_TX_ISR                              
1     0001318f  SPIC_RX_ISR                              
1     00013199  SPIC_TX_ISR                              
1     000136d5  STANDBY                                  
1     0001322f  SYS_PLL_SLIP_ISR                         
1     00013334  SeizeFlashPump                           
1     0001334d  ServiceDog                               
0     00008004  SysCtl_delay                             
1     00014867  SysCtl_getClock                          
1     000145d4  SysCtl_getDeviceParametric               
1     00014e68  SysCtl_getLowSpeedClock                  
1     00014813  SysCtl_selectOscSource                   
1     000144fe  SysCtl_selectXTAL                        
1     00013bb9  SysCtl_setClock                          
1     00013678  SysIntOsc1Sel                            
1     00013688  SysIntOsc2Sel                            
1     0001369c  SysXtalOscSel                            
1     0000a852  THD                                      
1     00012ded  TIMER0_ISR                               
1     00012cf3  TIMER1_ISR                               
1     00012cfd  TIMER2_ISR                               
1     000131a3  UPPA_ISR                                 
1     000131ad  USBA_ISR                                 
1     00012d93  USER10_ISR                               
1     00012d9d  USER11_ISR                               
1     00012da7  USER12_ISR                               
1     00012d39  USER1_ISR                                
1     00012d43  USER2_ISR                                
1     00012d4d  USER3_ISR                                
1     00012d57  USER4_ISR                                
1     00012d61  USER5_ISR                                
1     00012d6b  USER6_ISR                                
1     00012d75  USER7_ISR                                
1     00012d7f  USER8_ISR                                
1     00012d89  USER9_ISR                                
1     000130e5  VCU_ISR                                  
1     00012df7  WAKE_ISR                                 
1     00007000  WdRegs                                   
1     00012dcf  XINT1_ISR                                
1     00012dd9  XINT2_ISR                                
1     000130c7  XINT3_ISR                                
1     000130d1  XINT4_ISR                                
1     000130db  XINT5_ISR                                
0     0000803c  __TI_CINIT_Base                          
0     00008060  __TI_CINIT_Limit                         
0     00008060  __TI_CINIT_Warm                          
0     00008014  __TI_Handler_Table_Base                  
0     0000801a  __TI_Handler_Table_Limit                 
1     00000500  __TI_STACK_END                           
abs   00000100  __TI_STACK_SIZE                          
1     00014b66  __TI_auto_init_nobinit_nopinit           
1     0000a888  __TI_cleanup_ptr                         
1     00014aa5  __TI_decompress_lzss                     
1     00015000  __TI_decompress_none                     
1     0000a88a  __TI_dtors_ptr                           
1     0000a886  __TI_enable_exit_profile_output          
1     00014b07  __TI_ltoa                                
abs   ffffffff  __TI_pprof_out_hndl                      
1     00012b62  __TI_printfi                             
abs   ffffffff  __TI_prof_data_size                      
abs   ffffffff  __TI_prof_data_start                     
1     0001501e  __TI_zero_init                           
1     000141d3  __c28xabi_addd                           
1     00014ecd  __c28xabi_andll                          
1     00014b91  __c28xabi_cmpd                           
1     00014d88  __c28xabi_cmpll                          
1     00014d9a  __c28xabi_cmpull                         
1     0001426f  __c28xabi_divd                           
1     000142fa  __c28xabi_divf                           
1     00014bbb  __c28xabi_divl                           
1     0001401e  __c28xabi_divll                          
1     00014bd8  __c28xabi_divul                          
1     00014094  __c28xabi_divull                         
1     00014ca5  __c28xabi_dtof                           
1     00014cea  __c28xabi_dtoi                           
1     00014d69  __c28xabi_dtol                           
1     00014de0  __c28xabi_ftod                           
1     00014da6  __c28xabi_itod                           
1     00014dfc  __c28xabi_ltod                           
1     00014bca  __c28xabi_modl                           
1     0001405a  __c28xabi_modll                          
1     00014bdf  __c28xabi_modul                          
1     000140c3  __c28xabi_modull                         
1     00014408  __c28xabi_mpyd                           
1     00014fef  __c28xabi_negd                           
1     00014ed5  __c28xabi_orll                           
1     00014f92  __c28xabi_subd                           
1     00014edd  __c28xabi_xorll                          
n/a   UNDEFED   __c_args__                               
1     00013ba7  __error__                                
1     00000400  __stack                                  
1     00014fba  _args_main                               
1     00014ee5  _c_int00                                 
1     000161c0  _ctypes_                                 
1     0000a87c  _lock                                    
1     00014fee  _nop                                     
1     00014fea  _register_lock                           
1     00014fe6  _register_unlock                         
1     00013e50  _rfft_adc_f32_Stages4andUp               
1     0001502b  _system_post_cinit                       
1     00015029  _system_pre_init                         
1     0000a87e  _unlock                                  
1     00014be5  abort                                    
1     00014703  adcA1ISR                                 
0     00000000  adcAResults                              
1     00014ad6  atoi                                     
1     0000a841  bufferFull                               
0     00000000  code_start                               
1     00014c5c  copysign                                 
1     00014c5c  copysignl                                
1     000146a0  cosf                                     
1     00014f4b  done                                     
1     0000a892  errno                                    
1     00014be7  exit                                     
1     0000a86c  f                                        
1     00014760  frexp                                    
1     00014760  frexpl                                   
1     0000be88  getADC                                   
1     0000a854  gui2                                     
1     0000a856  gui3                                     
1     0000a858  gui4                                     
1     0000a85a  gui5                                     
1     0000a88e  hnd_rfft                                 
1     0000a890  hnd_rfft_adc                             
1     0000a843  i                                        
1     0000a840  index                                    
1     0000bea8  initADC                                  
1     0000bef7  initADCSOC                               
1     0000bec6  initEPWM                                 
1     0000a844  j                                        
1     00014125  ldexp                                    
1     00014125  ldexpl                                   
1     0000a842  len                                      
1     0000bb00  main                                     
1     00014f82  memccpy                                  
1     00014dc3  memcpy                                   
1     00015017  memset                                   
1     0000a84a  msg                                      
1     0000a850  msg_wifi                                 
1     0000a860  rfft                                     
1     0000a85c  rfft_adc                                 
1     00014125  scalbn                                   
1     00014125  scalbnl                                  
1     000147ba  sinf                                     
1     00014a73  sprintf                                  
1     0000bf17  sqrt                                     
1     0000bf17  sqrtl                                    
1     0000a84c  str                                      
1     00014fc6  strchr                                   
1     00015024  strcpy                                   
1     00015008  strlen                                   
1     0000a84e  strmsg                                   
1     0000a88c  val                                      
1     0000a845  val2                                     
1     0000a846  val3                                     
1     0000a847  val4                                     
1     0000a848  val5                                     
1     0000a849  val_THD                                  
1     00014fd2  wcslen                                   
1     0000a800  wifi_data                                
1     0000bdf6  wifi_send                                
1     0000a876  wifi_uint16                              


GLOBAL SYMBOLS: SORTED BY Symbol Address 

page  address   name                                     
----  -------   ----                                     
0     00000000  adcAResults                              
0     00000000  code_start                               
0     00008000  F28x_usDelay                             
0     00008004  SysCtl_delay                             
0     00008014  __TI_Handler_Table_Base                  
0     0000801a  __TI_Handler_Table_Limit                 
0     0000803c  __TI_CINIT_Base                          
0     00008060  __TI_CINIT_Limit                         
0     00008060  __TI_CINIT_Warm                          
1     00000400  __stack                                  
1     00000500  __TI_STACK_END                           
1     00000c08  CpuTimer1Regs                            
1     00000c10  CpuTimer2Regs                            
1     00000ce0  PieCtrlRegs                              
1     00000d00  PieVectTable                             
1     00007000  WdRegs                                   
1     00007900  InputXbarRegs                            
1     00007c00  GpioCtrlRegs                             
1     00007f00  GpioDataRegs                             
1     0000a800  wifi_data                                
1     0000a840  index                                    
1     0000a841  bufferFull                               
1     0000a842  len                                      
1     0000a843  i                                        
1     0000a844  j                                        
1     0000a845  val2                                     
1     0000a846  val3                                     
1     0000a847  val4                                     
1     0000a848  val5                                     
1     0000a849  val_THD                                  
1     0000a84a  msg                                      
1     0000a84c  str                                      
1     0000a84e  strmsg                                   
1     0000a850  msg_wifi                                 
1     0000a852  THD                                      
1     0000a854  gui2                                     
1     0000a856  gui3                                     
1     0000a858  gui4                                     
1     0000a85a  gui5                                     
1     0000a85c  rfft_adc                                 
1     0000a860  rfft                                     
1     0000a86c  f                                        
1     0000a876  wifi_uint16                              
1     0000a87c  _lock                                    
1     0000a87e  _unlock                                  
1     0000a880  Example_Result                           
1     0000a882  Example_PassCount                        
1     0000a884  Example_Fail                             
1     0000a886  __TI_enable_exit_profile_output          
1     0000a888  __TI_cleanup_ptr                         
1     0000a88a  __TI_dtors_ptr                           
1     0000a88c  val                                      
1     0000a88e  hnd_rfft                                 
1     0000a890  hnd_rfft_adc                             
1     0000a892  errno                                    
1     0000bb00  main                                     
1     0000bdf6  wifi_send                                
1     0000be88  getADC                                   
1     0000bea8  initADC                                  
1     0000bec6  initEPWM                                 
1     0000bef7  initADCSOC                               
1     0000bf17  sqrt                                     
1     0000bf17  sqrtl                                    
1     0000e000  RFFTin1Buff                              
1     0000e800  RFFToutBuff                              
1     0000f000  RFFTF32Coef                              
1     0000f800  RFFTmagBuff                              
1     00010000  RFFTphaseBuff                            
1     00012b62  __TI_printfi                             
1     00012cf3  TIMER1_ISR                               
1     00012cfd  TIMER2_ISR                               
1     00012d07  DATALOG_ISR                              
1     00012d11  RTOS_ISR                                 
1     00012d1b  EMU_ISR                                  
1     00012d25  NMI_ISR                                  
1     00012d2f  ILLEGAL_ISR                              
1     00012d39  USER1_ISR                                
1     00012d43  USER2_ISR                                
1     00012d4d  USER3_ISR                                
1     00012d57  USER4_ISR                                
1     00012d61  USER5_ISR                                
1     00012d6b  USER6_ISR                                
1     00012d75  USER7_ISR                                
1     00012d7f  USER8_ISR                                
1     00012d89  USER9_ISR                                
1     00012d93  USER10_ISR                               
1     00012d9d  USER11_ISR                               
1     00012da7  USER12_ISR                               
1     00012db1  ADCA1_ISR                                
1     00012dbb  ADCB1_ISR                                
1     00012dc5  ADCC1_ISR                                
1     00012dcf  XINT1_ISR                                
1     00012dd9  XINT2_ISR                                
1     00012de3  ADCD1_ISR                                
1     00012ded  TIMER0_ISR                               
1     00012df7  WAKE_ISR                                 
1     00012e01  EPWM1_TZ_ISR                             
1     00012e0b  EPWM2_TZ_ISR                             
1     00012e15  EPWM3_TZ_ISR                             
1     00012e1f  EPWM4_TZ_ISR                             
1     00012e29  EPWM5_TZ_ISR                             
1     00012e33  EPWM6_TZ_ISR                             
1     00012e3d  EPWM7_TZ_ISR                             
1     00012e47  EPWM8_TZ_ISR                             
1     00012e51  EPWM1_ISR                                
1     00012e5b  EPWM2_ISR                                
1     00012e65  EPWM3_ISR                                
1     00012e6f  EPWM4_ISR                                
1     00012e79  EPWM5_ISR                                
1     00012e83  EPWM6_ISR                                
1     00012e8d  EPWM7_ISR                                
1     00012e97  EPWM8_ISR                                
1     00012ea1  ECAP1_ISR                                
1     00012eab  ECAP2_ISR                                
1     00012eb5  ECAP3_ISR                                
1     00012ebf  ECAP4_ISR                                
1     00012ec9  ECAP5_ISR                                
1     00012ed3  ECAP6_ISR                                
1     00012edd  EQEP1_ISR                                
1     00012ee7  EQEP2_ISR                                
1     00012ef1  EQEP3_ISR                                
1     00012efb  SPIA_RX_ISR                              
1     00012f05  SPIA_TX_ISR                              
1     00012f0f  SPIB_RX_ISR                              
1     00012f19  SPIB_TX_ISR                              
1     00012f23  MCBSPA_RX_ISR                            
1     00012f2d  MCBSPA_TX_ISR                            
1     00012f37  MCBSPB_RX_ISR                            
1     00012f41  MCBSPB_TX_ISR                            
1     00012f4b  DMA_CH1_ISR                              
1     00012f55  DMA_CH2_ISR                              
1     00012f5f  DMA_CH3_ISR                              
1     00012f69  DMA_CH4_ISR                              
1     00012f73  DMA_CH5_ISR                              
1     00012f7d  DMA_CH6_ISR                              
1     00012f87  I2CA_ISR                                 
1     00012f91  I2CA_FIFO_ISR                            
1     00012f9b  I2CB_ISR                                 
1     00012fa5  I2CB_FIFO_ISR                            
1     00012faf  SCIC_RX_ISR                              
1     00012fb9  SCIC_TX_ISR                              
1     00012fc3  SCID_RX_ISR                              
1     00012fcd  SCID_TX_ISR                              
1     00012fd7  SCIA_RX_ISR                              
1     00012fe1  SCIA_TX_ISR                              
1     00012feb  SCIB_RX_ISR                              
1     00012ff5  SCIB_TX_ISR                              
1     00012fff  CANA0_ISR                                
1     00013009  CANA1_ISR                                
1     00013013  CANB0_ISR                                
1     0001301d  CANB1_ISR                                
1     00013027  ADCA_EVT_ISR                             
1     00013031  ADCA2_ISR                                
1     0001303b  ADCA3_ISR                                
1     00013045  ADCA4_ISR                                
1     0001304f  ADCB_EVT_ISR                             
1     00013059  ADCB2_ISR                                
1     00013063  ADCB3_ISR                                
1     0001306d  ADCB4_ISR                                
1     00013077  CLA1_1_ISR                               
1     00013081  CLA1_2_ISR                               
1     0001308b  CLA1_3_ISR                               
1     00013095  CLA1_4_ISR                               
1     0001309f  CLA1_5_ISR                               
1     000130a9  CLA1_6_ISR                               
1     000130b3  CLA1_7_ISR                               
1     000130bd  CLA1_8_ISR                               
1     000130c7  XINT3_ISR                                
1     000130d1  XINT4_ISR                                
1     000130db  XINT5_ISR                                
1     000130e5  VCU_ISR                                  
1     000130ef  FPU_OVERFLOW_ISR                         
1     000130f9  FPU_UNDERFLOW_ISR                        
1     00013103  IPC0_ISR                                 
1     0001310d  IPC1_ISR                                 
1     00013117  IPC2_ISR                                 
1     00013121  IPC3_ISR                                 
1     0001312b  EPWM9_TZ_ISR                             
1     00013135  EPWM10_TZ_ISR                            
1     0001313f  EPWM11_TZ_ISR                            
1     00013149  EPWM12_TZ_ISR                            
1     00013153  EPWM9_ISR                                
1     0001315d  EPWM10_ISR                               
1     00013167  EPWM11_ISR                               
1     00013171  EPWM12_ISR                               
1     0001317b  SD1_ISR                                  
1     00013185  SD2_ISR                                  
1     0001318f  SPIC_RX_ISR                              
1     00013199  SPIC_TX_ISR                              
1     000131a3  UPPA_ISR                                 
1     000131ad  USBA_ISR                                 
1     000131b7  ADCC_EVT_ISR                             
1     000131c1  ADCC2_ISR                                
1     000131cb  ADCC3_ISR                                
1     000131d5  ADCC4_ISR                                
1     000131df  ADCD_EVT_ISR                             
1     000131e9  ADCD2_ISR                                
1     000131f3  ADCD3_ISR                                
1     000131fd  ADCD4_ISR                                
1     00013207  EMIF_ERROR_ISR                           
1     00013211  RAM_CORRECTABLE_ERROR_ISR                
1     0001321b  FLASH_CORRECTABLE_ERROR_ISR              
1     00013225  RAM_ACCESS_VIOLATION_ISR                 
1     0001322f  SYS_PLL_SLIP_ISR                         
1     00013239  AUX_PLL_SLIP_ISR                         
1     00013243  CLA_OVERFLOW_ISR                         
1     0001324d  CLA_UNDERFLOW_ISR                        
1     00013257  PIE_RESERVED_ISR                         
1     00013261  EMPTY_ISR                                
1     0001326e  NOTUSED_ISR                              
1     00013278  InitSysCtrl                              
1     00013298  InitPeripheralClocks                     
1     0001331c  DisablePeripheralClocks                  
1     00013334  SeizeFlashPump                           
1     00013343  ReleaseFlashPump                         
1     0001334d  ServiceDog                               
1     0001335b  DisableDog                               
1     00013369  InitSysPll                               
1     00013568  InitAuxPll                               
1     00013657  CsmUnlock                                
1     00013678  SysIntOsc1Sel                            
1     00013688  SysIntOsc2Sel                            
1     0001369c  SysXtalOscSel                            
1     000136ac  AuxIntOsc2Sel                            
1     000136b6  AuxXtalOscSel                            
1     000136c2  AuxAuxClkSel                             
1     000136cc  IDLE                                     
1     000136d5  STANDBY                                  
1     000136e0  HALT                                     
1     000136f9  HIB                                      
1     00013716  ConfigureTMXAnalogTrim                   
1     00013733  InitGpio                                 
1     00013773  GPIO_SetupPinMux                         
1     000137ff  GPIO_SetupPinOptions                     
1     00013893  GPIO_SetupLock                           
1     000138bc  GPIO_SetupXINT1Gpio                      
1     000138c6  GPIO_SetupXINT2Gpio                      
1     000138d0  GPIO_SetupXINT3Gpio                      
1     000138da  GPIO_SetupXINT4Gpio                      
1     000138e4  GPIO_SetupXINT5Gpio                      
1     000138ee  GPIO_EnableUnbondedIOPullupsFor176Pin    
1     00013907  GPIO_EnableUnbondedIOPullupsFor100Pin    
1     0001392c  GPIO_EnableUnbondedIOPullups             
1     00013942  GPIO_ReadPin                             
1     00013959  GPIO_WritePin                            
1     000139e4  Device_init                              
1     00013a24  Device_enableAllPeripherals              
1     00013b0f  Device_initGPIO                          
1     00013b30  Device_enableUnbondedGPIOPullupsFor176Pin
1     00013b43  Device_enableUnbondedGPIOPullupsFor100Pin
1     00013b60  Device_enableUnbondedGPIOPullups         
1     00013b76  Device_configureTMXAnalogTrim            
1     00013ba7  __error__                                
1     00013bae  Example_setResultPass                    
1     00013bb3  Example_setResultFail                    
1     00013bb8  Example_done                             
1     00013bb9  SysCtl_setClock                          
1     00013dc0  RFFT_adc_f32                             
1     00013e50  _rfft_adc_f32_Stages4andUp               
1     00013f97  Board_init                               
1     00013f9e  PinMux_init                              
1     00013fb3  SCI_init                                 
1     0001401e  __c28xabi_divll                          
1     0001405a  __c28xabi_modll                          
1     00014094  __c28xabi_divull                         
1     000140c3  __c28xabi_modull                         
1     00014125  ldexp                                    
1     00014125  ldexpl                                   
1     00014125  scalbn                                   
1     00014125  scalbnl                                  
1     000141d3  __c28xabi_addd                           
1     0001426f  __c28xabi_divd                           
1     000142fa  __c28xabi_divf                           
1     00014382  RFFT_f32_phase_TMU0                      
1     00014408  __c28xabi_mpyd                           
1     0001448b  ADC_setINLTrim                           
1     000144fe  SysCtl_selectXTAL                        
1     00014569  RFFT_f32_sincostable                     
1     000145d4  SysCtl_getDeviceParametric               
1     0001463c  ADC_setOffsetTrim                        
1     000146a0  cosf                                     
1     00014703  adcA1ISR                                 
1     00014760  frexp                                    
1     00014760  frexpl                                   
1     000147ba  sinf                                     
1     00014813  SysCtl_selectOscSource                   
1     00014867  SysCtl_getClock                          
1     000148b8  RFFT_f32_mag_TMU0                        
1     00014906  SCI_clearInterruptStatus                 
1     0001494c  SCI_writeCharArray                       
1     0001498d  SCI_setConfig                            
1     000149cb  Interrupt_initModule                     
1     00014a08  GPIO_setPinConfig                        
1     00014a3f  Interrupt_enable                         
1     00014a73  sprintf                                  
1     00014aa5  __TI_decompress_lzss                     
1     00014ad6  atoi                                     
1     00014b07  __TI_ltoa                                
1     00014b37  ADC_setMode                              
1     00014b66  __TI_auto_init_nobinit_nopinit           
1     00014b91  __c28xabi_cmpd                           
1     00014bbb  __c28xabi_divl                           
1     00014bca  __c28xabi_modl                           
1     00014bd8  __c28xabi_divul                          
1     00014bdf  __c28xabi_modul                          
1     00014be5  C$$EXIT                                  
1     00014be5  abort                                    
1     00014be7  exit                                     
1     00014c0e  InitPieCtrl                              
1     00014c2d  EnableInterrupts                         
1     00014c36  InitPieVectTable                         
1     00014c5c  copysign                                 
1     00014c5c  copysignl                                
1     00014ca5  __c28xabi_dtof                           
1     00014cea  __c28xabi_dtoi                           
1     00014d69  __c28xabi_dtol                           
1     00014d88  __c28xabi_cmpll                          
1     00014d9a  __c28xabi_cmpull                         
1     00014da6  __c28xabi_itod                           
1     00014dc3  memcpy                                   
1     00014de0  __c28xabi_ftod                           
1     00014dfc  __c28xabi_ltod                           
1     00014e68  SysCtl_getLowSpeedClock                  
1     00014ecd  __c28xabi_andll                          
1     00014ed5  __c28xabi_orll                           
1     00014edd  __c28xabi_xorll                          
1     00014ee5  _c_int00                                 
1     00014f39  FPU_initSystemClocks                     
1     00014f40  FPU_initEpie                             
1     00014f4b  done                                     
1     00014f82  memccpy                                  
1     00014f92  __c28xabi_subd                           
1     00014fba  _args_main                               
1     00014fc6  strchr                                   
1     00014fd2  wcslen                                   
1     00014fe6  _register_unlock                         
1     00014fea  _register_lock                           
1     00014fee  _nop                                     
1     00014fef  __c28xabi_negd                           
1     00015000  __TI_decompress_none                     
1     00015008  strlen                                   
1     00015017  memset                                   
1     0001501e  __TI_zero_init                           
1     00015024  strcpy                                   
1     00015029  _system_pre_init                         
1     0001502b  _system_post_cinit                       
1     00016000  PieVectTableInit                         
1     000161c0  _ctypes_                                 
1     00050024  FlashPumpSemaphoreRegs                   
1     0005d000  DevCfgRegs                               
1     0005d180  AnalogSubsysRegs                         
1     0005d200  ClkCfgRegs                               
1     0005d300  CpuSysRegs                               
1     0005f000  DcsmZ1Regs                               
1     0005f040  DcsmZ2Regs                               
abs   00000100  __TI_STACK_SIZE                          
abs   ffffffff  __TI_pprof_out_hndl                      
abs   ffffffff  __TI_prof_data_size                      
abs   ffffffff  __TI_prof_data_start                     
n/a   UNDEFED   __c_args__                               

[360 symbols]
