<?xml version="1.0" encoding="ISO-8859-1" ?>
<link_info>
   <banner>TMS320C2000 Linker PC v21.6.0.LTS</banner>
   <copyright>Copyright (c) 1996-2018 Texas Instruments Incorporated</copyright>
   <link_time>0x6187211e</link_time>
   <link_errors>0x0</link_errors>
   <output_file>DIAN_SAI_2.out</output_file>
   <entry_point>
      <name>code_start</name>
      <address>0x0</address>
   </entry_point>
   <input_file_list>
      <input_file id="fl-2">
         <path>.\</path>
         <kind>object</kind>
         <file>F2837xD_Adc.obj</file>
         <name>F2837xD_Adc.obj</name>
      </input_file>
      <input_file id="fl-3">
         <path>.\</path>
         <kind>object</kind>
         <file>F2837xD_CodeStartBranch.obj</file>
         <name>F2837xD_CodeStartBranch.obj</name>
      </input_file>
      <input_file id="fl-4">
         <path>.\</path>
         <kind>object</kind>
         <file>F2837xD_DefaultISR.obj</file>
         <name>F2837xD_DefaultISR.obj</name>
      </input_file>
      <input_file id="fl-5">
         <path>.\</path>
         <kind>object</kind>
         <file>F2837xD_EPwm.obj</file>
         <name>F2837xD_EPwm.obj</name>
      </input_file>
      <input_file id="fl-6">
         <path>.\</path>
         <kind>object</kind>
         <file>F2837xD_GlobalVariableDefs.obj</file>
         <name>F2837xD_GlobalVariableDefs.obj</name>
      </input_file>
      <input_file id="fl-7">
         <path>.\</path>
         <kind>object</kind>
         <file>F2837xD_Gpio.obj</file>
         <name>F2837xD_Gpio.obj</name>
      </input_file>
      <input_file id="fl-8">
         <path>.\</path>
         <kind>object</kind>
         <file>F2837xD_PieCtrl.obj</file>
         <name>F2837xD_PieCtrl.obj</name>
      </input_file>
      <input_file id="fl-9">
         <path>.\</path>
         <kind>object</kind>
         <file>F2837xD_PieVect.obj</file>
         <name>F2837xD_PieVect.obj</name>
      </input_file>
      <input_file id="fl-a">
         <path>.\</path>
         <kind>object</kind>
         <file>F2837xD_SysCtrl.obj</file>
         <name>F2837xD_SysCtrl.obj</name>
      </input_file>
      <input_file id="fl-b">
         <path>.\</path>
         <kind>object</kind>
         <file>F2837xD_usDelay.obj</file>
         <name>F2837xD_usDelay.obj</name>
      </input_file>
      <input_file id="fl-c">
         <path>.\</path>
         <kind>object</kind>
         <file>board.obj</file>
         <name>board.obj</name>
      </input_file>
      <input_file id="fl-d">
         <path>.\</path>
         <kind>object</kind>
         <file>examples_setup.obj</file>
         <name>examples_setup.obj</name>
      </input_file>
      <input_file id="fl-e">
         <path>.\</path>
         <kind>object</kind>
         <file>sci_ex3_echoback.obj</file>
         <name>sci_ex3_echoback.obj</name>
      </input_file>
      <input_file id="fl-f">
         <path>.\device\</path>
         <kind>object</kind>
         <file>device.obj</file>
         <name>device.obj</name>
      </input_file>
      <input_file id="fl-16">
         <kind>object</kind>
         <file>&lt;internal&gt;</file>
         <name>&lt;internal&gt;</name>
      </input_file>
      <input_file id="fl-1a">
         <path>H:\ti\C2000\C2000Ware_4_00_00_00\driverlib\f2837xs\driverlib\ccs\Debug\</path>
         <kind>archive</kind>
         <file>driverlib_eabi.lib</file>
         <name>adc.obj</name>
      </input_file>
      <input_file id="fl-1b">
         <path>H:\ti\C2000\C2000Ware_4_00_00_00\driverlib\f2837xs\driverlib\ccs\Debug\</path>
         <kind>archive</kind>
         <file>driverlib_eabi.lib</file>
         <name>gpio.obj</name>
      </input_file>
      <input_file id="fl-1c">
         <path>H:\ti\C2000\C2000Ware_4_00_00_00\driverlib\f2837xs\driverlib\ccs\Debug\</path>
         <kind>archive</kind>
         <file>driverlib_eabi.lib</file>
         <name>interrupt.obj</name>
      </input_file>
      <input_file id="fl-1d">
         <path>H:\ti\C2000\C2000Ware_4_00_00_00\driverlib\f2837xs\driverlib\ccs\Debug\</path>
         <kind>archive</kind>
         <file>driverlib_eabi.lib</file>
         <name>sci.obj</name>
      </input_file>
      <input_file id="fl-1e">
         <path>H:\ti\C2000\C2000Ware_4_00_00_00\driverlib\f2837xs\driverlib\ccs\Debug\</path>
         <kind>archive</kind>
         <file>driverlib_eabi.lib</file>
         <name>sysctl.obj</name>
      </input_file>
      <input_file id="fl-22">
         <path>H:\ti\C2000\C2000Ware_4_00_00_00\libraries\dsp\FPU\c28\lib\</path>
         <kind>archive</kind>
         <file>c28x_fpu_dsp_library_eabi.lib</file>
         <name>RFFT_adc_f32.obj</name>
      </input_file>
      <input_file id="fl-23">
         <path>H:\ti\C2000\C2000Ware_4_00_00_00\libraries\dsp\FPU\c28\lib\</path>
         <kind>archive</kind>
         <file>c28x_fpu_dsp_library_eabi.lib</file>
         <name>RFFT_f32_mag_TMU0.obj</name>
      </input_file>
      <input_file id="fl-24">
         <path>H:\ti\C2000\C2000Ware_4_00_00_00\libraries\dsp\FPU\c28\lib\</path>
         <kind>archive</kind>
         <file>c28x_fpu_dsp_library_eabi.lib</file>
         <name>RFFT_f32_phase_TMU0.obj</name>
      </input_file>
      <input_file id="fl-25">
         <path>H:\ti\C2000\C2000Ware_4_00_00_00\libraries\dsp\FPU\c28\lib\</path>
         <kind>archive</kind>
         <file>c28x_fpu_dsp_library_eabi.lib</file>
         <name>RFFT_f32_sincostable.obj</name>
      </input_file>
      <input_file id="fl-31">
         <path>H:\ti\CCS11.0.0\ccs\tools\compiler\ti-cgt-c2000_21.6.0.LTS\lib\</path>
         <kind>archive</kind>
         <file>rts2800_fpu32_eabi.lib</file>
         <name>sprintf.c.obj</name>
      </input_file>
      <input_file id="fl-32">
         <path>H:\ti\CCS11.0.0\ccs\tools\compiler\ti-cgt-c2000_21.6.0.LTS\lib\</path>
         <kind>archive</kind>
         <file>rts2800_fpu32_eabi.lib</file>
         <name>e_sqrt.c.obj</name>
      </input_file>
      <input_file id="fl-33">
         <path>H:\ti\CCS11.0.0\ccs\tools\compiler\ti-cgt-c2000_21.6.0.LTS\lib\</path>
         <kind>archive</kind>
         <file>rts2800_fpu32_eabi.lib</file>
         <name>s_sin.c.obj</name>
      </input_file>
      <input_file id="fl-34">
         <path>H:\ti\CCS11.0.0\ccs\tools\compiler\ti-cgt-c2000_21.6.0.LTS\lib\</path>
         <kind>archive</kind>
         <file>rts2800_fpu32_eabi.lib</file>
         <name>s_cosf.c.obj</name>
      </input_file>
      <input_file id="fl-35">
         <path>H:\ti\CCS11.0.0\ccs\tools\compiler\ti-cgt-c2000_21.6.0.LTS\lib\</path>
         <kind>archive</kind>
         <file>rts2800_fpu32_eabi.lib</file>
         <name>s_sinf.c.obj</name>
      </input_file>
      <input_file id="fl-36">
         <path>H:\ti\CCS11.0.0\ccs\tools\compiler\ti-cgt-c2000_21.6.0.LTS\lib\</path>
         <kind>archive</kind>
         <file>rts2800_fpu32_eabi.lib</file>
         <name>boot28.asm.obj</name>
      </input_file>
      <input_file id="fl-37">
         <path>H:\ti\CCS11.0.0\ccs\tools\compiler\ti-cgt-c2000_21.6.0.LTS\lib\</path>
         <kind>archive</kind>
         <file>rts2800_fpu32_eabi.lib</file>
         <name>fd_add28.asm.obj</name>
      </input_file>
      <input_file id="fl-38">
         <path>H:\ti\CCS11.0.0\ccs\tools\compiler\ti-cgt-c2000_21.6.0.LTS\lib\</path>
         <kind>archive</kind>
         <file>rts2800_fpu32_eabi.lib</file>
         <name>fd_cmp28.asm.obj</name>
      </input_file>
      <input_file id="fl-39">
         <path>H:\ti\CCS11.0.0\ccs\tools\compiler\ti-cgt-c2000_21.6.0.LTS\lib\</path>
         <kind>archive</kind>
         <file>rts2800_fpu32_eabi.lib</file>
         <name>fd_mpy28.asm.obj</name>
      </input_file>
      <input_file id="fl-3a">
         <path>H:\ti\CCS11.0.0\ccs\tools\compiler\ti-cgt-c2000_21.6.0.LTS\lib\</path>
         <kind>archive</kind>
         <file>rts2800_fpu32_eabi.lib</file>
         <name>fd_neg28.asm.obj</name>
      </input_file>
      <input_file id="fl-3b">
         <path>H:\ti\CCS11.0.0\ccs\tools\compiler\ti-cgt-c2000_21.6.0.LTS\lib\</path>
         <kind>archive</kind>
         <file>rts2800_fpu32_eabi.lib</file>
         <name>fd_sub28.asm.obj</name>
      </input_file>
      <input_file id="fl-3c">
         <path>H:\ti\CCS11.0.0\ccs\tools\compiler\ti-cgt-c2000_21.6.0.LTS\lib\</path>
         <kind>archive</kind>
         <file>rts2800_fpu32_eabi.lib</file>
         <name>fd_toi28.asm.obj</name>
      </input_file>
      <input_file id="fl-3d">
         <path>H:\ti\CCS11.0.0\ccs\tools\compiler\ti-cgt-c2000_21.6.0.LTS\lib\</path>
         <kind>archive</kind>
         <file>rts2800_fpu32_eabi.lib</file>
         <name>fs_div28.asm.obj</name>
      </input_file>
      <input_file id="fl-3e">
         <path>H:\ti\CCS11.0.0\ccs\tools\compiler\ti-cgt-c2000_21.6.0.LTS\lib\</path>
         <kind>archive</kind>
         <file>rts2800_fpu32_eabi.lib</file>
         <name>ll_cmp28.asm.obj</name>
      </input_file>
      <input_file id="fl-3f">
         <path>H:\ti\CCS11.0.0\ccs\tools\compiler\ti-cgt-c2000_21.6.0.LTS\lib\</path>
         <kind>archive</kind>
         <file>rts2800_fpu32_eabi.lib</file>
         <name>u_tofd28.asm.obj</name>
      </input_file>
      <input_file id="fl-40">
         <path>H:\ti\CCS11.0.0\ccs\tools\compiler\ti-cgt-c2000_21.6.0.LTS\lib\</path>
         <kind>archive</kind>
         <file>rts2800_fpu32_eabi.lib</file>
         <name>fs_tofdfpu32.asm.obj</name>
      </input_file>
      <input_file id="fl-41">
         <path>H:\ti\CCS11.0.0\ccs\tools\compiler\ti-cgt-c2000_21.6.0.LTS\lib\</path>
         <kind>archive</kind>
         <file>rts2800_fpu32_eabi.lib</file>
         <name>fd_tofsfpu32.asm.obj</name>
      </input_file>
      <input_file id="fl-42">
         <path>H:\ti\CCS11.0.0\ccs\tools\compiler\ti-cgt-c2000_21.6.0.LTS\lib\</path>
         <kind>archive</kind>
         <file>rts2800_fpu32_eabi.lib</file>
         <name>fd_div28.asm.obj</name>
      </input_file>
      <input_file id="fl-43">
         <path>H:\ti\CCS11.0.0\ccs\tools\compiler\ti-cgt-c2000_21.6.0.LTS\lib\</path>
         <kind>archive</kind>
         <file>rts2800_fpu32_eabi.lib</file>
         <name>memcpy.c.obj</name>
      </input_file>
      <input_file id="fl-44">
         <path>H:\ti\CCS11.0.0\ccs\tools\compiler\ti-cgt-c2000_21.6.0.LTS\lib\</path>
         <kind>archive</kind>
         <file>rts2800_fpu32_eabi.lib</file>
         <name>pre_init.c.obj</name>
      </input_file>
      <input_file id="fl-45">
         <path>H:\ti\CCS11.0.0\ccs\tools\compiler\ti-cgt-c2000_21.6.0.LTS\lib\</path>
         <kind>archive</kind>
         <file>rts2800_fpu32_eabi.lib</file>
         <name>autoinit.c.obj</name>
      </input_file>
      <input_file id="fl-46">
         <path>H:\ti\CCS11.0.0\ccs\tools\compiler\ti-cgt-c2000_21.6.0.LTS\lib\</path>
         <kind>archive</kind>
         <file>rts2800_fpu32_eabi.lib</file>
         <name>copy_zero_init.c.obj</name>
      </input_file>
      <input_file id="fl-47">
         <path>H:\ti\CCS11.0.0\ccs\tools\compiler\ti-cgt-c2000_21.6.0.LTS\lib\</path>
         <kind>archive</kind>
         <file>rts2800_fpu32_eabi.lib</file>
         <name>copy_decompress_none.c.obj</name>
      </input_file>
      <input_file id="fl-48">
         <path>H:\ti\CCS11.0.0\ccs\tools\compiler\ti-cgt-c2000_21.6.0.LTS\lib\</path>
         <kind>archive</kind>
         <file>rts2800_fpu32_eabi.lib</file>
         <name>copy_decompress_lzss.c.obj</name>
      </input_file>
      <input_file id="fl-49">
         <path>H:\ti\CCS11.0.0\ccs\tools\compiler\ti-cgt-c2000_21.6.0.LTS\lib\</path>
         <kind>archive</kind>
         <file>rts2800_fpu32_eabi.lib</file>
         <name>e_rem_pio2.c.obj</name>
      </input_file>
      <input_file id="fl-4a">
         <path>H:\ti\CCS11.0.0\ccs\tools\compiler\ti-cgt-c2000_21.6.0.LTS\lib\</path>
         <kind>archive</kind>
         <file>rts2800_fpu32_eabi.lib</file>
         <name>k_rem_pio2.c.obj</name>
      </input_file>
      <input_file id="fl-4b">
         <path>H:\ti\CCS11.0.0\ccs\tools\compiler\ti-cgt-c2000_21.6.0.LTS\lib\</path>
         <kind>archive</kind>
         <file>rts2800_fpu32_eabi.lib</file>
         <name>exit.c.obj</name>
      </input_file>
      <input_file id="fl-4c">
         <path>H:\ti\CCS11.0.0\ccs\tools\compiler\ti-cgt-c2000_21.6.0.LTS\lib\</path>
         <kind>archive</kind>
         <file>rts2800_fpu32_eabi.lib</file>
         <name>_lock.c.obj</name>
      </input_file>
      <input_file id="fl-4d">
         <path>H:\ti\CCS11.0.0\ccs\tools\compiler\ti-cgt-c2000_21.6.0.LTS\lib\</path>
         <kind>archive</kind>
         <file>rts2800_fpu32_eabi.lib</file>
         <name>args_main.c.obj</name>
      </input_file>
      <input_file id="fl-4e">
         <path>H:\ti\CCS11.0.0\ccs\tools\compiler\ti-cgt-c2000_21.6.0.LTS\lib\</path>
         <kind>archive</kind>
         <file>rts2800_fpu32_eabi.lib</file>
         <name>memset.c.obj</name>
      </input_file>
      <input_file id="fl-4f">
         <path>H:\ti\CCS11.0.0\ccs\tools\compiler\ti-cgt-c2000_21.6.0.LTS\lib\</path>
         <kind>archive</kind>
         <file>rts2800_fpu32_eabi.lib</file>
         <name>strlen.c.obj</name>
      </input_file>
      <input_file id="fl-50">
         <path>H:\ti\CCS11.0.0\ccs\tools\compiler\ti-cgt-c2000_21.6.0.LTS\lib\</path>
         <kind>archive</kind>
         <file>rts2800_fpu32_eabi.lib</file>
         <name>errno.c.obj</name>
      </input_file>
      <input_file id="fl-51">
         <path>H:\ti\CCS11.0.0\ccs\tools\compiler\ti-cgt-c2000_21.6.0.LTS\lib\</path>
         <kind>archive</kind>
         <file>rts2800_fpu32_eabi.lib</file>
         <name>_printfi.c.obj</name>
      </input_file>
      <input_file id="fl-52">
         <path>H:\ti\CCS11.0.0\ccs\tools\compiler\ti-cgt-c2000_21.6.0.LTS\lib\</path>
         <kind>archive</kind>
         <file>rts2800_fpu32_eabi.lib</file>
         <name>k_cos.c.obj</name>
      </input_file>
      <input_file id="fl-53">
         <path>H:\ti\CCS11.0.0\ccs\tools\compiler\ti-cgt-c2000_21.6.0.LTS\lib\</path>
         <kind>archive</kind>
         <file>rts2800_fpu32_eabi.lib</file>
         <name>k_sin.c.obj</name>
      </input_file>
      <input_file id="fl-54">
         <path>H:\ti\CCS11.0.0\ccs\tools\compiler\ti-cgt-c2000_21.6.0.LTS\lib\</path>
         <kind>archive</kind>
         <file>rts2800_fpu32_eabi.lib</file>
         <name>s_floor.c.obj</name>
      </input_file>
      <input_file id="fl-55">
         <path>H:\ti\CCS11.0.0\ccs\tools\compiler\ti-cgt-c2000_21.6.0.LTS\lib\</path>
         <kind>archive</kind>
         <file>rts2800_fpu32_eabi.lib</file>
         <name>s_frexp.c.obj</name>
      </input_file>
      <input_file id="fl-56">
         <path>H:\ti\CCS11.0.0\ccs\tools\compiler\ti-cgt-c2000_21.6.0.LTS\lib\</path>
         <kind>archive</kind>
         <file>rts2800_fpu32_eabi.lib</file>
         <name>s_scalbn.c.obj</name>
      </input_file>
      <input_file id="fl-57">
         <path>H:\ti\CCS11.0.0\ccs\tools\compiler\ti-cgt-c2000_21.6.0.LTS\lib\</path>
         <kind>archive</kind>
         <file>rts2800_fpu32_eabi.lib</file>
         <name>fd_tol28.asm.obj</name>
      </input_file>
      <input_file id="fl-58">
         <path>H:\ti\CCS11.0.0\ccs\tools\compiler\ti-cgt-c2000_21.6.0.LTS\lib\</path>
         <kind>archive</kind>
         <file>rts2800_fpu32_eabi.lib</file>
         <name>ll_aox28.asm.obj</name>
      </input_file>
      <input_file id="fl-59">
         <path>H:\ti\CCS11.0.0\ccs\tools\compiler\ti-cgt-c2000_21.6.0.LTS\lib\</path>
         <kind>archive</kind>
         <file>rts2800_fpu32_eabi.lib</file>
         <name>ll_div28.asm.obj</name>
      </input_file>
      <input_file id="fl-5a">
         <path>H:\ti\CCS11.0.0\ccs\tools\compiler\ti-cgt-c2000_21.6.0.LTS\lib\</path>
         <kind>archive</kind>
         <file>rts2800_fpu32_eabi.lib</file>
         <name>i_tofd28.asm.obj</name>
      </input_file>
      <input_file id="fl-5b">
         <path>H:\ti\CCS11.0.0\ccs\tools\compiler\ti-cgt-c2000_21.6.0.LTS\lib\</path>
         <kind>archive</kind>
         <file>rts2800_fpu32_eabi.lib</file>
         <name>i_div28.asm.obj</name>
      </input_file>
      <input_file id="fl-5c">
         <path>H:\ti\CCS11.0.0\ccs\tools\compiler\ti-cgt-c2000_21.6.0.LTS\lib\</path>
         <kind>archive</kind>
         <file>rts2800_fpu32_eabi.lib</file>
         <name>l_tofd28.asm.obj</name>
      </input_file>
      <input_file id="fl-5d">
         <path>H:\ti\CCS11.0.0\ccs\tools\compiler\ti-cgt-c2000_21.6.0.LTS\lib\</path>
         <kind>archive</kind>
         <file>rts2800_fpu32_eabi.lib</file>
         <name>cpy_tbl.c.obj</name>
      </input_file>
      <input_file id="fl-5e">
         <path>H:\ti\CCS11.0.0\ccs\tools\compiler\ti-cgt-c2000_21.6.0.LTS\lib\</path>
         <kind>archive</kind>
         <file>rts2800_fpu32_eabi.lib</file>
         <name>startup.c.obj</name>
      </input_file>
      <input_file id="fl-5f">
         <path>H:\ti\CCS11.0.0\ccs\tools\compiler\ti-cgt-c2000_21.6.0.LTS\lib\</path>
         <kind>archive</kind>
         <file>rts2800_fpu32_eabi.lib</file>
         <name>_ltoa.c.obj</name>
      </input_file>
      <input_file id="fl-60">
         <path>H:\ti\CCS11.0.0\ccs\tools\compiler\ti-cgt-c2000_21.6.0.LTS\lib\</path>
         <kind>archive</kind>
         <file>rts2800_fpu32_eabi.lib</file>
         <name>atoi.c.obj</name>
      </input_file>
      <input_file id="fl-61">
         <path>H:\ti\CCS11.0.0\ccs\tools\compiler\ti-cgt-c2000_21.6.0.LTS\lib\</path>
         <kind>archive</kind>
         <file>rts2800_fpu32_eabi.lib</file>
         <name>ctype.c.obj</name>
      </input_file>
      <input_file id="fl-62">
         <path>H:\ti\CCS11.0.0\ccs\tools\compiler\ti-cgt-c2000_21.6.0.LTS\lib\</path>
         <kind>archive</kind>
         <file>rts2800_fpu32_eabi.lib</file>
         <name>memccpy.c.obj</name>
      </input_file>
      <input_file id="fl-63">
         <path>H:\ti\CCS11.0.0\ccs\tools\compiler\ti-cgt-c2000_21.6.0.LTS\lib\</path>
         <kind>archive</kind>
         <file>rts2800_fpu32_eabi.lib</file>
         <name>strchr.c.obj</name>
      </input_file>
      <input_file id="fl-64">
         <path>H:\ti\CCS11.0.0\ccs\tools\compiler\ti-cgt-c2000_21.6.0.LTS\lib\</path>
         <kind>archive</kind>
         <file>rts2800_fpu32_eabi.lib</file>
         <name>strcpy.c.obj</name>
      </input_file>
      <input_file id="fl-65">
         <path>H:\ti\CCS11.0.0\ccs\tools\compiler\ti-cgt-c2000_21.6.0.LTS\lib\</path>
         <kind>archive</kind>
         <file>rts2800_fpu32_eabi.lib</file>
         <name>wcslen.c.obj</name>
      </input_file>
      <input_file id="fl-66">
         <path>H:\ti\CCS11.0.0\ccs\tools\compiler\ti-cgt-c2000_21.6.0.LTS\lib\</path>
         <kind>archive</kind>
         <file>rts2800_fpu32_eabi.lib</file>
         <name>s_copysign.c.obj</name>
      </input_file>
      <input_file id="fl-67">
         <path>H:\ti\CCS11.0.0\ccs\tools\compiler\ti-cgt-c2000_21.6.0.LTS\lib\</path>
         <kind>archive</kind>
         <file>rts2800_fpu32_eabi.lib</file>
         <name>l_div28.asm.obj</name>
      </input_file>
   </input_file_list>
   <object_component_list>
      <object_component id="oc-98">
         <name>codestart</name>
         <load_address>0x0</load_address>
         <run_address>0x0</run_address>
         <size>0x2</size>
         <input_file_ref idref="fl-3"/>
      </object_component>
      <object_component id="oc-a7">
         <name>.text</name>
         <load_address>0xb800</load_address>
         <run_address>0xb800</run_address>
         <size>0x7c5</size>
         <input_file_ref idref="fl-e"/>
      </object_component>
      <object_component id="oc-1ce">
         <name>.text:GPIO_setPinConfig</name>
         <load_address>0xbfc5</load_address>
         <run_address>0xbfc5</run_address>
         <size>0x37</size>
         <input_file_ref idref="fl-1b"/>
      </object_component>
      <object_component id="oc-284">
         <name>.text</name>
         <load_address>0xbffc</load_address>
         <run_address>0xbffc</run_address>
         <size>0x2</size>
         <input_file_ref idref="fl-44"/>
      </object_component>
      <object_component id="oc-447">
         <name>.text</name>
         <load_address>0xbffe</load_address>
         <run_address>0xbffe</run_address>
         <size>0x1</size>
         <input_file_ref idref="fl-5e"/>
      </object_component>
      <object_component id="oc-40c">
         <name>.text</name>
         <load_address>0x12000</load_address>
         <run_address>0x12000</run_address>
         <size>0x6c9</size>
         <input_file_ref idref="fl-51"/>
      </object_component>
      <object_component id="oc-34b">
         <name>.text</name>
         <load_address>0x126c9</load_address>
         <run_address>0x126c9</run_address>
         <size>0x663</size>
         <input_file_ref idref="fl-4a"/>
      </object_component>
      <object_component id="oc-320">
         <name>.text:__TI_printfi</name>
         <load_address>0x12d2c</load_address>
         <run_address>0x12d2c</run_address>
         <size>0x62a</size>
         <input_file_ref idref="fl-51"/>
      </object_component>
      <object_component id="oc-9d">
         <name>.text:retain</name>
         <load_address>0x13356</load_address>
         <run_address>0x13356</run_address>
         <size>0x585</size>
         <input_file_ref idref="fl-4"/>
      </object_component>
      <object_component id="oc-1b6">
         <name>.text</name>
         <load_address>0x138db</load_address>
         <run_address>0x138db</run_address>
         <size>0x4bb</size>
         <input_file_ref idref="fl-a"/>
      </object_component>
      <object_component id="oc-24e">
         <name>.text</name>
         <load_address>0x13d96</load_address>
         <run_address>0x13d96</run_address>
         <size>0x430</size>
         <input_file_ref idref="fl-49"/>
      </object_component>
      <object_component id="oc-2b5">
         <name>.text</name>
         <load_address>0x141c6</load_address>
         <run_address>0x141c6</run_address>
         <size>0x244</size>
         <input_file_ref idref="fl-7"/>
      </object_component>
      <object_component id="oc-db">
         <name>.text</name>
         <load_address>0x1440a</load_address>
         <run_address>0x1440a</run_address>
         <size>0x242</size>
         <input_file_ref idref="fl-f"/>
      </object_component>
      <object_component id="oc-19e">
         <name>.text:SysCtl_setClock</name>
         <load_address>0x1464c</load_address>
         <run_address>0x1464c</run_address>
         <size>0x207</size>
         <input_file_ref idref="fl-1e"/>
      </object_component>
      <object_component id="oc-10e">
         <name>.text</name>
         <load_address>0x14854</load_address>
         <run_address>0x14854</run_address>
         <size>0x138</size>
         <input_file_ref idref="fl-22"/>
      </object_component>
      <object_component id="oc-248">
         <name>.text</name>
         <load_address>0x1498c</load_address>
         <run_address>0x1498c</run_address>
         <size>0x124</size>
         <input_file_ref idref="fl-53"/>
      </object_component>
      <object_component id="oc-254">
         <name>.text</name>
         <load_address>0x14ab0</load_address>
         <run_address>0x14ab0</run_address>
         <size>0x10b</size>
         <input_file_ref idref="fl-52"/>
      </object_component>
      <object_component id="oc-400">
         <name>.text</name>
         <load_address>0x14bbb</load_address>
         <run_address>0x14bbb</run_address>
         <size>0x107</size>
         <input_file_ref idref="fl-59"/>
      </object_component>
      <object_component id="oc-431">
         <name>.text</name>
         <load_address>0x14cc2</load_address>
         <run_address>0x14cc2</run_address>
         <size>0xe9</size>
         <input_file_ref idref="fl-54"/>
      </object_component>
      <object_component id="oc-e7">
         <name>.text</name>
         <load_address>0x14dab</load_address>
         <run_address>0x14dab</run_address>
         <size>0xe8</size>
         <input_file_ref idref="fl-c"/>
      </object_component>
      <object_component id="oc-125">
         <name>.text</name>
         <load_address>0x14e93</load_address>
         <run_address>0x14e93</run_address>
         <size>0xde</size>
         <input_file_ref idref="fl-32"/>
      </object_component>
      <object_component id="oc-15f">
         <name>.text</name>
         <load_address>0x14f71</load_address>
         <run_address>0x14f71</run_address>
         <size>0xcb</size>
         <input_file_ref idref="fl-33"/>
      </object_component>
      <object_component id="oc-42b">
         <name>.text</name>
         <load_address>0x1503c</load_address>
         <run_address>0x1503c</run_address>
         <size>0xae</size>
         <input_file_ref idref="fl-56"/>
      </object_component>
      <object_component id="oc-165">
         <name>.text</name>
         <load_address>0x150ea</load_address>
         <run_address>0x150ea</run_address>
         <size>0x9c</size>
         <input_file_ref idref="fl-37"/>
      </object_component>
      <object_component id="oc-12b">
         <name>.text</name>
         <load_address>0x15186</load_address>
         <run_address>0x15186</run_address>
         <size>0x8b</size>
         <input_file_ref idref="fl-42"/>
      </object_component>
      <object_component id="oc-13b">
         <name>.text</name>
         <load_address>0x15211</load_address>
         <run_address>0x15211</run_address>
         <size>0x88</size>
         <input_file_ref idref="fl-3d"/>
      </object_component>
      <object_component id="oc-118">
         <name>.text</name>
         <load_address>0x1529a</load_address>
         <run_address>0x1529a</run_address>
         <size>0x86</size>
         <input_file_ref idref="fl-24"/>
      </object_component>
      <object_component id="oc-15a">
         <name>.text</name>
         <load_address>0x15320</load_address>
         <run_address>0x15320</run_address>
         <size>0x83</size>
         <input_file_ref idref="fl-39"/>
      </object_component>
      <object_component id="oc-269">
         <name>.text:ADC_setINLTrim</name>
         <load_address>0x153a3</load_address>
         <run_address>0x153a3</run_address>
         <size>0x73</size>
         <input_file_ref idref="fl-1a"/>
      </object_component>
      <object_component id="oc-3a5">
         <name>.text:SysCtl_selectXTAL</name>
         <load_address>0x15416</load_address>
         <run_address>0x15416</run_address>
         <size>0x6b</size>
         <input_file_ref idref="fl-1e"/>
      </object_component>
      <object_component id="oc-108">
         <name>.text</name>
         <load_address>0x15481</load_address>
         <run_address>0x15481</run_address>
         <size>0x6b</size>
         <input_file_ref idref="fl-25"/>
      </object_component>
      <object_component id="oc-198">
         <name>.text:SysCtl_getDeviceParametric</name>
         <load_address>0x154ec</load_address>
         <run_address>0x154ec</run_address>
         <size>0x68</size>
         <input_file_ref idref="fl-1e"/>
      </object_component>
      <object_component id="oc-26f">
         <name>.text:ADC_setOffsetTrim</name>
         <load_address>0x15554</load_address>
         <run_address>0x15554</run_address>
         <size>0x64</size>
         <input_file_ref idref="fl-1a"/>
      </object_component>
      <object_component id="oc-1fb">
         <name>.text</name>
         <load_address>0x155b8</load_address>
         <run_address>0x155b8</run_address>
         <size>0x63</size>
         <input_file_ref idref="fl-34"/>
      </object_component>
      <object_component id="oc-a6">
         <name>.text:retain</name>
         <load_address>0x1561b</load_address>
         <run_address>0x1561b</run_address>
         <size>0x5d</size>
         <input_file_ref idref="fl-e"/>
      </object_component>
      <object_component id="oc-4be">
         <name>.text</name>
         <load_address>0x15678</load_address>
         <run_address>0x15678</run_address>
         <size>0x5a</size>
         <input_file_ref idref="fl-55"/>
      </object_component>
      <object_component id="oc-201">
         <name>.text</name>
         <load_address>0x156d2</load_address>
         <run_address>0x156d2</run_address>
         <size>0x59</size>
         <input_file_ref idref="fl-35"/>
      </object_component>
      <object_component id="oc-2a1">
         <name>.text:SysCtl_selectOscSource</name>
         <load_address>0x1572b</load_address>
         <run_address>0x1572b</run_address>
         <size>0x54</size>
         <input_file_ref idref="fl-1e"/>
      </object_component>
      <object_component id="oc-1a4">
         <name>.text:SysCtl_getClock</name>
         <load_address>0x1577f</load_address>
         <run_address>0x1577f</run_address>
         <size>0x51</size>
         <input_file_ref idref="fl-1e"/>
      </object_component>
      <object_component id="oc-113">
         <name>.text</name>
         <load_address>0x157d0</load_address>
         <run_address>0x157d0</run_address>
         <size>0x4e</size>
         <input_file_ref idref="fl-23"/>
      </object_component>
      <object_component id="oc-1d4">
         <name>.text:SCI_clearInterruptStatus</name>
         <load_address>0x1581e</load_address>
         <run_address>0x1581e</run_address>
         <size>0x46</size>
         <input_file_ref idref="fl-1d"/>
      </object_component>
      <object_component id="oc-146">
         <name>.text:SCI_writeCharArray</name>
         <load_address>0x15864</load_address>
         <run_address>0x15864</run_address>
         <size>0x41</size>
         <input_file_ref idref="fl-1d"/>
      </object_component>
      <object_component id="oc-1da">
         <name>.text:SCI_setConfig</name>
         <load_address>0x158a5</load_address>
         <run_address>0x158a5</run_address>
         <size>0x3e</size>
         <input_file_ref idref="fl-1d"/>
      </object_component>
      <object_component id="oc-ed">
         <name>.text:Interrupt_initModule</name>
         <load_address>0x158e3</load_address>
         <run_address>0x158e3</run_address>
         <size>0x3d</size>
         <input_file_ref idref="fl-1c"/>
      </object_component>
      <object_component id="oc-f3">
         <name>.text:Interrupt_enable</name>
         <load_address>0x15920</load_address>
         <run_address>0x15920</run_address>
         <size>0x34</size>
         <input_file_ref idref="fl-1c"/>
      </object_component>
      <object_component id="oc-140">
         <name>.text</name>
         <load_address>0x15954</load_address>
         <run_address>0x15954</run_address>
         <size>0x32</size>
         <input_file_ref idref="fl-31"/>
      </object_component>
      <object_component id="oc-8b">
         <name>.text:decompress:lzss</name>
         <load_address>0x15986</load_address>
         <run_address>0x15986</run_address>
         <size>0x31</size>
         <input_file_ref idref="fl-48"/>
      </object_component>
      <object_component id="oc-3f5">
         <name>.text</name>
         <load_address>0x159b7</load_address>
         <run_address>0x159b7</run_address>
         <size>0x31</size>
         <input_file_ref idref="fl-60"/>
      </object_component>
      <object_component id="oc-4b8">
         <name>.text</name>
         <load_address>0x159e8</load_address>
         <run_address>0x159e8</run_address>
         <size>0x30</size>
         <input_file_ref idref="fl-5f"/>
      </object_component>
      <object_component id="oc-16a">
         <name>.text:ADC_setMode</name>
         <load_address>0x15a18</load_address>
         <run_address>0x15a18</run_address>
         <size>0x2f</size>
         <input_file_ref idref="fl-1a"/>
      </object_component>
      <object_component id="oc-367">
         <name>.text:__TI_auto_init_nobinit_nopinit</name>
         <load_address>0x15a47</load_address>
         <run_address>0x15a47</run_address>
         <size>0x2b</size>
         <input_file_ref idref="fl-45"/>
      </object_component>
      <object_component id="oc-136">
         <name>.text</name>
         <load_address>0x15a72</load_address>
         <run_address>0x15a72</run_address>
         <size>0x2a</size>
         <input_file_ref idref="fl-38"/>
      </object_component>
      <object_component id="oc-51d">
         <name>.text</name>
         <load_address>0x15a9c</load_address>
         <run_address>0x15a9c</run_address>
         <size>0x2a</size>
         <input_file_ref idref="fl-67"/>
      </object_component>
      <object_component id="oc-291">
         <name>.text</name>
         <load_address>0x15ac6</load_address>
         <run_address>0x15ac6</run_address>
         <size>0x29</size>
         <input_file_ref idref="fl-4b"/>
      </object_component>
      <object_component id="oc-1bc">
         <name>.text</name>
         <load_address>0x15aef</load_address>
         <run_address>0x15aef</run_address>
         <size>0x28</size>
         <input_file_ref idref="fl-8"/>
      </object_component>
      <object_component id="oc-1c2">
         <name>.text</name>
         <load_address>0x15b17</load_address>
         <run_address>0x15b17</run_address>
         <size>0x26</size>
         <input_file_ref idref="fl-9"/>
      </object_component>
      <object_component id="oc-4da">
         <name>.text</name>
         <load_address>0x15b3d</load_address>
         <run_address>0x15b3d</run_address>
         <size>0x25</size>
         <input_file_ref idref="fl-66"/>
      </object_component>
      <object_component id="oc-47f">
         <name>.text:CPUTimer_selectClockSource</name>
         <load_address>0x15b62</load_address>
         <run_address>0x15b62</run_address>
         <size>0x24</size>
         <input_file_ref idref="fl-1e"/>
      </object_component>
      <object_component id="oc-130">
         <name>.text</name>
         <load_address>0x15b86</load_address>
         <run_address>0x15b86</run_address>
         <size>0x23</size>
         <input_file_ref idref="fl-41"/>
      </object_component>
      <object_component id="oc-228">
         <name>.text:SCI_isFIFOEnabled</name>
         <load_address>0x15ba9</load_address>
         <run_address>0x15ba9</run_address>
         <size>0x22</size>
         <input_file_ref idref="fl-1d"/>
      </object_component>
      <object_component id="oc-420">
         <name>.text</name>
         <load_address>0x15bcb</load_address>
         <run_address>0x15bcb</run_address>
         <size>0x22</size>
         <input_file_ref idref="fl-5b"/>
      </object_component>
      <object_component id="oc-242">
         <name>.text</name>
         <load_address>0x15bed</load_address>
         <run_address>0x15bed</run_address>
         <size>0x21</size>
         <input_file_ref idref="fl-3c"/>
      </object_component>
      <object_component id="oc-506">
         <name>.text:CPUTimer_getTimerOverflowStatus</name>
         <load_address>0x15c0e</load_address>
         <run_address>0x15c0e</run_address>
         <size>0x20</size>
         <input_file_ref idref="fl-1e"/>
      </object_component>
      <object_component id="oc-262">
         <name>.text:ADC_isBaseValid</name>
         <load_address>0x15c2e</load_address>
         <run_address>0x15c2e</run_address>
         <size>0x1f</size>
         <input_file_ref idref="fl-1a"/>
      </object_component>
      <object_component id="oc-221">
         <name>.text:SCI_isBaseValid</name>
         <load_address>0x15c4d</load_address>
         <run_address>0x15c4d</run_address>
         <size>0x1f</size>
         <input_file_ref idref="fl-1d"/>
      </object_component>
      <object_component id="oc-33e">
         <name>.text</name>
         <load_address>0x15c6c</load_address>
         <run_address>0x15c6c</run_address>
         <size>0x1f</size>
         <input_file_ref idref="fl-57"/>
      </object_component>
      <object_component id="oc-3fb">
         <name>.text</name>
         <load_address>0x15c8b</load_address>
         <run_address>0x15c8b</run_address>
         <size>0x1e</size>
         <input_file_ref idref="fl-3e"/>
      </object_component>
      <object_component id="oc-4c4">
         <name>.text</name>
         <load_address>0x15ca9</load_address>
         <run_address>0x15ca9</run_address>
         <size>0x1d</size>
         <input_file_ref idref="fl-5a"/>
      </object_component>
      <object_component id="oc-b5">
         <name>.text</name>
         <load_address>0x15cc6</load_address>
         <run_address>0x15cc6</run_address>
         <size>0x1d</size>
         <input_file_ref idref="fl-43"/>
      </object_component>
      <object_component id="oc-120">
         <name>.text</name>
         <load_address>0x15ce3</load_address>
         <run_address>0x15ce3</run_address>
         <size>0x1c</size>
         <input_file_ref idref="fl-40"/>
      </object_component>
      <object_component id="oc-343">
         <name>.text</name>
         <load_address>0x15cff</load_address>
         <run_address>0x15cff</run_address>
         <size>0x1c</size>
         <input_file_ref idref="fl-5c"/>
      </object_component>
      <object_component id="oc-48b">
         <name>.text:CPUTimer_startTimer</name>
         <load_address>0x15d1b</load_address>
         <run_address>0x15d1b</run_address>
         <size>0x1b</size>
         <input_file_ref idref="fl-1e"/>
      </object_component>
      <object_component id="oc-234">
         <name>.text:SCI_isSpaceAvailableNonFIFO</name>
         <load_address>0x15d36</load_address>
         <run_address>0x15d36</run_address>
         <size>0x1b</size>
         <input_file_ref idref="fl-1d"/>
      </object_component>
      <object_component id="oc-4fa">
         <name>.text:CPUTimer_isBaseValid</name>
         <load_address>0x15d51</load_address>
         <run_address>0x15d51</run_address>
         <size>0x1a</size>
         <input_file_ref idref="fl-1e"/>
      </object_component>
      <object_component id="oc-1ab">
         <name>.text:SysCtl_getLowSpeedClock</name>
         <load_address>0x15d6b</load_address>
         <run_address>0x15d6b</run_address>
         <size>0x1a</size>
         <input_file_ref idref="fl-1e"/>
      </object_component>
      <object_component id="oc-2f1">
         <name>.text:SCI_disableModule</name>
         <load_address>0x15d85</load_address>
         <run_address>0x15d85</run_address>
         <size>0x19</size>
         <input_file_ref idref="fl-1d"/>
      </object_component>
      <object_component id="oc-2ea">
         <name>.text:SCI_performSoftwareReset</name>
         <load_address>0x15d9e</load_address>
         <run_address>0x15d9e</run_address>
         <size>0x19</size>
         <input_file_ref idref="fl-1d"/>
      </object_component>
      <object_component id="oc-491">
         <name>.text:SysCtl_pollCpuTimer</name>
         <load_address>0x15db7</load_address>
         <run_address>0x15db7</run_address>
         <size>0x19</size>
         <input_file_ref idref="fl-1e"/>
      </object_component>
      <object_component id="oc-339">
         <name>.text</name>
         <load_address>0x15dd0</load_address>
         <run_address>0x15dd0</run_address>
         <size>0x18</size>
         <input_file_ref idref="fl-58"/>
      </object_component>
      <object_component id="oc-188">
         <name>.text</name>
         <load_address>0x15de8</load_address>
         <run_address>0x15de8</run_address>
         <size>0x17</size>
         <input_file_ref idref="fl-36"/>
      </object_component>
      <object_component id="oc-155">
         <name>.text</name>
         <load_address>0x15dff</load_address>
         <run_address>0x15dff</run_address>
         <size>0x17</size>
         <input_file_ref idref="fl-3f"/>
      </object_component>
      <object_component id="oc-22e">
         <name>.text:SCI_getTxFIFOStatus</name>
         <load_address>0x15e16</load_address>
         <run_address>0x15e16</run_address>
         <size>0x15</size>
         <input_file_ref idref="fl-1d"/>
      </object_component>
      <object_component id="oc-473">
         <name>.text:CPUTimer_stopTimer</name>
         <load_address>0x15e2b</load_address>
         <run_address>0x15e2b</run_address>
         <size>0x14</size>
         <input_file_ref idref="fl-1e"/>
      </object_component>
      <object_component id="oc-2f7">
         <name>.text:SCI_enableModule</name>
         <load_address>0x15e3f</load_address>
         <run_address>0x15e3f</run_address>
         <size>0x14</size>
         <input_file_ref idref="fl-1d"/>
      </object_component>
      <object_component id="oc-e1">
         <name>.text</name>
         <load_address>0x15e53</load_address>
         <run_address>0x15e53</run_address>
         <size>0x13</size>
         <input_file_ref idref="fl-d"/>
      </object_component>
      <object_component id="oc-485">
         <name>.text:CPUTimer_clearOverflowFlag</name>
         <load_address>0x15e66</load_address>
         <run_address>0x15e66</run_address>
         <size>0x12</size>
         <input_file_ref idref="fl-1e"/>
      </object_component>
      <object_component id="oc-46d">
         <name>.text:CPUTimer_disableInterrupt</name>
         <load_address>0x15e78</load_address>
         <run_address>0x15e78</run_address>
         <size>0x12</size>
         <input_file_ref idref="fl-1e"/>
      </object_component>
      <object_component id="oc-479">
         <name>.text:CPUTimer_setPeriod</name>
         <load_address>0x15e8a</load_address>
         <run_address>0x15e8a</run_address>
         <size>0x12</size>
         <input_file_ref idref="fl-1e"/>
      </object_component>
      <object_component id="oc-3ed">
         <name>.text</name>
         <load_address>0x15e9c</load_address>
         <run_address>0x15e9c</run_address>
         <size>0x10</size>
         <input_file_ref idref="fl-62"/>
      </object_component>
      <object_component id="oc-210">
         <name>.text</name>
         <load_address>0x15eac</load_address>
         <run_address>0x15eac</run_address>
         <size>0xe</size>
         <input_file_ref idref="fl-3b"/>
      </object_component>
      <object_component id="oc-1e2">
         <name>.text:Interrupt_disableMaster</name>
         <load_address>0x15eba</load_address>
         <run_address>0x15eba</run_address>
         <size>0xd</size>
         <input_file_ref idref="fl-1c"/>
      </object_component>
      <object_component id="oc-1ea">
         <name>.text:Interrupt_enableMaster</name>
         <load_address>0x15ec7</load_address>
         <run_address>0x15ec7</run_address>
         <size>0xd</size>
         <input_file_ref idref="fl-1c"/>
      </object_component>
      <object_component id="oc-28b">
         <name>.text</name>
         <load_address>0x15ed4</load_address>
         <run_address>0x15ed4</run_address>
         <size>0xc</size>
         <input_file_ref idref="fl-4d"/>
      </object_component>
      <object_component id="oc-4c9">
         <name>.text</name>
         <load_address>0x15ee0</load_address>
         <run_address>0x15ee0</run_address>
         <size>0xc</size>
         <input_file_ref idref="fl-63"/>
      </object_component>
      <object_component id="oc-29b">
         <name>.text:SysCtl_isMCDClockFailureDetected</name>
         <load_address>0x15eec</load_address>
         <run_address>0x15eec</run_address>
         <size>0xb</size>
         <input_file_ref idref="fl-1e"/>
      </object_component>
      <object_component id="oc-405">
         <name>.text</name>
         <load_address>0x15ef7</load_address>
         <run_address>0x15ef7</run_address>
         <size>0xb</size>
         <input_file_ref idref="fl-65"/>
      </object_component>
      <object_component id="oc-2a7">
         <name>.text:SysCtl_serviceWatchdog</name>
         <load_address>0x15f02</load_address>
         <run_address>0x15f02</run_address>
         <size>0x9</size>
         <input_file_ref idref="fl-1e"/>
      </object_component>
      <object_component id="oc-461">
         <name>.text</name>
         <load_address>0x15f0b</load_address>
         <run_address>0x15f0b</run_address>
         <size>0x9</size>
         <input_file_ref idref="fl-4c"/>
      </object_component>
      <object_component id="oc-25a">
         <name>.text</name>
         <load_address>0x15f14</load_address>
         <run_address>0x15f14</run_address>
         <size>0x9</size>
         <input_file_ref idref="fl-3a"/>
      </object_component>
      <object_component id="oc-c9">
         <name>.text</name>
         <load_address>0x15f1d</load_address>
         <run_address>0x15f1d</run_address>
         <size>0x8</size>
         <input_file_ref idref="fl-3"/>
      </object_component>
      <object_component id="oc-91">
         <name>.text:decompress:none</name>
         <load_address>0x15f25</load_address>
         <run_address>0x15f25</run_address>
         <size>0x8</size>
         <input_file_ref idref="fl-47"/>
      </object_component>
      <object_component id="oc-14f">
         <name>.text</name>
         <load_address>0x15f2d</load_address>
         <run_address>0x15f2d</run_address>
         <size>0x8</size>
         <input_file_ref idref="fl-4f"/>
      </object_component>
      <object_component id="oc-497">
         <name>.text:SysCtl_resetMCD</name>
         <load_address>0x15f35</load_address>
         <run_address>0x15f35</run_address>
         <size>0x7</size>
         <input_file_ref idref="fl-1e"/>
      </object_component>
      <object_component id="oc-181">
         <name>.text</name>
         <load_address>0x15f3c</load_address>
         <run_address>0x15f3c</run_address>
         <size>0x7</size>
         <input_file_ref idref="fl-4e"/>
      </object_component>
      <object_component id="oc-c3">
         <name>.text:decompress:ZI</name>
         <load_address>0x15f43</load_address>
         <run_address>0x15f43</run_address>
         <size>0x6</size>
         <input_file_ref idref="fl-46"/>
      </object_component>
      <object_component id="oc-3e7">
         <name>.text</name>
         <load_address>0x15f49</load_address>
         <run_address>0x15f49</run_address>
         <size>0x5</size>
         <input_file_ref idref="fl-64"/>
      </object_component>
      <object_component id="oc-5f5">
         <name>.cinit..data.load</name>
         <load_address>0x8004</load_address>
         <run_address>0x8004</run_address>
         <size>0x11</size>
      </object_component>
      <object_component id="oc-5f2">
         <name>__TI_handler_table</name>
         <load_address>0x8016</load_address>
         <run_address>0x8016</run_address>
         <size>0x6</size>
      </object_component>
      <object_component id="oc-5f4">
         <name>.cinit..bss.load</name>
         <load_address>0x801c</load_address>
         <run_address>0x801c</run_address>
         <size>0x4</size>
      </object_component>
      <object_component id="oc-5fc">
         <name>.cinit.PieVectTableFile.load</name>
         <load_address>0x8020</load_address>
         <run_address>0x8020</run_address>
         <size>0x4</size>
      </object_component>
      <object_component id="oc-5f6">
         <name>.cinit.RFFTdata1.load</name>
         <load_address>0x8024</load_address>
         <run_address>0x8024</run_address>
         <size>0x4</size>
      </object_component>
      <object_component id="oc-5f7">
         <name>.cinit.RFFTdata2.load</name>
         <load_address>0x8028</load_address>
         <run_address>0x8028</run_address>
         <size>0x4</size>
      </object_component>
      <object_component id="oc-5f8">
         <name>.cinit.RFFTdata3.load</name>
         <load_address>0x802c</load_address>
         <run_address>0x802c</run_address>
         <size>0x4</size>
      </object_component>
      <object_component id="oc-5f9">
         <name>.cinit.RFFTdata4.load</name>
         <load_address>0x8030</load_address>
         <run_address>0x8030</run_address>
         <size>0x4</size>
      </object_component>
      <object_component id="oc-5fa">
         <name>.cinit.RFFTdata5.load</name>
         <load_address>0x8034</load_address>
         <run_address>0x8034</run_address>
         <size>0x4</size>
      </object_component>
      <object_component id="oc-5fb">
         <name>.cinit.adcAResultsdata.load</name>
         <load_address>0x8038</load_address>
         <run_address>0x8038</run_address>
         <size>0x4</size>
      </object_component>
      <object_component id="oc-5f3">
         <name>__TI_cinit_table</name>
         <load_address>0x803c</load_address>
         <run_address>0x803c</run_address>
         <size>0x24</size>
      </object_component>
      <object_component id="oc-b2">
         <name>.stack</name>
         <uninitialized>true</uninitialized>
         <run_address>0x400</run_address>
         <size>0x0</size>
         <input_file_ref idref="fl-36"/>
      </object_component>
      <object_component id="oc-5fd">
         <name>.stack</name>
         <uninitialized>true</uninitialized>
         <run_address>0x400</run_address>
         <size>0x0</size>
      </object_component>
      <object_component id="oc-d7">
         <name>.bss</name>
         <uninitialized>true</uninitialized>
         <run_address>0xa900</run_address>
         <size>0x2a</size>
         <input_file_ref idref="fl-e"/>
      </object_component>
      <object_component id="oc-11d">
         <name>.bss:f</name>
         <uninitialized>true</uninitialized>
         <run_address>0xa92a</run_address>
         <size>0xa</size>
         <input_file_ref idref="fl-e"/>
      </object_component>
      <object_component id="oc-14c">
         <name>.bss:npts</name>
         <uninitialized>true</uninitialized>
         <run_address>0xa800</run_address>
         <size>0x100</size>
         <input_file_ref idref="fl-e"/>
      </object_component>
      <object_component id="oc-a3">
         <name>.const</name>
         <load_address>0x16000</load_address>
         <run_address>0x16000</run_address>
         <size>0x1c0</size>
         <input_file_ref idref="fl-9"/>
      </object_component>
      <object_component id="oc-4ae">
         <name>.const:.string:_ctypes_</name>
         <load_address>0x161c0</load_address>
         <run_address>0x161c0</run_address>
         <size>0x101</size>
         <input_file_ref idref="fl-61"/>
      </object_component>
      <object_component id="oc-da">
         <name>.const:.string</name>
         <load_address>0x162c2</load_address>
         <run_address>0x162c2</run_address>
         <size>0xdd</size>
         <input_file_ref idref="fl-e"/>
      </object_component>
      <object_component id="oc-29a">
         <name>.const:.string</name>
         <load_address>0x163a0</load_address>
         <run_address>0x163a0</run_address>
         <size>0xc2</size>
         <input_file_ref idref="fl-1e"/>
      </object_component>
      <object_component id="oc-227">
         <name>.const:.string</name>
         <load_address>0x16462</load_address>
         <run_address>0x16462</run_address>
         <size>0xbb</size>
         <input_file_ref idref="fl-1d"/>
      </object_component>
      <object_component id="oc-425">
         <name>.const:ipio2</name>
         <load_address>0x1651e</load_address>
         <run_address>0x1651e</run_address>
         <size>0x84</size>
         <input_file_ref idref="fl-4a"/>
      </object_component>
      <object_component id="oc-4b7">
         <name>.const</name>
         <load_address>0x165a2</load_address>
         <run_address>0x165a2</run_address>
         <size>0x1c</size>
         <input_file_ref idref="fl-51"/>
      </object_component>
      <object_component id="oc-348">
         <name>.const</name>
         <load_address>0x165c0</load_address>
         <run_address>0x165c0</run_address>
         <size>0x64</size>
         <input_file_ref idref="fl-49"/>
      </object_component>
      <object_component id="oc-268">
         <name>.const:.string</name>
         <load_address>0x16624</load_address>
         <run_address>0x16624</run_address>
         <size>0x5d</size>
         <input_file_ref idref="fl-1a"/>
      </object_component>
      <object_component id="oc-1cd">
         <name>.const:.string</name>
         <load_address>0x16682</load_address>
         <run_address>0x16682</run_address>
         <size>0x43</size>
         <input_file_ref idref="fl-c"/>
      </object_component>
      <object_component id="oc-334">
         <name>.const</name>
         <load_address>0x166c6</load_address>
         <run_address>0x166c6</run_address>
         <size>0x38</size>
         <input_file_ref idref="fl-53"/>
      </object_component>
      <object_component id="oc-353">
         <name>.const</name>
         <load_address>0x16700</load_address>
         <run_address>0x16700</run_address>
         <size>0x3c</size>
         <input_file_ref idref="fl-52"/>
      </object_component>
      <object_component id="oc-41d">
         <name>.const:init_jk</name>
         <load_address>0x1673c</load_address>
         <run_address>0x1673c</run_address>
         <size>0x4</size>
         <input_file_ref idref="fl-4a"/>
      </object_component>
      <object_component id="oc-428">
         <name>.const</name>
         <load_address>0x16740</load_address>
         <run_address>0x16740</run_address>
         <size>0x2c</size>
         <input_file_ref idref="fl-4a"/>
      </object_component>
      <object_component id="oc-3e6">
         <name>.const:.string</name>
         <load_address>0x1676c</load_address>
         <run_address>0x1676c</run_address>
         <size>0x26</size>
         <input_file_ref idref="fl-51"/>
      </object_component>
      <object_component id="oc-437">
         <name>.const:PIo2</name>
         <load_address>0x16792</load_address>
         <run_address>0x16792</run_address>
         <size>0x20</size>
         <input_file_ref idref="fl-4a"/>
      </object_component>
      <object_component id="oc-20f">
         <name>.const</name>
         <load_address>0x167b2</load_address>
         <run_address>0x167b2</run_address>
         <size>0xc</size>
         <input_file_ref idref="fl-32"/>
      </object_component>
      <object_component id="oc-4d7">
         <name>.const</name>
         <load_address>0x167c0</load_address>
         <run_address>0x167c0</run_address>
         <size>0x1c</size>
         <input_file_ref idref="fl-56"/>
      </object_component>
      <object_component id="oc-135">
         <name>.const</name>
         <load_address>0x167dc</load_address>
         <run_address>0x167dc</run_address>
         <size>0x1c</size>
         <input_file_ref idref="fl-e"/>
      </object_component>
      <object_component id="oc-1aa">
         <name>.const:.string</name>
         <load_address>0x167f8</load_address>
         <run_address>0x167f8</run_address>
         <size>0x13</size>
         <input_file_ref idref="fl-f"/>
      </object_component>
      <object_component id="oc-4e2">
         <name>.const</name>
         <load_address>0x1680c</load_address>
         <run_address>0x1680c</run_address>
         <size>0xc</size>
         <input_file_ref idref="fl-54"/>
      </object_component>
      <object_component id="oc-2bb">
         <name>.const</name>
         <load_address>0x16818</load_address>
         <run_address>0x16818</run_address>
         <size>0x8</size>
         <input_file_ref idref="fl-a"/>
      </object_component>
      <object_component id="oc-524">
         <name>.const</name>
         <load_address>0x16820</load_address>
         <run_address>0x16820</run_address>
         <size>0x8</size>
         <input_file_ref idref="fl-55"/>
      </object_component>
      <object_component id="oc-247">
         <name>.const</name>
         <load_address>0x16828</load_address>
         <run_address>0x16828</run_address>
         <size>0x4</size>
         <input_file_ref idref="fl-33"/>
      </object_component>
      <object_component id="oc-171">
         <name>.data</name>
         <load_address>0xa940</load_address>
         <run_address>0xa940</run_address>
         <size>0x6</size>
         <input_file_ref idref="fl-e"/>
      </object_component>
      <object_component id="oc-1b1">
         <name>.data</name>
         <load_address>0xa934</load_address>
         <run_address>0xa934</run_address>
         <size>0x6</size>
         <input_file_ref idref="fl-f"/>
      </object_component>
      <object_component id="oc-399">
         <name>.data</name>
         <load_address>0xa93a</load_address>
         <run_address>0xa93a</run_address>
         <size>0x6</size>
         <input_file_ref idref="fl-4b"/>
      </object_component>
      <object_component id="oc-39c">
         <name>.data:_lock</name>
         <load_address>0xa946</load_address>
         <run_address>0xa946</run_address>
         <size>0x2</size>
         <input_file_ref idref="fl-4c"/>
      </object_component>
      <object_component id="oc-4f3">
         <name>.data:_unlock</name>
         <load_address>0xa948</load_address>
         <run_address>0xa948</run_address>
         <size>0x2</size>
         <input_file_ref idref="fl-4c"/>
      </object_component>
      <object_component id="oc-215">
         <name>.data</name>
         <load_address>0xa94a</load_address>
         <run_address>0xa94a</run_address>
         <size>0x1</size>
         <input_file_ref idref="fl-50"/>
      </object_component>
      <object_component id="oc-170">
         <name>.TI.ramfunc</name>
         <load_address>0x8000</load_address>
         <run_address>0x8000</run_address>
         <size>0x4</size>
         <input_file_ref idref="fl-1e"/>
      </object_component>
      <object_component id="oc-f9">
         <name>RFFTdata1</name>
         <uninitialized>true</uninitialized>
         <run_address>0xe000</run_address>
         <size>0x800</size>
         <input_file_ref idref="fl-e"/>
      </object_component>
      <object_component id="oc-fc">
         <name>RFFTdata2</name>
         <uninitialized>true</uninitialized>
         <run_address>0xe800</run_address>
         <size>0x800</size>
         <input_file_ref idref="fl-e"/>
      </object_component>
      <object_component id="oc-ff">
         <name>RFFTdata3</name>
         <uninitialized>true</uninitialized>
         <run_address>0xf800</run_address>
         <size>0x402</size>
         <input_file_ref idref="fl-e"/>
      </object_component>
      <object_component id="oc-102">
         <name>RFFTdata4</name>
         <uninitialized>true</uninitialized>
         <run_address>0x10000</run_address>
         <size>0x400</size>
         <input_file_ref idref="fl-e"/>
      </object_component>
      <object_component id="oc-105">
         <name>RFFTdata5</name>
         <uninitialized>true</uninitialized>
         <run_address>0xf000</run_address>
         <size>0x800</size>
         <input_file_ref idref="fl-e"/>
      </object_component>
      <object_component id="oc-d4">
         <name>adcAResultsdata</name>
         <uninitialized>true</uninitialized>
         <run_address>0xc000</run_address>
         <size>0x2000</size>
         <input_file_ref idref="fl-e"/>
      </object_component>
      <object_component id="oc-2de">
         <name>PieVectTableFile</name>
         <uninitialized>true</uninitialized>
         <run_address>0xd00</run_address>
         <size>0x1c0</size>
         <input_file_ref idref="fl-6"/>
      </object_component>
      <object_component id="oc-2bf">
         <name>AnalogSubsysRegsFile</name>
         <uninitialized>true</uninitialized>
         <run_address>0x5d180</run_address>
         <size>0x3e</size>
         <input_file_ref idref="fl-6"/>
      </object_component>
      <object_component id="oc-1c8">
         <name>ClkCfgRegsFile</name>
         <uninitialized>true</uninitialized>
         <run_address>0x5d200</run_address>
         <size>0x32</size>
         <input_file_ref idref="fl-6"/>
      </object_component>
      <object_component id="oc-2cb">
         <name>CpuTimer1RegsFile</name>
         <uninitialized>true</uninitialized>
         <run_address>0xc08</run_address>
         <size>0x8</size>
         <input_file_ref idref="fl-6"/>
      </object_component>
      <object_component id="oc-2ce">
         <name>CpuTimer2RegsFile</name>
         <uninitialized>true</uninitialized>
         <run_address>0xc10</run_address>
         <size>0x8</size>
         <input_file_ref idref="fl-6"/>
      </object_component>
      <object_component id="oc-2c2">
         <name>CpuSysRegsFile</name>
         <uninitialized>true</uninitialized>
         <run_address>0x5d300</run_address>
         <size>0x82</size>
         <input_file_ref idref="fl-6"/>
      </object_component>
      <object_component id="oc-2d1">
         <name>DcsmZ1RegsFile</name>
         <uninitialized>true</uninitialized>
         <run_address>0x5f000</run_address>
         <size>0x22</size>
         <input_file_ref idref="fl-6"/>
      </object_component>
      <object_component id="oc-2d4">
         <name>DcsmZ2RegsFile</name>
         <uninitialized>true</uninitialized>
         <run_address>0x5f040</run_address>
         <size>0x22</size>
         <input_file_ref idref="fl-6"/>
      </object_component>
      <object_component id="oc-2bc">
         <name>DevCfgRegsFile</name>
         <uninitialized>true</uninitialized>
         <run_address>0x5d000</run_address>
         <size>0x12e</size>
         <input_file_ref idref="fl-6"/>
      </object_component>
      <object_component id="oc-2c5">
         <name>FlashPumpSemaphoreRegsFile</name>
         <uninitialized>true</uninitialized>
         <run_address>0x50024</run_address>
         <size>0x2</size>
         <input_file_ref idref="fl-6"/>
      </object_component>
      <object_component id="oc-3ad">
         <name>GpioCtrlRegsFile</name>
         <uninitialized>true</uninitialized>
         <run_address>0x7c00</run_address>
         <size>0x180</size>
         <input_file_ref idref="fl-6"/>
      </object_component>
      <object_component id="oc-3b3">
         <name>GpioDataRegsFile</name>
         <uninitialized>true</uninitialized>
         <run_address>0x7f00</run_address>
         <size>0x30</size>
         <input_file_ref idref="fl-6"/>
      </object_component>
      <object_component id="oc-3b0">
         <name>InputXbarRegsFile</name>
         <uninitialized>true</uninitialized>
         <run_address>0x7900</run_address>
         <size>0x20</size>
         <input_file_ref idref="fl-6"/>
      </object_component>
      <object_component id="oc-2d9">
         <name>PieCtrlRegsFile</name>
         <uninitialized>true</uninitialized>
         <run_address>0xce0</run_address>
         <size>0x1a</size>
         <input_file_ref idref="fl-6"/>
      </object_component>
      <object_component id="oc-2c8">
         <name>WdRegsFile</name>
         <uninitialized>true</uninitialized>
         <run_address>0x7000</run_address>
         <size>0x2b</size>
         <input_file_ref idref="fl-6"/>
      </object_component>
      <object_component id="oc-9b">
         <name>.debug_info</name>
         <load_address>0x0</load_address>
         <run_address>0x0</run_address>
         <size>0x188</size>
         <input_file_ref idref="fl-3"/>
      </object_component>
      <object_component id="oc-ca">
         <name>.debug_info</name>
         <load_address>0x188</load_address>
         <run_address>0x188</run_address>
         <size>0x189</size>
         <input_file_ref idref="fl-3"/>
      </object_component>
      <object_component id="oc-9f">
         <name>.debug_info</name>
         <load_address>0x311</load_address>
         <run_address>0x311</run_address>
         <size>0x4949</size>
         <input_file_ref idref="fl-4"/>
      </object_component>
      <object_component id="oc-2c6">
         <name>.debug_info</name>
         <load_address>0x4c5a</load_address>
         <run_address>0x4c5a</run_address>
         <size>0x116</size>
         <input_file_ref idref="fl-6"/>
      </object_component>
      <object_component id="oc-2cc">
         <name>.debug_info</name>
         <load_address>0x4d70</load_address>
         <run_address>0x4d70</run_address>
         <size>0x104</size>
         <input_file_ref idref="fl-6"/>
      </object_component>
      <object_component id="oc-2cf">
         <name>.debug_info</name>
         <load_address>0x4e74</load_address>
         <run_address>0x4e74</run_address>
         <size>0x104</size>
         <input_file_ref idref="fl-6"/>
      </object_component>
      <object_component id="oc-2da">
         <name>.debug_info</name>
         <load_address>0x4f78</load_address>
         <run_address>0x4f78</run_address>
         <size>0x100</size>
         <input_file_ref idref="fl-6"/>
      </object_component>
      <object_component id="oc-3b1">
         <name>.debug_info</name>
         <load_address>0x5078</load_address>
         <run_address>0x5078</run_address>
         <size>0x104</size>
         <input_file_ref idref="fl-6"/>
      </object_component>
      <object_component id="oc-2d2">
         <name>.debug_info</name>
         <load_address>0x517c</load_address>
         <run_address>0x517c</run_address>
         <size>0xfe</size>
         <input_file_ref idref="fl-6"/>
      </object_component>
      <object_component id="oc-2d5">
         <name>.debug_info</name>
         <load_address>0x527a</load_address>
         <run_address>0x527a</run_address>
         <size>0xfe</size>
         <input_file_ref idref="fl-6"/>
      </object_component>
      <object_component id="oc-2c9">
         <name>.debug_info</name>
         <load_address>0x5378</load_address>
         <run_address>0x5378</run_address>
         <size>0xf6</size>
         <input_file_ref idref="fl-6"/>
      </object_component>
      <object_component id="oc-3b4">
         <name>.debug_info</name>
         <load_address>0x546e</load_address>
         <run_address>0x546e</run_address>
         <size>0x102</size>
         <input_file_ref idref="fl-6"/>
      </object_component>
      <object_component id="oc-1c9">
         <name>.debug_info</name>
         <load_address>0x5570</load_address>
         <run_address>0x5570</run_address>
         <size>0xfe</size>
         <input_file_ref idref="fl-6"/>
      </object_component>
      <object_component id="oc-2c0">
         <name>.debug_info</name>
         <load_address>0x566e</load_address>
         <run_address>0x566e</run_address>
         <size>0x109</size>
         <input_file_ref idref="fl-6"/>
      </object_component>
      <object_component id="oc-2c3">
         <name>.debug_info</name>
         <load_address>0x5777</load_address>
         <run_address>0x5777</run_address>
         <size>0xfe</size>
         <input_file_ref idref="fl-6"/>
      </object_component>
      <object_component id="oc-2bd">
         <name>.debug_info</name>
         <load_address>0x5875</load_address>
         <run_address>0x5875</run_address>
         <size>0xfe</size>
         <input_file_ref idref="fl-6"/>
      </object_component>
      <object_component id="oc-3ae">
         <name>.debug_info</name>
         <load_address>0x5973</load_address>
         <run_address>0x5973</run_address>
         <size>0x102</size>
         <input_file_ref idref="fl-6"/>
      </object_component>
      <object_component id="oc-2df">
         <name>.debug_info</name>
         <load_address>0x5a75</load_address>
         <run_address>0x5a75</run_address>
         <size>0x102</size>
         <input_file_ref idref="fl-6"/>
      </object_component>
      <object_component id="oc-2b7">
         <name>.debug_info</name>
         <load_address>0x5b77</load_address>
         <run_address>0x5b77</run_address>
         <size>0xe97</size>
         <input_file_ref idref="fl-7"/>
      </object_component>
      <object_component id="oc-1c0">
         <name>.debug_info</name>
         <load_address>0x6a0e</load_address>
         <run_address>0x6a0e</run_address>
         <size>0x232</size>
         <input_file_ref idref="fl-8"/>
      </object_component>
      <object_component id="oc-a4">
         <name>.debug_info</name>
         <load_address>0x6c40</load_address>
         <run_address>0x6c40</run_address>
         <size>0x142</size>
         <input_file_ref idref="fl-9"/>
      </object_component>
      <object_component id="oc-1c3">
         <name>.debug_info</name>
         <load_address>0x6d82</load_address>
         <run_address>0x6d82</run_address>
         <size>0x1dd</size>
         <input_file_ref idref="fl-9"/>
      </object_component>
      <object_component id="oc-1b9">
         <name>.debug_info</name>
         <load_address>0x6f5f</load_address>
         <run_address>0x6f5f</run_address>
         <size>0x11e5</size>
         <input_file_ref idref="fl-a"/>
      </object_component>
      <object_component id="oc-ea">
         <name>.debug_info</name>
         <load_address>0x8144</load_address>
         <run_address>0x8144</run_address>
         <size>0x7f0</size>
         <input_file_ref idref="fl-c"/>
      </object_component>
      <object_component id="oc-e3">
         <name>.debug_info</name>
         <load_address>0x8934</load_address>
         <run_address>0x8934</run_address>
         <size>0x2e5</size>
         <input_file_ref idref="fl-d"/>
      </object_component>
      <object_component id="oc-d8">
         <name>.debug_info</name>
         <load_address>0x8c19</load_address>
         <run_address>0x8c19</run_address>
         <size>0x308</size>
         <input_file_ref idref="fl-e"/>
      </object_component>
      <object_component id="oc-172">
         <name>.debug_info</name>
         <load_address>0x8f21</load_address>
         <run_address>0x8f21</run_address>
         <size>0x136</size>
         <input_file_ref idref="fl-e"/>
      </object_component>
      <object_component id="oc-11e">
         <name>.debug_info</name>
         <load_address>0x9057</load_address>
         <run_address>0x9057</run_address>
         <size>0xe2</size>
         <input_file_ref idref="fl-e"/>
      </object_component>
      <object_component id="oc-14d">
         <name>.debug_info</name>
         <load_address>0x9139</load_address>
         <run_address>0x9139</run_address>
         <size>0xe8</size>
         <input_file_ref idref="fl-e"/>
      </object_component>
      <object_component id="oc-103">
         <name>.debug_info</name>
         <load_address>0x9221</load_address>
         <run_address>0x9221</run_address>
         <size>0xfa</size>
         <input_file_ref idref="fl-e"/>
      </object_component>
      <object_component id="oc-100">
         <name>.debug_info</name>
         <load_address>0x931b</load_address>
         <run_address>0x931b</run_address>
         <size>0xf6</size>
         <input_file_ref idref="fl-e"/>
      </object_component>
      <object_component id="oc-fa">
         <name>.debug_info</name>
         <load_address>0x9411</load_address>
         <run_address>0x9411</run_address>
         <size>0xf6</size>
         <input_file_ref idref="fl-e"/>
      </object_component>
      <object_component id="oc-fd">
         <name>.debug_info</name>
         <load_address>0x9507</load_address>
         <run_address>0x9507</run_address>
         <size>0xf6</size>
         <input_file_ref idref="fl-e"/>
      </object_component>
      <object_component id="oc-106">
         <name>.debug_info</name>
         <load_address>0x95fd</load_address>
         <run_address>0x95fd</run_address>
         <size>0xf6</size>
         <input_file_ref idref="fl-e"/>
      </object_component>
      <object_component id="oc-d5">
         <name>.debug_info</name>
         <load_address>0x96f3</load_address>
         <run_address>0x96f3</run_address>
         <size>0xf6</size>
         <input_file_ref idref="fl-e"/>
      </object_component>
      <object_component id="oc-a8">
         <name>.debug_info</name>
         <load_address>0x97e9</load_address>
         <run_address>0x97e9</run_address>
         <size>0x21ed</size>
         <input_file_ref idref="fl-e"/>
      </object_component>
      <object_component id="oc-ae">
         <name>.debug_info</name>
         <load_address>0xb9d6</load_address>
         <run_address>0xb9d6</run_address>
         <size>0x1ce</size>
         <input_file_ref idref="fl-e"/>
      </object_component>
      <object_component id="oc-1b2">
         <name>.debug_info</name>
         <load_address>0xbba4</load_address>
         <run_address>0xbba4</run_address>
         <size>0x15b</size>
         <input_file_ref idref="fl-f"/>
      </object_component>
      <object_component id="oc-dc">
         <name>.debug_info</name>
         <load_address>0xbcff</load_address>
         <run_address>0xbcff</run_address>
         <size>0x13f6</size>
         <input_file_ref idref="fl-f"/>
      </object_component>
      <object_component id="oc-265">
         <name>.debug_info</name>
         <load_address>0xd0f5</load_address>
         <run_address>0xd0f5</run_address>
         <size>0x207</size>
         <input_file_ref idref="fl-1a"/>
      </object_component>
      <object_component id="oc-16c">
         <name>.debug_info</name>
         <load_address>0xd2fc</load_address>
         <run_address>0xd2fc</run_address>
         <size>0x2bc</size>
         <input_file_ref idref="fl-1a"/>
      </object_component>
      <object_component id="oc-26b">
         <name>.debug_info</name>
         <load_address>0xd5b8</load_address>
         <run_address>0xd5b8</run_address>
         <size>0x24a</size>
         <input_file_ref idref="fl-1a"/>
      </object_component>
      <object_component id="oc-271">
         <name>.debug_info</name>
         <load_address>0xd802</load_address>
         <run_address>0xd802</run_address>
         <size>0x288</size>
         <input_file_ref idref="fl-1a"/>
      </object_component>
      <object_component id="oc-1cf">
         <name>.debug_info</name>
         <load_address>0xda8a</load_address>
         <run_address>0xda8a</run_address>
         <size>0x24f</size>
         <input_file_ref idref="fl-1b"/>
      </object_component>
      <object_component id="oc-1eb">
         <name>.debug_info</name>
         <load_address>0xdcd9</load_address>
         <run_address>0xdcd9</run_address>
         <size>0x1fe</size>
         <input_file_ref idref="fl-1c"/>
      </object_component>
      <object_component id="oc-1e4">
         <name>.debug_info</name>
         <load_address>0xded7</load_address>
         <run_address>0xded7</run_address>
         <size>0x202</size>
         <input_file_ref idref="fl-1c"/>
      </object_component>
      <object_component id="oc-ee">
         <name>.debug_info</name>
         <load_address>0xe0d9</load_address>
         <run_address>0xe0d9</run_address>
         <size>0x20f</size>
         <input_file_ref idref="fl-1c"/>
      </object_component>
      <object_component id="oc-f4">
         <name>.debug_info</name>
         <load_address>0xe2e8</load_address>
         <run_address>0xe2e8</run_address>
         <size>0x2b2</size>
         <input_file_ref idref="fl-1c"/>
      </object_component>
      <object_component id="oc-222">
         <name>.debug_info</name>
         <load_address>0xe59a</load_address>
         <run_address>0xe59a</run_address>
         <size>0x205</size>
         <input_file_ref idref="fl-1d"/>
      </object_component>
      <object_component id="oc-2f8">
         <name>.debug_info</name>
         <load_address>0xe79f</load_address>
         <run_address>0xe79f</run_address>
         <size>0x225</size>
         <input_file_ref idref="fl-1d"/>
      </object_component>
      <object_component id="oc-2f2">
         <name>.debug_info</name>
         <load_address>0xe9c4</load_address>
         <run_address>0xe9c4</run_address>
         <size>0x227</size>
         <input_file_ref idref="fl-1d"/>
      </object_component>
      <object_component id="oc-229">
         <name>.debug_info</name>
         <load_address>0xebeb</load_address>
         <run_address>0xebeb</run_address>
         <size>0x22f</size>
         <input_file_ref idref="fl-1d"/>
      </object_component>
      <object_component id="oc-235">
         <name>.debug_info</name>
         <load_address>0xee1a</load_address>
         <run_address>0xee1a</run_address>
         <size>0x243</size>
         <input_file_ref idref="fl-1d"/>
      </object_component>
      <object_component id="oc-22f">
         <name>.debug_info</name>
         <load_address>0xf05d</load_address>
         <run_address>0xf05d</run_address>
         <size>0x233</size>
         <input_file_ref idref="fl-1d"/>
      </object_component>
      <object_component id="oc-2eb">
         <name>.debug_info</name>
         <load_address>0xf290</load_address>
         <run_address>0xf290</run_address>
         <size>0x235</size>
         <input_file_ref idref="fl-1d"/>
      </object_component>
      <object_component id="oc-1db">
         <name>.debug_info</name>
         <load_address>0xf4c5</load_address>
         <run_address>0xf4c5</run_address>
         <size>0x2b5</size>
         <input_file_ref idref="fl-1d"/>
      </object_component>
      <object_component id="oc-147">
         <name>.debug_info</name>
         <load_address>0xf77a</load_address>
         <run_address>0xf77a</run_address>
         <size>0x2ce</size>
         <input_file_ref idref="fl-1d"/>
      </object_component>
      <object_component id="oc-1d5">
         <name>.debug_info</name>
         <load_address>0xfa48</load_address>
         <run_address>0xfa48</run_address>
         <size>0x268</size>
         <input_file_ref idref="fl-1d"/>
      </object_component>
      <object_component id="oc-2a9">
         <name>.debug_info</name>
         <load_address>0xfcb0</load_address>
         <run_address>0xfcb0</run_address>
         <size>0x1f2</size>
         <input_file_ref idref="fl-1e"/>
      </object_component>
      <object_component id="oc-29d">
         <name>.debug_info</name>
         <load_address>0xfea2</load_address>
         <run_address>0xfea2</run_address>
         <size>0x20e</size>
         <input_file_ref idref="fl-1e"/>
      </object_component>
      <object_component id="oc-498">
         <name>.debug_info</name>
         <load_address>0x100b0</load_address>
         <run_address>0x100b0</run_address>
         <size>0x1e4</size>
         <input_file_ref idref="fl-1e"/>
      </object_component>
      <object_component id="oc-4fc">
         <name>.debug_info</name>
         <load_address>0x10294</load_address>
         <run_address>0x10294</run_address>
         <size>0x217</size>
         <input_file_ref idref="fl-1e"/>
      </object_component>
      <object_component id="oc-486">
         <name>.debug_info</name>
         <load_address>0x104ab</load_address>
         <run_address>0x104ab</run_address>
         <size>0x244</size>
         <input_file_ref idref="fl-1e"/>
      </object_component>
      <object_component id="oc-46f">
         <name>.debug_info</name>
         <load_address>0x106ef</load_address>
         <run_address>0x106ef</run_address>
         <size>0x242</size>
         <input_file_ref idref="fl-1e"/>
      </object_component>
      <object_component id="oc-474">
         <name>.debug_info</name>
         <load_address>0x10931</load_address>
         <run_address>0x10931</run_address>
         <size>0x24a</size>
         <input_file_ref idref="fl-1e"/>
      </object_component>
      <object_component id="oc-48d">
         <name>.debug_info</name>
         <load_address>0x10b7b</load_address>
         <run_address>0x10b7b</run_address>
         <size>0x24d</size>
         <input_file_ref idref="fl-1e"/>
      </object_component>
      <object_component id="oc-47a">
         <name>.debug_info</name>
[...]
         <name>str</name>
         <value>0xa90c</value>
         <object_component_ref idref="oc-d7"/>
      </symbol>
      <symbol id="sm-3e6">
         <name>val5</name>
         <value>0xa908</value>
         <object_component_ref idref="oc-d7"/>
      </symbol>
      <symbol id="sm-3e7">
         <name>val4</name>
         <value>0xa907</value>
         <object_component_ref idref="oc-d7"/>
      </symbol>
      <symbol id="sm-3e8">
         <name>val3</name>
         <value>0xa906</value>
         <object_component_ref idref="oc-d7"/>
      </symbol>
      <symbol id="sm-3e9">
         <name>val2</name>
         <value>0xa905</value>
         <object_component_ref idref="oc-d7"/>
      </symbol>
      <symbol id="sm-3ea">
         <name>npts</name>
         <value>0xa800</value>
         <object_component_ref idref="oc-14c"/>
      </symbol>
      <symbol id="sm-3eb">
         <name>hnd_rfft</name>
         <value>0xa942</value>
         <object_component_ref idref="oc-171"/>
      </symbol>
      <symbol id="sm-3ec">
         <name>RFFTF32Coef</name>
         <value>0xf000</value>
         <object_component_ref idref="oc-105"/>
      </symbol>
      <symbol id="sm-40c">
         <name>Device_enableAllPeripherals</name>
         <value>0x144b7</value>
         <object_component_ref idref="oc-db"/>
      </symbol>
      <symbol id="sm-40d">
         <name>Device_initGPIO</name>
         <value>0x145a2</value>
         <object_component_ref idref="oc-db"/>
      </symbol>
      <symbol id="sm-40e">
         <name>Example_Fail</name>
         <value>0xa938</value>
         <object_component_ref idref="oc-1b1"/>
      </symbol>
      <symbol id="sm-40f">
         <name>Example_setResultFail</name>
         <value>0x14646</value>
         <object_component_ref idref="oc-db"/>
      </symbol>
      <symbol id="sm-410">
         <name>Device_init</name>
         <value>0x14477</value>
         <object_component_ref idref="oc-db"/>
      </symbol>
      <symbol id="sm-411">
         <name>Example_Result</name>
         <value>0xa934</value>
         <object_component_ref idref="oc-1b1"/>
      </symbol>
      <symbol id="sm-412">
         <name>Device_enableUnbondedGPIOPullups</name>
         <value>0x145f3</value>
         <object_component_ref idref="oc-db"/>
      </symbol>
      <symbol id="sm-413">
         <name>__error__</name>
         <value>0x1463a</value>
         <object_component_ref idref="oc-db"/>
      </symbol>
      <symbol id="sm-414">
         <name>Example_setResultPass</name>
         <value>0x14641</value>
         <object_component_ref idref="oc-db"/>
      </symbol>
      <symbol id="sm-415">
         <name>Device_configureTMXAnalogTrim</name>
         <value>0x14609</value>
         <object_component_ref idref="oc-db"/>
      </symbol>
      <symbol id="sm-416">
         <name>Device_enableUnbondedGPIOPullupsFor176Pin</name>
         <value>0x145c3</value>
         <object_component_ref idref="oc-db"/>
      </symbol>
      <symbol id="sm-417">
         <name>Example_done</name>
         <value>0x1464b</value>
         <object_component_ref idref="oc-db"/>
      </symbol>
      <symbol id="sm-418">
         <name>Example_PassCount</name>
         <value>0xa936</value>
         <object_component_ref idref="oc-1b1"/>
      </symbol>
      <symbol id="sm-419">
         <name>Device_enableUnbondedGPIOPullupsFor100Pin</name>
         <value>0x145d6</value>
         <object_component_ref idref="oc-db"/>
      </symbol>
      <symbol id="sm-45a">
         <name>ADC_setOffsetTrim</name>
         <value>0x15554</value>
         <object_component_ref idref="oc-26f"/>
      </symbol>
      <symbol id="sm-45b">
         <name>ADC_setMode</name>
         <value>0x15a18</value>
         <object_component_ref idref="oc-16a"/>
      </symbol>
      <symbol id="sm-45c">
         <name>ADC_setINLTrim</name>
         <value>0x153a3</value>
         <object_component_ref idref="oc-269"/>
      </symbol>
      <symbol id="sm-469">
         <name>GPIO_setPinConfig</name>
         <value>0xbfc5</value>
         <object_component_ref idref="oc-1ce"/>
      </symbol>
      <symbol id="sm-496">
         <name>Interrupt_initModule</name>
         <value>0x158e3</value>
         <object_component_ref idref="oc-ed"/>
      </symbol>
      <symbol id="sm-497">
         <name>Interrupt_enable</name>
         <value>0x15920</value>
         <object_component_ref idref="oc-f3"/>
      </symbol>
      <symbol id="sm-508">
         <name>SCI_clearInterruptStatus</name>
         <value>0x1581e</value>
         <object_component_ref idref="oc-1d4"/>
      </symbol>
      <symbol id="sm-509">
         <name>SCI_writeCharArray</name>
         <value>0x15864</value>
         <object_component_ref idref="oc-146"/>
      </symbol>
      <symbol id="sm-50a">
         <name>SCI_setConfig</name>
         <value>0x158a5</value>
         <object_component_ref idref="oc-1da"/>
      </symbol>
      <symbol id="sm-5e6">
         <name>SysCtl_delay</name>
         <value>0x8000</value>
         <object_component_ref idref="oc-170"/>
      </symbol>
      <symbol id="sm-5e7">
         <name>SysCtl_getDeviceParametric</name>
         <value>0x154ec</value>
         <object_component_ref idref="oc-198"/>
      </symbol>
      <symbol id="sm-5e8">
         <name>SysCtl_selectXTAL</name>
         <value>0x15416</value>
         <object_component_ref idref="oc-3a5"/>
      </symbol>
      <symbol id="sm-5e9">
         <name>SysCtl_selectOscSource</name>
         <value>0x1572b</value>
         <object_component_ref idref="oc-2a1"/>
      </symbol>
      <symbol id="sm-5ea">
         <name>SysCtl_getLowSpeedClock</name>
         <value>0x15d6b</value>
         <object_component_ref idref="oc-1ab"/>
      </symbol>
      <symbol id="sm-5eb">
         <name>SysCtl_setClock</name>
         <value>0x1464c</value>
         <object_component_ref idref="oc-19e"/>
      </symbol>
      <symbol id="sm-5ec">
         <name>SysCtl_getClock</name>
         <value>0x1577f</value>
         <object_component_ref idref="oc-1a4"/>
      </symbol>
      <symbol id="sm-5fa">
         <name>_rfft_adc_f32_Stages4andUp</name>
         <value>0x148e4</value>
         <object_component_ref idref="oc-10e"/>
      </symbol>
      <symbol id="sm-5fb">
         <name>RFFT_adc_f32</name>
         <value>0x14854</value>
         <object_component_ref idref="oc-10e"/>
      </symbol>
      <symbol id="sm-605">
         <name>RFFT_f32_mag_TMU0</name>
         <value>0x157d0</value>
         <object_component_ref idref="oc-113"/>
      </symbol>
      <symbol id="sm-610">
         <name>RFFT_f32_phase_TMU0</name>
         <value>0x1529a</value>
         <object_component_ref idref="oc-118"/>
      </symbol>
      <symbol id="sm-621">
         <name>RFFT_f32_sincostable</name>
         <value>0x15481</value>
         <object_component_ref idref="oc-108"/>
      </symbol>
      <symbol id="sm-630">
         <name>sprintf</name>
         <value>0x15954</value>
         <object_component_ref idref="oc-140"/>
      </symbol>
      <symbol id="sm-647">
         <name>sqrtl</name>
         <value>0x14e93</value>
         <object_component_ref idref="oc-125"/>
      </symbol>
      <symbol id="sm-648">
         <name>sqrt</name>
         <value>0x14e93</value>
         <object_component_ref idref="oc-125"/>
      </symbol>
      <symbol id="sm-662">
         <name>sin</name>
         <value>0x14f71</value>
         <object_component_ref idref="oc-15f"/>
      </symbol>
      <symbol id="sm-663">
         <name>sinl</name>
         <value>0x14f71</value>
         <object_component_ref idref="oc-15f"/>
      </symbol>
      <symbol id="sm-672">
         <name>cosf</name>
         <value>0x155b8</value>
         <object_component_ref idref="oc-1fb"/>
      </symbol>
      <symbol id="sm-680">
         <name>sinf</name>
         <value>0x156d2</value>
         <object_component_ref idref="oc-201"/>
      </symbol>
      <symbol id="sm-68a">
         <name>_c_int00</name>
         <value>0x15de8</value>
         <object_component_ref idref="oc-188"/>
      </symbol>
      <symbol id="sm-68b">
         <name>__stack</name>
         <value>0x400</value>
         <object_component_ref idref="oc-b2"/>
      </symbol>
      <symbol id="sm-6a2">
         <name>__c28xabi_addd</name>
         <value>0x150ea</value>
         <object_component_ref idref="oc-165"/>
      </symbol>
      <symbol id="sm-6ae">
         <name>__c28xabi_cmpd</name>
         <value>0x15a72</value>
         <object_component_ref idref="oc-136"/>
      </symbol>
      <symbol id="sm-6bc">
         <name>__c28xabi_mpyd</name>
         <value>0x15320</value>
         <object_component_ref idref="oc-15a"/>
      </symbol>
      <symbol id="sm-6c5">
         <name>__c28xabi_negd</name>
         <value>0x15f14</value>
         <object_component_ref idref="oc-25a"/>
      </symbol>
      <symbol id="sm-6cd">
         <name>__c28xabi_subd</name>
         <value>0x15eac</value>
         <object_component_ref idref="oc-210"/>
      </symbol>
      <symbol id="sm-6d8">
         <name>__c28xabi_dtoi</name>
         <value>0x15bed</value>
         <object_component_ref idref="oc-242"/>
      </symbol>
      <symbol id="sm-6e5">
         <name>__c28xabi_divf</name>
         <value>0x15211</value>
         <object_component_ref idref="oc-13b"/>
      </symbol>
      <symbol id="sm-6ef">
         <name>__c28xabi_cmpll</name>
         <value>0x15c8b</value>
         <object_component_ref idref="oc-3fb"/>
      </symbol>
      <symbol id="sm-6f0">
         <name>__c28xabi_cmpull</name>
         <value>0x15c9d</value>
         <object_component_ref idref="oc-3fb"/>
      </symbol>
      <symbol id="sm-6fd">
         <name>__c28xabi_utod</name>
         <value>0x15dff</value>
         <object_component_ref idref="oc-155"/>
      </symbol>
      <symbol id="sm-709">
         <name>__c28xabi_ftod</name>
         <value>0x15ce3</value>
         <object_component_ref idref="oc-120"/>
      </symbol>
      <symbol id="sm-715">
         <name>__c28xabi_dtof</name>
         <value>0x15b86</value>
         <object_component_ref idref="oc-130"/>
      </symbol>
      <symbol id="sm-728">
         <name>__c28xabi_divd</name>
         <value>0x15186</value>
         <object_component_ref idref="oc-12b"/>
      </symbol>
      <symbol id="sm-73a">
         <name>memcpy</name>
         <value>0x15cc6</value>
         <object_component_ref idref="oc-b5"/>
      </symbol>
      <symbol id="sm-747">
         <name>_system_pre_init</name>
         <value>0xbffc</value>
         <object_component_ref idref="oc-284"/>
      </symbol>
      <symbol id="sm-756">
         <name>__TI_auto_init_nobinit_nopinit</name>
         <value>0x15a47</value>
         <object_component_ref idref="oc-367"/>
      </symbol>
      <symbol id="sm-763">
         <name>__TI_zero_init</name>
         <value>0x15f43</value>
         <object_component_ref idref="oc-c3"/>
      </symbol>
      <symbol id="sm-770">
         <name>__TI_decompress_none</name>
         <value>0x15f25</value>
         <object_component_ref idref="oc-91"/>
      </symbol>
      <symbol id="sm-784">
         <name>__TI_decompress_lzss</name>
         <value>0x15986</value>
         <object_component_ref idref="oc-8b"/>
      </symbol>
      <symbol id="sm-7bf">
         <name>__rem_pio2</name>
         <value>0x13d96</value>
         <object_component_ref idref="oc-24e"/>
      </symbol>
      <symbol id="sm-831">
         <name>__kernel_rem_pio2</name>
         <value>0x126c9</value>
         <object_component_ref idref="oc-34b"/>
      </symbol>
      <symbol id="sm-847">
         <name>C$$EXIT</name>
         <value>0x15ac6</value>
         <object_component_ref idref="oc-291"/>
      </symbol>
      <symbol id="sm-848">
         <name>abort</name>
         <value>0x15ac6</value>
         <object_component_ref idref="oc-291"/>
      </symbol>
      <symbol id="sm-849">
         <name>exit</name>
         <value>0x15ac8</value>
         <object_component_ref idref="oc-291"/>
      </symbol>
      <symbol id="sm-84a">
         <name>__TI_dtors_ptr</name>
         <value>0xa93e</value>
         <object_component_ref idref="oc-399"/>
      </symbol>
      <symbol id="sm-84b">
         <name>__TI_cleanup_ptr</name>
         <value>0xa93c</value>
         <object_component_ref idref="oc-399"/>
      </symbol>
      <symbol id="sm-84c">
         <name>__TI_enable_exit_profile_output</name>
         <value>0xa93a</value>
         <object_component_ref idref="oc-399"/>
      </symbol>
      <symbol id="sm-863">
         <name>_nop</name>
         <value>0x15f13</value>
         <object_component_ref idref="oc-461"/>
      </symbol>
      <symbol id="sm-864">
         <name>_lock</name>
         <value>0xa946</value>
         <object_component_ref idref="oc-39c"/>
      </symbol>
      <symbol id="sm-865">
         <name>_unlock</name>
         <value>0xa948</value>
         <object_component_ref idref="oc-4f3"/>
      </symbol>
      <symbol id="sm-866">
         <name>_register_lock</name>
         <value>0x15f0f</value>
         <object_component_ref idref="oc-461"/>
      </symbol>
      <symbol id="sm-867">
         <name>_register_unlock</name>
         <value>0x15f0b</value>
         <object_component_ref idref="oc-461"/>
      </symbol>
      <symbol id="sm-876">
         <name>_args_main</name>
         <value>0x15ed4</value>
         <object_component_ref idref="oc-28b"/>
      </symbol>
      <symbol id="sm-885">
         <name>memset</name>
         <value>0x15f3c</value>
         <object_component_ref idref="oc-181"/>
      </symbol>
      <symbol id="sm-893">
         <name>strlen</name>
         <value>0x15f2d</value>
         <object_component_ref idref="oc-14f"/>
      </symbol>
      <symbol id="sm-89e">
         <name>errno</name>
         <value>0xa94a</value>
         <object_component_ref idref="oc-215"/>
      </symbol>
      <symbol id="sm-a06">
         <name>__TI_printfi</name>
         <value>0x131c5</value>
         <object_component_ref idref="oc-320"/>
      </symbol>
      <symbol id="sm-a28">
         <name>__kernel_cos</name>
         <value>0x14ab0</value>
         <object_component_ref idref="oc-254"/>
      </symbol>
      <symbol id="sm-a4b">
         <name>__kernel_sin</name>
         <value>0x1498c</value>
         <object_component_ref idref="oc-248"/>
      </symbol>
      <symbol id="sm-a6e">
         <name>floorl</name>
         <value>0x14cc2</value>
         <object_component_ref idref="oc-431"/>
      </symbol>
      <symbol id="sm-a6f">
         <name>floor</name>
         <value>0x14cc2</value>
         <object_component_ref idref="oc-431"/>
      </symbol>
      <symbol id="sm-a86">
         <name>frexpl</name>
         <value>0x15678</value>
         <object_component_ref idref="oc-4be"/>
      </symbol>
      <symbol id="sm-a87">
         <name>frexp</name>
         <value>0x15678</value>
         <object_component_ref idref="oc-4be"/>
      </symbol>
      <symbol id="sm-aa9">
         <name>scalbn</name>
         <value>0x1503c</value>
         <object_component_ref idref="oc-42b"/>
      </symbol>
      <symbol id="sm-aaa">
         <name>scalbnl</name>
         <value>0x1503c</value>
         <object_component_ref idref="oc-42b"/>
      </symbol>
      <symbol id="sm-aab">
         <name>ldexpl</name>
         <value>0x1503c</value>
         <object_component_ref idref="oc-42b"/>
      </symbol>
      <symbol id="sm-aac">
         <name>ldexp</name>
         <value>0x1503c</value>
         <object_component_ref idref="oc-42b"/>
      </symbol>
      <symbol id="sm-ab7">
         <name>__c28xabi_dtol</name>
         <value>0x15c6c</value>
         <object_component_ref idref="oc-33e"/>
      </symbol>
      <symbol id="sm-abf">
         <name>__c28xabi_orll</name>
         <value>0x15dd8</value>
         <object_component_ref idref="oc-339"/>
      </symbol>
      <symbol id="sm-ac0">
         <name>__c28xabi_xorll</name>
         <value>0x15de0</value>
         <object_component_ref idref="oc-339"/>
      </symbol>
      <symbol id="sm-ac1">
         <name>__c28xabi_andll</name>
         <value>0x15dd0</value>
         <object_component_ref idref="oc-339"/>
      </symbol>
      <symbol id="sm-ae8">
         <name>__c28xabi_modull</name>
         <value>0x14c60</value>
         <object_component_ref idref="oc-400"/>
      </symbol>
      <symbol id="sm-ae9">
         <name>__c28xabi_divull</name>
         <value>0x14c31</value>
         <object_component_ref idref="oc-400"/>
      </symbol>
      <symbol id="sm-aea">
         <name>__c28xabi_divll</name>
         <value>0x14bbb</value>
         <object_component_ref idref="oc-400"/>
      </symbol>
      <symbol id="sm-aeb">
         <name>__c28xabi_modll</name>
         <value>0x14bf7</value>
         <object_component_ref idref="oc-400"/>
      </symbol>
      <symbol id="sm-af7">
         <name>__c28xabi_itod</name>
         <value>0x15ca9</value>
         <object_component_ref idref="oc-4c4"/>
      </symbol>
      <symbol id="sm-b01">
         <name>__c28xabi_modi</name>
         <value>0x15bdc</value>
         <object_component_ref idref="oc-420"/>
      </symbol>
      <symbol id="sm-b02">
         <name>__c28xabi_divi</name>
         <value>0x15bcb</value>
         <object_component_ref idref="oc-420"/>
      </symbol>
      <symbol id="sm-b0e">
         <name>__c28xabi_ltod</name>
         <value>0x15cff</value>
         <object_component_ref idref="oc-343"/>
      </symbol>
      <symbol id="sm-b1c">
         <name>_system_post_cinit</name>
         <value>0xbffe</value>
         <object_component_ref idref="oc-447"/>
      </symbol>
      <symbol id="sm-b2b">
         <name>__TI_ltoa</name>
         <value>0x159e8</value>
         <object_component_ref idref="oc-4b8"/>
      </symbol>
      <symbol id="sm-b40">
         <name>atoi</name>
         <value>0x159b7</value>
         <object_component_ref idref="oc-3f5"/>
      </symbol>
      <symbol id="sm-b4b">
         <name>_ctypes_</name>
         <value>0x161c0</value>
         <object_component_ref idref="oc-4ae"/>
      </symbol>
      <symbol id="sm-b5b">
         <name>memccpy</name>
         <value>0x15e9c</value>
         <object_component_ref idref="oc-3ed"/>
      </symbol>
      <symbol id="sm-b6b">
         <name>strchr</name>
         <value>0x15ee0</value>
         <object_component_ref idref="oc-4c9"/>
      </symbol>
      <symbol id="sm-b79">
         <name>strcpy</name>
         <value>0x15f49</value>
         <object_component_ref idref="oc-3e7"/>
      </symbol>
      <symbol id="sm-b88">
         <name>wcslen</name>
         <value>0x15ef7</value>
         <object_component_ref idref="oc-405"/>
      </symbol>
      <symbol id="sm-b96">
         <name>copysign</name>
         <value>0x15b3d</value>
         <object_component_ref idref="oc-4da"/>
      </symbol>
      <symbol id="sm-b97">
         <name>copysignl</name>
         <value>0x15b3d</value>
         <object_component_ref idref="oc-4da"/>
      </symbol>
      <symbol id="sm-b9f">
         <name>__c28xabi_divul</name>
         <value>0x15ab9</value>
         <object_component_ref idref="oc-51d"/>
      </symbol>
      <symbol id="sm-ba0">
         <name>__c28xabi_modul</name>
         <value>0x15ac0</value>
         <object_component_ref idref="oc-51d"/>
      </symbol>
      <symbol id="sm-ba1">
         <name>__c28xabi_modl</name>
         <value>0x15aab</value>
         <object_component_ref idref="oc-51d"/>
      </symbol>
      <symbol id="sm-ba2">
         <name>__c28xabi_divl</name>
         <value>0x15a9c</value>
         <object_component_ref idref="oc-51d"/>
      </symbol>
      <symbol id="sm-ba4">
         <name>__c_args__</name>
         <value>0x0</value>
      </symbol>
   </symbol_table>
   <title>Link successful</title>
</link_info>
