******************************************************************************
             TMS320C2000 Linker PC v21.6.0                     
******************************************************************************
>> Linked Sun Nov  7 08:43:10 2021

OUTPUT FILE NAME:   <DIAN_SAI_2.out>
ENTRY POINT SYMBOL: "code_start"  address: 00000000


MEMORY CONFIGURATION

         name            origin    length      used     unused   attr    fill
----------------------  --------  ---------  --------  --------  ----  --------
PAGE 0:
  BEGIN                 00000000   00000002  00000002  00000000  RWIX
  RAMM0                 00000123   000002dd  00000000  000002dd  RWIX
  RAMLS0                00008000   00000800  00000060  000007a0  RWIX
  RAMLS12               00008800   00001000  00000000  00001000  RWIX
  RAMLS34               00009800   00001000  00000000  00001000  RWIX
  RAMD0                 0000b000   00000800  00000000  00000800  RWIX
  RESET                 003fffc0   00000002  00000000  00000002  RWIX

PAGE 1:
  BOOT_RSVD             00000002   00000121  00000000  00000121  RWIX
  RAMM1                 00000400   000003f8  00000100  000002f8  RWIX
  ADCARESULT            00000b00   00000018  00000000  00000018  RWIX
  ADCBRESULT            00000b20   00000018  00000000  00000018  RWIX
  ADCCRESULT            00000b40   00000018  00000000  00000018  RWIX
  ADCDRESULT            00000b60   00000018  00000000  00000018  RWIX
  CPUTIMER0             00000c00   00000008  00000000  00000008  RWIX
  CPUTIMER1             00000c08   00000008  00000008  00000000  RWIX
  CPUTIMER2             00000c10   00000008  00000008  00000000  RWIX
  PIECTRL               00000ce0   0000001a  0000001a  00000000  RWIX
  PIEVECTTABLE          00000d00   00000200  000001c0  00000040  RWIX
  DMA                   00001000   00000200  00000000  00000200  RWIX
  CLA1                  00001400   00000080  00000000  00000080  RWIX
  CLB1LOGICCFG          00003000   00000052  00000000  00000052  RWIX
  CLB1LOGICCTRL         00003100   00000040  00000000  00000040  RWIX
  CLB1DATAEXCH          00003200   00000200  00000000  00000200  RWIX
  CLB2LOGICCFG          00003400   00000052  00000000  00000052  RWIX
  CLB2LOGICCTRL         00003500   00000040  00000000  00000040  RWIX
  CLB2DATAEXCH          00003600   00000200  00000000  00000200  RWIX
  CLB3LOGICCFG          00003800   00000052  00000000  00000052  RWIX
  CLB3LOGICCTRL         00003900   00000040  00000000  00000040  RWIX
  CLB3DATAEXCH          00003a00   00000200  00000000  00000200  RWIX
  CLB4LOGICCFG          00003c00   00000052  00000000  00000052  RWIX
  CLB4LOGICCTRL         00003d00   00000040  00000000  00000040  RWIX
  CLB4DATAEXCH          00003e00   00000200  00000000  00000200  RWIX
  EPWM1                 00004000   00000100  00000000  00000100  RWIX
  EPWM2                 00004100   00000100  00000000  00000100  RWIX
  EPWM3                 00004200   00000100  00000000  00000100  RWIX
  EPWM4                 00004300   00000100  00000000  00000100  RWIX
  EPWM5                 00004400   00000100  00000000  00000100  RWIX
  EPWM6                 00004500   00000100  00000000  00000100  RWIX
  EPWM7                 00004600   00000100  00000000  00000100  RWIX
  EPWM8                 00004700   00000100  00000000  00000100  RWIX
  EPWM9                 00004800   00000100  00000000  00000100  RWIX
  EPWM10                00004900   00000100  00000000  00000100  RWIX
  EPWM11                00004a00   00000100  00000000  00000100  RWIX
  EPWM12                00004b00   00000100  00000000  00000100  RWIX
  ECAP1                 00005000   00000020  00000000  00000020  RWIX
  ECAP2                 00005020   00000020  00000000  00000020  RWIX
  ECAP3                 00005040   00000020  00000000  00000020  RWIX
  ECAP4                 00005060   00000020  00000000  00000020  RWIX
  ECAP5                 00005080   00000020  00000000  00000020  RWIX
  ECAP6                 000050a0   00000020  00000000  00000020  RWIX
  EQEP1                 00005100   00000022  00000000  00000022  RWIX
  EQEP2                 00005140   00000022  00000000  00000022  RWIX
  EQEP3                 00005180   00000022  00000000  00000022  RWIX
  DACA                  00005c00   00000008  00000000  00000008  RWIX
  DACB                  00005c10   00000008  00000000  00000008  RWIX
  DACC                  00005c20   00000008  00000000  00000008  RWIX
  CMPSS1                00005c80   00000020  00000000  00000020  RWIX
  CMPSS2                00005ca0   00000020  00000000  00000020  RWIX
  CMPSS3                00005cc0   00000020  00000000  00000020  RWIX
  CMPSS4                00005ce0   00000020  00000000  00000020  RWIX
  CMPSS5                00005d00   00000020  00000000  00000020  RWIX
  CMPSS6                00005d20   00000020  00000000  00000020  RWIX
  CMPSS7                00005d40   00000020  00000000  00000020  RWIX
  CMPSS8                00005d60   00000020  00000000  00000020  RWIX
  SDFM1                 00005e00   00000080  00000000  00000080  RWIX
  SDFM2                 00005e80   00000080  00000000  00000080  RWIX
  MCBSPA                00006000   00000024  00000000  00000024  RWIX
  MCBSPB                00006040   00000024  00000000  00000024  RWIX
  SPIA                  00006100   00000010  00000000  00000010  RWIX
  SPIB                  00006110   00000010  00000000  00000010  RWIX
  SPIC                  00006120   00000010  00000000  00000010  RWIX
  UPP                   00006200   00000048  00000000  00000048  RWIX
  WD                    00007000   0000002b  0000002b  00000000  RWIX
  NMIINTRUPT            00007060   00000007  00000000  00000007  RWIX
  XINT                  00007070   0000000b  00000000  0000000b  RWIX
  SCIA                  00007200   00000010  00000000  00000010  RWIX
  SCIB                  00007210   00000010  00000000  00000010  RWIX
  SCIC                  00007220   00000010  00000000  00000010  RWIX
  SCID                  00007230   00000010  00000000  00000010  RWIX
  I2CA                  00007300   00000022  00000000  00000022  RWIX
  I2CB                  00007340   00000022  00000000  00000022  RWIX
  ADCA                  00007400   00000080  00000000  00000080  RWIX
  ADCB                  00007480   00000080  00000000  00000080  RWIX
  ADCC                  00007500   00000080  00000000  00000080  RWIX
  ADCD                  00007580   00000080  00000000  00000080  RWIX
  INPUTXBAR             00007900   00000020  00000020  00000000  RWIX
  XBAR                  00007920   00000020  00000000  00000020  RWIX
  SYNCSOC               00007940   00000006  00000000  00000006  RWIX
  DMACLASRCSEL          00007980   0000001a  00000000  0000001a  RWIX
  EPWMXBAR              00007a00   00000040  00000000  00000040  RWIX
  CLBXBAR               00007a40   00000040  00000000  00000040  RWIX
  OUTPUTXBAR            00007a80   00000040  00000000  00000040  RWIX
  GPIOCTRL              00007c00   00000180  00000180  00000000  RWIX
  GPIODATA              00007f00   00000030  00000030  00000000  RWIX
  RAMLS5                0000a800   00000800  0000014b  000006b5  RWIX
  RAMD1                 0000b800   00000800  000007ff  00000001  RWIX
  RAMGS01               0000c000   00002000  00002000  00000000  RWIX
  RAMGS23               0000e000   00002000  00001c02  000003fe  RWIX
  RAMGS45               00010000   00002000  00000400  00001c00  RWIX
  RAMGS6789             00012000   00004000  00003f4e  000000b2  RWIX
  RAMGS1011             00016000   00002000  0000082c  000017d4  RWIX
  EMIF1                 00047000   00000070  00000000  00000070  RWIX
  EMIF2                 00047800   00000070  00000000  00000070  RWIX
  CANA                  00048000   00000200  00000000  00000200  RWIX
  CANA_MSG_RAM          00049000   00000800  00000000  00000800  RWIX
  CANB                  0004a000   00000200  00000000  00000200  RWIX
  CANB_MSG_RAM          0004b000   00000800  00000000  00000800  RWIX
  IPC                   00050000   00000024  00000000  00000024  RWIX
  FLASHPUMPSEMAPHORE    00050024   00000002  00000002  00000000  RWIX
  DEVCFG                0005d000   0000012e  0000012e  00000000  RWIX
  ANALOGSUBSYS          0005d180   00000048  0000003e  0000000a  RWIX
  CLKCFG                0005d200   00000032  00000032  00000000  RWIX
  CPUSYS                0005d300   00000082  00000082  00000000  RWIX
  ROMPREFETCH           0005e608   00000002  00000000  00000002  RWIX
  DCSMZ1                0005f000   00000024  00000022  00000002  RWIX
  DCSMZ2                0005f040   00000024  00000022  00000002  RWIX
  DCSMCOMMON            0005f070   00000008  00000000  00000008  RWIX
  MEMCFG                0005f400   00000080  00000000  00000080  RWIX
  EMIF1CONFIG           0005f480   00000020  00000000  00000020  RWIX
  EMIF2CONFIG           0005f4a0   00000020  00000000  00000020  RWIX
  ACCESSPROTECTION      0005f4c0   00000040  00000000  00000040  RWIX
  MEMORYERROR           0005f500   00000040  00000000  00000040  RWIX
  ROMWAITSTATE          0005f540   00000002  00000000  00000002  RWIX
  FLASH0CTRL            0005f800   00000182  00000000  00000182  RWIX
  FLASH0ECC             0005fb00   00000028  00000000  00000028  RWIX


SECTION ALLOCATION MAP

 output                                  attributes/
section   page    origin      length       input sections
--------  ----  ----------  ----------   ----------------
codestart 
*          0    00000000    00000002     
                  00000000    00000002     F2837xD_CodeStartBranch.obj (codestart)

.cinit     0    00008004    0000005c     
                  00008004    00000011     (.cinit..data.load) [load image, compression = lzss]
                  00008015    00000001     --HOLE-- [fill = 0]
                  00008016    00000006     (__TI_handler_table)
                  0000801c    00000004     (.cinit..bss.load) [load image, compression = zero_init]
                  00008020    00000004     (.cinit.PieVectTableFile.load) [load image, compression = zero_init]
                  00008024    00000004     (.cinit.RFFTdata1.load) [load image, compression = zero_init]
                  00008028    00000004     (.cinit.RFFTdata2.load) [load image, compression = zero_init]
                  0000802c    00000004     (.cinit.RFFTdata3.load) [load image, compression = zero_init]
                  00008030    00000004     (.cinit.RFFTdata4.load) [load image, compression = zero_init]
                  00008034    00000004     (.cinit.RFFTdata5.load) [load image, compression = zero_init]
                  00008038    00000004     (.cinit.adcAResultsdata.load) [load image, compression = zero_init]
                  0000803c    00000024     (__TI_cinit_table)

.reset     0    003fffc0    00000000     DSECT

.stack     1    00000400    00000100     UNINITIALIZED
                  00000400    00000100     --HOLE--

.bss       1    0000a800    00000134     UNINITIALIZED
                  0000a800    00000100     sci_ex3_echoback.obj (.bss:npts)
                  0000a900    0000002a     sci_ex3_echoback.obj (.bss)
                  0000a92a    0000000a     sci_ex3_echoback.obj (.bss:f)

.init_array 
*          0    00000123    00000000     UNINITIALIZED

.data      1    0000a934    00000017     UNINITIALIZED
                  0000a934    00000006     device.obj (.data)
                  0000a93a    00000006     rts2800_fpu32_eabi.lib : exit.c.obj (.data)
                  0000a940    00000006     sci_ex3_echoback.obj (.data)
                  0000a946    00000002     rts2800_fpu32_eabi.lib : _lock.c.obj (.data:_lock)
                  0000a948    00000002                            : _lock.c.obj (.data:_unlock)
                  0000a94a    00000001                            : errno.c.obj (.data)

.const     1    00016000    0000082c     
                  00016000    000001c0     F2837xD_PieVect.obj (.const)
                  000161c0    00000101     rts2800_fpu32_eabi.lib : ctype.c.obj (.const:.string:_ctypes_)
                  000162c1    00000001     --HOLE-- [fill = 0]
                  000162c2    000000dd     sci_ex3_echoback.obj (.const:.string)
                  0001639f    00000001     --HOLE-- [fill = 0]
                  000163a0    000000c2     driverlib_eabi.lib : sysctl.obj (.const:.string)
                  00016462    000000bb                        : sci.obj (.const:.string)
                  0001651d    00000001     --HOLE-- [fill = 0]
                  0001651e    00000084     rts2800_fpu32_eabi.lib : k_rem_pio2.c.obj (.const:ipio2)
                  000165a2    0000001c                            : _printfi.c.obj (.const)
                  000165be    00000002     --HOLE-- [fill = 0]
                  000165c0    00000064                            : e_rem_pio2.c.obj (.const)
                  00016624    0000005d     driverlib_eabi.lib : adc.obj (.const:.string)
                  00016681    00000001     --HOLE-- [fill = 0]
                  00016682    00000043     board.obj (.const:.string)
                  000166c5    00000001     --HOLE-- [fill = 0]
                  000166c6    00000038     rts2800_fpu32_eabi.lib : k_sin.c.obj (.const)
                  000166fe    00000002     --HOLE-- [fill = 0]
                  00016700    0000003c                            : k_cos.c.obj (.const)
                  0001673c    00000004                            : k_rem_pio2.c.obj (.const:init_jk)
                  00016740    0000002c                            : k_rem_pio2.c.obj (.const)
                  0001676c    00000026                            : _printfi.c.obj (.const:.string)
                  00016792    00000020                            : k_rem_pio2.c.obj (.const:PIo2)
                  000167b2    0000000c                            : e_sqrt.c.obj (.const)
                  000167be    00000002     --HOLE-- [fill = 0]
                  000167c0    0000001c                            : s_scalbn.c.obj (.const)
                  000167dc    0000001c     sci_ex3_echoback.obj (.const)
                  000167f8    00000013     device.obj (.const:.string)
                  0001680b    00000001     --HOLE-- [fill = 0]
                  0001680c    0000000c     rts2800_fpu32_eabi.lib : s_floor.c.obj (.const)
                  00016818    00000008     F2837xD_SysCtrl.obj (.const)
                  00016820    00000008     rts2800_fpu32_eabi.lib : s_frexp.c.obj (.const)
                  00016828    00000004                            : s_sin.c.obj (.const)

.TI.ramfunc 
*          0    00008000    00000004     
                  00008000    00000004     driverlib_eabi.lib : sysctl.obj (.TI.ramfunc)

PieVectTableFile 
*          1    00000d00    000001c0     UNINITIALIZED
                  00000d00    000001c0     F2837xD_GlobalVariableDefs.obj (PieVectTableFile)

EmuKeyVar 
*          1    00000d00    00000000     UNINITIALIZED

EmuBModeVar 
*          1    00000d00    00000000     UNINITIALIZED

EmuBootPinsVar 
*          1    00000d00    00000000     UNINITIALIZED

FlashCallbackVar 
*          1    00000d00    00000000     UNINITIALIZED

FlashScalingVar 
*          1    00000d00    00000000     UNINITIALIZED

adcAResultsdata 
*          1    0000c000    00002000     UNINITIALIZED
                  0000c000    00002000     sci_ex3_echoback.obj (adcAResultsdata)

RFFTdata1 
*          1    0000e000    00000800     UNINITIALIZED
                  0000e000    00000800     sci_ex3_echoback.obj (RFFTdata1)

RFFTdata2 
*          1    0000e800    00000800     UNINITIALIZED
                  0000e800    00000800     sci_ex3_echoback.obj (RFFTdata2)

RFFTdata5 
*          1    0000f000    00000800     UNINITIALIZED
                  0000f000    00000800     sci_ex3_echoback.obj (RFFTdata5)

RFFTdata3 
*          1    0000f800    00000402     UNINITIALIZED
                  0000f800    00000402     sci_ex3_echoback.obj (RFFTdata3)

RFFTdata4 
*          1    00010000    00000400     UNINITIALIZED
                  00010000    00000400     sci_ex3_echoback.obj (RFFTdata4)

AnalogSubsysRegsFile 
*          1    0005d180    0000003e     UNINITIALIZED
                  0005d180    0000003e     F2837xD_GlobalVariableDefs.obj (AnalogSubsysRegsFile)

GpioCtrlRegsFile 
*          1    00007c00    00000180     UNINITIALIZED
                  00007c00    00000180     F2837xD_GlobalVariableDefs.obj (GpioCtrlRegsFile)

GpioDataRegsFile 
*          1    00007f00    00000030     UNINITIALIZED
                  00007f00    00000030     F2837xD_GlobalVariableDefs.obj (GpioDataRegsFile)

DevCfgRegsFile 
*          1    0005d000    0000012e     UNINITIALIZED
                  0005d000    0000012e     F2837xD_GlobalVariableDefs.obj (DevCfgRegsFile)

ClkCfgRegsFile 
*          1    0005d200    00000032     UNINITIALIZED
                  0005d200    00000032     F2837xD_GlobalVariableDefs.obj (ClkCfgRegsFile)

CpuTimer1RegsFile 
*          1    00000c08    00000008     UNINITIALIZED
                  00000c08    00000008     F2837xD_GlobalVariableDefs.obj (CpuTimer1RegsFile)

CpuTimer2RegsFile 
*          1    00000c10    00000008     UNINITIALIZED
                  00000c10    00000008     F2837xD_GlobalVariableDefs.obj (CpuTimer2RegsFile)

CpuSysRegsFile 
*          1    0005d300    00000082     UNINITIALIZED
                  0005d300    00000082     F2837xD_GlobalVariableDefs.obj (CpuSysRegsFile)

DcsmZ1RegsFile 
*          1    0005f000    00000022     UNINITIALIZED
                  0005f000    00000022     F2837xD_GlobalVariableDefs.obj (DcsmZ1RegsFile)

DcsmZ2RegsFile 
*          1    0005f040    00000022     UNINITIALIZED
                  0005f040    00000022     F2837xD_GlobalVariableDefs.obj (DcsmZ2RegsFile)

FlashPumpSemaphoreRegsFile 
*          1    00050024    00000002     UNINITIALIZED
                  00050024    00000002     F2837xD_GlobalVariableDefs.obj (FlashPumpSemaphoreRegsFile)

InputXbarRegsFile 
*          1    00007900    00000020     UNINITIALIZED
                  00007900    00000020     F2837xD_GlobalVariableDefs.obj (InputXbarRegsFile)

PieCtrlRegsFile 
*          1    00000ce0    0000001a     UNINITIALIZED
                  00000ce0    0000001a     F2837xD_GlobalVariableDefs.obj (PieCtrlRegsFile)

WdRegsFile 
*          1    00007000    0000002b     UNINITIALIZED
                  00007000    0000002b     F2837xD_GlobalVariableDefs.obj (WdRegsFile)

.text.1    1    0000b800    000007ff     
                  0000b800    000007c5     sci_ex3_echoback.obj (.text)
                  0000bfc5    00000037     driverlib_eabi.lib : gpio.obj (.text:GPIO_setPinConfig)
                  0000bffc    00000002     rts2800_fpu32_eabi.lib : pre_init.c.obj (.text)
                  0000bffe    00000001                            : startup.c.obj (.text)

.text.2    1    00012000    00003f4e     
                  00012000    000006c9     rts2800_fpu32_eabi.lib : _printfi.c.obj (.text)
                  000126c9    00000663                            : k_rem_pio2.c.obj (.text)
                  00012d2c    0000062a                            : _printfi.c.obj (.text:__TI_printfi)
                  00013356    00000585     F2837xD_DefaultISR.obj (.text:retain)
                  000138db    000004bb     F2837xD_SysCtrl.obj (.text)
                  00013d96    00000430     rts2800_fpu32_eabi.lib : e_rem_pio2.c.obj (.text)
                  000141c6    00000244     F2837xD_Gpio.obj (.text)
                  0001440a    00000242     device.obj (.text)
                  0001464c    00000207     driverlib_eabi.lib : sysctl.obj (.text:SysCtl_setClock)
                  00014853    00000001     --HOLE-- [fill = 0]
                  00014854    00000138     c28x_fpu_dsp_library_eabi.lib : RFFT_adc_f32.obj (.text)
                  0001498c    00000124     rts2800_fpu32_eabi.lib : k_sin.c.obj (.text)
                  00014ab0    0000010b                            : k_cos.c.obj (.text)
                  00014bbb    00000107                            : ll_div28.asm.obj (.text)
                  00014cc2    000000e9                            : s_floor.c.obj (.text)
                  00014dab    000000e8     board.obj (.text)
                  00014e93    000000de     rts2800_fpu32_eabi.lib : e_sqrt.c.obj (.text)
                  00014f71    000000cb                            : s_sin.c.obj (.text)
                  0001503c    000000ae                            : s_scalbn.c.obj (.text)
                  000150ea    0000009c                            : fd_add28.asm.obj (.text)
                  00015186    0000008b                            : fd_div28.asm.obj (.text)
                  00015211    00000088                            : fs_div28.asm.obj (.text)
                  00015299    00000001     --HOLE-- [fill = 0]
                  0001529a    00000086     c28x_fpu_dsp_library_eabi.lib : RFFT_f32_phase_TMU0.obj (.text)
                  00015320    00000083     rts2800_fpu32_eabi.lib : fd_mpy28.asm.obj (.text)
                  000153a3    00000073     driverlib_eabi.lib : adc.obj (.text:ADC_setINLTrim)
                  00015416    0000006b                        : sysctl.obj (.text:SysCtl_selectXTAL)
                  00015481    0000006b     c28x_fpu_dsp_library_eabi.lib : RFFT_f32_sincostable.obj (.text)
                  000154ec    00000068     driverlib_eabi.lib : sysctl.obj (.text:SysCtl_getDeviceParametric)
                  00015554    00000064                        : adc.obj (.text:ADC_setOffsetTrim)
                  000155b8    00000063     rts2800_fpu32_eabi.lib : s_cosf.c.obj (.text)
                  0001561b    0000005d     sci_ex3_echoback.obj (.text:retain)
                  00015678    0000005a     rts2800_fpu32_eabi.lib : s_frexp.c.obj (.text)
                  000156d2    00000059                            : s_sinf.c.obj (.text)
                  0001572b    00000054     driverlib_eabi.lib : sysctl.obj (.text:SysCtl_selectOscSource)
                  0001577f    00000051                        : sysctl.obj (.text:SysCtl_getClock)
                  000157d0    0000004e     c28x_fpu_dsp_library_eabi.lib : RFFT_f32_mag_TMU0.obj (.text)
                  0001581e    00000046     driverlib_eabi.lib : sci.obj (.text:SCI_clearInterruptStatus)
                  00015864    00000041                        : sci.obj (.text:SCI_writeCharArray)
                  000158a5    0000003e                        : sci.obj (.text:SCI_setConfig)
                  000158e3    0000003d                        : interrupt.obj (.text:Interrupt_initModule)
                  00015920    00000034                        : interrupt.obj (.text:Interrupt_enable)
                  00015954    00000032     rts2800_fpu32_eabi.lib : sprintf.c.obj (.text)
                  00015986    00000031                            : copy_decompress_lzss.c.obj (.text:decompress:lzss)
                  000159b7    00000031                            : atoi.c.obj (.text)
                  000159e8    00000030                            : _ltoa.c.obj (.text)
                  00015a18    0000002f     driverlib_eabi.lib : adc.obj (.text:ADC_setMode)
                  00015a47    0000002b     rts2800_fpu32_eabi.lib : autoinit.c.obj (.text:__TI_auto_init_nobinit_nopinit)
                  00015a72    0000002a                            : fd_cmp28.asm.obj (.text)
                  00015a9c    0000002a                            : l_div28.asm.obj (.text)
                  00015ac6    00000029                            : exit.c.obj (.text)
                  00015aef    00000028     F2837xD_PieCtrl.obj (.text)
                  00015b17    00000026     F2837xD_PieVect.obj (.text)
                  00015b3d    00000025     rts2800_fpu32_eabi.lib : s_copysign.c.obj (.text)
                  00015b62    00000024     driverlib_eabi.lib : sysctl.obj (.text:CPUTimer_selectClockSource)
                  00015b86    00000023     rts2800_fpu32_eabi.lib : fd_tofsfpu32.asm.obj (.text)
                  00015ba9    00000022     driverlib_eabi.lib : sci.obj (.text:SCI_isFIFOEnabled)
                  00015bcb    00000022     rts2800_fpu32_eabi.lib : i_div28.asm.obj (.text)
                  00015bed    00000021                            : fd_toi28.asm.obj (.text)
                  00015c0e    00000020     driverlib_eabi.lib : sysctl.obj (.text:CPUTimer_getTimerOverflowStatus)
                  00015c2e    0000001f                        : adc.obj (.text:ADC_isBaseValid)
                  00015c4d    0000001f                        : sci.obj (.text:SCI_isBaseValid)
                  00015c6c    0000001f     rts2800_fpu32_eabi.lib : fd_tol28.asm.obj (.text)
                  00015c8b    0000001e                            : ll_cmp28.asm.obj (.text)
                  00015ca9    0000001d                            : i_tofd28.asm.obj (.text)
                  00015cc6    0000001d                            : memcpy.c.obj (.text)
                  00015ce3    0000001c                            : fs_tofdfpu32.asm.obj (.text)
                  00015cff    0000001c                            : l_tofd28.asm.obj (.text)
                  00015d1b    0000001b     driverlib_eabi.lib : sysctl.obj (.text:CPUTimer_startTimer)
                  00015d36    0000001b                        : sci.obj (.text:SCI_isSpaceAvailableNonFIFO)
                  00015d51    0000001a                        : sysctl.obj (.text:CPUTimer_isBaseValid)
                  00015d6b    0000001a                        : sysctl.obj (.text:SysCtl_getLowSpeedClock)
                  00015d85    00000019                        : sci.obj (.text:SCI_disableModule)
                  00015d9e    00000019                        : sci.obj (.text:SCI_performSoftwareReset)
                  00015db7    00000019                        : sysctl.obj (.text:SysCtl_pollCpuTimer)
                  00015dd0    00000018     rts2800_fpu32_eabi.lib : ll_aox28.asm.obj (.text)
                  00015de8    00000017                            : boot28.asm.obj (.text)
                  00015dff    00000017                            : u_tofd28.asm.obj (.text)
                  00015e16    00000015     driverlib_eabi.lib : sci.obj (.text:SCI_getTxFIFOStatus)
                  00015e2b    00000014                        : sysctl.obj (.text:CPUTimer_stopTimer)
                  00015e3f    00000014                        : sci.obj (.text:SCI_enableModule)
                  00015e53    00000013     examples_setup.obj (.text)
                  00015e66    00000012     driverlib_eabi.lib : sysctl.obj (.text:CPUTimer_clearOverflowFlag)
                  00015e78    00000012                        : sysctl.obj (.text:CPUTimer_disableInterrupt)
                  00015e8a    00000012                        : sysctl.obj (.text:CPUTimer_setPeriod)
                  00015e9c    00000010     rts2800_fpu32_eabi.lib : memccpy.c.obj (.text)
                  00015eac    0000000e                            : fd_sub28.asm.obj (.text)
                  00015eba    0000000d     driverlib_eabi.lib : interrupt.obj (.text:Interrupt_disableMaster)
                  00015ec7    0000000d                        : interrupt.obj (.text:Interrupt_enableMaster)
                  00015ed4    0000000c     rts2800_fpu32_eabi.lib : args_main.c.obj (.text)
                  00015ee0    0000000c                            : strchr.c.obj (.text)
                  00015eec    0000000b     driverlib_eabi.lib : sysctl.obj (.text:SysCtl_isMCDClockFailureDetected)
                  00015ef7    0000000b     rts2800_fpu32_eabi.lib : wcslen.c.obj (.text)
                  00015f02    00000009     driverlib_eabi.lib : sysctl.obj (.text:SysCtl_serviceWatchdog)
                  00015f0b    00000009     rts2800_fpu32_eabi.lib : _lock.c.obj (.text)
                  00015f14    00000009                            : fd_neg28.asm.obj (.text)
                  00015f1d    00000008     F2837xD_CodeStartBranch.obj (.text)
                  00015f25    00000008     rts2800_fpu32_eabi.lib : copy_decompress_none.c.obj (.text:decompress:none)
                  00015f2d    00000008                            : strlen.c.obj (.text)
                  00015f35    00000007     driverlib_eabi.lib : sysctl.obj (.text:SysCtl_resetMCD)
                  00015f3c    00000007     rts2800_fpu32_eabi.lib : memset.c.obj (.text)
                  00015f43    00000006                            : copy_zero_init.c.obj (.text:decompress:ZI)
                  00015f49    00000005                            : strcpy.c.obj (.text)

MODULE SUMMARY

       Module                           code    ro data   rw data
       ------                           ----    -------   -------
    .\
       sci_ex3_echoback.obj             2082    249       16700  
       F2837xD_GlobalVariableDefs.obj   0       0         1611   
       F2837xD_DefaultISR.obj           1413    0         0      
       F2837xD_SysCtrl.obj              1211    8         0      
       F2837xD_Gpio.obj                 580     0         0      
       F2837xD_PieVect.obj              38      448       0      
       board.obj                        232     67        0      
       F2837xD_PieCtrl.obj              40      0         0      
       examples_setup.obj               19      0         0      
       F2837xD_CodeStartBranch.obj      10      0         0      
    +--+--------------------------------+-------+---------+---------+
       Total:                           5625    772       18311  
                                                                 
    .\device\
       device.obj                       578     19        6      
    +--+--------------------------------+-------+---------+---------+
       Total:                           578     19        6      
                                                                 
    H:\ti\C2000\C2000Ware_4_00_00_00\driverlib\f2837xs\driverlib\ccs\Debug\driverlib_eabi.lib
       sysctl.obj                       1172    194       0      
       sci.obj                          380     187       0      
       adc.obj                          293     93        0      
       interrupt.obj                    139     0         0      
       gpio.obj                         55      0         0      
    +--+--------------------------------+-------+---------+---------+
       Total:                           2039    474       0      
                                                                 
    H:\ti\C2000\C2000Ware_4_00_00_00\libraries\dsp\FPU\c28\lib\c28x_fpu_dsp_library_eabi.lib
       RFFT_adc_f32.obj                 312     0         0      
       RFFT_f32_phase_TMU0.obj          134     0         0      
       RFFT_f32_sincostable.obj         107     0         0      
       RFFT_f32_mag_TMU0.obj            78      0         0      
    +--+--------------------------------+-------+---------+---------+
       Total:                           631     0         0      
                                                                 
    H:\ti\CCS11.0.0\ccs\tools\compiler\ti-cgt-c2000_21.6.0.LTS\lib\rts2800_fpu32_eabi.lib
       _printfi.c.obj                   3315    66        0      
       k_rem_pio2.c.obj                 1635    212       0      
       e_rem_pio2.c.obj                 1072    100       0      
       k_sin.c.obj                      292     56        0      
       k_cos.c.obj                      267     60        0      
       ll_div28.asm.obj                 263     0         0      
       ctype.c.obj                      0       257       0      
       s_floor.c.obj                    233     12        0      
       e_sqrt.c.obj                     222     12        0      
       s_sin.c.obj                      203     4         0      
       s_scalbn.c.obj                   174     28        0      
       fd_add28.asm.obj                 156     0         0      
       fd_div28.asm.obj                 139     0         0      
       fs_div28.asm.obj                 136     0         0      
       fd_mpy28.asm.obj                 131     0         0      
       s_cosf.c.obj                     99      0         0      
       s_frexp.c.obj                    90      8         0      
       s_sinf.c.obj                     89      0         0      
       sprintf.c.obj                    50      0         0      
       atoi.c.obj                       49      0         0      
       copy_decompress_lzss.c.obj       49      0         0      
       _ltoa.c.obj                      48      0         0      
       exit.c.obj                       41      0         6      
       autoinit.c.obj                   43      0         0      
       fd_cmp28.asm.obj                 42      0         0      
       l_div28.asm.obj                  42      0         0      
       s_copysign.c.obj                 37      0         0      
       fd_tofsfpu32.asm.obj             35      0         0      
       i_div28.asm.obj                  34      0         0      
       fd_toi28.asm.obj                 33      0         0      
       fd_tol28.asm.obj                 31      0         0      
       ll_cmp28.asm.obj                 30      0         0      
       i_tofd28.asm.obj                 29      0         0      
       memcpy.c.obj                     29      0         0      
       fs_tofdfpu32.asm.obj             28      0         0      
       l_tofd28.asm.obj                 28      0         0      
       ll_aox28.asm.obj                 24      0         0      
       boot28.asm.obj                   23      0         0      
       u_tofd28.asm.obj                 23      0         0      
       memccpy.c.obj                    16      0         0      
       fd_sub28.asm.obj                 14      0         0      
       _lock.c.obj                      9       0         4      
       args_main.c.obj                  12      0         0      
       strchr.c.obj                     12      0         0      
       wcslen.c.obj                     11      0         0      
       fd_neg28.asm.obj                 9       0         0      
       copy_decompress_none.c.obj       8       0         0      
       strlen.c.obj                     8       0         0      
       memset.c.obj                     7       0         0      
       copy_zero_init.c.obj             6       0         0      
       strcpy.c.obj                     5       0         0      
       pre_init.c.obj                   2       0         0      
       errno.c.obj                      0       0         1      
       startup.c.obj                    1       0         0      
    +--+--------------------------------+-------+---------+---------+
       Total:                           9384    815       11     
                                                                 
       Stack:                           0       0         256    
       Linker Generated:                0       91        0      
    +--+--------------------------------+-------+---------+---------+
       Grand Total:                     18257   2171      18584  


LINKER GENERATED COPY TABLES

__TI_cinit_table @ 0000803c records: 9, size/record: 4, table size: 36
	.data: load addr=00008004, load size=00000011 bytes, run addr=0000a934, run size=00000017 bytes, compression=lzss
	.bss: load addr=0000801c, load size=00000004 bytes, run addr=0000a800, run size=00000134 bytes, compression=zero_init
	PieVectTableFile: load addr=00008020, load size=00000004 bytes, run addr=00000d00, run size=000001c0 bytes, compression=zero_init
	RFFTdata1: load addr=00008024, load size=00000004 bytes, run addr=0000e000, run size=00000800 bytes, compression=zero_init
	RFFTdata2: load addr=00008028, load size=00000004 bytes, run addr=0000e800, run size=00000800 bytes, compression=zero_init
	RFFTdata3: load addr=0000802c, load size=00000004 bytes, run addr=0000f800, run size=00000402 bytes, compression=zero_init
	RFFTdata4: load addr=00008030, load size=00000004 bytes, run addr=00010000, run size=00000400 bytes, compression=zero_init
	RFFTdata5: load addr=00008034, load size=00000004 bytes, run addr=0000f000, run size=00000800 bytes, compression=zero_init
	adcAResultsdata: load addr=00008038, load size=00000004 bytes, run addr=0000c000, run size=00002000 bytes, compression=zero_init


LINKER GENERATED HANDLER TABLE

__TI_handler_table @ 00008016 records: 3, size/record: 2, table size: 6
	index: 0, handler: __TI_zero_init
	index: 1, handler: __TI_decompress_lzss
	index: 2, handler: __TI_decompress_none


GLOBAL DATA SYMBOLS: SORTED BY DATA PAGE

address     data page           name
--------    ----------------    ----
00000400      10 (00000400)     __stack

00000c08      30 (00000c00)     CpuTimer1Regs
00000c10      30 (00000c00)     CpuTimer2Regs

00000ce0      33 (00000cc0)     PieCtrlRegs

00000d00      34 (00000d00)     PieVectTable

00007000     1c0 (00007000)     WdRegs

00007900     1e4 (00007900)     InputXbarRegs

00007c00     1f0 (00007c00)     GpioCtrlRegs

00007f00     1fc (00007f00)     GpioDataRegs

0000a800     2a0 (0000a800)     npts

0000a900     2a4 (0000a900)     index
0000a901     2a4 (0000a900)     bufferFull
0000a902     2a4 (0000a900)     len
0000a903     2a4 (0000a900)     i
0000a904     2a4 (0000a900)     j
0000a905     2a4 (0000a900)     val2
0000a906     2a4 (0000a900)     val3
0000a907     2a4 (0000a900)     val4
0000a908     2a4 (0000a900)     val5
0000a909     2a4 (0000a900)     val_THD
0000a90a     2a4 (0000a900)     msg
0000a90c     2a4 (0000a900)     str
0000a90e     2a4 (0000a900)     strmsg
0000a910     2a4 (0000a900)     THD
0000a912     2a4 (0000a900)     gui2
0000a914     2a4 (0000a900)     gui3
0000a916     2a4 (0000a900)     gui4
0000a918     2a4 (0000a900)     gui5
0000a91a     2a4 (0000a900)     rfft_adc
0000a91e     2a4 (0000a900)     rfft
0000a92a     2a4 (0000a900)     f
0000a934     2a4 (0000a900)     Example_Result
0000a936     2a4 (0000a900)     Example_PassCount
0000a938     2a4 (0000a900)     Example_Fail
0000a93a     2a4 (0000a900)     __TI_enable_exit_profile_output
0000a93c     2a4 (0000a900)     __TI_cleanup_ptr
0000a93e     2a4 (0000a900)     __TI_dtors_ptr

0000a940     2a5 (0000a940)     val
0000a942     2a5 (0000a940)     hnd_rfft
0000a944     2a5 (0000a940)     hnd_rfft_adc
0000a946     2a5 (0000a940)     _lock
0000a948     2a5 (0000a940)     _unlock
0000a94a     2a5 (0000a940)     errno

0000c000     300 (0000c000)     adcAResults

0000e000     380 (0000e000)     RFFTin1Buff

0000e800     3a0 (0000e800)     RFFToutBuff

0000f000     3c0 (0000f000)     RFFTF32Coef

0000f800     3e0 (0000f800)     RFFTmagBuff

00010000     400 (00010000)     RFFTphaseBuff

00016000     580 (00016000)     PieVectTableInit

000161c0     587 (000161c0)     _ctypes_

00050024    1400 (00050000)     FlashPumpSemaphoreRegs

0005d000    1740 (0005d000)     DevCfgRegs

0005d180    1746 (0005d180)     AnalogSubsysRegs

0005d200    1748 (0005d200)     ClkCfgRegs

0005d300    174c (0005d300)     CpuSysRegs

0005f000    17c0 (0005f000)     DcsmZ1Regs

0005f040    17c1 (0005f040)     DcsmZ2Regs


GLOBAL SYMBOLS: SORTED ALPHABETICALLY BY Name 

page  address   name                                     
----  -------   ----                                     
1     00013414  ADCA1_ISR                                
1     00013694  ADCA2_ISR                                
1     0001369e  ADCA3_ISR                                
1     000136a8  ADCA4_ISR                                
1     0001368a  ADCA_EVT_ISR                             
1     0001341e  ADCB1_ISR                                
1     000136bc  ADCB2_ISR                                
1     000136c6  ADCB3_ISR                                
1     000136d0  ADCB4_ISR                                
1     000136b2  ADCB_EVT_ISR                             
1     00013428  ADCC1_ISR                                
1     00013824  ADCC2_ISR                                
1     0001382e  ADCC3_ISR                                
1     00013838  ADCC4_ISR                                
1     0001381a  ADCC_EVT_ISR                             
1     00013446  ADCD1_ISR                                
1     0001384c  ADCD2_ISR                                
1     00013856  ADCD3_ISR                                
1     00013860  ADCD4_ISR                                
1     00013842  ADCD_EVT_ISR                             
1     000153a3  ADC_setINLTrim                           
1     00015a18  ADC_setMode                              
1     00015554  ADC_setOffsetTrim                        
1     0001389c  AUX_PLL_SLIP_ISR                         
1     0005d180  AnalogSubsysRegs                         
1     00013d25  AuxAuxClkSel                             
1     00013d0f  AuxIntOsc2Sel                            
1     00013d19  AuxXtalOscSel                            
1     00014e4a  Board_init                               
1     00015ac6  C$$EXIT                                  
1     00013662  CANA0_ISR                                
1     0001366c  CANA1_ISR                                
1     00013676  CANB0_ISR                                
1     00013680  CANB1_ISR                                
1     000136da  CLA1_1_ISR                               
1     000136e4  CLA1_2_ISR                               
1     000136ee  CLA1_3_ISR                               
1     000136f8  CLA1_4_ISR                               
1     00013702  CLA1_5_ISR                               
1     0001370c  CLA1_6_ISR                               
1     00013716  CLA1_7_ISR                               
1     00013720  CLA1_8_ISR                               
1     000138a6  CLA_OVERFLOW_ISR                         
1     000138b0  CLA_UNDERFLOW_ISR                        
1     0005d200  ClkCfgRegs                               
1     00013d79  ConfigureTMXAnalogTrim                   
1     0005d300  CpuSysRegs                               
1     00000c08  CpuTimer1Regs                            
1     00000c10  CpuTimer2Regs                            
1     00013cba  CsmUnlock                                
1     0001336a  DATALOG_ISR                              
1     000135ae  DMA_CH1_ISR                              
1     000135b8  DMA_CH2_ISR                              
1     000135c2  DMA_CH3_ISR                              
1     000135cc  DMA_CH4_ISR                              
1     000135d6  DMA_CH5_ISR                              
1     000135e0  DMA_CH6_ISR                              
1     0005f000  DcsmZ1Regs                               
1     0005f040  DcsmZ2Regs                               
1     0005d000  DevCfgRegs                               
1     00014609  Device_configureTMXAnalogTrim            
1     000144b7  Device_enableAllPeripherals              
1     000145f3  Device_enableUnbondedGPIOPullups         
1     000145d6  Device_enableUnbondedGPIOPullupsFor100Pin
1     000145c3  Device_enableUnbondedGPIOPullupsFor176Pin
1     00014477  Device_init                              
1     000145a2  Device_initGPIO                          
1     000139be  DisableDog                               
1     0001397f  DisablePeripheralClocks                  
1     00013504  ECAP1_ISR                                
1     0001350e  ECAP2_ISR                                
1     00013518  ECAP3_ISR                                
1     00013522  ECAP4_ISR                                
1     0001352c  ECAP5_ISR                                
1     00013536  ECAP6_ISR                                
1     0001386a  EMIF_ERROR_ISR                           
1     000138c4  EMPTY_ISR                                
1     0001337e  EMU_ISR                                  
1     000137c0  EPWM10_ISR                               
1     00013798  EPWM10_TZ_ISR                            
1     000137ca  EPWM11_ISR                               
1     000137a2  EPWM11_TZ_ISR                            
1     000137d4  EPWM12_ISR                               
1     000137ac  EPWM12_TZ_ISR                            
1     000134b4  EPWM1_ISR                                
1     00013464  EPWM1_TZ_ISR                             
1     000134be  EPWM2_ISR                                
1     0001346e  EPWM2_TZ_ISR                             
1     000134c8  EPWM3_ISR                                
1     00013478  EPWM3_TZ_ISR                             
1     000134d2  EPWM4_ISR                                
1     00013482  EPWM4_TZ_ISR                             
1     000134dc  EPWM5_ISR                                
1     0001348c  EPWM5_TZ_ISR                             
1     000134e6  EPWM6_ISR                                
1     00013496  EPWM6_TZ_ISR                             
1     000134f0  EPWM7_ISR                                
1     000134a0  EPWM7_TZ_ISR                             
1     000134fa  EPWM8_ISR                                
1     000134aa  EPWM8_TZ_ISR                             
1     000137b6  EPWM9_ISR                                
1     0001378e  EPWM9_TZ_ISR                             
1     00013540  EQEP1_ISR                                
1     0001354a  EQEP2_ISR                                
1     00013554  EQEP3_ISR                                
1     00015b0e  EnableInterrupts                         
1     0000a938  Example_Fail                             
1     0000a936  Example_PassCount                        
1     0000a934  Example_Result                           
1     0001464b  Example_done                             
1     00014646  Example_setResultFail                    
1     00014641  Example_setResultPass                    
1     0001387e  FLASH_CORRECTABLE_ERROR_ISR              
1     00013752  FPU_OVERFLOW_ISR                         
1     0001375c  FPU_UNDERFLOW_ISR                        
1     00015e5a  FPU_initEpie                             
1     00015e53  FPU_initSystemClocks                     
1     00050024  FlashPumpSemaphoreRegs                   
1     000143bf  GPIO_EnableUnbondedIOPullups             
1     0001439a  GPIO_EnableUnbondedIOPullupsFor100Pin    
1     00014381  GPIO_EnableUnbondedIOPullupsFor176Pin    
1     000143d5  GPIO_ReadPin                             
1     00014326  GPIO_SetupLock                           
1     00014206  GPIO_SetupPinMux                         
1     00014292  GPIO_SetupPinOptions                     
1     0001434f  GPIO_SetupXINT1Gpio                      
1     00014359  GPIO_SetupXINT2Gpio                      
1     00014363  GPIO_SetupXINT3Gpio                      
1     0001436d  GPIO_SetupXINT4Gpio                      
1     00014377  GPIO_SetupXINT5Gpio                      
1     000143ec  GPIO_WritePin                            
1     0000bfc5  GPIO_setPinConfig                        
1     00007c00  GpioCtrlRegs                             
1     00007f00  GpioDataRegs                             
1     00013d43  HALT                                     
1     00013d5c  HIB                                      
1     000135f4  I2CA_FIFO_ISR                            
1     000135ea  I2CA_ISR                                 
1     00013608  I2CB_FIFO_ISR                            
1     000135fe  I2CB_ISR                                 
1     00013d2f  IDLE                                     
1     00013392  ILLEGAL_ISR                              
1     00013766  IPC0_ISR                                 
1     00013770  IPC1_ISR                                 
1     0001377a  IPC2_ISR                                 
1     00013784  IPC3_ISR                                 
1     00013bcb  InitAuxPll                               
1     000141c6  InitGpio                                 
1     000138fb  InitPeripheralClocks                     
1     00015aef  InitPieCtrl                              
1     00015b17  InitPieVectTable                         
1     000138db  InitSysCtrl                              
1     000139cc  InitSysPll                               
1     00007900  InputXbarRegs                            
1     00015920  Interrupt_enable                         
1     000158e3  Interrupt_initModule                     
1     00013586  MCBSPA_RX_ISR                            
1     00013590  MCBSPA_TX_ISR                            
1     0001359a  MCBSPB_RX_ISR                            
1     000135a4  MCBSPB_TX_ISR                            
1     00013388  NMI_ISR                                  
1     000138d1  NOTUSED_ISR                              
1     000138ba  PIE_RESERVED_ISR                         
1     00000ce0  PieCtrlRegs                              
1     00000d00  PieVectTable                             
1     00016000  PieVectTableInit                         
1     00014e51  PinMux_init                              
1     00013888  RAM_ACCESS_VIOLATION_ISR                 
1     00013874  RAM_CORRECTABLE_ERROR_ISR                
1     0000f000  RFFTF32Coef                              
1     00014854  RFFT_adc_f32                             
1     000157d0  RFFT_f32_mag_TMU0                        
1     0001529a  RFFT_f32_phase_TMU0                      
1     00015481  RFFT_f32_sincostable                     
1     0000e000  RFFTin1Buff                              
1     0000f800  RFFTmagBuff                              
1     0000e800  RFFToutBuff                              
1     00010000  RFFTphaseBuff                            
1     00013374  RTOS_ISR                                 
1     000139a6  ReleaseFlashPump                         
1     0001363a  SCIA_RX_ISR                              
1     00013644  SCIA_TX_ISR                              
1     0001364e  SCIB_RX_ISR                              
1     00013658  SCIB_TX_ISR                              
1     00013612  SCIC_RX_ISR                              
1     0001361c  SCIC_TX_ISR                              
1     00013626  SCID_RX_ISR                              
1     00013630  SCID_TX_ISR                              
1     0001581e  SCI_clearInterruptStatus                 
1     00014e5c  SCI_init                                 
1     000158a5  SCI_setConfig                            
1     00015864  SCI_writeCharArray                       
1     000137de  SD1_ISR                                  
1     000137e8  SD2_ISR                                  
1     0001355e  SPIA_RX_ISR                              
1     00013568  SPIA_TX_ISR                              
1     00013572  SPIB_RX_ISR                              
1     0001357c  SPIB_TX_ISR                              
1     000137f2  SPIC_RX_ISR                              
1     000137fc  SPIC_TX_ISR                              
1     00013d38  STANDBY                                  
1     00013892  SYS_PLL_SLIP_ISR                         
1     00013997  SeizeFlashPump                           
1     000139b0  ServiceDog                               
0     00008000  SysCtl_delay                             
1     0001577f  SysCtl_getClock                          
1     000154ec  SysCtl_getDeviceParametric               
1     00015d6b  SysCtl_getLowSpeedClock                  
1     0001572b  SysCtl_selectOscSource                   
1     00015416  SysCtl_selectXTAL                        
1     0001464c  SysCtl_setClock                          
1     00013cdb  SysIntOsc1Sel                            
1     00013ceb  SysIntOsc2Sel                            
1     00013cff  SysXtalOscSel                            
1     0000a910  THD                                      
1     00013450  TIMER0_ISR                               
1     00013356  TIMER1_ISR                               
1     00013360  TIMER2_ISR                               
1     00013806  UPPA_ISR                                 
1     00013810  USBA_ISR                                 
1     000133f6  USER10_ISR                               
1     00013400  USER11_ISR                               
1     0001340a  USER12_ISR                               
1     0001339c  USER1_ISR                                
1     000133a6  USER2_ISR                                
1     000133b0  USER3_ISR                                
1     000133ba  USER4_ISR                                
1     000133c4  USER5_ISR                                
1     000133ce  USER6_ISR                                
1     000133d8  USER7_ISR                                
1     000133e2  USER8_ISR                                
1     000133ec  USER9_ISR                                
1     00013748  VCU_ISR                                  
1     0001345a  WAKE_ISR                                 
1     00007000  WdRegs                                   
1     00013432  XINT1_ISR                                
1     0001343c  XINT2_ISR                                
1     0001372a  XINT3_ISR                                
1     00013734  XINT4_ISR                                
1     0001373e  XINT5_ISR                                
0     0000803c  __TI_CINIT_Base                          
0     00008060  __TI_CINIT_Limit                         
0     00008060  __TI_CINIT_Warm                          
0     00008016  __TI_Handler_Table_Base                  
0     0000801c  __TI_Handler_Table_Limit                 
1     00000500  __TI_STACK_END                           
abs   00000100  __TI_STACK_SIZE                          
1     00015a47  __TI_auto_init_nobinit_nopinit           
1     0000a93c  __TI_cleanup_ptr                         
1     00015986  __TI_decompress_lzss                     
1     00015f25  __TI_decompress_none                     
1     0000a93e  __TI_dtors_ptr                           
1     0000a93a  __TI_enable_exit_profile_output          
1     000159e8  __TI_ltoa                                
abs   ffffffff  __TI_pprof_out_hndl                      
1     000131c5  __TI_printfi                             
abs   ffffffff  __TI_prof_data_size                      
abs   ffffffff  __TI_prof_data_start                     
1     00015f43  __TI_zero_init                           
1     000150ea  __c28xabi_addd                           
1     00015dd0  __c28xabi_andll                          
1     00015a72  __c28xabi_cmpd                           
1     00015c8b  __c28xabi_cmpll                          
1     00015c9d  __c28xabi_cmpull                         
1     00015186  __c28xabi_divd                           
1     00015211  __c28xabi_divf                           
1     00015bcb  __c28xabi_divi                           
1     00015a9c  __c28xabi_divl                           
1     00014bbb  __c28xabi_divll                          
1     00015ab9  __c28xabi_divul                          
1     00014c31  __c28xabi_divull                         
1     00015b86  __c28xabi_dtof                           
1     00015bed  __c28xabi_dtoi                           
1     00015c6c  __c28xabi_dtol                           
1     00015ce3  __c28xabi_ftod                           
1     00015ca9  __c28xabi_itod                           
1     00015cff  __c28xabi_ltod                           
1     00015bdc  __c28xabi_modi                           
1     00015aab  __c28xabi_modl                           
1     00014bf7  __c28xabi_modll                          
1     00015ac0  __c28xabi_modul                          
1     00014c60  __c28xabi_modull                         
1     00015320  __c28xabi_mpyd                           
1     00015f14  __c28xabi_negd                           
1     00015dd8  __c28xabi_orll                           
1     00015eac  __c28xabi_subd                           
1     00015dff  __c28xabi_utod                           
1     00015de0  __c28xabi_xorll                          
n/a   UNDEFED   __c_args__                               
1     0001463a  __error__                                
1     00014ab0  __kernel_cos                             
1     000126c9  __kernel_rem_pio2                        
1     0001498c  __kernel_sin                             
1     00013d96  __rem_pio2                               
1     00000400  __stack                                  
1     00015ed4  _args_main                               
1     00015de8  _c_int00                                 
1     000161c0  _ctypes_                                 
1     0000a946  _lock                                    
1     00015f13  _nop                                     
1     00015f0f  _register_lock                           
1     00015f0b  _register_unlock                         
1     000148e4  _rfft_adc_f32_Stages4andUp               
1     0000bffe  _system_post_cinit                       
1     0000bffc  _system_pre_init                         
1     0000a948  _unlock                                  
1     00015ac6  abort                                    
1     0001561b  adcA1ISR                                 
1     0000c000  adcAResults                              
1     000159b7  atoi                                     
1     0000a901  bufferFull                               
0     00000000  code_start                               
1     00015b3d  copysign                                 
1     00015b3d  copysignl                                
1     000155b8  cosf                                     
1     00015e65  done                                     
1     0000a94a  errno                                    
1     00015ac8  exit                                     
1     0000a92a  f                                        
1     00014cc2  floor                                    
1     00014cc2  floorl                                   
1     00015678  frexp                                    
1     00015678  frexpl                                   
1     0000bf36  getADC                                   
1     0000a912  gui2                                     
1     0000a914  gui3                                     
1     0000a916  gui4                                     
1     0000a918  gui5                                     
1     0000a942  hnd_rfft                                 
1     0000a944  hnd_rfft_adc                             
1     0000a903  i                                        
1     0000a900  index                                    
1     0000bf56  initADC                                  
1     0000bfa5  initADCSOC                               
1     0000bf74  initEPWM                                 
1     0000a904  j                                        
1     0001503c  ldexp                                    
1     0001503c  ldexpl                                   
1     0000a902  len                                      
1     0000bb00  main                                     
1     00015e9c  memccpy                                  
1     00015cc6  memcpy                                   
1     00015f3c  memset                                   
1     0000a90a  msg                                      
1     0000a800  npts                                     
1     0000bd98  producePts                               
1     0000a91e  rfft                                     
1     0000a91a  rfft_adc                                 
1     0001503c  scalbn                                   
1     0001503c  scalbnl                                  
1     00014f71  sin                                      
1     000156d2  sinf                                     
1     00014f71  sinl                                     
1     00015954  sprintf                                  
1     00014e93  sqrt                                     
1     00014e93  sqrtl                                    
1     0000a90c  str                                      
1     00015ee0  strchr                                   
1     00015f49  strcpy                                   
1     00015f2d  strlen                                   
1     0000a90e  strmsg                                   
1     0000a940  val                                      
1     0000a905  val2                                     
1     0000a906  val3                                     
1     0000a907  val4                                     
1     0000a908  val5                                     
1     0000a909  val_THD                                  
1     00015ef7  wcslen                                   


GLOBAL SYMBOLS: SORTED BY Symbol Address 

page  address   name                                     
----  -------   ----                                     
0     00000000  code_start                               
0     00008000  SysCtl_delay                             
0     00008016  __TI_Handler_Table_Base                  
0     0000801c  __TI_Handler_Table_Limit                 
0     0000803c  __TI_CINIT_Base                          
0     00008060  __TI_CINIT_Limit                         
0     00008060  __TI_CINIT_Warm                          
1     00000400  __stack                                  
1     00000500  __TI_STACK_END                           
1     00000c08  CpuTimer1Regs                            
1     00000c10  CpuTimer2Regs                            
1     00000ce0  PieCtrlRegs                              
1     00000d00  PieVectTable                             
1     00007000  WdRegs                                   
1     00007900  InputXbarRegs                            
1     00007c00  GpioCtrlRegs                             
1     00007f00  GpioDataRegs                             
1     0000a800  npts                                     
1     0000a900  index                                    
1     0000a901  bufferFull                               
1     0000a902  len                                      
1     0000a903  i                                        
1     0000a904  j                                        
1     0000a905  val2                                     
1     0000a906  val3                                     
1     0000a907  val4                                     
1     0000a908  val5                                     
1     0000a909  val_THD                                  
1     0000a90a  msg                                      
1     0000a90c  str                                      
1     0000a90e  strmsg                                   
1     0000a910  THD                                      
1     0000a912  gui2                                     
1     0000a914  gui3                                     
1     0000a916  gui4                                     
1     0000a918  gui5                                     
1     0000a91a  rfft_adc                                 
1     0000a91e  rfft                                     
1     0000a92a  f                                        
1     0000a934  Example_Result                           
1     0000a936  Example_PassCount                        
1     0000a938  Example_Fail                             
1     0000a93a  __TI_enable_exit_profile_output          
1     0000a93c  __TI_cleanup_ptr                         
1     0000a93e  __TI_dtors_ptr                           
1     0000a940  val                                      
1     0000a942  hnd_rfft                                 
1     0000a944  hnd_rfft_adc                             
1     0000a946  _lock                                    
1     0000a948  _unlock                                  
1     0000a94a  errno                                    
1     0000bb00  main                                     
1     0000bd98  producePts                               
1     0000bf36  getADC                                   
1     0000bf56  initADC                                  
1     0000bf74  initEPWM                                 
1     0000bfa5  initADCSOC                               
1     0000bfc5  GPIO_setPinConfig                        
1     0000bffc  _system_pre_init                         
1     0000bffe  _system_post_cinit                       
1     0000c000  adcAResults                              
1     0000e000  RFFTin1Buff                              
1     0000e800  RFFToutBuff                              
1     0000f000  RFFTF32Coef                              
1     0000f800  RFFTmagBuff                              
1     00010000  RFFTphaseBuff                            
1     000126c9  __kernel_rem_pio2                        
1     000131c5  __TI_printfi                             
1     00013356  TIMER1_ISR                               
1     00013360  TIMER2_ISR                               
1     0001336a  DATALOG_ISR                              
1     00013374  RTOS_ISR                                 
1     0001337e  EMU_ISR                                  
1     00013388  NMI_ISR                                  
1     00013392  ILLEGAL_ISR                              
1     0001339c  USER1_ISR                                
1     000133a6  USER2_ISR                                
1     000133b0  USER3_ISR                                
1     000133ba  USER4_ISR                                
1     000133c4  USER5_ISR                                
1     000133ce  USER6_ISR                                
1     000133d8  USER7_ISR                                
1     000133e2  USER8_ISR                                
1     000133ec  USER9_ISR                                
1     000133f6  USER10_ISR                               
1     00013400  USER11_ISR                               
1     0001340a  USER12_ISR                               
1     00013414  ADCA1_ISR                                
1     0001341e  ADCB1_ISR                                
1     00013428  ADCC1_ISR                                
1     00013432  XINT1_ISR                                
1     0001343c  XINT2_ISR                                
1     00013446  ADCD1_ISR                                
1     00013450  TIMER0_ISR                               
1     0001345a  WAKE_ISR                                 
1     00013464  EPWM1_TZ_ISR                             
1     0001346e  EPWM2_TZ_ISR                             
1     00013478  EPWM3_TZ_ISR                             
1     00013482  EPWM4_TZ_ISR                             
1     0001348c  EPWM5_TZ_ISR                             
1     00013496  EPWM6_TZ_ISR                             
1     000134a0  EPWM7_TZ_ISR                             
1     000134aa  EPWM8_TZ_ISR                             
1     000134b4  EPWM1_ISR                                
1     000134be  EPWM2_ISR                                
1     000134c8  EPWM3_ISR                                
1     000134d2  EPWM4_ISR                                
1     000134dc  EPWM5_ISR                                
1     000134e6  EPWM6_ISR                                
1     000134f0  EPWM7_ISR                                
1     000134fa  EPWM8_ISR                                
1     00013504  ECAP1_ISR                                
1     0001350e  ECAP2_ISR                                
1     00013518  ECAP3_ISR                                
1     00013522  ECAP4_ISR                                
1     0001352c  ECAP5_ISR                                
1     00013536  ECAP6_ISR                                
1     00013540  EQEP1_ISR                                
1     0001354a  EQEP2_ISR                                
1     00013554  EQEP3_ISR                                
1     0001355e  SPIA_RX_ISR                              
1     00013568  SPIA_TX_ISR                              
1     00013572  SPIB_RX_ISR                              
1     0001357c  SPIB_TX_ISR                              
1     00013586  MCBSPA_RX_ISR                            
1     00013590  MCBSPA_TX_ISR                            
1     0001359a  MCBSPB_RX_ISR                            
1     000135a4  MCBSPB_TX_ISR                            
1     000135ae  DMA_CH1_ISR                              
1     000135b8  DMA_CH2_ISR                              
1     000135c2  DMA_CH3_ISR                              
1     000135cc  DMA_CH4_ISR                              
1     000135d6  DMA_CH5_ISR                              
1     000135e0  DMA_CH6_ISR                              
1     000135ea  I2CA_ISR                                 
1     000135f4  I2CA_FIFO_ISR                            
1     000135fe  I2CB_ISR                                 
1     00013608  I2CB_FIFO_ISR                            
1     00013612  SCIC_RX_ISR                              
1     0001361c  SCIC_TX_ISR                              
1     00013626  SCID_RX_ISR                              
1     00013630  SCID_TX_ISR                              
1     0001363a  SCIA_RX_ISR                              
1     00013644  SCIA_TX_ISR                              
1     0001364e  SCIB_RX_ISR                              
1     00013658  SCIB_TX_ISR                              
1     00013662  CANA0_ISR                                
1     0001366c  CANA1_ISR                                
1     00013676  CANB0_ISR                                
1     00013680  CANB1_ISR                                
1     0001368a  ADCA_EVT_ISR                             
1     00013694  ADCA2_ISR                                
1     0001369e  ADCA3_ISR                                
1     000136a8  ADCA4_ISR                                
1     000136b2  ADCB_EVT_ISR                             
1     000136bc  ADCB2_ISR                                
1     000136c6  ADCB3_ISR                                
1     000136d0  ADCB4_ISR                                
1     000136da  CLA1_1_ISR                               
1     000136e4  CLA1_2_ISR                               
1     000136ee  CLA1_3_ISR                               
1     000136f8  CLA1_4_ISR                               
1     00013702  CLA1_5_ISR                               
1     0001370c  CLA1_6_ISR                               
1     00013716  CLA1_7_ISR                               
1     00013720  CLA1_8_ISR                               
1     0001372a  XINT3_ISR                                
1     00013734  XINT4_ISR                                
1     0001373e  XINT5_ISR                                
1     00013748  VCU_ISR                                  
1     00013752  FPU_OVERFLOW_ISR                         
1     0001375c  FPU_UNDERFLOW_ISR                        
1     00013766  IPC0_ISR                                 
1     00013770  IPC1_ISR                                 
1     0001377a  IPC2_ISR                                 
1     00013784  IPC3_ISR                                 
1     0001378e  EPWM9_TZ_ISR                             
1     00013798  EPWM10_TZ_ISR                            
1     000137a2  EPWM11_TZ_ISR                            
1     000137ac  EPWM12_TZ_ISR                            
1     000137b6  EPWM9_ISR                                
1     000137c0  EPWM10_ISR                               
1     000137ca  EPWM11_ISR                               
1     000137d4  EPWM12_ISR                               
1     000137de  SD1_ISR                                  
1     000137e8  SD2_ISR                                  
1     000137f2  SPIC_RX_ISR                              
1     000137fc  SPIC_TX_ISR                              
1     00013806  UPPA_ISR                                 
1     00013810  USBA_ISR                                 
1     0001381a  ADCC_EVT_ISR                             
1     00013824  ADCC2_ISR                                
1     0001382e  ADCC3_ISR                                
1     00013838  ADCC4_ISR                                
1     00013842  ADCD_EVT_ISR                             
1     0001384c  ADCD2_ISR                                
1     00013856  ADCD3_ISR                                
1     00013860  ADCD4_ISR                                
1     0001386a  EMIF_ERROR_ISR                           
1     00013874  RAM_CORRECTABLE_ERROR_ISR                
1     0001387e  FLASH_CORRECTABLE_ERROR_ISR              
1     00013888  RAM_ACCESS_VIOLATION_ISR                 
1     00013892  SYS_PLL_SLIP_ISR                         
1     0001389c  AUX_PLL_SLIP_ISR                         
1     000138a6  CLA_OVERFLOW_ISR                         
1     000138b0  CLA_UNDERFLOW_ISR                        
1     000138ba  PIE_RESERVED_ISR                         
1     000138c4  EMPTY_ISR                                
1     000138d1  NOTUSED_ISR                              
1     000138db  InitSysCtrl                              
1     000138fb  InitPeripheralClocks                     
1     0001397f  DisablePeripheralClocks                  
1     00013997  SeizeFlashPump                           
1     000139a6  ReleaseFlashPump                         
1     000139b0  ServiceDog                               
1     000139be  DisableDog                               
1     000139cc  InitSysPll                               
1     00013bcb  InitAuxPll                               
1     00013cba  CsmUnlock                                
1     00013cdb  SysIntOsc1Sel                            
1     00013ceb  SysIntOsc2Sel                            
1     00013cff  SysXtalOscSel                            
1     00013d0f  AuxIntOsc2Sel                            
1     00013d19  AuxXtalOscSel                            
1     00013d25  AuxAuxClkSel                             
1     00013d2f  IDLE                                     
1     00013d38  STANDBY                                  
1     00013d43  HALT                                     
1     00013d5c  HIB                                      
1     00013d79  ConfigureTMXAnalogTrim                   
1     00013d96  __rem_pio2                               
1     000141c6  InitGpio                                 
1     00014206  GPIO_SetupPinMux                         
1     00014292  GPIO_SetupPinOptions                     
1     00014326  GPIO_SetupLock                           
1     0001434f  GPIO_SetupXINT1Gpio                      
1     00014359  GPIO_SetupXINT2Gpio                      
1     00014363  GPIO_SetupXINT3Gpio                      
1     0001436d  GPIO_SetupXINT4Gpio                      
1     00014377  GPIO_SetupXINT5Gpio                      
1     00014381  GPIO_EnableUnbondedIOPullupsFor176Pin    
1     0001439a  GPIO_EnableUnbondedIOPullupsFor100Pin    
1     000143bf  GPIO_EnableUnbondedIOPullups             
1     000143d5  GPIO_ReadPin                             
1     000143ec  GPIO_WritePin                            
1     00014477  Device_init                              
1     000144b7  Device_enableAllPeripherals              
1     000145a2  Device_initGPIO                          
1     000145c3  Device_enableUnbondedGPIOPullupsFor176Pin
1     000145d6  Device_enableUnbondedGPIOPullupsFor100Pin
1     000145f3  Device_enableUnbondedGPIOPullups         
1     00014609  Device_configureTMXAnalogTrim            
1     0001463a  __error__                                
1     00014641  Example_setResultPass                    
1     00014646  Example_setResultFail                    
1     0001464b  Example_done                             
1     0001464c  SysCtl_setClock                          
1     00014854  RFFT_adc_f32                             
1     000148e4  _rfft_adc_f32_Stages4andUp               
1     0001498c  __kernel_sin                             
1     00014ab0  __kernel_cos                             
1     00014bbb  __c28xabi_divll                          
1     00014bf7  __c28xabi_modll                          
1     00014c31  __c28xabi_divull                         
1     00014c60  __c28xabi_modull                         
1     00014cc2  floor                                    
1     00014cc2  floorl                                   
1     00014e4a  Board_init                               
1     00014e51  PinMux_init                              
1     00014e5c  SCI_init                                 
1     00014e93  sqrt                                     
1     00014e93  sqrtl                                    
1     00014f71  sin                                      
1     00014f71  sinl                                     
1     0001503c  ldexp                                    
1     0001503c  ldexpl                                   
1     0001503c  scalbn                                   
1     0001503c  scalbnl                                  
1     000150ea  __c28xabi_addd                           
1     00015186  __c28xabi_divd                           
1     00015211  __c28xabi_divf                           
1     0001529a  RFFT_f32_phase_TMU0                      
1     00015320  __c28xabi_mpyd                           
1     000153a3  ADC_setINLTrim                           
1     00015416  SysCtl_selectXTAL                        
1     00015481  RFFT_f32_sincostable                     
1     000154ec  SysCtl_getDeviceParametric               
1     00015554  ADC_setOffsetTrim                        
1     000155b8  cosf                                     
1     0001561b  adcA1ISR                                 
1     00015678  frexp                                    
1     00015678  frexpl                                   
1     000156d2  sinf                                     
1     0001572b  SysCtl_selectOscSource                   
1     0001577f  SysCtl_getClock                          
1     000157d0  RFFT_f32_mag_TMU0                        
1     0001581e  SCI_clearInterruptStatus                 
1     00015864  SCI_writeCharArray                       
1     000158a5  SCI_setConfig                            
1     000158e3  Interrupt_initModule                     
1     00015920  Interrupt_enable                         
1     00015954  sprintf                                  
1     00015986  __TI_decompress_lzss                     
1     000159b7  atoi                                     
1     000159e8  __TI_ltoa                                
1     00015a18  ADC_setMode                              
1     00015a47  __TI_auto_init_nobinit_nopinit           
1     00015a72  __c28xabi_cmpd                           
1     00015a9c  __c28xabi_divl                           
1     00015aab  __c28xabi_modl                           
1     00015ab9  __c28xabi_divul                          
1     00015ac0  __c28xabi_modul                          
1     00015ac6  C$$EXIT                                  
1     00015ac6  abort                                    
1     00015ac8  exit                                     
1     00015aef  InitPieCtrl                              
1     00015b0e  EnableInterrupts                         
1     00015b17  InitPieVectTable                         
1     00015b3d  copysign                                 
1     00015b3d  copysignl                                
1     00015b86  __c28xabi_dtof                           
1     00015bcb  __c28xabi_divi                           
1     00015bdc  __c28xabi_modi                           
1     00015bed  __c28xabi_dtoi                           
1     00015c6c  __c28xabi_dtol                           
1     00015c8b  __c28xabi_cmpll                          
1     00015c9d  __c28xabi_cmpull                         
1     00015ca9  __c28xabi_itod                           
1     00015cc6  memcpy                                   
1     00015ce3  __c28xabi_ftod                           
1     00015cff  __c28xabi_ltod                           
1     00015d6b  SysCtl_getLowSpeedClock                  
1     00015dd0  __c28xabi_andll                          
1     00015dd8  __c28xabi_orll                           
1     00015de0  __c28xabi_xorll                          
1     00015de8  _c_int00                                 
1     00015dff  __c28xabi_utod                           
1     00015e53  FPU_initSystemClocks                     
1     00015e5a  FPU_initEpie                             
1     00015e65  done                                     
1     00015e9c  memccpy                                  
1     00015eac  __c28xabi_subd                           
1     00015ed4  _args_main                               
1     00015ee0  strchr                                   
1     00015ef7  wcslen                                   
1     00015f0b  _register_unlock                         
1     00015f0f  _register_lock                           
1     00015f13  _nop                                     
1     00015f14  __c28xabi_negd                           
1     00015f25  __TI_decompress_none                     
1     00015f2d  strlen                                   
1     00015f3c  memset                                   
1     00015f43  __TI_zero_init                           
1     00015f49  strcpy                                   
1     00016000  PieVectTableInit                         
1     000161c0  _ctypes_                                 
1     00050024  FlashPumpSemaphoreRegs                   
1     0005d000  DevCfgRegs                               
1     0005d180  AnalogSubsysRegs                         
1     0005d200  ClkCfgRegs                               
1     0005d300  CpuSysRegs                               
1     0005f000  DcsmZ1Regs                               
1     0005f040  DcsmZ2Regs                               
abs   00000100  __TI_STACK_SIZE                          
abs   ffffffff  __TI_pprof_out_hndl                      
abs   ffffffff  __TI_prof_data_size                      
abs   ffffffff  __TI_prof_data_start                     
n/a   UNDEFED   __c_args__                               

[368 symbols]
