******************************************************************************
             TMS320C2000 Linker PC v21.6.0                     
******************************************************************************
>> Linked Sat Nov  6 21:17:23 2021

OUTPUT FILE NAME:   <sci_ex3_echoback.out>
ENTRY POINT SYMBOL: "code_start"  address: 00000000


MEMORY CONFIGURATION

         name            origin    length      used     unused   attr    fill
----------------------  --------  ---------  --------  --------  ----  --------
PAGE 0:
  BEGIN                 00000000   00000002  00000002  00000000  RWIX
  RAMM0                 00000123   000002dd  00000018  000002c5  RWIX
  RAMLS0                00008000   00000800  0000053f  000002c1  RWIX
  RAMLS1                00008800   00000800  00000000  00000800  RWIX
  RAMLS2                00009000   00000800  00000000  00000800  RWIX
  RAMLS3                00009800   00000800  00000000  00000800  RWIX
  RAMLS4                0000a000   00000800  00000000  00000800  RWIX
  RAMD0                 0000b000   00000800  00000800  00000000  RWIX
  RESET                 003fffc0   00000002  00000000  00000002  RWIX

PAGE 1:
  BOOT_RSVD             00000002   00000121  00000000  00000121  RWIX
  RAMM1                 00000400   000003f8  00000100  000002f8  RWIX
  RAMLS5                0000a800   00000800  0000031a  000004e6  RWIX
  RAMD1                 0000b800   00000800  00000000  00000800  RWIX
  RAMGS0                0000c000   00001000  00000000  00001000  RWIX
  RAMGS1                0000d000   00001000  00000000  00001000  RWIX
  RAMGS2                0000e000   00001000  00000000  00001000  RWIX
  RAMGS3                0000f000   00001000  00000000  00001000  RWIX
  RAMGS4                00010000   00001000  00000000  00001000  RWIX
  RAMGS5                00011000   00001000  00000000  00001000  RWIX
  RAMGS6                00012000   00001000  00000000  00001000  RWIX
  RAMGS7                00013000   00001000  00000000  00001000  RWIX
  RAMGS8                00014000   00001000  00000000  00001000  RWIX
  RAMGS9                00015000   00001000  00000000  00001000  RWIX
  RAMGS10               00016000   00001000  00000000  00001000  RWIX
  RAMGS11               00017000   00000ff8  00000000  00000ff8  RWIX
  CANA_MSG_RAM          00049000   00000800  00000000  00000800  RWIX
  CANB_MSG_RAM          0004b000   00000800  00000000  00000800  RWIX


SECTION ALLOCATION MAP

 output                                  attributes/
section   page    origin      length       input sections
--------  ----  ----------  ----------   ----------------
codestart 
*          0    00000000    00000002     
                  00000000    00000002     F2837xS_CodeStartBranch.obj (codestart)

.cinit     0    00000128    00000014     
                  00000128    0000000a     (.cinit..data.load) [load image, compression = lzss]
                  00000132    00000004     (__TI_handler_table)
                  00000136    00000002     --HOLE-- [fill = 0]
                  00000138    00000004     (__TI_cinit_table)

.reset     0    003fffc0    00000000     DSECT

.stack     1    00000400    00000100     UNINITIALIZED
                  00000400    00000100     --HOLE--

.init_array 
*          0    00000123    00000000     UNINITIALIZED

.const     1    0000a800    00000309     
                  0000a800    000000c2     driverlib_eabi.lib : sysctl.obj (.const:.string)
                  0000a8c2    000000bc                        : gpio.obj (.const:.string)
                  0000a97e    000000bc     sci_ex3_echoback.obj (.const:.string)
                  0000aa3a    000000bb     driverlib_eabi.lib : sci.obj (.const:.string)
                  0000aaf5    00000001     --HOLE-- [fill = 0]
                  0000aaf6    00000013     device.obj (.const:.string)

.data      1    0000ab0a    00000011     UNINITIALIZED
                  0000ab0a    00000006     device.obj (.data)
                  0000ab10    00000006     rts2800_fpu32_eabi.lib : exit.c.obj (.data)
                  0000ab16    00000002                            : _lock.c.obj (.data:_lock)
                  0000ab18    00000002                            : _lock.c.obj (.data:_unlock)
                  0000ab1a    00000001     sci_ex3_echoback.obj (.data)

.TI.ramfunc 
*          0    00000123    00000004     
                  00000123    00000004     driverlib_eabi.lib : sysctl.obj (.TI.ramfunc)

.text.1    0    00008000    0000053f     
                  00008000    00000052     driverlib_eabi.lib : gpio.obj (.text:GPIO_setPadConfig)
                  00008052    00000051                        : sysctl.obj (.text:SysCtl_getClock)
                  000080a3    00000046                        : sci.obj (.text:SCI_clearInterruptStatus)
                  000080e9    00000041                        : sci.obj (.text:SCI_writeCharArray)
                  0000812a    0000003e                        : sci.obj (.text:SCI_setConfig)
                  00008168    0000003d                        : interrupt.obj (.text:Interrupt_initModule)
                  000081a5    00000038                        : gpio.obj (.text:GPIO_setMasterCore)
                  000081dd    00000038                        : gpio.obj (.text:GPIO_setQualificationMode)
                  00008215    00000037                        : gpio.obj (.text:GPIO_setPinConfig)
                  0000824c    00000031     rts2800_fpu32_eabi.lib : copy_decompress_lzss.c.obj (.text:decompress:lzss)
                  0000827d    0000002b                            : autoinit.c.obj (.text:__TI_auto_init_nobinit_nopinit)
                  000082a8    00000029                            : exit.c.obj (.text)
                  000082d1    00000024     driverlib_eabi.lib : sysctl.obj (.text:CPUTimer_selectClockSource)
                  000082f5    00000022                        : sci.obj (.text:SCI_isFIFOEnabled)
                  00008317    00000020                        : sysctl.obj (.text:CPUTimer_getTimerOverflowStatus)
                  00008337    0000001f                        : sci.obj (.text:SCI_isBaseValid)
                  00008356    0000001e                        : interrupt.obj (.text:Interrupt_initVectorTable)
                  00008374    0000001d     rts2800_fpu32_eabi.lib : memcpy.c.obj (.text)
                  00008391    0000001b     driverlib_eabi.lib : sysctl.obj (.text:CPUTimer_startTimer)
                  000083ac    0000001b                        : sci.obj (.text:SCI_isSpaceAvailableNonFIFO)
                  000083c7    0000001a                        : sysctl.obj (.text:CPUTimer_isBaseValid)
                  000083e1    0000001a                        : sysctl.obj (.text:SysCtl_getLowSpeedClock)
                  000083fb    00000019                        : sci.obj (.text:SCI_disableModule)
                  00008414    00000019                        : sci.obj (.text:SCI_performSoftwareReset)
                  0000842d    00000019                        : sysctl.obj (.text:SysCtl_pollCpuTimer)
                  00008446    00000017     rts2800_fpu32_eabi.lib : boot28.asm.obj (.text)
                  0000845d    00000015     driverlib_eabi.lib : sci.obj (.text:SCI_getTxFIFOStatus)
                  00008472    00000014                        : sysctl.obj (.text:CPUTimer_stopTimer)
                  00008486    00000014                        : sci.obj (.text:SCI_enableModule)
                  0000849a    00000012                        : sysctl.obj (.text:CPUTimer_clearOverflowFlag)
                  000084ac    00000012                        : sysctl.obj (.text:CPUTimer_disableInterrupt)
                  000084be    00000012                        : sysctl.obj (.text:CPUTimer_setPeriod)
                  000084d0    0000000e                        : gpio.obj (.text:GPIO_isPinValid)
                  000084de    0000000e                        : interrupt.obj (.text:Interrupt_defaultHandler)
                  000084ec    0000000d                        : interrupt.obj (.text:Interrupt_disableMaster)
                  000084f9    0000000c     rts2800_fpu32_eabi.lib : args_main.c.obj (.text)
                  00008505    0000000b     driverlib_eabi.lib : sysctl.obj (.text:SysCtl_isMCDClockFailureDetected)
                  00008510    00000009                        : sysctl.obj (.text:SysCtl_serviceWatchdog)
                  00008519    00000009     rts2800_fpu32_eabi.lib : _lock.c.obj (.text)
                  00008522    00000008     F2837xS_CodeStartBranch.obj (.text)
                  0000852a    00000008     rts2800_fpu32_eabi.lib : copy_decompress_none.c.obj (.text:decompress:none)
                  00008532    00000007     driverlib_eabi.lib : sysctl.obj (.text:SysCtl_resetMCD)
                  00008539    00000002                        : interrupt.obj (.text:Interrupt_illegalOperationHandler)
                  0000853b    00000002                        : interrupt.obj (.text:Interrupt_nmiHandler)
                  0000853d    00000002     rts2800_fpu32_eabi.lib : pre_init.c.obj (.text)

.text.2    0    0000b000    00000800     
                  0000b000    00000242     device.obj (.text)
                  0000b242    00000207     driverlib_eabi.lib : sysctl.obj (.text:SysCtl_setClock)
                  0000b449    000001d6     sci_ex3_echoback.obj (.text)
                  0000b61f    00000088     rts2800_fpu32_eabi.lib : fs_div28.asm.obj (.text)
                  0000b6a7    0000006b     driverlib_eabi.lib : sysctl.obj (.text:SysCtl_selectXTAL)
                  0000b712    00000068                        : sysctl.obj (.text:SysCtl_getDeviceParametric)
                  0000b77a    00000054                        : sysctl.obj (.text:SysCtl_selectOscSource)
                  0000b7ce    00000031                        : gpio.obj (.text:GPIO_setDirectionMode)
                  0000b7ff    00000001     rts2800_fpu32_eabi.lib : startup.c.obj (.text)

MODULE SUMMARY

       Module                        code   ro data   rw data
       ------                        ----   -------   -------
    .\
       sci_ex3_echoback.obj          470    188       1      
    +--+-----------------------------+------+---------+---------+
       Total:                        470    188       1      
                                                             
    .\device\
       device.obj                    578    19        6      
       F2837xS_CodeStartBranch.obj   10     0         0      
    +--+-----------------------------+------+---------+---------+
       Total:                        588    19        6      
                                                             
    H:\ti\C2000\C2000Ware_4_00_00_00\driverlib\f2837xs\driverlib\ccs\Debug\driverlib_eabi.lib
       sysctl.obj                    1172   194       0      
       sci.obj                       380    187       0      
       gpio.obj                      312    188       0      
       interrupt.obj                 122    0         0      
    +--+-----------------------------+------+---------+---------+
       Total:                        1986   569       0      
                                                             
    H:\ti\CCS11.0.0\ccs\tools\compiler\ti-cgt-c2000_21.6.0.LTS\lib\rts2800_fpu32_eabi.lib
       fs_div28.asm.obj              136    0         0      
       copy_decompress_lzss.c.obj    49     0         0      
       exit.c.obj                    41     0         6      
       autoinit.c.obj                43     0         0      
       memcpy.c.obj                  29     0         0      
       boot28.asm.obj                23     0         0      
       _lock.c.obj                   9      0         4      
       args_main.c.obj               12     0         0      
       copy_decompress_none.c.obj    8      0         0      
       pre_init.c.obj                2      0         0      
       startup.c.obj                 1      0         0      
    +--+-----------------------------+------+---------+---------+
       Total:                        353    0         10     
                                                             
       Stack:                        0      0         256    
       Linker Generated:             0      18        0      
    +--+-----------------------------+------+---------+---------+
       Grand Total:                  3397   794       273    


LINKER GENERATED COPY TABLES

__TI_cinit_table @ 00000138 records: 1, size/record: 4, table size: 4
	.data: load addr=00000128, load size=0000000a bytes, run addr=0000ab0a, run size=00000011 bytes, compression=lzss


LINKER GENERATED HANDLER TABLE

__TI_handler_table @ 00000132 records: 2, size/record: 2, table size: 4
	index: 0, handler: __TI_decompress_lzss
	index: 1, handler: __TI_decompress_none


GLOBAL DATA SYMBOLS: SORTED BY DATA PAGE

address     data page           name
--------    ----------------    ----
00000400      10 (00000400)     __stack

0000ab0a     2ac (0000ab00)     Example_Result
0000ab0c     2ac (0000ab00)     Example_PassCount
0000ab0e     2ac (0000ab00)     Example_Fail
0000ab10     2ac (0000ab00)     __TI_enable_exit_profile_output
0000ab12     2ac (0000ab00)     __TI_cleanup_ptr
0000ab14     2ac (0000ab00)     __TI_dtors_ptr
0000ab16     2ac (0000ab00)     _lock
0000ab18     2ac (0000ab00)     _unlock
0000ab1a     2ac (0000ab00)     loopCounter


GLOBAL SYMBOLS: SORTED ALPHABETICALLY BY Name 

page  address   name                                     
----  -------   ----                                     
0     000082a8  C$$EXIT                                  
0     0000b1ff  Device_configureTMXAnalogTrim            
0     0000b0ad  Device_enableAllPeripherals              
0     0000b1e9  Device_enableUnbondedGPIOPullups         
0     0000b1cc  Device_enableUnbondedGPIOPullupsFor100Pin
0     0000b1b9  Device_enableUnbondedGPIOPullupsFor176Pin
0     0000b06d  Device_init                              
0     0000b198  Device_initGPIO                          
1     0000ab0e  Example_Fail                             
1     0000ab0c  Example_PassCount                        
1     0000ab0a  Example_Result                           
0     0000b241  Example_done                             
0     0000b23c  Example_setResultFail                    
0     0000b237  Example_setResultPass                    
0     0000b7ce  GPIO_setDirectionMode                    
0     000081a5  GPIO_setMasterCore                       
0     00008000  GPIO_setPadConfig                        
0     00008215  GPIO_setPinConfig                        
0     000081dd  GPIO_setQualificationMode                
0     00008168  Interrupt_initModule                     
0     00008356  Interrupt_initVectorTable                
0     000080a3  SCI_clearInterruptStatus                 
0     0000812a  SCI_setConfig                            
0     000080e9  SCI_writeCharArray                       
0     00000123  SysCtl_delay                             
0     00008052  SysCtl_getClock                          
0     0000b712  SysCtl_getDeviceParametric               
0     000083e1  SysCtl_getLowSpeedClock                  
0     0000b77a  SysCtl_selectOscSource                   
0     0000b6a7  SysCtl_selectXTAL                        
0     0000b242  SysCtl_setClock                          
0     00000138  __TI_CINIT_Base                          
0     0000013c  __TI_CINIT_Limit                         
0     0000013c  __TI_CINIT_Warm                          
0     00000132  __TI_Handler_Table_Base                  
0     00000136  __TI_Handler_Table_Limit                 
1     00000500  __TI_STACK_END                           
abs   00000100  __TI_STACK_SIZE                          
0     0000827d  __TI_auto_init_nobinit_nopinit           
1     0000ab12  __TI_cleanup_ptr                         
0     0000824c  __TI_decompress_lzss                     
0     0000852a  __TI_decompress_none                     
1     0000ab14  __TI_dtors_ptr                           
1     0000ab10  __TI_enable_exit_profile_output          
abs   ffffffff  __TI_pprof_out_hndl                      
abs   ffffffff  __TI_prof_data_size                      
abs   ffffffff  __TI_prof_data_start                     
0     0000b61f  __c28xabi_divf                           
n/a   UNDEFED   __c_args__                               
0     0000b230  __error__                                
1     00000400  __stack                                  
0     000084f9  _args_main                               
0     00008446  _c_int00                                 
1     0000ab16  _lock                                    
0     00008521  _nop                                     
0     0000851d  _register_lock                           
0     00008519  _register_unlock                         
0     0000b7ff  _system_post_cinit                       
0     0000853d  _system_pre_init                         
1     0000ab18  _unlock                                  
0     000082a8  abort                                    
0     00000000  code_start                               
0     000082aa  exit                                     
1     0000ab1a  loopCounter                              
0     0000b572  main                                     
0     00008374  memcpy                                   


GLOBAL SYMBOLS: SORTED BY Symbol Address 

page  address   name                                     
----  -------   ----                                     
0     00000000  code_start                               
0     00000123  SysCtl_delay                             
0     00000132  __TI_Handler_Table_Base                  
0     00000136  __TI_Handler_Table_Limit                 
0     00000138  __TI_CINIT_Base                          
0     0000013c  __TI_CINIT_Limit                         
0     0000013c  __TI_CINIT_Warm                          
0     00008000  GPIO_setPadConfig                        
0     00008052  SysCtl_getClock                          
0     000080a3  SCI_clearInterruptStatus                 
0     000080e9  SCI_writeCharArray                       
0     0000812a  SCI_setConfig                            
0     00008168  Interrupt_initModule                     
0     000081a5  GPIO_setMasterCore                       
0     000081dd  GPIO_setQualificationMode                
0     00008215  GPIO_setPinConfig                        
0     0000824c  __TI_decompress_lzss                     
0     0000827d  __TI_auto_init_nobinit_nopinit           
0     000082a8  C$$EXIT                                  
0     000082a8  abort                                    
0     000082aa  exit                                     
0     00008356  Interrupt_initVectorTable                
0     00008374  memcpy                                   
0     000083e1  SysCtl_getLowSpeedClock                  
0     00008446  _c_int00                                 
0     000084f9  _args_main                               
0     00008519  _register_unlock                         
0     0000851d  _register_lock                           
0     00008521  _nop                                     
0     0000852a  __TI_decompress_none                     
0     0000853d  _system_pre_init                         
0     0000b06d  Device_init                              
0     0000b0ad  Device_enableAllPeripherals              
0     0000b198  Device_initGPIO                          
0     0000b1b9  Device_enableUnbondedGPIOPullupsFor176Pin
0     0000b1cc  Device_enableUnbondedGPIOPullupsFor100Pin
0     0000b1e9  Device_enableUnbondedGPIOPullups         
0     0000b1ff  Device_configureTMXAnalogTrim            
0     0000b230  __error__                                
0     0000b237  Example_setResultPass                    
0     0000b23c  Example_setResultFail                    
0     0000b241  Example_done                             
0     0000b242  SysCtl_setClock                          
0     0000b572  main                                     
0     0000b61f  __c28xabi_divf                           
0     0000b6a7  SysCtl_selectXTAL                        
0     0000b712  SysCtl_getDeviceParametric               
0     0000b77a  SysCtl_selectOscSource                   
0     0000b7ce  GPIO_setDirectionMode                    
0     0000b7ff  _system_post_cinit                       
1     00000400  __stack                                  
1     00000500  __TI_STACK_END                           
1     0000ab0a  Example_Result                           
1     0000ab0c  Example_PassCount                        
1     0000ab0e  Example_Fail                             
1     0000ab10  __TI_enable_exit_profile_output          
1     0000ab12  __TI_cleanup_ptr                         
1     0000ab14  __TI_dtors_ptr                           
1     0000ab16  _lock                                    
1     0000ab18  _unlock                                  
1     0000ab1a  loopCounter                              
abs   00000100  __TI_STACK_SIZE                          
abs   ffffffff  __TI_pprof_out_hndl                      
abs   ffffffff  __TI_prof_data_size                      
abs   ffffffff  __TI_prof_data_start                     
n/a   UNDEFED   __c_args__                               

[66 symbols]
