******************************************************************************
             TMS320C2000 Linker PC v21.6.0                     
******************************************************************************
>> Linked Sun Nov  7 00:52:40 2021

OUTPUT FILE NAME:   <sci_ex3_echoback3.out>
ENTRY POINT SYMBOL: "code_start"  address: 00000000


MEMORY CONFIGURATION

         name            origin    length      used     unused   attr    fill
----------------------  --------  ---------  --------  --------  ----  --------
PAGE 0:
  BEGIN                 00000000   00000002  00000002  00000000  RWIX
  RAMM0                 00000123   000002dd  0000004c  00000291  RWIX
  RAMLS0                00008000   00000800  00000800  00000000  RWIX
  RAMLS1                00008800   00000800  00000800  00000000  RWIX
  RAMLS2                00009000   00000800  00000800  00000000  RWIX
  RAMLS3                00009800   00000800  00000800  00000000  RWIX
  RAMLS4                0000a000   00000800  0000057a  00000286  RWIX
  RAMD0                 0000b000   00000800  00000800  00000000  RWIX
  RESET                 003fffc0   00000002  00000000  00000002  RWIX

PAGE 1:
  BOOT_RSVD             00000002   00000121  00000000  00000121  RWIX
  RAMM1                 00000400   000003f8  00000100  000002f8  RWIX
  ADCARESULT            00000b00   00000018  00000000  00000018  RWIX
  ADCBRESULT            00000b20   00000018  00000000  00000018  RWIX
  ADCCRESULT            00000b40   00000018  00000000  00000018  RWIX
  ADCDRESULT            00000b60   00000018  00000000  00000018  RWIX
  CPUTIMER0             00000c00   00000008  00000000  00000008  RWIX
  CPUTIMER1             00000c08   00000008  00000008  00000000  RWIX
  CPUTIMER2             00000c10   00000008  00000008  00000000  RWIX
  PIECTRL               00000ce0   0000001a  0000001a  00000000  RWIX
  PIEVECTTABLE          00000d00   00000200  000001c0  00000040  RWIX
  DMA                   00001000   00000200  00000000  00000200  RWIX
  CLA1                  00001400   00000080  00000000  00000080  RWIX
  CLB1LOGICCFG          00003000   00000052  00000000  00000052  RWIX
  CLB1LOGICCTRL         00003100   00000040  00000000  00000040  RWIX
  CLB1DATAEXCH          00003200   00000200  00000000  00000200  RWIX
  CLB2LOGICCFG          00003400   00000052  00000000  00000052  RWIX
  CLB2LOGICCTRL         00003500   00000040  00000000  00000040  RWIX
  CLB2DATAEXCH          00003600   00000200  00000000  00000200  RWIX
  CLB3LOGICCFG          00003800   00000052  00000000  00000052  RWIX
  CLB3LOGICCTRL         00003900   00000040  00000000  00000040  RWIX
  CLB3DATAEXCH          00003a00   00000200  00000000  00000200  RWIX
  CLB4LOGICCFG          00003c00   00000052  00000000  00000052  RWIX
  CLB4LOGICCTRL         00003d00   00000040  00000000  00000040  RWIX
  CLB4DATAEXCH          00003e00   00000200  00000000  00000200  RWIX
  EPWM1                 00004000   00000100  00000000  00000100  RWIX
  EPWM2                 00004100   00000100  00000000  00000100  RWIX
  EPWM3                 00004200   00000100  00000000  00000100  RWIX
  EPWM4                 00004300   00000100  00000000  00000100  RWIX
  EPWM5                 00004400   00000100  00000000  00000100  RWIX
  EPWM6                 00004500   00000100  00000000  00000100  RWIX
  EPWM7                 00004600   00000100  00000000  00000100  RWIX
  EPWM8                 00004700   00000100  00000000  00000100  RWIX
  EPWM9                 00004800   00000100  00000000  00000100  RWIX
  EPWM10                00004900   00000100  00000000  00000100  RWIX
  EPWM11                00004a00   00000100  00000000  00000100  RWIX
  EPWM12                00004b00   00000100  00000000  00000100  RWIX
  ECAP1                 00005000   00000020  00000000  00000020  RWIX
  ECAP2                 00005020   00000020  00000000  00000020  RWIX
  ECAP3                 00005040   00000020  00000000  00000020  RWIX
  ECAP4                 00005060   00000020  00000000  00000020  RWIX
  ECAP5                 00005080   00000020  00000000  00000020  RWIX
  ECAP6                 000050a0   00000020  00000000  00000020  RWIX
  EQEP1                 00005100   00000022  00000000  00000022  RWIX
  EQEP2                 00005140   00000022  00000000  00000022  RWIX
  EQEP3                 00005180   00000022  00000000  00000022  RWIX
  DACA                  00005c00   00000008  00000000  00000008  RWIX
  DACB                  00005c10   00000008  00000000  00000008  RWIX
  DACC                  00005c20   00000008  00000000  00000008  RWIX
  CMPSS1                00005c80   00000020  00000000  00000020  RWIX
  CMPSS2                00005ca0   00000020  00000000  00000020  RWIX
  CMPSS3                00005cc0   00000020  00000000  00000020  RWIX
  CMPSS4                00005ce0   00000020  00000000  00000020  RWIX
  CMPSS5                00005d00   00000020  00000000  00000020  RWIX
  CMPSS6                00005d20   00000020  00000000  00000020  RWIX
  CMPSS7                00005d40   00000020  00000000  00000020  RWIX
  CMPSS8                00005d60   00000020  00000000  00000020  RWIX
  SDFM1                 00005e00   00000080  00000000  00000080  RWIX
  SDFM2                 00005e80   00000080  00000000  00000080  RWIX
  MCBSPA                00006000   00000024  00000000  00000024  RWIX
  MCBSPB                00006040   00000024  00000000  00000024  RWIX
  SPIA                  00006100   00000010  00000000  00000010  RWIX
  SPIB                  00006110   00000010  00000000  00000010  RWIX
  SPIC                  00006120   00000010  00000000  00000010  RWIX
  UPP                   00006200   00000048  00000000  00000048  RWIX
  WD                    00007000   0000002b  0000002b  00000000  RWIX
  NMIINTRUPT            00007060   00000007  00000000  00000007  RWIX
  XINT                  00007070   0000000b  00000000  0000000b  RWIX
  SCIA                  00007200   00000010  00000000  00000010  RWIX
  SCIB                  00007210   00000010  00000000  00000010  RWIX
  SCIC                  00007220   00000010  00000000  00000010  RWIX
  SCID                  00007230   00000010  00000000  00000010  RWIX
  I2CA                  00007300   00000022  00000000  00000022  RWIX
  I2CB                  00007340   00000022  00000000  00000022  RWIX
  ADCA                  00007400   00000080  00000000  00000080  RWIX
  ADCB                  00007480   00000080  00000000  00000080  RWIX
  ADCC                  00007500   00000080  00000000  00000080  RWIX
  ADCD                  00007580   00000080  00000000  00000080  RWIX
  INPUTXBAR             00007900   00000020  00000020  00000000  RWIX
  XBAR                  00007920   00000020  00000000  00000020  RWIX
  SYNCSOC               00007940   00000006  00000000  00000006  RWIX
  DMACLASRCSEL          00007980   0000001a  00000000  0000001a  RWIX
  EPWMXBAR              00007a00   00000040  00000000  00000040  RWIX
  CLBXBAR               00007a40   00000040  00000000  00000040  RWIX
  OUTPUTXBAR            00007a80   00000040  00000000  00000040  RWIX
  GPIOCTRL              00007c00   00000180  00000180  00000000  RWIX
  GPIODATA              00007f00   00000030  00000030  00000000  RWIX
  RAMLS5                0000a800   00000800  000005b6  0000024a  RWIX
  RAMD1                 0000b800   00000800  00000000  00000800  RWIX
  RAMGS0                0000c000   00001000  00000000  00001000  RWIX
  RAMGS1                0000d000   00001000  00000000  00001000  RWIX
  RAMGS23               0000e000   00002000  00001000  00001000  RWIX
  RAMGS45               00010000   00002000  00000800  00001800  RWIX
  RAMGS67               00012000   00002000  00000402  00001bfe  RWIX
  RAMGS89               00014000   00002000  00000000  00002000  RWIX
  RAMGS1011             00016000   00002000  00000800  00001800  RWIX
  EMIF1                 00047000   00000070  00000000  00000070  RWIX
  EMIF2                 00047800   00000070  00000000  00000070  RWIX
  CANA                  00048000   00000200  00000000  00000200  RWIX
  CANA_MSG_RAM          00049000   00000800  00000000  00000800  RWIX
  CANB                  0004a000   00000200  00000000  00000200  RWIX
  CANB_MSG_RAM          0004b000   00000800  00000000  00000800  RWIX
  IPC                   00050000   00000024  00000000  00000024  RWIX
  FLASHPUMPSEMAPHORE    00050024   00000002  00000002  00000000  RWIX
  DEVCFG                0005d000   0000012e  0000012e  00000000  RWIX
  ANALOGSUBSYS          0005d180   00000048  0000003e  0000000a  RWIX
  CLKCFG                0005d200   00000032  00000032  00000000  RWIX
  CPUSYS                0005d300   00000082  00000082  00000000  RWIX
  ROMPREFETCH           0005e608   00000002  00000000  00000002  RWIX
  DCSMZ1                0005f000   00000024  00000022  00000002  RWIX
  DCSMZ2                0005f040   00000024  00000022  00000002  RWIX
  DCSMCOMMON            0005f070   00000008  00000000  00000008  RWIX
  MEMCFG                0005f400   00000080  00000000  00000080  RWIX
  EMIF1CONFIG           0005f480   00000020  00000000  00000020  RWIX
  EMIF2CONFIG           0005f4a0   00000020  00000000  00000020  RWIX
  ACCESSPROTECTION      0005f4c0   00000040  00000000  00000040  RWIX
  MEMORYERROR           0005f500   00000040  00000000  00000040  RWIX
  ROMWAITSTATE          0005f540   00000002  00000000  00000002  RWIX
  FLASH0CTRL            0005f800   00000182  00000000  00000182  RWIX
  FLASH0ECC             0005fb00   00000028  00000000  00000028  RWIX


SECTION ALLOCATION MAP

 output                                  attributes/
section   page    origin      length       input sections
--------  ----  ----------  ----------   ----------------
codestart 
*          0    00000000    00000002     
                  00000000    00000002     F2837xD_CodeStartBranch.obj (codestart)

.cinit     0    00000128    00000048     
                  00000128    0000000b     (.cinit..data.load) [load image, compression = lzss]
                  00000133    00000001     --HOLE-- [fill = 0]
                  00000134    00000006     (__TI_handler_table)
                  0000013a    00000004     (.cinit..bss.load) [load image, compression = zero_init]
                  0000013e    00000004     (.cinit.PieVectTableFile.load) [load image, compression = zero_init]
                  00000142    00000004     (.cinit.RFFTdata1.load) [load image, compression = zero_init]
                  00000146    00000004     (.cinit.RFFTdata2.load) [load image, compression = zero_init]
                  0000014a    00000004     (.cinit.RFFTdata3.load) [load image, compression = zero_init]
                  0000014e    00000004     (.cinit.RFFTdata5.load) [load image, compression = zero_init]
                  00000152    00000002     --HOLE-- [fill = 0]
                  00000154    0000001c     (__TI_cinit_table)

.reset     0    003fffc0    00000000     DSECT

.stack     1    00000400    00000100     UNINITIALIZED
                  00000400    00000100     --HOLE--

.bss       1    0000adac    0000000c     UNINITIALIZED
                  0000adac    0000000c     sci_ex3_echoback.obj (.bss)

.init_array 
*          0    00000123    00000000     UNINITIALIZED

.const     1    0000a800    00000597     
                  0000a800    000001c0     F2837xD_PieVect.obj (.const)
                  0000a9c0    000000c2     driverlib_eabi.lib : sysctl.obj (.const:.string)
                  0000aa82    000000bb                        : sci.obj (.const:.string)
                  0000ab3d    00000001     --HOLE-- [fill = 0]
                  0000ab3e    00000084     rts2800_fpu32_eabi.lib : k_rem_pio2.c.obj (.const:ipio2)
                  0000abc2    0000003c                            : k_cos.c.obj (.const)
                  0000abfe    00000002     --HOLE-- [fill = 0]
                  0000ac00    00000064                            : e_rem_pio2.c.obj (.const)
                  0000ac64    00000043     board.obj (.const:.string)
                  0000aca7    00000001     --HOLE-- [fill = 0]
                  0000aca8    00000013     device.obj (.const:.string)
                  0000acbb    00000004     rts2800_fpu32_eabi.lib : k_rem_pio2.c.obj (.const:init_jk)
                  0000acbf    00000001     --HOLE-- [fill = 0]
                  0000acc0    00000038                            : k_sin.c.obj (.const)
                  0000acf8    00000008     F2837xD_SysCtrl.obj (.const)
                  0000ad00    0000002c     rts2800_fpu32_eabi.lib : k_rem_pio2.c.obj (.const)
                  0000ad2c    00000020                            : k_rem_pio2.c.obj (.const:PIo2)
                  0000ad4c    0000001c                            : s_scalbn.c.obj (.const)
                  0000ad68    00000012     sci_ex3_echoback.obj (.const:.string)
                  0000ad7a    00000004     rts2800_fpu32_eabi.lib : s_cos.c.obj (.const)
                  0000ad7e    00000002     --HOLE-- [fill = 0]
                  0000ad80    0000000c                            : s_floor.c.obj (.const)
                  0000ad8c    00000004                            : s_sin.c.obj (.const)
                  0000ad90    00000004     sci_ex3_echoback.obj (.const)
                  0000ad94    00000003     sci_ex3_echoback.obj (.const:.string:$P$T0$1)

.data      1    0000ad98    00000013     UNINITIALIZED
                  0000ad98    00000006     device.obj (.data)
                  0000ad9e    00000006     rts2800_fpu32_eabi.lib : exit.c.obj (.data)
                  0000ada4    00000002                            : _lock.c.obj (.data:_lock)
                  0000ada6    00000002                            : _lock.c.obj (.data:_unlock)
                  0000ada8    00000002     sci_ex3_echoback.obj (.data)
                  0000adaa    00000001     rts2800_fpu32_eabi.lib : errno.c.obj (.data)

.TI.ramfunc 
*          0    00000123    00000004     
                  00000123    00000004     driverlib_eabi.lib : sysctl.obj (.TI.ramfunc)

PieVectTableFile 
*          1    00000d00    000001c0     UNINITIALIZED
                  00000d00    000001c0     F2837xD_GlobalVariableDefs.obj (PieVectTableFile)

EmuKeyVar 
*          1    00000d00    00000000     UNINITIALIZED

EmuBModeVar 
*          1    00000d00    00000000     UNINITIALIZED

EmuBootPinsVar 
*          1    00000d00    00000000     UNINITIALIZED

FlashCallbackVar 
*          1    00000d00    00000000     UNINITIALIZED

FlashScalingVar 
*          1    00000d00    00000000     UNINITIALIZED

RFFTdata1 
*          1    0000e000    00001000     UNINITIALIZED
                  0000e000    00001000     sci_ex3_echoback.obj (RFFTdata1)

RFFTdata2 
*          1    00010000    00000800     UNINITIALIZED
                  00010000    00000800     sci_ex3_echoback.obj (RFFTdata2)

RFFTdata3 
*          1    00012000    00000402     UNINITIALIZED
                  00012000    00000402     sci_ex3_echoback.obj (RFFTdata3)

RFFTdata5 
*          1    00016000    00000800     UNINITIALIZED
                  00016000    00000800     sci_ex3_echoback.obj (RFFTdata5)

AnalogSubsysRegsFile 
*          1    0005d180    0000003e     UNINITIALIZED
                  0005d180    0000003e     F2837xD_GlobalVariableDefs.obj (AnalogSubsysRegsFile)

ClkCfgRegsFile 
*          1    0005d200    00000032     UNINITIALIZED
                  0005d200    00000032     F2837xD_GlobalVariableDefs.obj (ClkCfgRegsFile)

CpuTimer1RegsFile 
*          1    00000c08    00000008     UNINITIALIZED
                  00000c08    00000008     F2837xD_GlobalVariableDefs.obj (CpuTimer1RegsFile)

CpuTimer2RegsFile 
*          1    00000c10    00000008     UNINITIALIZED
                  00000c10    00000008     F2837xD_GlobalVariableDefs.obj (CpuTimer2RegsFile)

CpuSysRegsFile 
*          1    0005d300    00000082     UNINITIALIZED
                  0005d300    00000082     F2837xD_GlobalVariableDefs.obj (CpuSysRegsFile)

DevCfgRegsFile 
*          1    0005d000    0000012e     UNINITIALIZED
                  0005d000    0000012e     F2837xD_GlobalVariableDefs.obj (DevCfgRegsFile)

DcsmZ1RegsFile 
*          1    0005f000    00000022     UNINITIALIZED
                  0005f000    00000022     F2837xD_GlobalVariableDefs.obj (DcsmZ1RegsFile)

DcsmZ2RegsFile 
*          1    0005f040    00000022     UNINITIALIZED
                  0005f040    00000022     F2837xD_GlobalVariableDefs.obj (DcsmZ2RegsFile)

GpioCtrlRegsFile 
*          1    00007c00    00000180     UNINITIALIZED
                  00007c00    00000180     F2837xD_GlobalVariableDefs.obj (GpioCtrlRegsFile)

GpioDataRegsFile 
*          1    00007f00    00000030     UNINITIALIZED
                  00007f00    00000030     F2837xD_GlobalVariableDefs.obj (GpioDataRegsFile)

FlashPumpSemaphoreRegsFile 
*          1    00050024    00000002     UNINITIALIZED
                  00050024    00000002     F2837xD_GlobalVariableDefs.obj (FlashPumpSemaphoreRegsFile)

InputXbarRegsFile 
*          1    00007900    00000020     UNINITIALIZED
                  00007900    00000020     F2837xD_GlobalVariableDefs.obj (InputXbarRegsFile)

PieCtrlRegsFile 
*          1    00000ce0    0000001a     UNINITIALIZED
                  00000ce0    0000001a     F2837xD_GlobalVariableDefs.obj (PieCtrlRegsFile)

WdRegsFile 
*          1    00007000    0000002b     UNINITIALIZED
                  00007000    0000002b     F2837xD_GlobalVariableDefs.obj (WdRegsFile)

.text.1    0    00008000    00000800     
                  00008000    00000585     F2837xD_DefaultISR.obj (.text:retain)
                  00008585    00000244     F2837xD_Gpio.obj (.text)
                  000087c9    00000037     driverlib_eabi.lib : gpio.obj (.text:GPIO_setPinConfig)

.text.2    0    00008800    00000800     
                  00008800    000004bb     F2837xD_SysCtrl.obj (.text)
                  00008cbb    00000242     device.obj (.text)
                  00008efd    000000e9     rts2800_fpu32_eabi.lib : s_floor.c.obj (.text)
                  00008fe6    0000001a     driverlib_eabi.lib : sysctl.obj (.text:CPUTimer_isBaseValid)

.text.3    0    00009000    00000800     
                  00009000    00000430     rts2800_fpu32_eabi.lib : e_rem_pio2.c.obj (.text)
                  00009430    00000207     driverlib_eabi.lib : sysctl.obj (.text:SysCtl_setClock)
                  00009637    00000001     rts2800_fpu32_eabi.lib : startup.c.obj (.text)
                  00009638    0000011d     c28x_fpu_dsp_library_eabi.lib : RFFT_f32.obj (.text)
                  00009755    0000009c     rts2800_fpu32_eabi.lib : fd_add28.asm.obj (.text)
                  000097f1    0000000d     driverlib_eabi.lib : interrupt.obj (.text:Interrupt_disableMaster)
                  000097fe    00000002     rts2800_fpu32_eabi.lib : pre_init.c.obj (.text)

.text.4    0    00009800    00000800     
                  00009800    0000010b     rts2800_fpu32_eabi.lib : k_cos.c.obj (.text)
                  0000990b    000000e8     board.obj (.text)
                  000099f3    000000d8     sci_ex3_echoback.obj (.text)
                  00009acb    000000ce     rts2800_fpu32_eabi.lib : s_cos.c.obj (.text)
                  00009b99    000000cb                            : s_sin.c.obj (.text)
                  00009c64    000000ae                            : s_scalbn.c.obj (.text)
                  00009d12    00000088                            : fs_div28.asm.obj (.text)
                  00009d9a    00000083                            : fd_mpy28.asm.obj (.text)
                  00009e1d    0000006b     c28x_fpu_dsp_library_eabi.lib : RFFT_f32_sincostable.obj (.text)
                  00009e88    00000068     driverlib_eabi.lib : sysctl.obj (.text:SysCtl_getDeviceParametric)
                  00009ef0    00000063     rts2800_fpu32_eabi.lib : s_cosf.c.obj (.text)
                  00009f53    00000059                            : s_sinf.c.obj (.text)
                  00009fac    00000054     driverlib_eabi.lib : sysctl.obj (.text:SysCtl_selectOscSource)

.text.5    0    0000a000    0000057a     
                  0000a000    00000051     driverlib_eabi.lib : sysctl.obj (.text:SysCtl_getClock)
                  0000a051    00000046                        : sci.obj (.text:SCI_clearInterruptStatus)
                  0000a097    00000041                        : sci.obj (.text:SCI_writeCharArray)
                  0000a0d8    0000003e                        : sci.obj (.text:SCI_setConfig)
                  0000a116    0000003d                        : interrupt.obj (.text:Interrupt_initModule)
                  0000a153    00000031     rts2800_fpu32_eabi.lib : copy_decompress_lzss.c.obj (.text:decompress:lzss)
                  0000a184    0000002b                            : autoinit.c.obj (.text:__TI_auto_init_nobinit_nopinit)
                  0000a1af    0000002a                            : fd_cmp28.asm.obj (.text)
                  0000a1d9    00000029                            : exit.c.obj (.text)
                  0000a202    00000028     F2837xD_PieCtrl.obj (.text)
                  0000a22a    00000026     F2837xD_PieVect.obj (.text)
                  0000a250    00000025     rts2800_fpu32_eabi.lib : s_copysign.c.obj (.text)
                  0000a275    00000024     driverlib_eabi.lib : sysctl.obj (.text:CPUTimer_selectClockSource)
                  0000a299    00000023     rts2800_fpu32_eabi.lib : fd_tofsfpu32.asm.obj (.text)
                  0000a2bc    00000022     driverlib_eabi.lib : sci.obj (.text:SCI_isFIFOEnabled)
                  0000a2de    00000022     rts2800_fpu32_eabi.lib : i_div28.asm.obj (.text)
                  0000a300    00000021                            : fd_toi28.asm.obj (.text)
                  0000a321    00000020     driverlib_eabi.lib : sysctl.obj (.text:CPUTimer_getTimerOverflowStatus)
                  0000a341    0000001f                        : sci.obj (.text:SCI_isBaseValid)
                  0000a360    0000001f     rts2800_fpu32_eabi.lib : fd_tol28.asm.obj (.text)
                  0000a37f    0000001d                            : memcpy.c.obj (.text)
                  0000a39c    0000001c                            : fs_tofdfpu32.asm.obj (.text)
                  0000a3b8    0000001c                            : l_tofd28.asm.obj (.text)
                  0000a3d4    0000001b     driverlib_eabi.lib : sysctl.obj (.text:CPUTimer_startTimer)
                  0000a3ef    0000001b                        : sci.obj (.text:SCI_isSpaceAvailableNonFIFO)
                  0000a40a    0000001a                        : sysctl.obj (.text:SysCtl_getLowSpeedClock)
                  0000a424    00000019                        : sci.obj (.text:SCI_disableModule)
                  0000a43d    00000019                        : sci.obj (.text:SCI_performSoftwareReset)
                  0000a456    00000019                        : sysctl.obj (.text:SysCtl_pollCpuTimer)
                  0000a46f    00000018     rts2800_fpu32_eabi.lib : ll_aox28.asm.obj (.text)
                  0000a487    00000017                            : boot28.asm.obj (.text)
                  0000a49e    00000015     driverlib_eabi.lib : sci.obj (.text:SCI_getTxFIFOStatus)
                  0000a4b3    00000014                        : sysctl.obj (.text:CPUTimer_stopTimer)
                  0000a4c7    00000014                        : sci.obj (.text:SCI_enableModule)
                  0000a4db    00000013     examples_setup.obj (.text)
                  0000a4ee    00000012     driverlib_eabi.lib : sysctl.obj (.text:CPUTimer_clearOverflowFlag)
                  0000a500    00000012                        : sysctl.obj (.text:CPUTimer_disableInterrupt)
                  0000a512    00000012                        : sysctl.obj (.text:CPUTimer_setPeriod)
                  0000a524    0000000c     rts2800_fpu32_eabi.lib : args_main.c.obj (.text)
                  0000a530    0000000b     driverlib_eabi.lib : sysctl.obj (.text:SysCtl_isMCDClockFailureDetected)
                  0000a53b    00000009                        : sysctl.obj (.text:SysCtl_serviceWatchdog)
                  0000a544    00000009     rts2800_fpu32_eabi.lib : _lock.c.obj (.text)
                  0000a54d    00000009                            : fd_neg28.asm.obj (.text)
                  0000a556    00000008     F2837xD_CodeStartBranch.obj (.text)
                  0000a55e    00000008     rts2800_fpu32_eabi.lib : copy_decompress_none.c.obj (.text:decompress:none)
                  0000a566    00000007     driverlib_eabi.lib : sysctl.obj (.text:SysCtl_resetMCD)
                  0000a56d    00000007     rts2800_fpu32_eabi.lib : memset.c.obj (.text)
                  0000a574    00000006                            : copy_zero_init.c.obj (.text:decompress:ZI)

.text.6    0    0000b000    00000800     
                  0000b000    00000663     rts2800_fpu32_eabi.lib : k_rem_pio2.c.obj (.text)
                  0000b663    00000124                            : k_sin.c.obj (.text)
                  0000b787    0000006b     driverlib_eabi.lib : sysctl.obj (.text:SysCtl_selectXTAL)
                  0000b7f2    0000000e     rts2800_fpu32_eabi.lib : fd_sub28.asm.obj (.text)

MODULE SUMMARY

       Module                           code    ro data   rw data
       ------                           ----    -------   -------
    .\
       sci_ex3_echoback.obj             216     25        9232   
       F2837xD_GlobalVariableDefs.obj   0       0         1611   
       F2837xD_DefaultISR.obj           1413    0         0      
       F2837xD_SysCtrl.obj              1211    8         0      
       F2837xD_Gpio.obj                 580     0         0      
       F2837xD_PieVect.obj              38      448       0      
       board.obj                        232     67        0      
       F2837xD_PieCtrl.obj              40      0         0      
       examples_setup.obj               19      0         0      
       F2837xD_CodeStartBranch.obj      10      0         0      
    +--+--------------------------------+-------+---------+---------+
       Total:                           3759    548       10843  
                                                                 
    .\device\
       device.obj                       578     19        6      
    +--+--------------------------------+-------+---------+---------+
       Total:                           578     19        6      
                                                                 
    H:\ti\C2000\C2000Ware_4_00_00_00\driverlib\f2837xs\driverlib\ccs\Debug\driverlib_eabi.lib
       sysctl.obj                       1172    194       0      
       sci.obj                          380     187       0      
       interrupt.obj                    74      0         0      
       gpio.obj                         55      0         0      
    +--+--------------------------------+-------+---------+---------+
       Total:                           1681    381       0      
                                                                 
    H:\ti\C2000\C2000Ware_4_00_00_00\libraries\dsp\FPU\c28\lib\c28x_fpu_dsp_library_eabi.lib
       RFFT_f32.obj                     285     0         0      
       RFFT_f32_sincostable.obj         107     0         0      
    +--+--------------------------------+-------+---------+---------+
       Total:                           392     0         0      
                                                                 
    H:\ti\CCS11.0.0\ccs\tools\compiler\ti-cgt-c2000_21.6.0.LTS\lib\rts2800_fpu32_eabi.lib
       k_rem_pio2.c.obj                 1635    212       0      
       e_rem_pio2.c.obj                 1072    100       0      
       k_sin.c.obj                      292     56        0      
       k_cos.c.obj                      267     60        0      
       s_floor.c.obj                    233     12        0      
       s_cos.c.obj                      206     4         0      
       s_sin.c.obj                      203     4         0      
       s_scalbn.c.obj                   174     28        0      
       fd_add28.asm.obj                 156     0         0      
       fs_div28.asm.obj                 136     0         0      
       fd_mpy28.asm.obj                 131     0         0      
       s_cosf.c.obj                     99      0         0      
       s_sinf.c.obj                     89      0         0      
       copy_decompress_lzss.c.obj       49      0         0      
       exit.c.obj                       41      0         6      
       autoinit.c.obj                   43      0         0      
       fd_cmp28.asm.obj                 42      0         0      
       s_copysign.c.obj                 37      0         0      
       fd_tofsfpu32.asm.obj             35      0         0      
       i_div28.asm.obj                  34      0         0      
       fd_toi28.asm.obj                 33      0         0      
       fd_tol28.asm.obj                 31      0         0      
       memcpy.c.obj                     29      0         0      
       fs_tofdfpu32.asm.obj             28      0         0      
       l_tofd28.asm.obj                 28      0         0      
       ll_aox28.asm.obj                 24      0         0      
       boot28.asm.obj                   23      0         0      
       fd_sub28.asm.obj                 14      0         0      
       _lock.c.obj                      9       0         4      
       args_main.c.obj                  12      0         0      
       fd_neg28.asm.obj                 9       0         0      
       copy_decompress_none.c.obj       8       0         0      
       memset.c.obj                     7       0         0      
       copy_zero_init.c.obj             6       0         0      
       pre_init.c.obj                   2       0         0      
       errno.c.obj                      0       0         1      
       startup.c.obj                    1       0         0      
    +--+--------------------------------+-------+---------+---------+
       Total:                           5238    476       11     
                                                                 
       Stack:                           0       0         256    
       Linker Generated:                0       69        0      
    +--+--------------------------------+-------+---------+---------+
       Grand Total:                     11648   1493      11116  


LINKER GENERATED COPY TABLES

__TI_cinit_table @ 00000154 records: 7, size/record: 4, table size: 28
	.data: load addr=00000128, load size=0000000b bytes, run addr=0000ad98, run size=00000013 bytes, compression=lzss
	.bss: load addr=0000013a, load size=00000004 bytes, run addr=0000adac, run size=0000000c bytes, compression=zero_init
	PieVectTableFile: load addr=0000013e, load size=00000004 bytes, run addr=00000d00, run size=000001c0 bytes, compression=zero_init
	RFFTdata1: load addr=00000142, load size=00000004 bytes, run addr=0000e000, run size=00001000 bytes, compression=zero_init
	RFFTdata2: load addr=00000146, load size=00000004 bytes, run addr=00010000, run size=00000800 bytes, compression=zero_init
	RFFTdata3: load addr=0000014a, load size=00000004 bytes, run addr=00012000, run size=00000402 bytes, compression=zero_init
	RFFTdata5: load addr=0000014e, load size=00000004 bytes, run addr=00016000, run size=00000800 bytes, compression=zero_init


LINKER GENERATED HANDLER TABLE

__TI_handler_table @ 00000134 records: 3, size/record: 2, table size: 6
	index: 0, handler: __TI_zero_init
	index: 1, handler: __TI_decompress_lzss
	index: 2, handler: __TI_decompress_none


GLOBAL DATA SYMBOLS: SORTED BY DATA PAGE

address     data page           name
--------    ----------------    ----
00000400      10 (00000400)     __stack

00000c08      30 (00000c00)     CpuTimer1Regs
00000c10      30 (00000c00)     CpuTimer2Regs

00000ce0      33 (00000cc0)     PieCtrlRegs

00000d00      34 (00000d00)     PieVectTable

00007000     1c0 (00007000)     WdRegs

00007900     1e4 (00007900)     InputXbarRegs

00007c00     1f0 (00007c00)     GpioCtrlRegs

00007f00     1fc (00007f00)     GpioDataRegs

0000a800     2a0 (0000a800)     PieVectTableInit

0000ad98     2b6 (0000ad80)     Example_Result
0000ad9a     2b6 (0000ad80)     Example_PassCount
0000ad9c     2b6 (0000ad80)     Example_Fail
0000ad9e     2b6 (0000ad80)     __TI_enable_exit_profile_output
0000ada0     2b6 (0000ad80)     __TI_cleanup_ptr
0000ada2     2b6 (0000ad80)     __TI_dtors_ptr
0000ada4     2b6 (0000ad80)     _lock
0000ada6     2b6 (0000ad80)     _unlock
0000ada8     2b6 (0000ad80)     hnd_rfft
0000adaa     2b6 (0000ad80)     errno
0000adac     2b6 (0000ad80)     rfft

0000e000     380 (0000e000)     RFFTin1Buff

00010000     400 (00010000)     RFFToutBuff

00012000     480 (00012000)     RFFTmagBuff

00016000     580 (00016000)     RFFTF32Coef

00050024    1400 (00050000)     FlashPumpSemaphoreRegs

0005d000    1740 (0005d000)     DevCfgRegs

0005d180    1746 (0005d180)     AnalogSubsysRegs

0005d200    1748 (0005d200)     ClkCfgRegs

0005d300    174c (0005d300)     CpuSysRegs

0005f000    17c0 (0005f000)     DcsmZ1Regs

0005f040    17c1 (0005f040)     DcsmZ2Regs


GLOBAL SYMBOLS: SORTED ALPHABETICALLY BY Name 

page  address   name                                     
----  -------   ----                                     
0     000080be  ADCA1_ISR                                
0     0000833e  ADCA2_ISR                                
0     00008348  ADCA3_ISR                                
0     00008352  ADCA4_ISR                                
0     00008334  ADCA_EVT_ISR                             
0     000080c8  ADCB1_ISR                                
0     00008366  ADCB2_ISR                                
0     00008370  ADCB3_ISR                                
0     0000837a  ADCB4_ISR                                
0     0000835c  ADCB_EVT_ISR                             
0     000080d2  ADCC1_ISR                                
0     000084ce  ADCC2_ISR                                
0     000084d8  ADCC3_ISR                                
0     000084e2  ADCC4_ISR                                
0     000084c4  ADCC_EVT_ISR                             
0     000080f0  ADCD1_ISR                                
0     000084f6  ADCD2_ISR                                
0     00008500  ADCD3_ISR                                
0     0000850a  ADCD4_ISR                                
0     000084ec  ADCD_EVT_ISR                             
0     00008546  AUX_PLL_SLIP_ISR                         
1     0005d180  AnalogSubsysRegs                         
0     00008c4a  AuxAuxClkSel                             
0     00008c34  AuxIntOsc2Sel                            
0     00008c3e  AuxXtalOscSel                            
0     000099aa  Board_init                               
0     0000a1d9  C$$EXIT                                  
0     0000830c  CANA0_ISR                                
0     00008316  CANA1_ISR                                
0     00008320  CANB0_ISR                                
0     0000832a  CANB1_ISR                                
0     00008384  CLA1_1_ISR                               
0     0000838e  CLA1_2_ISR                               
0     00008398  CLA1_3_ISR                               
0     000083a2  CLA1_4_ISR                               
0     000083ac  CLA1_5_ISR                               
0     000083b6  CLA1_6_ISR                               
0     000083c0  CLA1_7_ISR                               
0     000083ca  CLA1_8_ISR                               
0     00008550  CLA_OVERFLOW_ISR                         
0     0000855a  CLA_UNDERFLOW_ISR                        
1     0005d200  ClkCfgRegs                               
0     00008c9e  ConfigureTMXAnalogTrim                   
1     0005d300  CpuSysRegs                               
1     00000c08  CpuTimer1Regs                            
1     00000c10  CpuTimer2Regs                            
0     00008bdf  CsmUnlock                                
0     00008014  DATALOG_ISR                              
0     00008258  DMA_CH1_ISR                              
0     00008262  DMA_CH2_ISR                              
0     0000826c  DMA_CH3_ISR                              
0     00008276  DMA_CH4_ISR                              
0     00008280  DMA_CH5_ISR                              
0     0000828a  DMA_CH6_ISR                              
1     0005f000  DcsmZ1Regs                               
1     0005f040  DcsmZ2Regs                               
1     0005d000  DevCfgRegs                               
0     00008eba  Device_configureTMXAnalogTrim            
0     00008d68  Device_enableAllPeripherals              
0     00008ea4  Device_enableUnbondedGPIOPullups         
0     00008e87  Device_enableUnbondedGPIOPullupsFor100Pin
0     00008e74  Device_enableUnbondedGPIOPullupsFor176Pin
0     00008d28  Device_init                              
0     00008e53  Device_initGPIO                          
0     000088e3  DisableDog                               
0     000088a4  DisablePeripheralClocks                  
0     000081ae  ECAP1_ISR                                
0     000081b8  ECAP2_ISR                                
0     000081c2  ECAP3_ISR                                
0     000081cc  ECAP4_ISR                                
0     000081d6  ECAP5_ISR                                
0     000081e0  ECAP6_ISR                                
0     00008514  EMIF_ERROR_ISR                           
0     0000856e  EMPTY_ISR                                
0     00008028  EMU_ISR                                  
0     0000846a  EPWM10_ISR                               
0     00008442  EPWM10_TZ_ISR                            
0     00008474  EPWM11_ISR                               
0     0000844c  EPWM11_TZ_ISR                            
0     0000847e  EPWM12_ISR                               
0     00008456  EPWM12_TZ_ISR                            
0     0000815e  EPWM1_ISR                                
0     0000810e  EPWM1_TZ_ISR                             
0     00008168  EPWM2_ISR                                
0     00008118  EPWM2_TZ_ISR                             
0     00008172  EPWM3_ISR                                
0     00008122  EPWM3_TZ_ISR                             
0     0000817c  EPWM4_ISR                                
0     0000812c  EPWM4_TZ_ISR                             
0     00008186  EPWM5_ISR                                
0     00008136  EPWM5_TZ_ISR                             
0     00008190  EPWM6_ISR                                
0     00008140  EPWM6_TZ_ISR                             
0     0000819a  EPWM7_ISR                                
0     0000814a  EPWM7_TZ_ISR                             
0     000081a4  EPWM8_ISR                                
0     00008154  EPWM8_TZ_ISR                             
0     00008460  EPWM9_ISR                                
0     00008438  EPWM9_TZ_ISR                             
0     000081ea  EQEP1_ISR                                
0     000081f4  EQEP2_ISR                                
0     000081fe  EQEP3_ISR                                
0     0000a221  EnableInterrupts                         
1     0000ad9c  Example_Fail                             
1     0000ad9a  Example_PassCount                        
1     0000ad98  Example_Result                           
0     00008efc  Example_done                             
0     00008ef7  Example_setResultFail                    
0     00008ef2  Example_setResultPass                    
0     00008528  FLASH_CORRECTABLE_ERROR_ISR              
0     000083fc  FPU_OVERFLOW_ISR                         
0     00008406  FPU_UNDERFLOW_ISR                        
0     0000a4e2  FPU_initEpie                             
0     0000a4db  FPU_initSystemClocks                     
1     00050024  FlashPumpSemaphoreRegs                   
0     0000877e  GPIO_EnableUnbondedIOPullups             
0     00008759  GPIO_EnableUnbondedIOPullupsFor100Pin    
0     00008740  GPIO_EnableUnbondedIOPullupsFor176Pin    
0     00008794  GPIO_ReadPin                             
0     000086e5  GPIO_SetupLock                           
0     000085c5  GPIO_SetupPinMux                         
0     00008651  GPIO_SetupPinOptions                     
0     0000870e  GPIO_SetupXINT1Gpio                      
0     00008718  GPIO_SetupXINT2Gpio                      
0     00008722  GPIO_SetupXINT3Gpio                      
0     0000872c  GPIO_SetupXINT4Gpio                      
0     00008736  GPIO_SetupXINT5Gpio                      
0     000087ab  GPIO_WritePin                            
0     000087c9  GPIO_setPinConfig                        
1     00007c00  GpioCtrlRegs                             
1     00007f00  GpioDataRegs                             
0     00008c68  HALT                                     
0     00008c81  HIB                                      
0     0000829e  I2CA_FIFO_ISR                            
0     00008294  I2CA_ISR                                 
0     000082b2  I2CB_FIFO_ISR                            
0     000082a8  I2CB_ISR                                 
0     00008c54  IDLE                                     
0     0000803c  ILLEGAL_ISR                              
0     00008410  IPC0_ISR                                 
0     0000841a  IPC1_ISR                                 
0     00008424  IPC2_ISR                                 
0     0000842e  IPC3_ISR                                 
0     00008af0  InitAuxPll                               
0     00008585  InitGpio                                 
0     00008820  InitPeripheralClocks                     
0     0000a202  InitPieCtrl                              
0     0000a22a  InitPieVectTable                         
0     00008800  InitSysCtrl                              
0     000088f1  InitSysPll                               
1     00007900  InputXbarRegs                            
0     0000a116  Interrupt_initModule                     
0     00008230  MCBSPA_RX_ISR                            
0     0000823a  MCBSPA_TX_ISR                            
0     00008244  MCBSPB_RX_ISR                            
0     0000824e  MCBSPB_TX_ISR                            
0     00008032  NMI_ISR                                  
0     0000857b  NOTUSED_ISR                              
0     00008564  PIE_RESERVED_ISR                         
1     00000ce0  PieCtrlRegs                              
1     00000d00  PieVectTable                             
1     0000a800  PieVectTableInit                         
0     000099b1  PinMux_init                              
0     00008532  RAM_ACCESS_VIOLATION_ISR                 
0     0000851e  RAM_CORRECTABLE_ERROR_ISR                
1     00016000  RFFTF32Coef                              
0     00009638  RFFT_f32                                 
0     00009e1d  RFFT_f32_sincostable                     
1     0000e000  RFFTin1Buff                              
1     00012000  RFFTmagBuff                              
1     00010000  RFFToutBuff                              
0     0000801e  RTOS_ISR                                 
0     000088cb  ReleaseFlashPump                         
0     000082e4  SCIA_RX_ISR                              
0     000082ee  SCIA_TX_ISR                              
0     000082f8  SCIB_RX_ISR                              
0     00008302  SCIB_TX_ISR                              
0     000082bc  SCIC_RX_ISR                              
0     000082c6  SCIC_TX_ISR                              
0     000082d0  SCID_RX_ISR                              
0     000082da  SCID_TX_ISR                              
0     0000a051  SCI_clearInterruptStatus                 
0     000099bc  SCI_init                                 
0     0000a0d8  SCI_setConfig                            
0     0000a097  SCI_writeCharArray                       
0     00008488  SD1_ISR                                  
0     00008492  SD2_ISR                                  
0     00008208  SPIA_RX_ISR                              
0     00008212  SPIA_TX_ISR                              
0     0000821c  SPIB_RX_ISR                              
0     00008226  SPIB_TX_ISR                              
0     0000849c  SPIC_RX_ISR                              
0     000084a6  SPIC_TX_ISR                              
0     00008c5d  STANDBY                                  
0     0000853c  SYS_PLL_SLIP_ISR                         
0     000088bc  SeizeFlashPump                           
0     000088d5  ServiceDog                               
0     00000123  SysCtl_delay                             
0     0000a000  SysCtl_getClock                          
0     00009e88  SysCtl_getDeviceParametric               
0     0000a40a  SysCtl_getLowSpeedClock                  
0     00009fac  SysCtl_selectOscSource                   
0     0000b787  SysCtl_selectXTAL                        
0     00009430  SysCtl_setClock                          
0     00008c00  SysIntOsc1Sel                            
0     00008c10  SysIntOsc2Sel                            
0     00008c24  SysXtalOscSel                            
0     000080fa  TIMER0_ISR                               
0     00008000  TIMER1_ISR                               
0     0000800a  TIMER2_ISR                               
0     000084b0  UPPA_ISR                                 
0     000084ba  USBA_ISR                                 
0     000080a0  USER10_ISR                               
0     000080aa  USER11_ISR                               
0     000080b4  USER12_ISR                               
0     00008046  USER1_ISR                                
0     00008050  USER2_ISR                                
0     0000805a  USER3_ISR                                
0     00008064  USER4_ISR                                
0     0000806e  USER5_ISR                                
0     00008078  USER6_ISR                                
0     00008082  USER7_ISR                                
0     0000808c  USER8_ISR                                
0     00008096  USER9_ISR                                
0     000083f2  VCU_ISR                                  
0     00008104  WAKE_ISR                                 
1     00007000  WdRegs                                   
0     000080dc  XINT1_ISR                                
0     000080e6  XINT2_ISR                                
0     000083d4  XINT3_ISR                                
0     000083de  XINT4_ISR                                
0     000083e8  XINT5_ISR                                
0     00000154  __TI_CINIT_Base                          
0     00000170  __TI_CINIT_Limit                         
0     00000170  __TI_CINIT_Warm                          
0     00000134  __TI_Handler_Table_Base                  
0     0000013a  __TI_Handler_Table_Limit                 
1     00000500  __TI_STACK_END                           
abs   00000100  __TI_STACK_SIZE                          
0     0000a184  __TI_auto_init_nobinit_nopinit           
1     0000ada0  __TI_cleanup_ptr                         
0     0000a153  __TI_decompress_lzss                     
0     0000a55e  __TI_decompress_none                     
1     0000ada2  __TI_dtors_ptr                           
1     0000ad9e  __TI_enable_exit_profile_output          
abs   ffffffff  __TI_pprof_out_hndl                      
abs   ffffffff  __TI_prof_data_size                      
abs   ffffffff  __TI_prof_data_start                     
0     0000a574  __TI_zero_init                           
0     00009755  __c28xabi_addd                           
0     0000a46f  __c28xabi_andll                          
0     0000a1af  __c28xabi_cmpd                           
0     00009d12  __c28xabi_divf                           
0     0000a2de  __c28xabi_divi                           
0     0000a299  __c28xabi_dtof                           
0     0000a300  __c28xabi_dtoi                           
0     0000a360  __c28xabi_dtol                           
0     0000a39c  __c28xabi_ftod                           
0     0000a3b8  __c28xabi_ltod                           
0     0000a2ef  __c28xabi_modi                           
0     00009d9a  __c28xabi_mpyd                           
0     0000a54d  __c28xabi_negd                           
0     0000a477  __c28xabi_orll                           
0     0000b7f2  __c28xabi_subd                           
0     0000a47f  __c28xabi_xorll                          
n/a   UNDEFED   __c_args__                               
0     00008eeb  __error__                                
0     00009800  __kernel_cos                             
0     0000b000  __kernel_rem_pio2                        
0     0000b663  __kernel_sin                             
0     00009000  __rem_pio2                               
1     00000400  __stack                                  
0     0000a524  _args_main                               
0     0000a487  _c_int00                                 
1     0000ada4  _lock                                    
0     0000a54c  _nop                                     
0     0000a548  _register_lock                           
0     0000a544  _register_unlock                         
0     00009641  _rfft_f32_Stages1and2and3andBitReverse   
0     000096ad  _rfft_f32_Stages4andUp                   
0     00009637  _system_post_cinit                       
0     000097fe  _system_pre_init                         
1     0000ada6  _unlock                                  
0     0000a1d9  abort                                    
0     00000000  code_start                               
0     0000a250  copysign                                 
0     0000a250  copysignl                                
0     00009acb  cos                                      
0     00009ef0  cosf                                     
0     00009acb  cosl                                     
0     0000a4ed  done                                     
1     0000adaa  errno                                    
0     0000a1db  exit                                     
0     00008efd  floor                                    
0     00008efd  floorl                                   
1     0000ada8  hnd_rfft                                 
0     00009c64  ldexp                                    
0     00009c64  ldexpl                                   
0     000099f3  main                                     
0     0000a37f  memcpy                                   
0     0000a56d  memset                                   
1     0000adac  rfft                                     
0     00009c64  scalbn                                   
0     00009c64  scalbnl                                  
0     00009b99  sin                                      
0     00009f53  sinf                                     
0     00009b99  sinl                                     


GLOBAL SYMBOLS: SORTED BY Symbol Address 

page  address   name                                     
----  -------   ----                                     
0     00000000  code_start                               
0     00000123  SysCtl_delay                             
0     00000134  __TI_Handler_Table_Base                  
0     0000013a  __TI_Handler_Table_Limit                 
0     00000154  __TI_CINIT_Base                          
0     00000170  __TI_CINIT_Limit                         
0     00000170  __TI_CINIT_Warm                          
0     00008000  TIMER1_ISR                               
0     0000800a  TIMER2_ISR                               
0     00008014  DATALOG_ISR                              
0     0000801e  RTOS_ISR                                 
0     00008028  EMU_ISR                                  
0     00008032  NMI_ISR                                  
0     0000803c  ILLEGAL_ISR                              
0     00008046  USER1_ISR                                
0     00008050  USER2_ISR                                
0     0000805a  USER3_ISR                                
0     00008064  USER4_ISR                                
0     0000806e  USER5_ISR                                
0     00008078  USER6_ISR                                
0     00008082  USER7_ISR                                
0     0000808c  USER8_ISR                                
0     00008096  USER9_ISR                                
0     000080a0  USER10_ISR                               
0     000080aa  USER11_ISR                               
0     000080b4  USER12_ISR                               
0     000080be  ADCA1_ISR                                
0     000080c8  ADCB1_ISR                                
0     000080d2  ADCC1_ISR                                
0     000080dc  XINT1_ISR                                
0     000080e6  XINT2_ISR                                
0     000080f0  ADCD1_ISR                                
0     000080fa  TIMER0_ISR                               
0     00008104  WAKE_ISR                                 
0     0000810e  EPWM1_TZ_ISR                             
0     00008118  EPWM2_TZ_ISR                             
0     00008122  EPWM3_TZ_ISR                             
0     0000812c  EPWM4_TZ_ISR                             
0     00008136  EPWM5_TZ_ISR                             
0     00008140  EPWM6_TZ_ISR                             
0     0000814a  EPWM7_TZ_ISR                             
0     00008154  EPWM8_TZ_ISR                             
0     0000815e  EPWM1_ISR                                
0     00008168  EPWM2_ISR                                
0     00008172  EPWM3_ISR                                
0     0000817c  EPWM4_ISR                                
0     00008186  EPWM5_ISR                                
0     00008190  EPWM6_ISR                                
0     0000819a  EPWM7_ISR                                
0     000081a4  EPWM8_ISR                                
0     000081ae  ECAP1_ISR                                
0     000081b8  ECAP2_ISR                                
0     000081c2  ECAP3_ISR                                
0     000081cc  ECAP4_ISR                                
0     000081d6  ECAP5_ISR                                
0     000081e0  ECAP6_ISR                                
0     000081ea  EQEP1_ISR                                
0     000081f4  EQEP2_ISR                                
0     000081fe  EQEP3_ISR                                
0     00008208  SPIA_RX_ISR                              
0     00008212  SPIA_TX_ISR                              
0     0000821c  SPIB_RX_ISR                              
0     00008226  SPIB_TX_ISR                              
0     00008230  MCBSPA_RX_ISR                            
0     0000823a  MCBSPA_TX_ISR                            
0     00008244  MCBSPB_RX_ISR                            
0     0000824e  MCBSPB_TX_ISR                            
0     00008258  DMA_CH1_ISR                              
0     00008262  DMA_CH2_ISR                              
0     0000826c  DMA_CH3_ISR                              
0     00008276  DMA_CH4_ISR                              
0     00008280  DMA_CH5_ISR                              
0     0000828a  DMA_CH6_ISR                              
0     00008294  I2CA_ISR                                 
0     0000829e  I2CA_FIFO_ISR                            
0     000082a8  I2CB_ISR                                 
0     000082b2  I2CB_FIFO_ISR                            
0     000082bc  SCIC_RX_ISR                              
0     000082c6  SCIC_TX_ISR                              
0     000082d0  SCID_RX_ISR                              
0     000082da  SCID_TX_ISR                              
0     000082e4  SCIA_RX_ISR                              
0     000082ee  SCIA_TX_ISR                              
0     000082f8  SCIB_RX_ISR                              
0     00008302  SCIB_TX_ISR                              
0     0000830c  CANA0_ISR                                
0     00008316  CANA1_ISR                                
0     00008320  CANB0_ISR                                
0     0000832a  CANB1_ISR                                
0     00008334  ADCA_EVT_ISR                             
0     0000833e  ADCA2_ISR                                
0     00008348  ADCA3_ISR                                
0     00008352  ADCA4_ISR                                
0     0000835c  ADCB_EVT_ISR                             
0     00008366  ADCB2_ISR                                
0     00008370  ADCB3_ISR                                
0     0000837a  ADCB4_ISR                                
0     00008384  CLA1_1_ISR                               
0     0000838e  CLA1_2_ISR                               
0     00008398  CLA1_3_ISR                               
0     000083a2  CLA1_4_ISR                               
0     000083ac  CLA1_5_ISR                               
0     000083b6  CLA1_6_ISR                               
0     000083c0  CLA1_7_ISR                               
0     000083ca  CLA1_8_ISR                               
0     000083d4  XINT3_ISR                                
0     000083de  XINT4_ISR                                
0     000083e8  XINT5_ISR                                
0     000083f2  VCU_ISR                                  
0     000083fc  FPU_OVERFLOW_ISR                         
0     00008406  FPU_UNDERFLOW_ISR                        
0     00008410  IPC0_ISR                                 
0     0000841a  IPC1_ISR                                 
0     00008424  IPC2_ISR                                 
0     0000842e  IPC3_ISR                                 
0     00008438  EPWM9_TZ_ISR                             
0     00008442  EPWM10_TZ_ISR                            
0     0000844c  EPWM11_TZ_ISR                            
0     00008456  EPWM12_TZ_ISR                            
0     00008460  EPWM9_ISR                                
0     0000846a  EPWM10_ISR                               
0     00008474  EPWM11_ISR                               
0     0000847e  EPWM12_ISR                               
0     00008488  SD1_ISR                                  
0     00008492  SD2_ISR                                  
0     0000849c  SPIC_RX_ISR                              
0     000084a6  SPIC_TX_ISR                              
0     000084b0  UPPA_ISR                                 
0     000084ba  USBA_ISR                                 
0     000084c4  ADCC_EVT_ISR                             
0     000084ce  ADCC2_ISR                                
0     000084d8  ADCC3_ISR                                
0     000084e2  ADCC4_ISR                                
0     000084ec  ADCD_EVT_ISR                             
0     000084f6  ADCD2_ISR                                
0     00008500  ADCD3_ISR                                
0     0000850a  ADCD4_ISR                                
0     00008514  EMIF_ERROR_ISR                           
0     0000851e  RAM_CORRECTABLE_ERROR_ISR                
0     00008528  FLASH_CORRECTABLE_ERROR_ISR              
0     00008532  RAM_ACCESS_VIOLATION_ISR                 
0     0000853c  SYS_PLL_SLIP_ISR                         
0     00008546  AUX_PLL_SLIP_ISR                         
0     00008550  CLA_OVERFLOW_ISR                         
0     0000855a  CLA_UNDERFLOW_ISR                        
0     00008564  PIE_RESERVED_ISR                         
0     0000856e  EMPTY_ISR                                
0     0000857b  NOTUSED_ISR                              
0     00008585  InitGpio                                 
0     000085c5  GPIO_SetupPinMux                         
0     00008651  GPIO_SetupPinOptions                     
0     000086e5  GPIO_SetupLock                           
0     0000870e  GPIO_SetupXINT1Gpio                      
0     00008718  GPIO_SetupXINT2Gpio                      
0     00008722  GPIO_SetupXINT3Gpio                      
0     0000872c  GPIO_SetupXINT4Gpio                      
0     00008736  GPIO_SetupXINT5Gpio                      
0     00008740  GPIO_EnableUnbondedIOPullupsFor176Pin    
0     00008759  GPIO_EnableUnbondedIOPullupsFor100Pin    
0     0000877e  GPIO_EnableUnbondedIOPullups             
0     00008794  GPIO_ReadPin                             
0     000087ab  GPIO_WritePin                            
0     000087c9  GPIO_setPinConfig                        
0     00008800  InitSysCtrl                              
0     00008820  InitPeripheralClocks                     
0     000088a4  DisablePeripheralClocks                  
0     000088bc  SeizeFlashPump                           
0     000088cb  ReleaseFlashPump                         
0     000088d5  ServiceDog                               
0     000088e3  DisableDog                               
0     000088f1  InitSysPll                               
0     00008af0  InitAuxPll                               
0     00008bdf  CsmUnlock                                
0     00008c00  SysIntOsc1Sel                            
0     00008c10  SysIntOsc2Sel                            
0     00008c24  SysXtalOscSel                            
0     00008c34  AuxIntOsc2Sel                            
0     00008c3e  AuxXtalOscSel                            
0     00008c4a  AuxAuxClkSel                             
0     00008c54  IDLE                                     
0     00008c5d  STANDBY                                  
0     00008c68  HALT                                     
0     00008c81  HIB                                      
0     00008c9e  ConfigureTMXAnalogTrim                   
0     00008d28  Device_init                              
0     00008d68  Device_enableAllPeripherals              
0     00008e53  Device_initGPIO                          
0     00008e74  Device_enableUnbondedGPIOPullupsFor176Pin
0     00008e87  Device_enableUnbondedGPIOPullupsFor100Pin
0     00008ea4  Device_enableUnbondedGPIOPullups         
0     00008eba  Device_configureTMXAnalogTrim            
0     00008eeb  __error__                                
0     00008ef2  Example_setResultPass                    
0     00008ef7  Example_setResultFail                    
0     00008efc  Example_done                             
0     00008efd  floor                                    
0     00008efd  floorl                                   
0     00009000  __rem_pio2                               
0     00009430  SysCtl_setClock                          
0     00009637  _system_post_cinit                       
0     00009638  RFFT_f32                                 
0     00009641  _rfft_f32_Stages1and2and3andBitReverse   
0     000096ad  _rfft_f32_Stages4andUp                   
0     00009755  __c28xabi_addd                           
0     000097fe  _system_pre_init                         
0     00009800  __kernel_cos                             
0     000099aa  Board_init                               
0     000099b1  PinMux_init                              
0     000099bc  SCI_init                                 
0     000099f3  main                                     
0     00009acb  cos                                      
0     00009acb  cosl                                     
0     00009b99  sin                                      
0     00009b99  sinl                                     
0     00009c64  ldexp                                    
0     00009c64  ldexpl                                   
0     00009c64  scalbn                                   
0     00009c64  scalbnl                                  
0     00009d12  __c28xabi_divf                           
0     00009d9a  __c28xabi_mpyd                           
0     00009e1d  RFFT_f32_sincostable                     
0     00009e88  SysCtl_getDeviceParametric               
0     00009ef0  cosf                                     
0     00009f53  sinf                                     
0     00009fac  SysCtl_selectOscSource                   
0     0000a000  SysCtl_getClock                          
0     0000a051  SCI_clearInterruptStatus                 
0     0000a097  SCI_writeCharArray                       
0     0000a0d8  SCI_setConfig                            
0     0000a116  Interrupt_initModule                     
0     0000a153  __TI_decompress_lzss                     
0     0000a184  __TI_auto_init_nobinit_nopinit           
0     0000a1af  __c28xabi_cmpd                           
0     0000a1d9  C$$EXIT                                  
0     0000a1d9  abort                                    
0     0000a1db  exit                                     
0     0000a202  InitPieCtrl                              
0     0000a221  EnableInterrupts                         
0     0000a22a  InitPieVectTable                         
0     0000a250  copysign                                 
0     0000a250  copysignl                                
0     0000a299  __c28xabi_dtof                           
0     0000a2de  __c28xabi_divi                           
0     0000a2ef  __c28xabi_modi                           
0     0000a300  __c28xabi_dtoi                           
0     0000a360  __c28xabi_dtol                           
0     0000a37f  memcpy                                   
0     0000a39c  __c28xabi_ftod                           
0     0000a3b8  __c28xabi_ltod                           
0     0000a40a  SysCtl_getLowSpeedClock                  
0     0000a46f  __c28xabi_andll                          
0     0000a477  __c28xabi_orll                           
0     0000a47f  __c28xabi_xorll                          
0     0000a487  _c_int00                                 
0     0000a4db  FPU_initSystemClocks                     
0     0000a4e2  FPU_initEpie                             
0     0000a4ed  done                                     
0     0000a524  _args_main                               
0     0000a544  _register_unlock                         
0     0000a548  _register_lock                           
0     0000a54c  _nop                                     
0     0000a54d  __c28xabi_negd                           
0     0000a55e  __TI_decompress_none                     
0     0000a56d  memset                                   
0     0000a574  __TI_zero_init                           
0     0000b000  __kernel_rem_pio2                        
0     0000b663  __kernel_sin                             
0     0000b787  SysCtl_selectXTAL                        
0     0000b7f2  __c28xabi_subd                           
1     00000400  __stack                                  
1     00000500  __TI_STACK_END                           
1     00000c08  CpuTimer1Regs                            
1     00000c10  CpuTimer2Regs                            
1     00000ce0  PieCtrlRegs                              
1     00000d00  PieVectTable                             
1     00007000  WdRegs                                   
1     00007900  InputXbarRegs                            
1     00007c00  GpioCtrlRegs                             
1     00007f00  GpioDataRegs                             
1     0000a800  PieVectTableInit                         
1     0000ad98  Example_Result                           
1     0000ad9a  Example_PassCount                        
1     0000ad9c  Example_Fail                             
1     0000ad9e  __TI_enable_exit_profile_output          
1     0000ada0  __TI_cleanup_ptr                         
1     0000ada2  __TI_dtors_ptr                           
1     0000ada4  _lock                                    
1     0000ada6  _unlock                                  
1     0000ada8  hnd_rfft                                 
1     0000adaa  errno                                    
1     0000adac  rfft                                     
1     0000e000  RFFTin1Buff                              
1     00010000  RFFToutBuff                              
1     00012000  RFFTmagBuff                              
1     00016000  RFFTF32Coef                              
1     00050024  FlashPumpSemaphoreRegs                   
1     0005d000  DevCfgRegs                               
1     0005d180  AnalogSubsysRegs                         
1     0005d200  ClkCfgRegs                               
1     0005d300  CpuSysRegs                               
1     0005f000  DcsmZ1Regs                               
1     0005f040  DcsmZ2Regs                               
abs   00000100  __TI_STACK_SIZE                          
abs   ffffffff  __TI_pprof_out_hndl                      
abs   ffffffff  __TI_prof_data_size                      
abs   ffffffff  __TI_prof_data_start                     
n/a   UNDEFED   __c_args__                               

[307 symbols]
