<?xml version="1.0" encoding="ISO-8859-1" ?>
<link_info>
   <banner>TMS320C2000 Linker PC v21.6.0.LTS</banner>
   <copyright>Copyright (c) 1996-2018 Texas Instruments Incorporated</copyright>
   <link_time>0x61876d0a</link_time>
   <link_errors>0x0</link_errors>
   <output_file>DIAN_SAI_2.out</output_file>
   <entry_point>
      <name>code_start</name>
      <address>0x80000</address>
   </entry_point>
   <input_file_list>
      <input_file id="fl-2">
         <path>.\</path>
         <kind>object</kind>
         <file>F2837xD_Adc.obj</file>
         <name>F2837xD_Adc.obj</name>
      </input_file>
      <input_file id="fl-3">
         <path>.\</path>
         <kind>object</kind>
         <file>F2837xD_CodeStartBranch.obj</file>
         <name>F2837xD_CodeStartBranch.obj</name>
      </input_file>
      <input_file id="fl-4">
         <path>.\</path>
         <kind>object</kind>
         <file>F2837xD_DefaultISR.obj</file>
         <name>F2837xD_DefaultISR.obj</name>
      </input_file>
      <input_file id="fl-5">
         <path>.\</path>
         <kind>object</kind>
         <file>F2837xD_EPwm.obj</file>
         <name>F2837xD_EPwm.obj</name>
      </input_file>
      <input_file id="fl-6">
         <path>.\</path>
         <kind>object</kind>
         <file>F2837xD_GlobalVariableDefs.obj</file>
         <name>F2837xD_GlobalVariableDefs.obj</name>
      </input_file>
      <input_file id="fl-7">
         <path>.\</path>
         <kind>object</kind>
         <file>F2837xD_Gpio.obj</file>
         <name>F2837xD_Gpio.obj</name>
      </input_file>
      <input_file id="fl-8">
         <path>.\</path>
         <kind>object</kind>
         <file>F2837xD_PieCtrl.obj</file>
         <name>F2837xD_PieCtrl.obj</name>
      </input_file>
      <input_file id="fl-9">
         <path>.\</path>
         <kind>object</kind>
         <file>F2837xD_PieVect.obj</file>
         <name>F2837xD_PieVect.obj</name>
      </input_file>
      <input_file id="fl-a">
         <path>.\</path>
         <kind>object</kind>
         <file>F2837xD_SysCtrl.obj</file>
         <name>F2837xD_SysCtrl.obj</name>
      </input_file>
      <input_file id="fl-b">
         <path>.\</path>
         <kind>object</kind>
         <file>F2837xD_usDelay.obj</file>
         <name>F2837xD_usDelay.obj</name>
      </input_file>
      <input_file id="fl-c">
         <path>.\</path>
         <kind>object</kind>
         <file>board.obj</file>
         <name>board.obj</name>
      </input_file>
      <input_file id="fl-d">
         <path>.\</path>
         <kind>object</kind>
         <file>examples_setup.obj</file>
         <name>examples_setup.obj</name>
      </input_file>
      <input_file id="fl-e">
         <path>.\</path>
         <kind>object</kind>
         <file>sci_ex3_echoback.obj</file>
         <name>sci_ex3_echoback.obj</name>
      </input_file>
      <input_file id="fl-f">
         <path>.\device\</path>
         <kind>object</kind>
         <file>device.obj</file>
         <name>device.obj</name>
      </input_file>
      <input_file id="fl-16">
         <kind>object</kind>
         <file>&lt;internal&gt;</file>
         <name>&lt;internal&gt;</name>
      </input_file>
      <input_file id="fl-1a">
         <path>H:\ti\C2000\C2000Ware_4_00_00_00\driverlib\f2837xs\driverlib\ccs\Debug\</path>
         <kind>archive</kind>
         <file>driverlib_eabi.lib</file>
         <name>adc.obj</name>
      </input_file>
      <input_file id="fl-1b">
         <path>H:\ti\C2000\C2000Ware_4_00_00_00\driverlib\f2837xs\driverlib\ccs\Debug\</path>
         <kind>archive</kind>
         <file>driverlib_eabi.lib</file>
         <name>flash.obj</name>
      </input_file>
      <input_file id="fl-1c">
         <path>H:\ti\C2000\C2000Ware_4_00_00_00\driverlib\f2837xs\driverlib\ccs\Debug\</path>
         <kind>archive</kind>
         <file>driverlib_eabi.lib</file>
         <name>gpio.obj</name>
      </input_file>
      <input_file id="fl-1d">
         <path>H:\ti\C2000\C2000Ware_4_00_00_00\driverlib\f2837xs\driverlib\ccs\Debug\</path>
         <kind>archive</kind>
         <file>driverlib_eabi.lib</file>
         <name>interrupt.obj</name>
      </input_file>
      <input_file id="fl-1e">
         <path>H:\ti\C2000\C2000Ware_4_00_00_00\driverlib\f2837xs\driverlib\ccs\Debug\</path>
         <kind>archive</kind>
         <file>driverlib_eabi.lib</file>
         <name>sci.obj</name>
      </input_file>
      <input_file id="fl-1f">
         <path>H:\ti\C2000\C2000Ware_4_00_00_00\driverlib\f2837xs\driverlib\ccs\Debug\</path>
         <kind>archive</kind>
         <file>driverlib_eabi.lib</file>
         <name>sysctl.obj</name>
      </input_file>
      <input_file id="fl-23">
         <path>H:\ti\C2000\C2000Ware_4_00_00_00\libraries\dsp\FPU\c28\lib\</path>
         <kind>archive</kind>
         <file>c28x_fpu_dsp_library_eabi.lib</file>
         <name>RFFT_adc_f32.obj</name>
      </input_file>
      <input_file id="fl-24">
         <path>H:\ti\C2000\C2000Ware_4_00_00_00\libraries\dsp\FPU\c28\lib\</path>
         <kind>archive</kind>
         <file>c28x_fpu_dsp_library_eabi.lib</file>
         <name>RFFT_f32_mag_TMU0.obj</name>
      </input_file>
      <input_file id="fl-25">
         <path>H:\ti\C2000\C2000Ware_4_00_00_00\libraries\dsp\FPU\c28\lib\</path>
         <kind>archive</kind>
         <file>c28x_fpu_dsp_library_eabi.lib</file>
         <name>RFFT_f32_phase_TMU0.obj</name>
      </input_file>
      <input_file id="fl-26">
         <path>H:\ti\C2000\C2000Ware_4_00_00_00\libraries\dsp\FPU\c28\lib\</path>
         <kind>archive</kind>
         <file>c28x_fpu_dsp_library_eabi.lib</file>
         <name>RFFT_f32_sincostable.obj</name>
      </input_file>
      <input_file id="fl-32">
         <path>H:\ti\CCS11.0.0\ccs\tools\compiler\ti-cgt-c2000_21.6.0.LTS\lib\</path>
         <kind>archive</kind>
         <file>rts2800_fpu32_eabi.lib</file>
         <name>sprintf.c.obj</name>
      </input_file>
      <input_file id="fl-33">
         <path>H:\ti\CCS11.0.0\ccs\tools\compiler\ti-cgt-c2000_21.6.0.LTS\lib\</path>
         <kind>archive</kind>
         <file>rts2800_fpu32_eabi.lib</file>
         <name>e_sqrt.c.obj</name>
      </input_file>
      <input_file id="fl-34">
         <path>H:\ti\CCS11.0.0\ccs\tools\compiler\ti-cgt-c2000_21.6.0.LTS\lib\</path>
         <kind>archive</kind>
         <file>rts2800_fpu32_eabi.lib</file>
         <name>s_sin.c.obj</name>
      </input_file>
      <input_file id="fl-35">
         <path>H:\ti\CCS11.0.0\ccs\tools\compiler\ti-cgt-c2000_21.6.0.LTS\lib\</path>
         <kind>archive</kind>
         <file>rts2800_fpu32_eabi.lib</file>
         <name>s_cosf.c.obj</name>
      </input_file>
      <input_file id="fl-36">
         <path>H:\ti\CCS11.0.0\ccs\tools\compiler\ti-cgt-c2000_21.6.0.LTS\lib\</path>
         <kind>archive</kind>
         <file>rts2800_fpu32_eabi.lib</file>
         <name>s_sinf.c.obj</name>
      </input_file>
      <input_file id="fl-37">
         <path>H:\ti\CCS11.0.0\ccs\tools\compiler\ti-cgt-c2000_21.6.0.LTS\lib\</path>
         <kind>archive</kind>
         <file>rts2800_fpu32_eabi.lib</file>
         <name>boot28.asm.obj</name>
      </input_file>
      <input_file id="fl-38">
         <path>H:\ti\CCS11.0.0\ccs\tools\compiler\ti-cgt-c2000_21.6.0.LTS\lib\</path>
         <kind>archive</kind>
         <file>rts2800_fpu32_eabi.lib</file>
         <name>fd_add28.asm.obj</name>
      </input_file>
      <input_file id="fl-39">
         <path>H:\ti\CCS11.0.0\ccs\tools\compiler\ti-cgt-c2000_21.6.0.LTS\lib\</path>
         <kind>archive</kind>
         <file>rts2800_fpu32_eabi.lib</file>
         <name>fd_cmp28.asm.obj</name>
      </input_file>
      <input_file id="fl-3a">
         <path>H:\ti\CCS11.0.0\ccs\tools\compiler\ti-cgt-c2000_21.6.0.LTS\lib\</path>
         <kind>archive</kind>
         <file>rts2800_fpu32_eabi.lib</file>
         <name>fd_mpy28.asm.obj</name>
      </input_file>
      <input_file id="fl-3b">
         <path>H:\ti\CCS11.0.0\ccs\tools\compiler\ti-cgt-c2000_21.6.0.LTS\lib\</path>
         <kind>archive</kind>
         <file>rts2800_fpu32_eabi.lib</file>
         <name>fd_neg28.asm.obj</name>
      </input_file>
      <input_file id="fl-3c">
         <path>H:\ti\CCS11.0.0\ccs\tools\compiler\ti-cgt-c2000_21.6.0.LTS\lib\</path>
         <kind>archive</kind>
         <file>rts2800_fpu32_eabi.lib</file>
         <name>fd_sub28.asm.obj</name>
      </input_file>
      <input_file id="fl-3d">
         <path>H:\ti\CCS11.0.0\ccs\tools\compiler\ti-cgt-c2000_21.6.0.LTS\lib\</path>
         <kind>archive</kind>
         <file>rts2800_fpu32_eabi.lib</file>
         <name>fd_toi28.asm.obj</name>
      </input_file>
      <input_file id="fl-3e">
         <path>H:\ti\CCS11.0.0\ccs\tools\compiler\ti-cgt-c2000_21.6.0.LTS\lib\</path>
         <kind>archive</kind>
         <file>rts2800_fpu32_eabi.lib</file>
         <name>fs_div28.asm.obj</name>
      </input_file>
      <input_file id="fl-3f">
         <path>H:\ti\CCS11.0.0\ccs\tools\compiler\ti-cgt-c2000_21.6.0.LTS\lib\</path>
         <kind>archive</kind>
         <file>rts2800_fpu32_eabi.lib</file>
         <name>ll_cmp28.asm.obj</name>
      </input_file>
      <input_file id="fl-40">
         <path>H:\ti\CCS11.0.0\ccs\tools\compiler\ti-cgt-c2000_21.6.0.LTS\lib\</path>
         <kind>archive</kind>
         <file>rts2800_fpu32_eabi.lib</file>
         <name>u_tofd28.asm.obj</name>
      </input_file>
      <input_file id="fl-41">
         <path>H:\ti\CCS11.0.0\ccs\tools\compiler\ti-cgt-c2000_21.6.0.LTS\lib\</path>
         <kind>archive</kind>
         <file>rts2800_fpu32_eabi.lib</file>
         <name>fs_tofdfpu32.asm.obj</name>
      </input_file>
      <input_file id="fl-42">
         <path>H:\ti\CCS11.0.0\ccs\tools\compiler\ti-cgt-c2000_21.6.0.LTS\lib\</path>
         <kind>archive</kind>
         <file>rts2800_fpu32_eabi.lib</file>
         <name>fd_tofsfpu32.asm.obj</name>
      </input_file>
      <input_file id="fl-43">
         <path>H:\ti\CCS11.0.0\ccs\tools\compiler\ti-cgt-c2000_21.6.0.LTS\lib\</path>
         <kind>archive</kind>
         <file>rts2800_fpu32_eabi.lib</file>
         <name>fd_div28.asm.obj</name>
      </input_file>
      <input_file id="fl-44">
         <path>H:\ti\CCS11.0.0\ccs\tools\compiler\ti-cgt-c2000_21.6.0.LTS\lib\</path>
         <kind>archive</kind>
         <file>rts2800_fpu32_eabi.lib</file>
         <name>memcpy.c.obj</name>
      </input_file>
      <input_file id="fl-45">
         <path>H:\ti\CCS11.0.0\ccs\tools\compiler\ti-cgt-c2000_21.6.0.LTS\lib\</path>
         <kind>archive</kind>
         <file>rts2800_fpu32_eabi.lib</file>
         <name>pre_init.c.obj</name>
      </input_file>
      <input_file id="fl-46">
         <path>H:\ti\CCS11.0.0\ccs\tools\compiler\ti-cgt-c2000_21.6.0.LTS\lib\</path>
         <kind>archive</kind>
         <file>rts2800_fpu32_eabi.lib</file>
         <name>autoinit.c.obj</name>
      </input_file>
      <input_file id="fl-47">
         <path>H:\ti\CCS11.0.0\ccs\tools\compiler\ti-cgt-c2000_21.6.0.LTS\lib\</path>
         <kind>archive</kind>
         <file>rts2800_fpu32_eabi.lib</file>
         <name>copy_zero_init.c.obj</name>
      </input_file>
      <input_file id="fl-48">
         <path>H:\ti\CCS11.0.0\ccs\tools\compiler\ti-cgt-c2000_21.6.0.LTS\lib\</path>
         <kind>archive</kind>
         <file>rts2800_fpu32_eabi.lib</file>
         <name>copy_decompress_none.c.obj</name>
      </input_file>
      <input_file id="fl-49">
         <path>H:\ti\CCS11.0.0\ccs\tools\compiler\ti-cgt-c2000_21.6.0.LTS\lib\</path>
         <kind>archive</kind>
         <file>rts2800_fpu32_eabi.lib</file>
         <name>copy_decompress_lzss.c.obj</name>
      </input_file>
      <input_file id="fl-4a">
         <path>H:\ti\CCS11.0.0\ccs\tools\compiler\ti-cgt-c2000_21.6.0.LTS\lib\</path>
         <kind>archive</kind>
         <file>rts2800_fpu32_eabi.lib</file>
         <name>e_rem_pio2.c.obj</name>
      </input_file>
      <input_file id="fl-4b">
         <path>H:\ti\CCS11.0.0\ccs\tools\compiler\ti-cgt-c2000_21.6.0.LTS\lib\</path>
         <kind>archive</kind>
         <file>rts2800_fpu32_eabi.lib</file>
         <name>k_rem_pio2.c.obj</name>
      </input_file>
      <input_file id="fl-4c">
         <path>H:\ti\CCS11.0.0\ccs\tools\compiler\ti-cgt-c2000_21.6.0.LTS\lib\</path>
         <kind>archive</kind>
         <file>rts2800_fpu32_eabi.lib</file>
         <name>exit.c.obj</name>
      </input_file>
      <input_file id="fl-4d">
         <path>H:\ti\CCS11.0.0\ccs\tools\compiler\ti-cgt-c2000_21.6.0.LTS\lib\</path>
         <kind>archive</kind>
         <file>rts2800_fpu32_eabi.lib</file>
         <name>_lock.c.obj</name>
      </input_file>
      <input_file id="fl-4e">
         <path>H:\ti\CCS11.0.0\ccs\tools\compiler\ti-cgt-c2000_21.6.0.LTS\lib\</path>
         <kind>archive</kind>
         <file>rts2800_fpu32_eabi.lib</file>
         <name>args_main.c.obj</name>
      </input_file>
      <input_file id="fl-4f">
         <path>H:\ti\CCS11.0.0\ccs\tools\compiler\ti-cgt-c2000_21.6.0.LTS\lib\</path>
         <kind>archive</kind>
         <file>rts2800_fpu32_eabi.lib</file>
         <name>memset.c.obj</name>
      </input_file>
      <input_file id="fl-50">
         <path>H:\ti\CCS11.0.0\ccs\tools\compiler\ti-cgt-c2000_21.6.0.LTS\lib\</path>
         <kind>archive</kind>
         <file>rts2800_fpu32_eabi.lib</file>
         <name>strlen.c.obj</name>
      </input_file>
      <input_file id="fl-51">
         <path>H:\ti\CCS11.0.0\ccs\tools\compiler\ti-cgt-c2000_21.6.0.LTS\lib\</path>
         <kind>archive</kind>
         <file>rts2800_fpu32_eabi.lib</file>
         <name>errno.c.obj</name>
      </input_file>
      <input_file id="fl-52">
         <path>H:\ti\CCS11.0.0\ccs\tools\compiler\ti-cgt-c2000_21.6.0.LTS\lib\</path>
         <kind>archive</kind>
         <file>rts2800_fpu32_eabi.lib</file>
         <name>_printfi.c.obj</name>
      </input_file>
      <input_file id="fl-53">
         <path>H:\ti\CCS11.0.0\ccs\tools\compiler\ti-cgt-c2000_21.6.0.LTS\lib\</path>
         <kind>archive</kind>
         <file>rts2800_fpu32_eabi.lib</file>
         <name>k_cos.c.obj</name>
      </input_file>
      <input_file id="fl-54">
         <path>H:\ti\CCS11.0.0\ccs\tools\compiler\ti-cgt-c2000_21.6.0.LTS\lib\</path>
         <kind>archive</kind>
         <file>rts2800_fpu32_eabi.lib</file>
         <name>k_sin.c.obj</name>
      </input_file>
      <input_file id="fl-55">
         <path>H:\ti\CCS11.0.0\ccs\tools\compiler\ti-cgt-c2000_21.6.0.LTS\lib\</path>
         <kind>archive</kind>
         <file>rts2800_fpu32_eabi.lib</file>
         <name>s_floor.c.obj</name>
      </input_file>
      <input_file id="fl-56">
         <path>H:\ti\CCS11.0.0\ccs\tools\compiler\ti-cgt-c2000_21.6.0.LTS\lib\</path>
         <kind>archive</kind>
         <file>rts2800_fpu32_eabi.lib</file>
         <name>s_frexp.c.obj</name>
      </input_file>
      <input_file id="fl-57">
         <path>H:\ti\CCS11.0.0\ccs\tools\compiler\ti-cgt-c2000_21.6.0.LTS\lib\</path>
         <kind>archive</kind>
         <file>rts2800_fpu32_eabi.lib</file>
         <name>s_scalbn.c.obj</name>
      </input_file>
      <input_file id="fl-58">
         <path>H:\ti\CCS11.0.0\ccs\tools\compiler\ti-cgt-c2000_21.6.0.LTS\lib\</path>
         <kind>archive</kind>
         <file>rts2800_fpu32_eabi.lib</file>
         <name>fd_tol28.asm.obj</name>
      </input_file>
      <input_file id="fl-59">
         <path>H:\ti\CCS11.0.0\ccs\tools\compiler\ti-cgt-c2000_21.6.0.LTS\lib\</path>
         <kind>archive</kind>
         <file>rts2800_fpu32_eabi.lib</file>
         <name>ll_aox28.asm.obj</name>
      </input_file>
      <input_file id="fl-5a">
         <path>H:\ti\CCS11.0.0\ccs\tools\compiler\ti-cgt-c2000_21.6.0.LTS\lib\</path>
         <kind>archive</kind>
         <file>rts2800_fpu32_eabi.lib</file>
         <name>ll_div28.asm.obj</name>
      </input_file>
      <input_file id="fl-5b">
         <path>H:\ti\CCS11.0.0\ccs\tools\compiler\ti-cgt-c2000_21.6.0.LTS\lib\</path>
         <kind>archive</kind>
         <file>rts2800_fpu32_eabi.lib</file>
         <name>i_tofd28.asm.obj</name>
      </input_file>
      <input_file id="fl-5c">
         <path>H:\ti\CCS11.0.0\ccs\tools\compiler\ti-cgt-c2000_21.6.0.LTS\lib\</path>
         <kind>archive</kind>
         <file>rts2800_fpu32_eabi.lib</file>
         <name>i_div28.asm.obj</name>
      </input_file>
      <input_file id="fl-5d">
         <path>H:\ti\CCS11.0.0\ccs\tools\compiler\ti-cgt-c2000_21.6.0.LTS\lib\</path>
         <kind>archive</kind>
         <file>rts2800_fpu32_eabi.lib</file>
         <name>l_tofd28.asm.obj</name>
      </input_file>
      <input_file id="fl-5e">
         <path>H:\ti\CCS11.0.0\ccs\tools\compiler\ti-cgt-c2000_21.6.0.LTS\lib\</path>
         <kind>archive</kind>
         <file>rts2800_fpu32_eabi.lib</file>
         <name>cpy_tbl.c.obj</name>
      </input_file>
      <input_file id="fl-5f">
         <path>H:\ti\CCS11.0.0\ccs\tools\compiler\ti-cgt-c2000_21.6.0.LTS\lib\</path>
         <kind>archive</kind>
         <file>rts2800_fpu32_eabi.lib</file>
         <name>startup.c.obj</name>
      </input_file>
      <input_file id="fl-60">
         <path>H:\ti\CCS11.0.0\ccs\tools\compiler\ti-cgt-c2000_21.6.0.LTS\lib\</path>
         <kind>archive</kind>
         <file>rts2800_fpu32_eabi.lib</file>
         <name>_ltoa.c.obj</name>
      </input_file>
      <input_file id="fl-61">
         <path>H:\ti\CCS11.0.0\ccs\tools\compiler\ti-cgt-c2000_21.6.0.LTS\lib\</path>
         <kind>archive</kind>
         <file>rts2800_fpu32_eabi.lib</file>
         <name>atoi.c.obj</name>
      </input_file>
      <input_file id="fl-62">
         <path>H:\ti\CCS11.0.0\ccs\tools\compiler\ti-cgt-c2000_21.6.0.LTS\lib\</path>
         <kind>archive</kind>
         <file>rts2800_fpu32_eabi.lib</file>
         <name>ctype.c.obj</name>
      </input_file>
      <input_file id="fl-63">
         <path>H:\ti\CCS11.0.0\ccs\tools\compiler\ti-cgt-c2000_21.6.0.LTS\lib\</path>
         <kind>archive</kind>
         <file>rts2800_fpu32_eabi.lib</file>
         <name>memccpy.c.obj</name>
      </input_file>
      <input_file id="fl-64">
         <path>H:\ti\CCS11.0.0\ccs\tools\compiler\ti-cgt-c2000_21.6.0.LTS\lib\</path>
         <kind>archive</kind>
         <file>rts2800_fpu32_eabi.lib</file>
         <name>strchr.c.obj</name>
      </input_file>
      <input_file id="fl-65">
         <path>H:\ti\CCS11.0.0\ccs\tools\compiler\ti-cgt-c2000_21.6.0.LTS\lib\</path>
         <kind>archive</kind>
         <file>rts2800_fpu32_eabi.lib</file>
         <name>strcpy.c.obj</name>
      </input_file>
      <input_file id="fl-66">
         <path>H:\ti\CCS11.0.0\ccs\tools\compiler\ti-cgt-c2000_21.6.0.LTS\lib\</path>
         <kind>archive</kind>
         <file>rts2800_fpu32_eabi.lib</file>
         <name>wcslen.c.obj</name>
      </input_file>
      <input_file id="fl-67">
         <path>H:\ti\CCS11.0.0\ccs\tools\compiler\ti-cgt-c2000_21.6.0.LTS\lib\</path>
         <kind>archive</kind>
         <file>rts2800_fpu32_eabi.lib</file>
         <name>s_copysign.c.obj</name>
      </input_file>
      <input_file id="fl-68">
         <path>H:\ti\CCS11.0.0\ccs\tools\compiler\ti-cgt-c2000_21.6.0.LTS\lib\</path>
         <kind>archive</kind>
         <file>rts2800_fpu32_eabi.lib</file>
         <name>l_div28.asm.obj</name>
      </input_file>
   </input_file_list>
   <object_component_list>
      <object_component id="oc-679">
         <name>.cinit..data.load</name>
         <load_address>0x88948</load_address>
         <run_address>0x88948</run_address>
         <size>0x10</size>
      </object_component>
      <object_component id="oc-676">
         <name>__TI_handler_table</name>
         <load_address>0x88958</load_address>
         <run_address>0x88958</run_address>
         <size>0x6</size>
      </object_component>
      <object_component id="oc-678">
         <name>.cinit..bss.load</name>
         <load_address>0x8895e</load_address>
         <run_address>0x8895e</run_address>
         <size>0x4</size>
      </object_component>
      <object_component id="oc-680">
         <name>.cinit.PieVectTableFile.load</name>
         <load_address>0x88962</load_address>
         <run_address>0x88962</run_address>
         <size>0x4</size>
      </object_component>
      <object_component id="oc-67a">
         <name>.cinit.RFFTdata1.load</name>
         <load_address>0x88966</load_address>
         <run_address>0x88966</run_address>
         <size>0x4</size>
      </object_component>
      <object_component id="oc-67b">
         <name>.cinit.RFFTdata2.load</name>
         <load_address>0x8896a</load_address>
         <run_address>0x8896a</run_address>
         <size>0x4</size>
      </object_component>
      <object_component id="oc-67c">
         <name>.cinit.RFFTdata3.load</name>
         <load_address>0x8896e</load_address>
         <run_address>0x8896e</run_address>
         <size>0x4</size>
      </object_component>
      <object_component id="oc-67d">
         <name>.cinit.RFFTdata4.load</name>
         <load_address>0x88972</load_address>
         <run_address>0x88972</run_address>
         <size>0x4</size>
      </object_component>
      <object_component id="oc-67e">
         <name>.cinit.RFFTdata5.load</name>
         <load_address>0x88976</load_address>
         <run_address>0x88976</run_address>
         <size>0x4</size>
      </object_component>
      <object_component id="oc-67f">
         <name>.cinit.adcAResultsdata.load</name>
         <load_address>0x8897a</load_address>
         <run_address>0x8897a</run_address>
         <size>0x4</size>
      </object_component>
      <object_component id="oc-677">
         <name>__TI_cinit_table</name>
         <load_address>0x88980</load_address>
         <run_address>0x88980</run_address>
         <size>0x24</size>
      </object_component>
      <object_component id="oc-af">
         <name>.text</name>
         <load_address>0x80008</load_address>
         <run_address>0x80008</run_address>
         <size>0xb76</size>
         <input_file_ref idref="fl-e"/>
      </object_component>
      <object_component id="oc-48a">
         <name>.text</name>
         <load_address>0x80b7e</load_address>
         <run_address>0x80b7e</run_address>
         <size>0x6c9</size>
         <input_file_ref idref="fl-52"/>
      </object_component>
      <object_component id="oc-3b4">
         <name>.text</name>
         <load_address>0x81247</load_address>
         <run_address>0x81247</run_address>
         <size>0x663</size>
         <input_file_ref idref="fl-4b"/>
      </object_component>
      <object_component id="oc-389">
         <name>.text:__TI_printfi</name>
         <load_address>0x818aa</load_address>
         <run_address>0x818aa</run_address>
         <size>0x62a</size>
         <input_file_ref idref="fl-52"/>
      </object_component>
      <object_component id="oc-a5">
         <name>.text:retain</name>
         <load_address>0x81ed4</load_address>
         <run_address>0x81ed4</run_address>
         <size>0x585</size>
         <input_file_ref idref="fl-4"/>
      </object_component>
      <object_component id="oc-1cf">
         <name>.text</name>
         <load_address>0x82459</load_address>
         <run_address>0x82459</run_address>
         <size>0x4c4</size>
         <input_file_ref idref="fl-a"/>
      </object_component>
      <object_component id="oc-26a">
         <name>.text</name>
         <load_address>0x8291d</load_address>
         <run_address>0x8291d</run_address>
         <size>0x430</size>
         <input_file_ref idref="fl-4a"/>
      </object_component>
      <object_component id="oc-31e">
         <name>.text</name>
         <load_address>0x82d4d</load_address>
         <run_address>0x82d4d</run_address>
         <size>0x244</size>
         <input_file_ref idref="fl-7"/>
      </object_component>
      <object_component id="oc-e3">
         <name>.text</name>
         <load_address>0x82f91</load_address>
         <run_address>0x82f91</run_address>
         <size>0x241</size>
         <input_file_ref idref="fl-f"/>
      </object_component>
      <object_component id="oc-1b7">
         <name>.text:SysCtl_setClock</name>
         <load_address>0x831d2</load_address>
         <run_address>0x831d2</run_address>
         <size>0x207</size>
         <input_file_ref idref="fl-1f"/>
      </object_component>
      <object_component id="oc-4c5">
         <name>.text</name>
         <load_address>0x833d9</load_address>
         <run_address>0x833d9</run_address>
         <size>0x1</size>
         <input_file_ref idref="fl-5f"/>
      </object_component>
      <object_component id="oc-116">
         <name>.text</name>
         <load_address>0x833da</load_address>
         <run_address>0x833da</run_address>
         <size>0x138</size>
         <input_file_ref idref="fl-23"/>
      </object_component>
      <object_component id="oc-ef">
         <name>.text</name>
         <load_address>0x83512</load_address>
         <run_address>0x83512</run_address>
         <size>0x126</size>
         <input_file_ref idref="fl-c"/>
      </object_component>
      <object_component id="oc-264">
         <name>.text</name>
         <load_address>0x83638</load_address>
         <run_address>0x83638</run_address>
         <size>0x124</size>
         <input_file_ref idref="fl-54"/>
      </object_component>
      <object_component id="oc-270">
         <name>.text</name>
         <load_address>0x8375c</load_address>
         <run_address>0x8375c</run_address>
         <size>0x10b</size>
         <input_file_ref idref="fl-53"/>
      </object_component>
      <object_component id="oc-47e">
         <name>.text</name>
         <load_address>0x83867</load_address>
         <run_address>0x83867</run_address>
         <size>0x107</size>
         <input_file_ref idref="fl-5a"/>
      </object_component>
      <object_component id="oc-4af">
         <name>.text</name>
         <load_address>0x8396e</load_address>
         <run_address>0x8396e</run_address>
         <size>0xe9</size>
         <input_file_ref idref="fl-55"/>
      </object_component>
      <object_component id="oc-12f">
         <name>.text</name>
         <load_address>0x83a57</load_address>
         <run_address>0x83a57</run_address>
         <size>0xde</size>
         <input_file_ref idref="fl-33"/>
      </object_component>
      <object_component id="oc-16f">
         <name>.text</name>
         <load_address>0x83b35</load_address>
         <run_address>0x83b35</run_address>
         <size>0xcb</size>
         <input_file_ref idref="fl-34"/>
      </object_component>
      <object_component id="oc-4a9">
         <name>.text</name>
         <load_address>0x83c00</load_address>
         <run_address>0x83c00</run_address>
         <size>0xae</size>
         <input_file_ref idref="fl-57"/>
      </object_component>
      <object_component id="oc-175">
         <name>.text</name>
         <load_address>0x83cae</load_address>
         <run_address>0x83cae</run_address>
         <size>0x9c</size>
         <input_file_ref idref="fl-38"/>
      </object_component>
      <object_component id="oc-135">
         <name>.text</name>
         <load_address>0x83d4a</load_address>
         <run_address>0x83d4a</run_address>
         <size>0x8b</size>
         <input_file_ref idref="fl-43"/>
      </object_component>
      <object_component id="oc-125">
         <name>.text</name>
         <load_address>0x83dd5</load_address>
         <run_address>0x83dd5</run_address>
         <size>0x88</size>
         <input_file_ref idref="fl-3e"/>
      </object_component>
      <object_component id="oc-120">
         <name>.text</name>
         <load_address>0x83e5e</load_address>
         <run_address>0x83e5e</run_address>
         <size>0x86</size>
         <input_file_ref idref="fl-25"/>
      </object_component>
      <object_component id="oc-16a">
         <name>.text</name>
         <load_address>0x83ee4</load_address>
         <run_address>0x83ee4</run_address>
         <size>0x83</size>
         <input_file_ref idref="fl-3a"/>
      </object_component>
      <object_component id="oc-285">
         <name>.text:ADC_setINLTrim</name>
         <load_address>0x83f67</load_address>
         <run_address>0x83f67</run_address>
         <size>0x73</size>
         <input_file_ref idref="fl-1a"/>
      </object_component>
      <object_component id="oc-1db">
         <name>.text</name>
         <load_address>0x83fda</load_address>
         <run_address>0x83fda</run_address>
         <size>0x26</size>
         <input_file_ref idref="fl-9"/>
      </object_component>
      <object_component id="oc-41c">
         <name>.text:SysCtl_selectXTAL</name>
         <load_address>0x84170</load_address>
         <run_address>0x84170</run_address>
         <size>0x6b</size>
         <input_file_ref idref="fl-1f"/>
      </object_component>
      <object_component id="oc-110">
         <name>.text</name>
         <load_address>0x841db</load_address>
         <run_address>0x841db</run_address>
         <size>0x6b</size>
         <input_file_ref idref="fl-26"/>
      </object_component>
      <object_component id="oc-1b1">
         <name>.text:SysCtl_getDeviceParametric</name>
         <load_address>0x84246</load_address>
         <run_address>0x84246</run_address>
         <size>0x68</size>
         <input_file_ref idref="fl-1f"/>
      </object_component>
      <object_component id="oc-28b">
         <name>.text:ADC_setOffsetTrim</name>
         <load_address>0x842ae</load_address>
         <run_address>0x842ae</run_address>
         <size>0x64</size>
         <input_file_ref idref="fl-1a"/>
      </object_component>
      <object_component id="oc-214">
         <name>.text</name>
         <load_address>0x84312</load_address>
         <run_address>0x84312</run_address>
         <size>0x63</size>
         <input_file_ref idref="fl-35"/>
      </object_component>
      <object_component id="oc-ae">
         <name>.text:retain</name>
         <load_address>0x84375</load_address>
         <run_address>0x84375</run_address>
         <size>0x5d</size>
         <input_file_ref idref="fl-e"/>
      </object_component>
      <object_component id="oc-540">
         <name>.text</name>
         <load_address>0x843d2</load_address>
         <run_address>0x843d2</run_address>
         <size>0x5a</size>
         <input_file_ref idref="fl-56"/>
      </object_component>
      <object_component id="oc-21a">
         <name>.text</name>
         <load_address>0x8442c</load_address>
         <run_address>0x8442c</run_address>
         <size>0x59</size>
         <input_file_ref idref="fl-36"/>
      </object_component>
      <object_component id="oc-304">
         <name>.text:SysCtl_selectOscSource</name>
         <load_address>0x84485</load_address>
         <run_address>0x84485</run_address>
         <size>0x54</size>
         <input_file_ref idref="fl-1f"/>
      </object_component>
      <object_component id="oc-1bd">
         <name>.text:SysCtl_getClock</name>
         <load_address>0x844d9</load_address>
         <run_address>0x844d9</run_address>
         <size>0x51</size>
         <input_file_ref idref="fl-1f"/>
      </object_component>
      <object_component id="oc-11b">
         <name>.text</name>
         <load_address>0x8452a</load_address>
         <run_address>0x8452a</run_address>
         <size>0x4e</size>
         <input_file_ref idref="fl-24"/>
      </object_component>
      <object_component id="oc-1ed">
         <name>.text:SCI_clearInterruptStatus</name>
         <load_address>0x84578</load_address>
         <run_address>0x84578</run_address>
         <size>0x46</size>
         <input_file_ref idref="fl-1e"/>
      </object_component>
      <object_component id="oc-14b">
         <name>.text:SCI_writeCharArray</name>
         <load_address>0x845be</load_address>
         <run_address>0x845be</run_address>
         <size>0x41</size>
         <input_file_ref idref="fl-1e"/>
      </object_component>
      <object_component id="oc-1f3">
         <name>.text:SCI_setConfig</name>
         <load_address>0x845ff</load_address>
         <run_address>0x845ff</run_address>
         <size>0x3e</size>
         <input_file_ref idref="fl-1e"/>
      </object_component>
      <object_component id="oc-f5">
         <name>.text:Interrupt_initModule</name>
         <load_address>0x8463d</load_address>
         <run_address>0x8463d</run_address>
         <size>0x3d</size>
         <input_file_ref idref="fl-1d"/>
      </object_component>
      <object_component id="oc-1e7">
         <name>.text:GPIO_setPinConfig</name>
         <load_address>0x8467a</load_address>
         <run_address>0x8467a</run_address>
         <size>0x37</size>
         <input_file_ref idref="fl-1c"/>
      </object_component>
      <object_component id="oc-fb">
         <name>.text:Interrupt_enable</name>
         <load_address>0x846b1</load_address>
         <run_address>0x846b1</run_address>
         <size>0x34</size>
         <input_file_ref idref="fl-1d"/>
      </object_component>
      <object_component id="oc-145">
         <name>.text</name>
         <load_address>0x846e5</load_address>
         <run_address>0x846e5</run_address>
         <size>0x32</size>
         <input_file_ref idref="fl-32"/>
      </object_component>
      <object_component id="oc-8d">
         <name>.text:decompress:lzss</name>
         <load_address>0x84717</load_address>
         <run_address>0x84717</run_address>
         <size>0x31</size>
         <input_file_ref idref="fl-49"/>
      </object_component>
      <object_component id="oc-473">
         <name>.text</name>
         <load_address>0x84748</load_address>
         <run_address>0x84748</run_address>
         <size>0x31</size>
         <input_file_ref idref="fl-61"/>
      </object_component>
      <object_component id="oc-53a">
         <name>.text</name>
         <load_address>0x84779</load_address>
         <run_address>0x84779</run_address>
         <size>0x30</size>
         <input_file_ref idref="fl-60"/>
      </object_component>
      <object_component id="oc-17a">
         <name>.text:ADC_setMode</name>
         <load_address>0x847a9</load_address>
         <run_address>0x847a9</run_address>
         <size>0x2f</size>
         <input_file_ref idref="fl-1a"/>
      </object_component>
      <object_component id="oc-3d0">
         <name>.text:__TI_auto_init_nobinit_nopinit</name>
         <load_address>0x847d8</load_address>
         <run_address>0x847d8</run_address>
         <size>0x2b</size>
         <input_file_ref idref="fl-46"/>
      </object_component>
      <object_component id="oc-140">
         <name>.text</name>
         <load_address>0x84803</load_address>
         <run_address>0x84803</run_address>
         <size>0x2a</size>
         <input_file_ref idref="fl-39"/>
      </object_component>
      <object_component id="oc-59f">
         <name>.text</name>
         <load_address>0x8482d</load_address>
         <run_address>0x8482d</run_address>
         <size>0x2a</size>
         <input_file_ref idref="fl-68"/>
      </object_component>
      <object_component id="oc-2af">
         <name>.text</name>
         <load_address>0x84857</load_address>
         <run_address>0x84857</run_address>
         <size>0x29</size>
         <input_file_ref idref="fl-4c"/>
      </object_component>
      <object_component id="oc-1d5">
         <name>.text</name>
         <load_address>0x84880</load_address>
         <run_address>0x84880</run_address>
         <size>0x28</size>
         <input_file_ref idref="fl-8"/>
      </object_component>
      <object_component id="oc-2c3">
         <name>.text:Flash_setBankPowerUpDelay</name>
         <load_address>0x848a8</load_address>
         <run_address>0x848a8</run_address>
         <size>0x28</size>
         <input_file_ref idref="fl-1b"/>
      </object_component>
      <object_component id="oc-55c">
         <name>.text</name>
         <load_address>0x848d0</load_address>
         <run_address>0x848d0</run_address>
         <size>0x25</size>
         <input_file_ref idref="fl-67"/>
      </object_component>
      <object_component id="oc-4fd">
         <name>.text:CPUTimer_selectClockSource</name>
         <load_address>0x848f5</load_address>
         <run_address>0x848f5</run_address>
         <size>0x24</size>
         <input_file_ref idref="fl-1f"/>
      </object_component>
      <object_component id="oc-13a">
         <name>.text</name>
         <load_address>0x84919</load_address>
         <run_address>0x84919</run_address>
         <size>0x23</size>
         <input_file_ref idref="fl-42"/>
      </object_component>
      <object_component id="oc-23f">
         <name>.text:SCI_isFIFOEnabled</name>
         <load_address>0x8493c</load_address>
         <run_address>0x8493c</run_address>
         <size>0x22</size>
         <input_file_ref idref="fl-1e"/>
      </object_component>
      <object_component id="oc-49e">
         <name>.text</name>
         <load_address>0x8495e</load_address>
         <run_address>0x8495e</run_address>
         <size>0x22</size>
         <input_file_ref idref="fl-5c"/>
      </object_component>
      <object_component id="oc-25e">
         <name>.text</name>
         <load_address>0x84980</load_address>
         <run_address>0x84980</run_address>
         <size>0x21</size>
         <input_file_ref idref="fl-3d"/>
      </object_component>
      <object_component id="oc-588">
         <name>.text:CPUTimer_getTimerOverflowStatus</name>
         <load_address>0x849a1</load_address>
         <run_address>0x849a1</run_address>
         <size>0x20</size>
         <input_file_ref idref="fl-1f"/>
      </object_component>
      <object_component id="oc-27e">
         <name>.text:ADC_isBaseValid</name>
         <load_address>0x849c1</load_address>
         <run_address>0x849c1</run_address>
         <size>0x1f</size>
         <input_file_ref idref="fl-1a"/>
      </object_component>
      <object_component id="oc-238">
         <name>.text:SCI_isBaseValid</name>
         <load_address>0x849e0</load_address>
         <run_address>0x849e0</run_address>
         <size>0x1f</size>
         <input_file_ref idref="fl-1e"/>
      </object_component>
      <object_component id="oc-3a7">
         <name>.text</name>
         <load_address>0x849ff</load_address>
         <run_address>0x849ff</run_address>
         <size>0x1f</size>
         <input_file_ref idref="fl-58"/>
      </object_component>
      <object_component id="oc-479">
         <name>.text</name>
         <load_address>0x84a1e</load_address>
         <run_address>0x84a1e</run_address>
         <size>0x1e</size>
         <input_file_ref idref="fl-3f"/>
      </object_component>
      <object_component id="oc-546">
         <name>.text</name>
         <load_address>0x84a3c</load_address>
         <run_address>0x84a3c</run_address>
         <size>0x1d</size>
         <input_file_ref idref="fl-5b"/>
      </object_component>
      <object_component id="oc-bd">
         <name>.text</name>
         <load_address>0x84a59</load_address>
         <run_address>0x84a59</run_address>
         <size>0x1d</size>
         <input_file_ref idref="fl-44"/>
      </object_component>
      <object_component id="oc-12a">
         <name>.text</name>
         <load_address>0x84a76</load_address>
         <run_address>0x84a76</run_address>
         <size>0x1c</size>
         <input_file_ref idref="fl-41"/>
      </object_component>
      <object_component id="oc-3ac">
         <name>.text</name>
         <load_address>0x84a92</load_address>
         <run_address>0x84a92</run_address>
         <size>0x1c</size>
         <input_file_ref idref="fl-5d"/>
      </object_component>
      <object_component id="oc-509">
         <name>.text:CPUTimer_startTimer</name>
         <load_address>0x84aae</load_address>
         <run_address>0x84aae</run_address>
         <size>0x1b</size>
         <input_file_ref idref="fl-1f"/>
      </object_component>
      <object_component id="oc-24b">
         <name>.text:SCI_isSpaceAvailableNonFIFO</name>
         <load_address>0x84ac9</load_address>
         <run_address>0x84ac9</run_address>
         <size>0x1b</size>
         <input_file_ref idref="fl-1e"/>
      </object_component>
      <object_component id="oc-57c">
         <name>.text:CPUTimer_isBaseValid</name>
         <load_address>0x84ae4</load_address>
         <run_address>0x84ae4</run_address>
         <size>0x1a</size>
         <input_file_ref idref="fl-1f"/>
      </object_component>
      <object_component id="oc-1c4">
         <name>.text:SysCtl_getLowSpeedClock</name>
         <load_address>0x84afe</load_address>
         <run_address>0x84afe</run_address>
         <size>0x1a</size>
         <input_file_ref idref="fl-1f"/>
      </object_component>
      <object_component id="oc-35a">
         <name>.text:SCI_disableModule</name>
         <load_address>0x84b18</load_address>
         <run_address>0x84b18</run_address>
         <size>0x19</size>
         <input_file_ref idref="fl-1e"/>
      </object_component>
      <object_component id="oc-353">
         <name>.text:SCI_performSoftwareReset</name>
         <load_address>0x84b31</load_address>
         <run_address>0x84b31</run_address>
         <size>0x19</size>
         <input_file_ref idref="fl-1e"/>
      </object_component>
      <object_component id="oc-50f">
         <name>.text:SysCtl_pollCpuTimer</name>
         <load_address>0x84b4a</load_address>
         <run_address>0x84b4a</run_address>
         <size>0x19</size>
         <input_file_ref idref="fl-1f"/>
      </object_component>
      <object_component id="oc-3a2">
         <name>.text</name>
         <load_address>0x84b63</load_address>
         <run_address>0x84b63</run_address>
         <size>0x18</size>
         <input_file_ref idref="fl-59"/>
      </object_component>
      <object_component id="oc-19b">
         <name>.text</name>
         <load_address>0x84b7b</load_address>
         <run_address>0x84b7b</run_address>
         <size>0x17</size>
         <input_file_ref idref="fl-37"/>
      </object_component>
      <object_component id="oc-165">
         <name>.text</name>
         <load_address>0x84b92</load_address>
         <run_address>0x84b92</run_address>
         <size>0x17</size>
         <input_file_ref idref="fl-40"/>
      </object_component>
      <object_component id="oc-2b6">
         <name>.text:Flash_isCtrlBaseValid</name>
         <load_address>0x84ba9</load_address>
         <run_address>0x84ba9</run_address>
         <size>0x15</size>
         <input_file_ref idref="fl-1b"/>
      </object_component>
      <object_component id="oc-2bd">
         <name>.text:Flash_isECCBaseValid</name>
         <load_address>0x84bbe</load_address>
         <run_address>0x84bbe</run_address>
         <size>0x15</size>
         <input_file_ref idref="fl-1b"/>
      </object_component>
      <object_component id="oc-245">
         <name>.text:SCI_getTxFIFOStatus</name>
         <load_address>0x84bd3</load_address>
         <run_address>0x84bd3</run_address>
         <size>0x15</size>
         <input_file_ref idref="fl-1e"/>
      </object_component>
      <object_component id="oc-4f1">
         <name>.text:CPUTimer_stopTimer</name>
         <load_address>0x84be8</load_address>
         <run_address>0x84be8</run_address>
         <size>0x14</size>
         <input_file_ref idref="fl-1f"/>
      </object_component>
      <object_component id="oc-360">
         <name>.text:SCI_enableModule</name>
         <load_address>0x84bfc</load_address>
         <run_address>0x84bfc</run_address>
         <size>0x14</size>
         <input_file_ref idref="fl-1e"/>
      </object_component>
      <object_component id="oc-e9">
         <name>.text</name>
         <load_address>0x84c10</load_address>
         <run_address>0x84c10</run_address>
         <size>0x13</size>
         <input_file_ref idref="fl-d"/>
      </object_component>
      <object_component id="oc-503">
         <name>.text:CPUTimer_clearOverflowFlag</name>
         <load_address>0x84c23</load_address>
         <run_address>0x84c23</run_address>
         <size>0x12</size>
         <input_file_ref idref="fl-1f"/>
      </object_component>
      <object_component id="oc-4eb">
         <name>.text:CPUTimer_disableInterrupt</name>
         <load_address>0x84c35</load_address>
         <run_address>0x84c35</run_address>
         <size>0x12</size>
         <input_file_ref idref="fl-1f"/>
      </object_component>
      <object_component id="oc-4f7">
         <name>.text:CPUTimer_setPeriod</name>
         <load_address>0x84c47</load_address>
         <run_address>0x84c47</run_address>
         <size>0x12</size>
         <input_file_ref idref="fl-1f"/>
      </object_component>
      <object_component id="oc-46b">
         <name>.text</name>
         <load_address>0x84c59</load_address>
         <run_address>0x84c59</run_address>
         <size>0x10</size>
         <input_file_ref idref="fl-63"/>
      </object_component>
      <object_component id="oc-228">
         <name>.text</name>
         <load_address>0x84c69</load_address>
         <run_address>0x84c69</run_address>
         <size>0xe</size>
         <input_file_ref idref="fl-3c"/>
      </object_component>
      <object_component id="oc-1fb">
         <name>.text:Interrupt_disableMaster</name>
         <load_address>0x84c77</load_address>
         <run_address>0x84c77</run_address>
         <size>0xd</size>
         <input_file_ref idref="fl-1d"/>
      </object_component>
      <object_component id="oc-203">
         <name>.text:Interrupt_enableMaster</name>
         <load_address>0x84c84</load_address>
         <run_address>0x84c84</run_address>
         <size>0xd</size>
         <input_file_ref idref="fl-1d"/>
      </object_component>
      <object_component id="oc-2a9">
         <name>.text</name>
         <load_address>0x84c91</load_address>
         <run_address>0x84c91</run_address>
         <size>0xc</size>
         <input_file_ref idref="fl-4e"/>
      </object_component>
      <object_component id="oc-54b">
         <name>.text</name>
         <load_address>0x84c9d</load_address>
         <run_address>0x84c9d</run_address>
         <size>0xc</size>
         <input_file_ref idref="fl-64"/>
      </object_component>
      <object_component id="oc-2fe">
         <name>.text:SysCtl_isMCDClockFailureDetected</name>
         <load_address>0x84ca9</load_address>
         <run_address>0x84ca9</run_address>
         <size>0xb</size>
         <input_file_ref idref="fl-1f"/>
      </object_component>
      <object_component id="oc-483">
         <name>.text</name>
         <load_address>0x84cb4</load_address>
         <run_address>0x84cb4</run_address>
         <size>0xb</size>
         <input_file_ref idref="fl-66"/>
      </object_component>
      <object_component id="oc-30a">
         <name>.text:SysCtl_serviceWatchdog</name>
         <load_address>0x84cbf</load_address>
         <run_address>0x84cbf</run_address>
         <size>0x9</size>
         <input_file_ref idref="fl-1f"/>
      </object_component>
      <object_component id="oc-4df">
         <name>.text</name>
         <load_address>0x84cc8</load_address>
         <run_address>0x84cc8</run_address>
         <size>0x9</size>
         <input_file_ref idref="fl-4d"/>
      </object_component>
      <object_component id="oc-276">
         <name>.text</name>
         <load_address>0x84cd1</load_address>
         <run_address>0x84cd1</run_address>
         <size>0x9</size>
         <input_file_ref idref="fl-3b"/>
      </object_component>
      <object_component id="oc-d1">
         <name>.text</name>
         <load_address>0x84cda</load_address>
         <run_address>0x84cda</run_address>
         <size>0x8</size>
         <input_file_ref idref="fl-3"/>
      </object_component>
      <object_component id="oc-93">
         <name>.text:decompress:none</name>
         <load_address>0x84ce2</load_address>
         <run_address>0x84ce2</run_address>
         <size>0x8</size>
         <input_file_ref idref="fl-48"/>
      </object_component>
      <object_component id="oc-154">
         <name>.text</name>
         <load_address>0x84cea</load_address>
         <run_address>0x84cea</run_address>
         <size>0x8</size>
         <input_file_ref idref="fl-50"/>
      </object_component>
      <object_component id="oc-515">
         <name>.text:SysCtl_resetMCD</name>
         <load_address>0x84cf2</load_address>
         <run_address>0x84cf2</run_address>
         <size>0x7</size>
         <input_file_ref idref="fl-1f"/>
      </object_component>
      <object_component id="oc-194">
         <name>.text</name>
         <load_address>0x84cf9</load_address>
         <run_address>0x84cf9</run_address>
         <size>0x7</size>
         <input_file_ref idref="fl-4f"/>
      </object_component>
      <object_component id="oc-cb">
         <name>.text:decompress:ZI</name>
         <load_address>0x84d00</load_address>
         <run_address>0x84d00</run_address>
         <size>0x6</size>
         <input_file_ref idref="fl-47"/>
      </object_component>
      <object_component id="oc-465">
         <name>.text</name>
         <load_address>0x84d06</load_address>
         <run_address>0x84d06</run_address>
         <size>0x5</size>
         <input_file_ref idref="fl-65"/>
      </object_component>
      <object_component id="oc-2a2">
         <name>.text</name>
         <load_address>0x84d0b</load_address>
         <run_address>0x84d0b</run_address>
         <size>0x2</size>
         <input_file_ref idref="fl-45"/>
      </object_component>
      <object_component id="oc-9a">
         <name>codestart</name>
         <load_address>0x80000</load_address>
         <run_address>0x80000</run_address>
         <size>0x2</size>
         <input_file_ref idref="fl-3"/>
      </object_component>
      <object_component id="oc-ba">
         <name>.stack</name>
         <uninitialized>true</uninitialized>
         <run_address>0x400</run_address>
         <size>0x0</size>
         <input_file_ref idref="fl-37"/>
      </object_component>
      <object_component id="oc-681">
         <name>.stack</name>
         <uninitialized>true</uninitialized>
         <run_address>0x400</run_address>
         <size>0x0</size>
      </object_component>
      <object_component id="oc-df">
         <name>.bss</name>
         <uninitialized>true</uninitialized>
         <run_address>0xaa40</run_address>
         <size>0x2c</size>
         <input_file_ref idref="fl-e"/>
      </object_component>
      <object_component id="oc-15f">
         <name>.bss:wifi_uint16</name>
         <uninitialized>true</uninitialized>
         <run_address>0xaa76</run_address>
         <size>0x6</size>
         <input_file_ref idref="fl-e"/>
      </object_component>
      <object_component id="oc-184">
         <name>.bss:f</name>
         <uninitialized>true</uninitialized>
         <run_address>0xaa6c</run_address>
         <size>0xa</size>
         <input_file_ref idref="fl-e"/>
      </object_component>
      <object_component id="oc-162">
         <name>.bss:wifi_data</name>
         <uninitialized>true</uninitialized>
         <run_address>0xaa00</run_address>
         <size>0x3c</size>
         <input_file_ref idref="fl-e"/>
      </object_component>
      <object_component id="oc-151">
         <name>.bss:npts</name>
         <uninitialized>true</uninitialized>
         <run_address>0xa800</run_address>
         <size>0x200</size>
         <input_file_ref idref="fl-e"/>
      </object_component>
      <object_component id="oc-181">
         <name>.data</name>
         <load_address>0xaa8c</load_address>
         <run_address>0xaa8c</run_address>
         <size>0x6</size>
         <input_file_ref idref="fl-e"/>
      </object_component>
      <object_component id="oc-1ca">
         <name>.data</name>
         <load_address>0xaa80</load_address>
         <run_address>0xaa80</run_address>
         <size>0x6</size>
         <input_file_ref idref="fl-f"/>
      </object_component>
      <object_component id="oc-402">
         <name>.data</name>
         <load_address>0xaa86</load_address>
         <run_address>0xaa86</run_address>
         <size>0x6</size>
         <input_file_ref idref="fl-4c"/>
      </object_component>
      <object_component id="oc-405">
         <name>.data:_lock</name>
         <load_address>0xaa7c</load_address>
         <run_address>0xaa7c</run_address>
         <size>0x2</size>
         <input_file_ref idref="fl-4d"/>
      </object_component>
      <object_component id="oc-575">
         <name>.data:_unlock</name>
         <load_address>0xaa7e</load_address>
         <run_address>0xaa7e</run_address>
         <size>0x2</size>
         <input_file_ref idref="fl-4d"/>
      </object_component>
      <object_component id="oc-22d">
         <name>.data</name>
         <load_address>0xaa92</load_address>
         <run_address>0xaa92</run_address>
         <size>0x1</size>
         <input_file_ref idref="fl-51"/>
      </object_component>
      <object_component id="oc-ab">
         <name>.const</name>
         <load_address>0x88000</load_address>
         <run_address>0x88000</run_address>
         <size>0x1c0</size>
         <input_file_ref idref="fl-9"/>
      </object_component>
      <object_component id="oc-e2">
         <name>.const:.string</name>
         <load_address>0x881c0</load_address>
         <run_address>0x881c0</run_address>
         <size>0x132</size>
         <input_file_ref idref="fl-e"/>
      </object_component>
      <object_component id="oc-530">
         <name>.const:.string:_ctypes_</name>
         <load_address>0x882f2</load_address>
         <run_address>0x882f2</run_address>
         <size>0x101</size>
         <input_file_ref idref="fl-62"/>
      </object_component>
      <object_component id="oc-2fd">
         <name>.const:.string</name>
         <load_address>0x883f4</load_address>
         <run_address>0x883f4</run_address>
         <size>0xc2</size>
         <input_file_ref idref="fl-1f"/>
      </object_component>
      <object_component id="oc-2bc">
         <name>.const:.string</name>
         <load_address>0x884b6</load_address>
         <run_address>0x884b6</run_address>
         <size>0xbf</size>
         <input_file_ref idref="fl-1b"/>
      </object_component>
      <object_component id="oc-23e">
         <name>.const:.string</name>
         <load_address>0x88576</load_address>
         <run_address>0x88576</run_address>
         <size>0xbb</size>
         <input_file_ref idref="fl-1e"/>
      </object_component>
      <object_component id="oc-4a3">
         <name>.const:ipio2</name>
         <load_address>0x88632</load_address>
         <run_address>0x88632</run_address>
         <size>0x84</size>
         <input_file_ref idref="fl-4b"/>
      </object_component>
      <object_component id="oc-324">
         <name>.const</name>
         <load_address>0x886b6</load_address>
         <run_address>0x886b6</run_address>
         <size>0x8</size>
         <input_file_ref idref="fl-a"/>
      </object_component>
      <object_component id="oc-3b1">
         <name>.const</name>
         <load_address>0x886c0</load_address>
         <run_address>0x886c0</run_address>
         <size>0x64</size>
         <input_file_ref idref="fl-4a"/>
      </object_component>
      <object_component id="oc-284">
         <name>.const:.string</name>
         <load_address>0x88724</load_address>
         <run_address>0x88724</run_address>
         <size>0x5d</size>
         <input_file_ref idref="fl-1a"/>
      </object_component>
      <object_component id="oc-1e6">
         <name>.const:.string</name>
         <load_address>0x88782</load_address>
         <run_address>0x88782</run_address>
         <size>0x43</size>
         <input_file_ref idref="fl-c"/>
      </object_component>
      <object_component id="oc-39d">
         <name>.const</name>
         <load_address>0x887c6</load_address>
         <run_address>0x887c6</run_address>
         <size>0x38</size>
         <input_file_ref idref="fl-54"/>
      </object_component>
      <object_component id="oc-3bc">
         <name>.const</name>
         <load_address>0x88800</load_address>
         <run_address>0x88800</run_address>
         <size>0x3c</size>
         <input_file_ref idref="fl-53"/>
      </object_component>
      <object_component id="oc-49b">
         <name>.const:init_jk</name>
         <load_address>0x8883c</load_address>
         <run_address>0x8883c</run_address>
         <size>0x4</size>
         <input_file_ref idref="fl-4b"/>
      </object_component>
      <object_component id="oc-4a6">
         <name>.const</name>
         <load_address>0x88840</load_address>
         <run_address>0x88840</run_address>
         <size>0x2c</size>
         <input_file_ref idref="fl-4b"/>
      </object_component>
      <object_component id="oc-464">
         <name>.const:.string</name>
         <load_address>0x8886c</load_address>
         <run_address>0x8886c</run_address>
         <size>0x26</size>
         <input_file_ref idref="fl-52"/>
      </object_component>
      <object_component id="oc-4b5">
         <name>.const:PIo2</name>
         <load_address>0x88892</load_address>
         <run_address>0x88892</run_address>
         <size>0x20</size>
         <input_file_ref idref="fl-4b"/>
      </object_component>
      <object_component id="oc-13f">
         <name>.const</name>
         <load_address>0x888b2</load_address>
         <run_address>0x888b2</run_address>
         <size>0x20</size>
         <input_file_ref idref="fl-e"/>
      </object_component>
      <object_component id="oc-539">
         <name>.const</name>
         <load_address>0x888d2</load_address>
         <run_address>0x888d2</run_address>
         <size>0x1c</size>
         <input_file_ref idref="fl-52"/>
      </object_component>
      <object_component id="oc-227">
         <name>.const</name>
         <load_address>0x888ee</load_address>
         <run_address>0x888ee</run_address>
         <size>0xc</size>
         <input_file_ref idref="fl-33"/>
      </object_component>
      <object_component id="oc-263">
         <name>.const</name>
         <load_address>0x888fa</load_address>
         <run_address>0x888fa</run_address>
         <size>0x4</size>
         <input_file_ref idref="fl-34"/>
      </object_component>
      <object_component id="oc-559">
         <name>.const</name>
         <load_address>0x88900</load_address>
         <run_address>0x88900</run_address>
         <size>0x1c</size>
         <input_file_ref idref="fl-57"/>
      </object_component>
      <object_component id="oc-1c3">
         <name>.const:.string</name>
         <load_address>0x8891c</load_address>
         <run_address>0x8891c</run_address>
         <size>0x13</size>
         <input_file_ref idref="fl-f"/>
      </object_component>
      <object_component id="oc-564">
         <name>.const</name>
         <load_address>0x88930</load_address>
         <run_address>0x88930</run_address>
         <size>0xc</size>
         <input_file_ref idref="fl-55"/>
      </object_component>
      <object_component id="oc-5a6">
         <name>.const</name>
         <load_address>0x88940</load_address>
         <run_address>0x88940</run_address>
         <size>0x8</size>
         <input_file_ref idref="fl-56"/>
      </object_component>
      <object_component id="oc-1ab">
         <name>.TI.ramfunc:Flash_initModule</name>
         <load_address>0x84000</load_address>
         <run_address>0xb000</run_address>
         <size>0x43</size>
         <input_file_ref idref="fl-1b"/>
      </object_component>
      <object_component id="oc-318">
         <name>.TI.ramfunc</name>
         <load_address>0x84043</load_address>
         <run_address>0xb043</run_address>
         <size>0x37</size>
         <input_file_ref idref="fl-a"/>
      </object_component>
      <object_component id="oc-2c9">
         <name>.TI.ramfunc:Flash_setBankPowerMode</name>
         <load_address>0x8407a</load_address>
         <run_address>0xb07a</run_address>
         <size>0x2d</size>
         <input_file_ref idref="fl-1b"/>
      </object_component>
      <object_component id="oc-2e1">
         <name>.TI.ramfunc:Flash_setWaitstates</name>
         <load_address>0x840a7</load_address>
         <run_address>0xb0a7</run_address>
         <size>0x26</size>
         <input_file_ref idref="fl-1b"/>
      </object_component>
      <object_component id="oc-2cf">
         <name>.TI.ramfunc:Flash_setPumpPowerMode</name>
         <load_address>0x840cd</load_address>
         <run_address>0xb0cd</run_address>
         <size>0x1e</size>
         <input_file_ref idref="fl-1b"/>
      </object_component>
      <object_component id="oc-2d5">
         <name>.TI.ramfunc:Flash_disableCache</name>
         <load_address>0x840eb</load_address>
         <run_address>0xb0eb</run_address>
         <size>0x1a</size>
         <input_file_ref idref="fl-1b"/>
      </object_component>
      <object_component id="oc-2db">
         <name>.TI.ramfunc:Flash_disablePrefetch</name>
         <load_address>0x84105</load_address>
         <run_address>0xb105</run_address>
         <size>0x1a</size>
         <input_file_ref idref="fl-1b"/>
      </object_component>
      <object_component id="oc-2e7">
         <name>.TI.ramfunc:Flash_enableCache</name>
         <load_address>0x8411f</load_address>
         <run_address>0xb11f</run_address>
         <size>0x19</size>
         <input_file_ref idref="fl-1b"/>
      </object_component>
      <object_component id="oc-2ed">
         <name>.TI.ramfunc:Flash_enablePrefetch</name>
         <load_address>0x84138</load_address>
         <run_address>0xb138</run_address>
         <size>0x19</size>
         <input_file_ref idref="fl-1b"/>
      </object_component>
      <object_component id="oc-2f3">
         <name>.TI.ramfunc:Flash_enableECC</name>
         <load_address>0x84151</load_address>
         <run_address>0xb151</run_address>
         <size>0x17</size>
         <input_file_ref idref="fl-1b"/>
      </object_component>
      <object_component id="oc-15a">
         <name>.TI.ramfunc</name>
         <load_address>0x84168</load_address>
         <run_address>0xb168</run_address>
         <size>0x4</size>
         <input_file_ref idref="fl-b"/>
      </object_component>
      <object_component id="oc-180">
         <name>.TI.ramfunc</name>
         <load_address>0x8416c</load_address>
         <run_address>0xb16c</run_address>
         <size>0x4</size>
         <input_file_ref idref="fl-1f"/>
      </object_component>
      <object_component id="oc-101">
         <name>RFFTdata1</name>
         <uninitialized>true</uninitialized>
         <run_address>0xe000</run_address>
         <size>0x800</size>
         <input_file_ref idref="fl-e"/>
      </object_component>
      <object_component id="oc-104">
         <name>RFFTdata2</name>
         <uninitialized>true</uninitialized>
         <run_address>0x10000</run_address>
         <size>0x800</size>
         <input_file_ref idref="fl-e"/>
      </object_component>
      <object_component id="oc-107">
         <name>RFFTdata3</name>
         <uninitialized>true</uninitialized>
         <run_address>0x12000</run_address>
         <size>0x402</size>
         <input_file_ref idref="fl-e"/>
      </object_component>
      <object_component id="oc-10a">
         <name>RFFTdata4</name>
         <uninitialized>true</uninitialized>
         <run_address>0x14000</run_address>
         <size>0x400</size>
         <input_file_ref idref="fl-e"/>
      </object_component>
      <object_component id="oc-10d">
         <name>RFFTdata5</name>
         <uninitialized>true</uninitialized>
         <run_address>0xe800</run_address>
         <size>0x800</size>
         <input_file_ref idref="fl-e"/>
      </object_component>
      <object_component id="oc-dc">
         <name>adcAResultsdata</name>
         <uninitialized>true</uninitialized>
         <run_address>0x8000</run_address>
         <size>0x2000</size>
         <input_file_ref idref="fl-e"/>
      </object_component>
      <object_component id="oc-347">
         <name>PieVectTableFile</name>
         <uninitialized>true</uninitialized>
         <run_address>0xd00</run_address>
         <size>0x1c0</size>
         <input_file_ref idref="fl-6"/>
      </object_component>
      <object_component id="oc-328">
         <name>AnalogSubsysRegsFile</name>
         <uninitialized>true</uninitialized>
         <run_address>0x5d180</run_address>
         <size>0x3e</size>
         <input_file_ref idref="fl-6"/>
      </object_component>
      <object_component id="oc-1e1">
         <name>ClkCfgRegsFile</name>
         <uninitialized>true</uninitialized>
         <run_address>0x5d200</run_address>
         <size>0x32</size>
         <input_file_ref idref="fl-6"/>
      </object_component>
      <object_component id="oc-334">
         <name>CpuTimer1RegsFile</name>
         <uninitialized>true</uninitialized>
         <run_address>0xc08</run_address>
         <size>0x8</size>
         <input_file_ref idref="fl-6"/>
      </object_component>
      <object_component id="oc-337">
         <name>CpuTimer2RegsFile</name>
         <uninitialized>true</uninitialized>
         <run_address>0xc10</run_address>
         <size>0x8</size>
         <input_file_ref idref="fl-6"/>
      </object_component>
      <object_component id="oc-32b">
         <name>CpuSysRegsFile</name>
         <uninitialized>true</uninitialized>
         <run_address>0x5d300</run_address>
         <size>0x82</size>
         <input_file_ref idref="fl-6"/>
      </object_component>
      <object_component id="oc-33a">
         <name>DcsmZ1RegsFile</name>
         <uninitialized>true</uninitialized>
         <run_address>0x5f000</run_address>
         <size>0x22</size>
         <input_file_ref idref="fl-6"/>
      </object_component>
      <object_component id="oc-33d">
         <name>DcsmZ2RegsFile</name>
         <uninitialized>true</uninitialized>
         <run_address>0x5f040</run_address>
         <size>0x22</size>
         <input_file_ref idref="fl-6"/>
      </object_component>
      <object_component id="oc-325">
         <name>DevCfgRegsFile</name>
         <uninitialized>true</uninitialized>
         <run_address>0x5d000</run_address>
         <size>0x12e</size>
         <input_file_ref idref="fl-6"/>
      </object_component>
      <object_component id="oc-424">
         <name>Flash0CtrlRegsFile</name>
         <uninitialized>true</uninitialized>
         <run_address>0x5f800</run_address>
         <size>0x182</size>
         <input_file_ref idref="fl-6"/>
      </object_component>
      <object_component id="oc-427">
         <name>Flash0EccRegsFile</name>
         <uninitialized>true</uninitialized>
         <run_address>0x5fb00</run_address>
         <size>0x28</size>
         <input_file_ref idref="fl-6"/>
      </object_component>
      <object_component id="oc-32e">
         <name>FlashPumpSemaphoreRegsFile</name>
         <uninitialized>true</uninitialized>
         <run_address>0x50024</run_address>
         <size>0x2</size>
         <input_file_ref idref="fl-6"/>
      </object_component>
      <object_component id="oc-42b">
         <name>GpioCtrlRegsFile</name>
         <uninitialized>true</uninitialized>
         <run_address>0x7c00</run_address>
         <size>0x180</size>
         <input_file_ref idref="fl-6"/>
      </object_component>
      <object_component id="oc-431">
         <name>GpioDataRegsFile</name>
         <uninitialized>true</uninitialized>
         <run_address>0x7f00</run_address>
         <size>0x30</size>
         <input_file_ref idref="fl-6"/>
      </object_component>
      <object_component id="oc-42e">
         <name>InputXbarRegsFile</name>
         <uninitialized>true</uninitialized>
         <run_address>0x7900</run_address>
         <size>0x20</size>
         <input_file_ref idref="fl-6"/>
      </object_component>
      <object_component id="oc-342">
         <name>PieCtrlRegsFile</name>
         <uninitialized>true</uninitialized>
         <run_address>0xce0</run_address>
         <size>0x1a</size>
         <input_file_ref idref="fl-6"/>
      </object_component>
      <object_component id="oc-331">
         <name>WdRegsFile</name>
         <uninitialized>true</uninitialized>
         <run_address>0x7000</run_address>
         <size>0x2b</size>
         <input_file_ref idref="fl-6"/>
      </object_component>
      <object_component id="oc-9d">
         <name>.debug_info</name>
         <load_address>0x0</load_address>
         <run_address>0x0</run_address>
         <size>0x18a</size>
         <input_file_ref idref="fl-3"/>
      </object_component>
      <object_component id="oc-d4">
         <name>.debug_info</name>
         <load_address>0x18a</load_address>
         <run_address>0x18a</run_address>
         <size>0x18b</size>
         <input_file_ref idref="fl-3"/>
      </object_component>
      <object_component id="oc-a9">
         <name>.debug_info</name>
         <load_address>0x315</load_address>
         <run_address>0x315</run_address>
         <size>0x494b</size>
         <input_file_ref idref="fl-4"/>
      </object_component>
      <object_component id="oc-32f">
         <name>.debug_info</name>
         <load_address>0x4c60</load_address>
         <run_address>0x4c60</run_address>
         <size>0x118</size>
         <input_file_ref idref="fl-6"/>
      </object_component>
      <object_component id="oc-335">
         <name>.debug_info</name>
         <load_address>0x4d78</load_address>
         <run_address>0x4d78</run_address>
         <size>0x106</size>
         <input_file_ref idref="fl-6"/>
      </object_component>
      <object_component id="oc-338">
         <name>.debug_info</name>
         <load_address>0x4e7e</load_address>
         <run_address>0x4e7e</run_address>
         <size>0x106</size>
         <input_file_ref idref="fl-6"/>
      </object_component>
      <object_component id="oc-343">
         <name>.debug_info</name>
         <load_address>0x4f84</load_address>
         <run_address>0x4f84</run_address>
         <size>0x102</size>
         <input_file_ref idref="fl-6"/>
      </object_component>
      <object_component id="oc-42f">
         <name>.debug_info</name>
         <load_address>0x5086</load_address>
         <run_address>0x5086</run_address>
         <size>0x106</size>
         <input_file_ref idref="fl-6"/>
      </object_component>
      <object_component id="oc-33b">
         <name>.debug_info</name>
         <load_address>0x518c</load_address>
         <run_address>0x518c</run_address>
         <size>0x100</size>
         <input_file_ref idref="fl-6"/>
      </object_component>
      <object_component id="oc-33e">
         <name>.debug_info</name>
         <load_address>0x528c</load_address>
         <run_address>0x528c</run_address>
         <size>0x100</size>
         <input_file_ref idref="fl-6"/>
      </object_component>
      <object_component id="oc-428">
         <name>.debug_info</name>
         <load_address>0x538c</load_address>
         <run_address>0x538c</run_address>
         <size>0x106</size>
         <input_file_ref idref="fl-6"/>
      </object_component>
      <object_component id="oc-332">
         <name>.debug_info</name>
         <load_address>0x5492</load_address>
         <run_address>0x5492</run_address>
         <size>0xf8</size>
         <input_file_ref idref="fl-6"/>
      </object_component>
      <object_component id="oc-432">
         <name>.debug_info</name>
         <load_address>0x558a</load_address>
         <run_address>0x558a</run_address>
         <size>0x104</size>
         <input_file_ref idref="fl-6"/>
      </object_component>
      <object_component id="oc-1e2">
         <name>.debug_info</name>
         <load_address>0x568e</load_address>
         <run_address>0x568e</run_address>
         <size>0x100</size>
         <input_file_ref idref="fl-6"/>
      </object_component>
      <object_component id="oc-329">
         <name>.debug_info</name>
         <load_address>0x578e</load_address>
         <run_address>0x578e</run_address>
         <size>0x10b</size>
         <input_file_ref idref="fl-6"/>
      </object_component>
      <object_component id="oc-32c">
         <name>.debug_info</name>
         <load_address>0x5899</load_address>
         <run_address>0x5899</run_address>
         <size>0x100</size>
         <input_file_ref idref="fl-6"/>
      </object_component>
      <object_component id="oc-326">
         <name>.debug_info</name>
         <load_address>0x5999</load_address>
         <run_address>0x5999</run_address>
         <size>0x100</size>
         <input_file_ref idref="fl-6"/>
      </object_component>
      <object_component id="oc-42c">
         <name>.debug_info</name>
         <load_address>0x5a99</load_address>
         <run_address>0x5a99</run_address>
         <size>0x104</size>
         <input_file_ref idref="fl-6"/>
      </object_component>
      <object_component id="oc-425">
         <name>.debug_info</name>
         <load_address>0x5b9d</load_address>
         <run_address>0x5b9d</run_address>
         <size>0x108</size>
         <input_file_ref idref="fl-6"/>
      </object_component>
      <object_component id="oc-348">
         <name>.debug_info</name>
         <load_address>0x5ca5</load_address>
         <run_address>0x5ca5</run_address>
         <size>0x104</size>
         <input_file_ref idref="fl-6"/>
      </object_component>
      <object_component id="oc-321">
         <name>.debug_info</name>
         <load_address>0x5da9</load_address>
         <run_address>0x5da9</run_address>
         <size>0xe99</size>
         <input_file_ref idref="fl-7"/>
      </object_component>
      <object_component id="oc-1d7">
         <name>.debug_info</name>
         <load_address>0x6c42</load_address>
         <run_address>0x6c42</run_address>
         <size>0x234</size>
         <input_file_ref idref="fl-8"/>
      </object_component>
      <object_component id="oc-ac">
         <name>.debug_info</name>
         <load_address>0x6e76</load_address>
         <run_address>0x6e76</run_address>
         <size>0x144</size>
         <input_file_ref idref="fl-9"/>
      </object_component>
      <object_component id="oc-1dd">
         <name>.debug_info</name>
         <load_address>0x6fba</load_address>
         <run_address>0x6fba</run_address>
         <size>0x1df</size>
         <input_file_ref idref="fl-9"/>
      </object_component>
      <object_component id="oc-1d2">
         <name>.debug_info</name>
         <load_address>0x7199</load_address>
         <run_address>0x7199</run_address>
         <size>0x11fd</size>
         <input_file_ref idref="fl-a"/>
      </object_component>
      <object_component id="oc-31b">
         <name>.debug_info</name>
         <load_address>0x8396</load_address>
         <run_address>0x8396</run_address>
         <size>0x224</size>
         <input_file_ref idref="fl-a"/>
      </object_component>
      <object_component id="oc-15c">
         <name>.debug_info</name>
         <load_address>0x85ba</load_address>
         <run_address>0x85ba</run_address>
         <size>0x185</size>
         <input_file_ref idref="fl-b"/>
      </object_component>
      <object_component id="oc-f2">
         <name>.debug_info</name>
         <load_address>0x873f</load_address>
         <run_address>0x873f</run_address>
         <size>0x8e7</size>
         <input_file_ref idref="fl-c"/>
      </object_component>
      <object_component id="oc-ec">
         <name>.debug_info</name>
         <load_address>0x9026</load_address>
         <run_address>0x9026</run_address>
         <size>0x2e7</size>
         <input_file_ref idref="fl-d"/>
      </object_component>
      <object_component id="oc-e0">
         <name>.debug_info</name>
         <load_address>0x930d</load_address>
         <run_address>0x930d</run_address>
         <size>0x32e</size>
         <input_file_ref idref="fl-e"/>
      </object_component>
      <object_component id="oc-182">
         <name>.debug_info</name>
         <load_address>0x963b</load_address>
         <run_address>0x963b</run_address>
         <size>0x138</size>
         <input_file_ref idref="fl-e"/>
      </object_component>
      <object_component id="oc-160">
         <name>.debug_info</name>
         <load_address>0x9773</load_address>
         <run_address>0x9773</run_address>
         <size>0xf8</size>
         <input_file_ref idref="fl-e"/>
      </object_component>
      <object_component id="oc-185">
         <name>.debug_info</name>
         <load_address>0x986b</load_address>
         <run_address>0x986b</run_address>
         <size>0xe4</size>
         <input_file_ref idref="fl-e"/>
      </object_component>
      <object_component id="oc-163">
         <name>.debug_info</name>
         <load_address>0x994f</load_address>
         <run_address>0x994f</run_address>
         <size>0xf4</size>
         <input_file_ref idref="fl-e"/>
      </object_component>
      <object_component id="oc-152">
         <name>.debug_info</name>
         <load_address>0x9a43</load_address>
         <run_address>0x9a43</run_address>
         <size>0xea</size>
         <input_file_ref idref="fl-e"/>
      </object_component>
      <object_component id="oc-10b">
         <name>.debug_info</name>
         <load_address>0x9b2d</load_address>
         <run_address>0x9b2d</run_address>
         <size>0xfc</size>
         <input_file_ref idref="fl-e"/>
      </object_component>
      <object_component id="oc-108">
         <name>.debug_info</name>
         <load_address>0x9c29</load_address>
         <run_address>0x9c29</run_address>
         <size>0xf8</size>
         <input_file_ref idref="fl-e"/>
      </object_component>
      <object_component id="oc-102">
         <name>.debug_info</name>
         <load_address>0x9d21</load_address>
         <run_address>0x9d21</run_address>
         <size>0xf8</size>
         <input_file_ref idref="fl-e"/>
      </object_component>
      <object_component id="oc-105">
         <name>.debug_info</name>
         <load_address>0x9e19</load_address>
         <run_address>0x9e19</run_address>
         <size>0xf8</size>
         <input_file_ref idref="fl-e"/>
      </object_component>
      <object_component id="oc-10e">
         <name>.debug_info</name>
         <load_address>0x9f11</load_address>
         <run_address>0x9f11</run_address>
         <size>0xf8</size>
         <input_file_ref idref="fl-e"/>
      </object_component>
      <object_component id="oc-dd">
         <name>.debug_info</name>
         <load_address>0xa009</load_address>
         <run_address>0xa009</run_address>
         <size>0xf8</size>
         <input_file_ref idref="fl-e"/>
      </object_component>
      <object_component id="oc-b0">
         <name>.debug_info</name>
         <load_address>0xa101</load_address>
         <run_address>0xa101</run_address>
         <size>0x2b18</size>
         <input_file_ref idref="fl-e"/>
      </object_component>
      <object_component id="oc-b7">
         <name>.debug_info</name>
         <load_address>0xcc19</load_address>
         <run_address>0xcc19</run_address>
         <size>0x1d0</size>
         <input_file_ref idref="fl-e"/>
      </object_component>
      <object_component id="oc-1cb">
         <name>.debug_info</name>
         <load_address>0xcde9</load_address>
         <run_address>0xcde9</run_address>
         <size>0x15d</size>
         <input_file_ref idref="fl-f"/>
      </object_component>
      <object_component id="oc-e6">
         <name>.debug_info</name>
         <load_address>0xcf46</load_address>
         <run_address>0xcf46</run_address>
         <size>0x137c</size>
         <input_file_ref idref="fl-f"/>
      </object_component>
      <object_component id="oc-27f">
[...]
         <name>val4</name>
         <value>0xaa47</value>
         <object_component_ref idref="oc-df"/>
      </symbol>
      <symbol id="sm-42c">
         <name>val3</name>
         <value>0xaa46</value>
         <object_component_ref idref="oc-df"/>
      </symbol>
      <symbol id="sm-42d">
         <name>val2</name>
         <value>0xaa45</value>
         <object_component_ref idref="oc-df"/>
      </symbol>
      <symbol id="sm-42e">
         <name>npts</name>
         <value>0xa800</value>
         <object_component_ref idref="oc-151"/>
      </symbol>
      <symbol id="sm-42f">
         <name>hnd_rfft</name>
         <value>0xaa8e</value>
         <object_component_ref idref="oc-181"/>
      </symbol>
      <symbol id="sm-430">
         <name>msg_wifi</name>
         <value>0xaa50</value>
         <object_component_ref idref="oc-df"/>
      </symbol>
      <symbol id="sm-431">
         <name>RFFTF32Coef</name>
         <value>0xe800</value>
         <object_component_ref idref="oc-10d"/>
      </symbol>
      <symbol id="sm-450">
         <name>Device_enableAllPeripherals</name>
         <value>0x8303d</value>
         <object_component_ref idref="oc-e3"/>
      </symbol>
      <symbol id="sm-451">
         <name>Device_initGPIO</name>
         <value>0x83128</value>
         <object_component_ref idref="oc-e3"/>
      </symbol>
      <symbol id="sm-452">
         <name>Example_Fail</name>
         <value>0xaa84</value>
         <object_component_ref idref="oc-1ca"/>
      </symbol>
      <symbol id="sm-453">
         <name>Example_setResultFail</name>
         <value>0x831cc</value>
         <object_component_ref idref="oc-e3"/>
      </symbol>
      <symbol id="sm-454">
         <name>Device_init</name>
         <value>0x82fea</value>
         <object_component_ref idref="oc-e3"/>
      </symbol>
      <symbol id="sm-455">
         <name>Example_Result</name>
         <value>0xaa80</value>
         <object_component_ref idref="oc-1ca"/>
      </symbol>
      <symbol id="sm-456">
         <name>Device_enableUnbondedGPIOPullups</name>
         <value>0x83179</value>
         <object_component_ref idref="oc-e3"/>
      </symbol>
      <symbol id="sm-457">
         <name>__error__</name>
         <value>0x831c0</value>
         <object_component_ref idref="oc-e3"/>
      </symbol>
      <symbol id="sm-458">
         <name>Example_setResultPass</name>
         <value>0x831c7</value>
         <object_component_ref idref="oc-e3"/>
      </symbol>
      <symbol id="sm-459">
         <name>Device_configureTMXAnalogTrim</name>
         <value>0x8318f</value>
         <object_component_ref idref="oc-e3"/>
      </symbol>
      <symbol id="sm-45a">
         <name>Device_enableUnbondedGPIOPullupsFor176Pin</name>
         <value>0x83149</value>
         <object_component_ref idref="oc-e3"/>
      </symbol>
      <symbol id="sm-45b">
         <name>Example_done</name>
         <value>0x831d1</value>
         <object_component_ref idref="oc-e3"/>
      </symbol>
      <symbol id="sm-45c">
         <name>Example_PassCount</name>
         <value>0xaa82</value>
         <object_component_ref idref="oc-1ca"/>
      </symbol>
      <symbol id="sm-45d">
         <name>Device_enableUnbondedGPIOPullupsFor100Pin</name>
         <value>0x8315c</value>
         <object_component_ref idref="oc-e3"/>
      </symbol>
      <symbol id="sm-49e">
         <name>ADC_setOffsetTrim</name>
         <value>0x842ae</value>
         <object_component_ref idref="oc-28b"/>
      </symbol>
      <symbol id="sm-49f">
         <name>ADC_setMode</name>
         <value>0x847a9</value>
         <object_component_ref idref="oc-17a"/>
      </symbol>
      <symbol id="sm-4a0">
         <name>ADC_setINLTrim</name>
         <value>0x83f67</value>
         <object_component_ref idref="oc-285"/>
      </symbol>
      <symbol id="sm-51a">
         <name>Flash_initModule</name>
         <value>0xb000</value>
         <object_component_ref idref="oc-1ab"/>
      </symbol>
      <symbol id="sm-527">
         <name>GPIO_setPinConfig</name>
         <value>0x8467a</value>
         <object_component_ref idref="oc-1e7"/>
      </symbol>
      <symbol id="sm-554">
         <name>Interrupt_initModule</name>
         <value>0x8463d</value>
         <object_component_ref idref="oc-f5"/>
      </symbol>
      <symbol id="sm-555">
         <name>Interrupt_enable</name>
         <value>0x846b1</value>
         <object_component_ref idref="oc-fb"/>
      </symbol>
      <symbol id="sm-5c6">
         <name>SCI_clearInterruptStatus</name>
         <value>0x84578</value>
         <object_component_ref idref="oc-1ed"/>
      </symbol>
      <symbol id="sm-5c7">
         <name>SCI_writeCharArray</name>
         <value>0x845be</value>
         <object_component_ref idref="oc-14b"/>
      </symbol>
      <symbol id="sm-5c8">
         <name>SCI_setConfig</name>
         <value>0x845ff</value>
         <object_component_ref idref="oc-1f3"/>
      </symbol>
      <symbol id="sm-6a4">
         <name>SysCtl_delay</name>
         <value>0xb16c</value>
         <object_component_ref idref="oc-180"/>
      </symbol>
      <symbol id="sm-6a5">
         <name>SysCtl_getDeviceParametric</name>
         <value>0x84246</value>
         <object_component_ref idref="oc-1b1"/>
      </symbol>
      <symbol id="sm-6a6">
         <name>SysCtl_selectXTAL</name>
         <value>0x84170</value>
         <object_component_ref idref="oc-41c"/>
      </symbol>
      <symbol id="sm-6a7">
         <name>SysCtl_selectOscSource</name>
         <value>0x84485</value>
         <object_component_ref idref="oc-304"/>
      </symbol>
      <symbol id="sm-6a8">
         <name>SysCtl_getLowSpeedClock</name>
         <value>0x84afe</value>
         <object_component_ref idref="oc-1c4"/>
      </symbol>
      <symbol id="sm-6a9">
         <name>SysCtl_setClock</name>
         <value>0x831d2</value>
         <object_component_ref idref="oc-1b7"/>
      </symbol>
      <symbol id="sm-6aa">
         <name>SysCtl_getClock</name>
         <value>0x844d9</value>
         <object_component_ref idref="oc-1bd"/>
      </symbol>
      <symbol id="sm-6b8">
         <name>_rfft_adc_f32_Stages4andUp</name>
         <value>0x8346a</value>
         <object_component_ref idref="oc-116"/>
      </symbol>
      <symbol id="sm-6b9">
         <name>RFFT_adc_f32</name>
         <value>0x833da</value>
         <object_component_ref idref="oc-116"/>
      </symbol>
      <symbol id="sm-6c3">
         <name>RFFT_f32_mag_TMU0</name>
         <value>0x8452a</value>
         <object_component_ref idref="oc-11b"/>
      </symbol>
      <symbol id="sm-6ce">
         <name>RFFT_f32_phase_TMU0</name>
         <value>0x83e5e</value>
         <object_component_ref idref="oc-120"/>
      </symbol>
      <symbol id="sm-6df">
         <name>RFFT_f32_sincostable</name>
         <value>0x841db</value>
         <object_component_ref idref="oc-110"/>
      </symbol>
      <symbol id="sm-6ee">
         <name>sprintf</name>
         <value>0x846e5</value>
         <object_component_ref idref="oc-145"/>
      </symbol>
      <symbol id="sm-705">
         <name>sqrtl</name>
         <value>0x83a57</value>
         <object_component_ref idref="oc-12f"/>
      </symbol>
      <symbol id="sm-706">
         <name>sqrt</name>
         <value>0x83a57</value>
         <object_component_ref idref="oc-12f"/>
      </symbol>
      <symbol id="sm-720">
         <name>sin</name>
         <value>0x83b35</value>
         <object_component_ref idref="oc-16f"/>
      </symbol>
      <symbol id="sm-721">
         <name>sinl</name>
         <value>0x83b35</value>
         <object_component_ref idref="oc-16f"/>
      </symbol>
      <symbol id="sm-730">
         <name>cosf</name>
         <value>0x84312</value>
         <object_component_ref idref="oc-214"/>
      </symbol>
      <symbol id="sm-73e">
         <name>sinf</name>
         <value>0x8442c</value>
         <object_component_ref idref="oc-21a"/>
      </symbol>
      <symbol id="sm-748">
         <name>_c_int00</name>
         <value>0x84b7b</value>
         <object_component_ref idref="oc-19b"/>
      </symbol>
      <symbol id="sm-749">
         <name>__stack</name>
         <value>0x400</value>
         <object_component_ref idref="oc-ba"/>
      </symbol>
      <symbol id="sm-760">
         <name>__c28xabi_addd</name>
         <value>0x83cae</value>
         <object_component_ref idref="oc-175"/>
      </symbol>
      <symbol id="sm-76c">
         <name>__c28xabi_cmpd</name>
         <value>0x84803</value>
         <object_component_ref idref="oc-140"/>
      </symbol>
      <symbol id="sm-77a">
         <name>__c28xabi_mpyd</name>
         <value>0x83ee4</value>
         <object_component_ref idref="oc-16a"/>
      </symbol>
      <symbol id="sm-783">
         <name>__c28xabi_negd</name>
         <value>0x84cd1</value>
         <object_component_ref idref="oc-276"/>
      </symbol>
      <symbol id="sm-78b">
         <name>__c28xabi_subd</name>
         <value>0x84c69</value>
         <object_component_ref idref="oc-228"/>
      </symbol>
      <symbol id="sm-796">
         <name>__c28xabi_dtoi</name>
         <value>0x84980</value>
         <object_component_ref idref="oc-25e"/>
      </symbol>
      <symbol id="sm-7a3">
         <name>__c28xabi_divf</name>
         <value>0x83dd5</value>
         <object_component_ref idref="oc-125"/>
      </symbol>
      <symbol id="sm-7ad">
         <name>__c28xabi_cmpll</name>
         <value>0x84a1e</value>
         <object_component_ref idref="oc-479"/>
      </symbol>
      <symbol id="sm-7ae">
         <name>__c28xabi_cmpull</name>
         <value>0x84a30</value>
         <object_component_ref idref="oc-479"/>
      </symbol>
      <symbol id="sm-7bb">
         <name>__c28xabi_utod</name>
         <value>0x84b92</value>
         <object_component_ref idref="oc-165"/>
      </symbol>
      <symbol id="sm-7c7">
         <name>__c28xabi_ftod</name>
         <value>0x84a76</value>
         <object_component_ref idref="oc-12a"/>
      </symbol>
      <symbol id="sm-7d3">
         <name>__c28xabi_dtof</name>
         <value>0x84919</value>
         <object_component_ref idref="oc-13a"/>
      </symbol>
      <symbol id="sm-7e6">
         <name>__c28xabi_divd</name>
         <value>0x83d4a</value>
         <object_component_ref idref="oc-135"/>
      </symbol>
      <symbol id="sm-7f8">
         <name>memcpy</name>
         <value>0x84a59</value>
         <object_component_ref idref="oc-bd"/>
      </symbol>
      <symbol id="sm-805">
         <name>_system_pre_init</name>
         <value>0x84d0b</value>
         <object_component_ref idref="oc-2a2"/>
      </symbol>
      <symbol id="sm-814">
         <name>__TI_auto_init_nobinit_nopinit</name>
         <value>0x847d8</value>
         <object_component_ref idref="oc-3d0"/>
      </symbol>
      <symbol id="sm-821">
         <name>__TI_zero_init</name>
         <value>0x84d00</value>
         <object_component_ref idref="oc-cb"/>
      </symbol>
      <symbol id="sm-82e">
         <name>__TI_decompress_none</name>
         <value>0x84ce2</value>
         <object_component_ref idref="oc-93"/>
      </symbol>
      <symbol id="sm-842">
         <name>__TI_decompress_lzss</name>
         <value>0x84717</value>
         <object_component_ref idref="oc-8d"/>
      </symbol>
      <symbol id="sm-87d">
         <name>__rem_pio2</name>
         <value>0x8291d</value>
         <object_component_ref idref="oc-26a"/>
      </symbol>
      <symbol id="sm-8ef">
         <name>__kernel_rem_pio2</name>
         <value>0x81247</value>
         <object_component_ref idref="oc-3b4"/>
      </symbol>
      <symbol id="sm-905">
         <name>C$$EXIT</name>
         <value>0x84857</value>
         <object_component_ref idref="oc-2af"/>
      </symbol>
      <symbol id="sm-906">
         <name>abort</name>
         <value>0x84857</value>
         <object_component_ref idref="oc-2af"/>
      </symbol>
      <symbol id="sm-907">
         <name>exit</name>
         <value>0x84859</value>
         <object_component_ref idref="oc-2af"/>
      </symbol>
      <symbol id="sm-908">
         <name>__TI_dtors_ptr</name>
         <value>0xaa8a</value>
         <object_component_ref idref="oc-402"/>
      </symbol>
      <symbol id="sm-909">
         <name>__TI_cleanup_ptr</name>
         <value>0xaa88</value>
         <object_component_ref idref="oc-402"/>
      </symbol>
      <symbol id="sm-90a">
         <name>__TI_enable_exit_profile_output</name>
         <value>0xaa86</value>
         <object_component_ref idref="oc-402"/>
      </symbol>
      <symbol id="sm-921">
         <name>_nop</name>
         <value>0x84cd0</value>
         <object_component_ref idref="oc-4df"/>
      </symbol>
      <symbol id="sm-922">
         <name>_lock</name>
         <value>0xaa7c</value>
         <object_component_ref idref="oc-405"/>
      </symbol>
      <symbol id="sm-923">
         <name>_unlock</name>
         <value>0xaa7e</value>
         <object_component_ref idref="oc-575"/>
      </symbol>
      <symbol id="sm-924">
         <name>_register_lock</name>
         <value>0x84ccc</value>
         <object_component_ref idref="oc-4df"/>
      </symbol>
      <symbol id="sm-925">
         <name>_register_unlock</name>
         <value>0x84cc8</value>
         <object_component_ref idref="oc-4df"/>
      </symbol>
      <symbol id="sm-934">
         <name>_args_main</name>
         <value>0x84c91</value>
         <object_component_ref idref="oc-2a9"/>
      </symbol>
      <symbol id="sm-943">
         <name>memset</name>
         <value>0x84cf9</value>
         <object_component_ref idref="oc-194"/>
      </symbol>
      <symbol id="sm-951">
         <name>strlen</name>
         <value>0x84cea</value>
         <object_component_ref idref="oc-154"/>
      </symbol>
      <symbol id="sm-95c">
         <name>errno</name>
         <value>0xaa92</value>
         <object_component_ref idref="oc-22d"/>
      </symbol>
      <symbol id="sm-ac4">
         <name>__TI_printfi</name>
         <value>0x81d43</value>
         <object_component_ref idref="oc-389"/>
      </symbol>
      <symbol id="sm-ae6">
         <name>__kernel_cos</name>
         <value>0x8375c</value>
         <object_component_ref idref="oc-270"/>
      </symbol>
      <symbol id="sm-b09">
         <name>__kernel_sin</name>
         <value>0x83638</value>
         <object_component_ref idref="oc-264"/>
      </symbol>
      <symbol id="sm-b2c">
         <name>floorl</name>
         <value>0x8396e</value>
         <object_component_ref idref="oc-4af"/>
      </symbol>
      <symbol id="sm-b2d">
         <name>floor</name>
         <value>0x8396e</value>
         <object_component_ref idref="oc-4af"/>
      </symbol>
      <symbol id="sm-b44">
         <name>frexpl</name>
         <value>0x843d2</value>
         <object_component_ref idref="oc-540"/>
      </symbol>
      <symbol id="sm-b45">
         <name>frexp</name>
         <value>0x843d2</value>
         <object_component_ref idref="oc-540"/>
      </symbol>
      <symbol id="sm-b67">
         <name>scalbn</name>
         <value>0x83c00</value>
         <object_component_ref idref="oc-4a9"/>
      </symbol>
      <symbol id="sm-b68">
         <name>scalbnl</name>
         <value>0x83c00</value>
         <object_component_ref idref="oc-4a9"/>
      </symbol>
      <symbol id="sm-b69">
         <name>ldexpl</name>
         <value>0x83c00</value>
         <object_component_ref idref="oc-4a9"/>
      </symbol>
      <symbol id="sm-b6a">
         <name>ldexp</name>
         <value>0x83c00</value>
         <object_component_ref idref="oc-4a9"/>
      </symbol>
      <symbol id="sm-b75">
         <name>__c28xabi_dtol</name>
         <value>0x849ff</value>
         <object_component_ref idref="oc-3a7"/>
      </symbol>
      <symbol id="sm-b7d">
         <name>__c28xabi_orll</name>
         <value>0x84b6b</value>
         <object_component_ref idref="oc-3a2"/>
      </symbol>
      <symbol id="sm-b7e">
         <name>__c28xabi_xorll</name>
         <value>0x84b73</value>
         <object_component_ref idref="oc-3a2"/>
      </symbol>
      <symbol id="sm-b7f">
         <name>__c28xabi_andll</name>
         <value>0x84b63</value>
         <object_component_ref idref="oc-3a2"/>
      </symbol>
      <symbol id="sm-ba6">
         <name>__c28xabi_modull</name>
         <value>0x8390c</value>
         <object_component_ref idref="oc-47e"/>
      </symbol>
      <symbol id="sm-ba7">
         <name>__c28xabi_divull</name>
         <value>0x838dd</value>
         <object_component_ref idref="oc-47e"/>
      </symbol>
      <symbol id="sm-ba8">
         <name>__c28xabi_divll</name>
         <value>0x83867</value>
         <object_component_ref idref="oc-47e"/>
      </symbol>
      <symbol id="sm-ba9">
         <name>__c28xabi_modll</name>
         <value>0x838a3</value>
         <object_component_ref idref="oc-47e"/>
      </symbol>
      <symbol id="sm-bb5">
         <name>__c28xabi_itod</name>
         <value>0x84a3c</value>
         <object_component_ref idref="oc-546"/>
      </symbol>
      <symbol id="sm-bbf">
         <name>__c28xabi_modi</name>
         <value>0x8496f</value>
         <object_component_ref idref="oc-49e"/>
      </symbol>
      <symbol id="sm-bc0">
         <name>__c28xabi_divi</name>
         <value>0x8495e</value>
         <object_component_ref idref="oc-49e"/>
      </symbol>
      <symbol id="sm-bcc">
         <name>__c28xabi_ltod</name>
         <value>0x84a92</value>
         <object_component_ref idref="oc-3ac"/>
      </symbol>
      <symbol id="sm-bda">
         <name>_system_post_cinit</name>
         <value>0x833d9</value>
         <object_component_ref idref="oc-4c5"/>
      </symbol>
      <symbol id="sm-be9">
         <name>__TI_ltoa</name>
         <value>0x84779</value>
         <object_component_ref idref="oc-53a"/>
      </symbol>
      <symbol id="sm-bfe">
         <name>atoi</name>
         <value>0x84748</value>
         <object_component_ref idref="oc-473"/>
      </symbol>
      <symbol id="sm-c09">
         <name>_ctypes_</name>
         <value>0x882f2</value>
         <object_component_ref idref="oc-530"/>
      </symbol>
      <symbol id="sm-c19">
         <name>memccpy</name>
         <value>0x84c59</value>
         <object_component_ref idref="oc-46b"/>
      </symbol>
      <symbol id="sm-c29">
         <name>strchr</name>
         <value>0x84c9d</value>
         <object_component_ref idref="oc-54b"/>
      </symbol>
      <symbol id="sm-c37">
         <name>strcpy</name>
         <value>0x84d06</value>
         <object_component_ref idref="oc-465"/>
      </symbol>
      <symbol id="sm-c46">
         <name>wcslen</name>
         <value>0x84cb4</value>
         <object_component_ref idref="oc-483"/>
      </symbol>
      <symbol id="sm-c54">
         <name>copysign</name>
         <value>0x848d0</value>
         <object_component_ref idref="oc-55c"/>
      </symbol>
      <symbol id="sm-c55">
         <name>copysignl</name>
         <value>0x848d0</value>
         <object_component_ref idref="oc-55c"/>
      </symbol>
      <symbol id="sm-c5d">
         <name>__c28xabi_divul</name>
         <value>0x8484a</value>
         <object_component_ref idref="oc-59f"/>
      </symbol>
      <symbol id="sm-c5e">
         <name>__c28xabi_modul</name>
         <value>0x84851</value>
         <object_component_ref idref="oc-59f"/>
      </symbol>
      <symbol id="sm-c5f">
         <name>__c28xabi_modl</name>
         <value>0x8483c</value>
         <object_component_ref idref="oc-59f"/>
      </symbol>
      <symbol id="sm-c60">
         <name>__c28xabi_divl</name>
         <value>0x8482d</value>
         <object_component_ref idref="oc-59f"/>
      </symbol>
      <symbol id="sm-c62">
         <name>__c_args__</name>
         <value>0x0</value>
      </symbol>
   </symbol_table>
   <title>Link successful</title>
</link_info>
