******************************************************************************
             TMS320C2000 Linker PC v21.6.0                     
******************************************************************************
>> Linked Sun Nov  7 14:07:06 2021

OUTPUT FILE NAME:   <DIAN_SAI_2.out>
ENTRY POINT SYMBOL: "code_start"  address: 00080000


MEMORY CONFIGURATION

         name            origin    length      used     unused   attr    fill
----------------------  --------  ---------  --------  --------  ----  --------
PAGE 0:
  RAMM0                 00000123   000002dd  00000000  000002dd  RWIX
  RAMLS01234            00008000   00002000  00002000  00000000  RWIX
  RAMD0                 0000b000   00000800  00000170  00000690  RWIX
  BEGIN                 00080000   00000002  00000002  00000000  RWIX
  FLASHAB               00080002   00003ffe  00003ff8  00000006  RWIX
  FLASHCD               00084000   00004000  00000d0d  000032f3  RWIX
  FLASHEF               00088000   00010000  000009a4  0000f65c  RWIX
  FLASHG                00098000   00008000  00000000  00008000  RWIX
  FLASHH                000a0000   00008000  00000000  00008000  RWIX
  FLASHI                000a8000   00008000  00000000  00008000  RWIX
  FLASHJ                000b0000   00008000  00000000  00008000  RWIX
  FLASHK                000b8000   00002000  00000000  00002000  RWIX
  FLASHL                000ba000   00002000  00000000  00002000  RWIX
  FLASHM                000bc000   00002000  00000000  00002000  RWIX
  FLASHN                000be000   00002000  00000000  00002000  RWIX
  FLASHO                000c0000   00002000  00000000  00002000  RWIX
  FLASHP                000c2000   00002000  00000000  00002000  RWIX
  FLASHQ                000c4000   00002000  00000000  00002000  RWIX
  FLASHR                000c6000   00002000  00000000  00002000  RWIX
  FLASHS                000c8000   00008000  00000000  00008000  RWIX
  FLASHT                000d0000   00008000  00000000  00008000  RWIX
  FLASHU                000d8000   00008000  00000000  00008000  RWIX
  FLASHV                000e0000   00008000  00000000  00008000  RWIX
  FLASHW                000e8000   00008000  00000000  00008000  RWIX
  FLASHX                000f0000   00008000  00000000  00008000  RWIX
  FLASHY                000f8000   00002000  00000000  00002000  RWIX
  FLASHZ                000fa000   00002000  00000000  00002000  RWIX
  FLASHAA               000fc000   00002000  00000000  00002000  RWIX
  FLASHBB               000fe000   00001ff0  00000000  00001ff0  RWIX
  RESET                 003fffc0   00000002  00000000  00000002  RWIX

PAGE 1:
  BOOT_RSVD             00000002   00000121  00000000  00000121  RWIX
  RAMM1                 00000400   000003f8  00000100  000002f8  RWIX
  ADCARESULT            00000b00   00000018  00000000  00000018  RWIX
  ADCBRESULT            00000b20   00000018  00000000  00000018  RWIX
  ADCCRESULT            00000b40   00000018  00000000  00000018  RWIX
  ADCDRESULT            00000b60   00000018  00000000  00000018  RWIX
  CPUTIMER0             00000c00   00000008  00000000  00000008  RWIX
  CPUTIMER1             00000c08   00000008  00000008  00000000  RWIX
  CPUTIMER2             00000c10   00000008  00000008  00000000  RWIX
  PIECTRL               00000ce0   0000001a  0000001a  00000000  RWIX
  PIEVECTTABLE          00000d00   00000200  000001c0  00000040  RWIX
  DMA                   00001000   00000200  00000000  00000200  RWIX
  CLA1                  00001400   00000080  00000000  00000080  RWIX
  CLB1LOGICCFG          00003000   00000052  00000000  00000052  RWIX
  CLB1LOGICCTRL         00003100   00000040  00000000  00000040  RWIX
  CLB1DATAEXCH          00003200   00000200  00000000  00000200  RWIX
  CLB2LOGICCFG          00003400   00000052  00000000  00000052  RWIX
  CLB2LOGICCTRL         00003500   00000040  00000000  00000040  RWIX
  CLB2DATAEXCH          00003600   00000200  00000000  00000200  RWIX
  CLB3LOGICCFG          00003800   00000052  00000000  00000052  RWIX
  CLB3LOGICCTRL         00003900   00000040  00000000  00000040  RWIX
  CLB3DATAEXCH          00003a00   00000200  00000000  00000200  RWIX
  CLB4LOGICCFG          00003c00   00000052  00000000  00000052  RWIX
  CLB4LOGICCTRL         00003d00   00000040  00000000  00000040  RWIX
  CLB4DATAEXCH          00003e00   00000200  00000000  00000200  RWIX
  EPWM1                 00004000   00000100  00000000  00000100  RWIX
  EPWM2                 00004100   00000100  00000000  00000100  RWIX
  EPWM3                 00004200   00000100  00000000  00000100  RWIX
  EPWM4                 00004300   00000100  00000000  00000100  RWIX
  EPWM5                 00004400   00000100  00000000  00000100  RWIX
  EPWM6                 00004500   00000100  00000000  00000100  RWIX
  EPWM7                 00004600   00000100  00000000  00000100  RWIX
  EPWM8                 00004700   00000100  00000000  00000100  RWIX
  EPWM9                 00004800   00000100  00000000  00000100  RWIX
  EPWM10                00004900   00000100  00000000  00000100  RWIX
  EPWM11                00004a00   00000100  00000000  00000100  RWIX
  EPWM12                00004b00   00000100  00000000  00000100  RWIX
  ECAP1                 00005000   00000020  00000000  00000020  RWIX
  ECAP2                 00005020   00000020  00000000  00000020  RWIX
  ECAP3                 00005040   00000020  00000000  00000020  RWIX
  ECAP4                 00005060   00000020  00000000  00000020  RWIX
  ECAP5                 00005080   00000020  00000000  00000020  RWIX
  ECAP6                 000050a0   00000020  00000000  00000020  RWIX
  EQEP1                 00005100   00000022  00000000  00000022  RWIX
  EQEP2                 00005140   00000022  00000000  00000022  RWIX
  EQEP3                 00005180   00000022  00000000  00000022  RWIX
  DACA                  00005c00   00000008  00000000  00000008  RWIX
  DACB                  00005c10   00000008  00000000  00000008  RWIX
  DACC                  00005c20   00000008  00000000  00000008  RWIX
  CMPSS1                00005c80   00000020  00000000  00000020  RWIX
  CMPSS2                00005ca0   00000020  00000000  00000020  RWIX
  CMPSS3                00005cc0   00000020  00000000  00000020  RWIX
  CMPSS4                00005ce0   00000020  00000000  00000020  RWIX
  CMPSS5                00005d00   00000020  00000000  00000020  RWIX
  CMPSS6                00005d20   00000020  00000000  00000020  RWIX
  CMPSS7                00005d40   00000020  00000000  00000020  RWIX
  CMPSS8                00005d60   00000020  00000000  00000020  RWIX
  SDFM1                 00005e00   00000080  00000000  00000080  RWIX
  SDFM2                 00005e80   00000080  00000000  00000080  RWIX
  MCBSPA                00006000   00000024  00000000  00000024  RWIX
  MCBSPB                00006040   00000024  00000000  00000024  RWIX
  SPIA                  00006100   00000010  00000000  00000010  RWIX
  SPIB                  00006110   00000010  00000000  00000010  RWIX
  SPIC                  00006120   00000010  00000000  00000010  RWIX
  UPP                   00006200   00000048  00000000  00000048  RWIX
  WD                    00007000   0000002b  0000002b  00000000  RWIX
  NMIINTRUPT            00007060   00000007  00000000  00000007  RWIX
  XINT                  00007070   0000000b  00000000  0000000b  RWIX
  SCIA                  00007200   00000010  00000000  00000010  RWIX
  SCIB                  00007210   00000010  00000000  00000010  RWIX
  SCIC                  00007220   00000010  00000000  00000010  RWIX
  SCID                  00007230   00000010  00000000  00000010  RWIX
  I2CA                  00007300   00000022  00000000  00000022  RWIX
  I2CB                  00007340   00000022  00000000  00000022  RWIX
  ADCA                  00007400   00000080  00000000  00000080  RWIX
  ADCB                  00007480   00000080  00000000  00000080  RWIX
  ADCC                  00007500   00000080  00000000  00000080  RWIX
  ADCD                  00007580   00000080  00000000  00000080  RWIX
  INPUTXBAR             00007900   00000020  00000020  00000000  RWIX
  XBAR                  00007920   00000020  00000000  00000020  RWIX
  SYNCSOC               00007940   00000006  00000000  00000006  RWIX
  DMACLASRCSEL          00007980   0000001a  00000000  0000001a  RWIX
  EPWMXBAR              00007a00   00000040  00000000  00000040  RWIX
  CLBXBAR               00007a40   00000040  00000000  00000040  RWIX
  OUTPUTXBAR            00007a80   00000040  00000000  00000040  RWIX
  GPIOCTRL              00007c00   00000180  00000180  00000000  RWIX
  GPIODATA              00007f00   00000030  00000030  00000000  RWIX
  RAMLS5                0000a800   00000800  00000293  0000056d  RWIX
  RAMD1                 0000b800   00000800  00000000  00000800  RWIX
  RAMGS0                0000c000   00001000  00000000  00001000  RWIX
  RAMGS1                0000d000   00001000  00000000  00001000  RWIX
  RAMGS23               0000e000   00002000  00001000  00001000  RWIX
  RAMGS45               00010000   00002000  00000800  00001800  RWIX
  RAMGS67               00012000   00002000  00000402  00001bfe  RWIX
  RAMGS89               00014000   00002000  00000400  00001c00  RWIX
  RAMGS10               00016000   00001000  00000000  00001000  RWIX
  RAMGS11               00017000   00000ff8  00000000  00000ff8  RWIX
  EMIF1                 00047000   00000070  00000000  00000070  RWIX
  EMIF2                 00047800   00000070  00000000  00000070  RWIX
  CANA                  00048000   00000200  00000000  00000200  RWIX
  CANB                  0004a000   00000200  00000000  00000200  RWIX
  IPC                   00050000   00000024  00000000  00000024  RWIX
  FLASHPUMPSEMAPHORE    00050024   00000002  00000002  00000000  RWIX
  DEVCFG                0005d000   0000012e  0000012e  00000000  RWIX
  ANALOGSUBSYS          0005d180   00000048  0000003e  0000000a  RWIX
  CLKCFG                0005d200   00000032  00000032  00000000  RWIX
  CPUSYS                0005d300   00000082  00000082  00000000  RWIX
  ROMPREFETCH           0005e608   00000002  00000000  00000002  RWIX
  DCSMZ1                0005f000   00000024  00000022  00000002  RWIX
  DCSMZ2                0005f040   00000024  00000022  00000002  RWIX
  DCSMCOMMON            0005f070   00000008  00000000  00000008  RWIX
  MEMCFG                0005f400   00000080  00000000  00000080  RWIX
  EMIF1CONFIG           0005f480   00000020  00000000  00000020  RWIX
  EMIF2CONFIG           0005f4a0   00000020  00000000  00000020  RWIX
  ACCESSPROTECTION      0005f4c0   00000040  00000000  00000040  RWIX
  MEMORYERROR           0005f500   00000040  00000000  00000040  RWIX
  ROMWAITSTATE          0005f540   00000002  00000000  00000002  RWIX
  FLASH0CTRL            0005f800   00000182  00000182  00000000  RWIX
  FLASH0ECC             0005fb00   00000028  00000028  00000000  RWIX


SECTION ALLOCATION MAP

 output                                  attributes/
section   page    origin      length       input sections
--------  ----  ----------  ----------   ----------------
.cinit     0    00088948    0000005c     
                  00088948    00000010     (.cinit..data.load) [load image, compression = lzss]
                  00088958    00000006     (__TI_handler_table)
                  0008895e    00000004     (.cinit..bss.load) [load image, compression = zero_init]
                  00088962    00000004     (.cinit.PieVectTableFile.load) [load image, compression = zero_init]
                  00088966    00000004     (.cinit.RFFTdata1.load) [load image, compression = zero_init]
                  0008896a    00000004     (.cinit.RFFTdata2.load) [load image, compression = zero_init]
                  0008896e    00000004     (.cinit.RFFTdata3.load) [load image, compression = zero_init]
                  00088972    00000004     (.cinit.RFFTdata4.load) [load image, compression = zero_init]
                  00088976    00000004     (.cinit.RFFTdata5.load) [load image, compression = zero_init]
                  0008897a    00000004     (.cinit.adcAResultsdata.load) [load image, compression = zero_init]
                  0008897e    00000002     --HOLE-- [fill = 0]
                  00088980    00000024     (__TI_cinit_table)

codestart 
*          0    00080000    00000002     
                  00080000    00000002     F2837xD_CodeStartBranch.obj (codestart)

.stack     1    00000400    00000100     UNINITIALIZED
                  00000400    00000100     --HOLE--

.init_array 
*          0    00080008    00000000     UNINITIALIZED

.bss       1    0000a800    0000027c     UNINITIALIZED
                  0000a800    00000200     sci_ex3_echoback.obj (.bss:npts)
                  0000aa00    0000003c     sci_ex3_echoback.obj (.bss:wifi_data)
                  0000aa3c    00000004     --HOLE--
                  0000aa40    0000002c     sci_ex3_echoback.obj (.bss)
                  0000aa6c    0000000a     sci_ex3_echoback.obj (.bss:f)
                  0000aa76    00000006     sci_ex3_echoback.obj (.bss:wifi_uint16)

.data      1    0000aa7c    00000017     UNINITIALIZED
                  0000aa7c    00000002     rts2800_fpu32_eabi.lib : _lock.c.obj (.data:_lock)
                  0000aa7e    00000002                            : _lock.c.obj (.data:_unlock)
                  0000aa80    00000006     device.obj (.data)
                  0000aa86    00000006     rts2800_fpu32_eabi.lib : exit.c.obj (.data)
                  0000aa8c    00000006     sci_ex3_echoback.obj (.data)
                  0000aa92    00000001     rts2800_fpu32_eabi.lib : errno.c.obj (.data)

.const     0    00088000    00000948     
                  00088000    000001c0     F2837xD_PieVect.obj (.const)
                  000881c0    00000132     sci_ex3_echoback.obj (.const:.string)
                  000882f2    00000101     rts2800_fpu32_eabi.lib : ctype.c.obj (.const:.string:_ctypes_)
                  000883f3    00000001     --HOLE-- [fill = 0]
                  000883f4    000000c2     driverlib_eabi.lib : sysctl.obj (.const:.string)
                  000884b6    000000bf                        : flash.obj (.const:.string)
                  00088575    00000001     --HOLE-- [fill = 0]
                  00088576    000000bb                        : sci.obj (.const:.string)
                  00088631    00000001     --HOLE-- [fill = 0]
                  00088632    00000084     rts2800_fpu32_eabi.lib : k_rem_pio2.c.obj (.const:ipio2)
                  000886b6    00000008     F2837xD_SysCtrl.obj (.const)
                  000886be    00000002     --HOLE-- [fill = 0]
                  000886c0    00000064     rts2800_fpu32_eabi.lib : e_rem_pio2.c.obj (.const)
                  00088724    0000005d     driverlib_eabi.lib : adc.obj (.const:.string)
                  00088781    00000001     --HOLE-- [fill = 0]
                  00088782    00000043     board.obj (.const:.string)
                  000887c5    00000001     --HOLE-- [fill = 0]
                  000887c6    00000038     rts2800_fpu32_eabi.lib : k_sin.c.obj (.const)
                  000887fe    00000002     --HOLE-- [fill = 0]
                  00088800    0000003c                            : k_cos.c.obj (.const)
                  0008883c    00000004                            : k_rem_pio2.c.obj (.const:init_jk)
                  00088840    0000002c                            : k_rem_pio2.c.obj (.const)
                  0008886c    00000026                            : _printfi.c.obj (.const:.string)
                  00088892    00000020                            : k_rem_pio2.c.obj (.const:PIo2)
                  000888b2    00000020     sci_ex3_echoback.obj (.const)
                  000888d2    0000001c     rts2800_fpu32_eabi.lib : _printfi.c.obj (.const)
                  000888ee    0000000c                            : e_sqrt.c.obj (.const)
                  000888fa    00000004                            : s_sin.c.obj (.const)
                  000888fe    00000002     --HOLE-- [fill = 0]
                  00088900    0000001c                            : s_scalbn.c.obj (.const)
                  0008891c    00000013     device.obj (.const:.string)
                  0008892f    00000001     --HOLE-- [fill = 0]
                  00088930    0000000c     rts2800_fpu32_eabi.lib : s_floor.c.obj (.const)
                  0008893c    00000004     --HOLE-- [fill = 0]
                  00088940    00000008                            : s_frexp.c.obj (.const)

.reset     0    003fffc0    00000000     DSECT

.TI.ramfunc 
*          0    00084000    00000170     RUN ADDR = 0000b000
                  00084000    00000043     driverlib_eabi.lib : flash.obj (.TI.ramfunc:Flash_initModule)
                  00084043    00000037     F2837xD_SysCtrl.obj (.TI.ramfunc)
                  0008407a    0000002d     driverlib_eabi.lib : flash.obj (.TI.ramfunc:Flash_setBankPowerMode)
                  000840a7    00000026                        : flash.obj (.TI.ramfunc:Flash_setWaitstates)
                  000840cd    0000001e                        : flash.obj (.TI.ramfunc:Flash_setPumpPowerMode)
                  000840eb    0000001a                        : flash.obj (.TI.ramfunc:Flash_disableCache)
                  00084105    0000001a                        : flash.obj (.TI.ramfunc:Flash_disablePrefetch)
                  0008411f    00000019                        : flash.obj (.TI.ramfunc:Flash_enableCache)
                  00084138    00000019                        : flash.obj (.TI.ramfunc:Flash_enablePrefetch)
                  00084151    00000017                        : flash.obj (.TI.ramfunc:Flash_enableECC)
                  00084168    00000004     F2837xD_usDelay.obj (.TI.ramfunc)
                  0008416c    00000004     driverlib_eabi.lib : sysctl.obj (.TI.ramfunc)

adcAResultsdata 
*          0    00008000    00002000     UNINITIALIZED
                  00008000    00002000     sci_ex3_echoback.obj (adcAResultsdata)

PieVectTableFile 
*          1    00000d00    000001c0     UNINITIALIZED
                  00000d00    000001c0     F2837xD_GlobalVariableDefs.obj (PieVectTableFile)

EmuKeyVar 
*          1    00000d00    00000000     UNINITIALIZED

EmuBModeVar 
*          1    00000d00    00000000     UNINITIALIZED

EmuBootPinsVar 
*          1    00000d00    00000000     UNINITIALIZED

FlashCallbackVar 
*          1    00000d00    00000000     UNINITIALIZED

FlashScalingVar 
*          1    00000d00    00000000     UNINITIALIZED

RFFTdata1 
*          1    0000e000    00000800     UNINITIALIZED
                  0000e000    00000800     sci_ex3_echoback.obj (RFFTdata1)

RFFTdata5 
*          1    0000e800    00000800     UNINITIALIZED
                  0000e800    00000800     sci_ex3_echoback.obj (RFFTdata5)

RFFTdata2 
*          1    00010000    00000800     UNINITIALIZED
                  00010000    00000800     sci_ex3_echoback.obj (RFFTdata2)

RFFTdata3 
*          1    00012000    00000402     UNINITIALIZED
                  00012000    00000402     sci_ex3_echoback.obj (RFFTdata3)

RFFTdata4 
*          1    00014000    00000400     UNINITIALIZED
                  00014000    00000400     sci_ex3_echoback.obj (RFFTdata4)

AnalogSubsysRegsFile 
*          1    0005d180    0000003e     UNINITIALIZED
                  0005d180    0000003e     F2837xD_GlobalVariableDefs.obj (AnalogSubsysRegsFile)

ClkCfgRegsFile 
*          1    0005d200    00000032     UNINITIALIZED
                  0005d200    00000032     F2837xD_GlobalVariableDefs.obj (ClkCfgRegsFile)

CpuTimer1RegsFile 
*          1    00000c08    00000008     UNINITIALIZED
                  00000c08    00000008     F2837xD_GlobalVariableDefs.obj (CpuTimer1RegsFile)

CpuTimer2RegsFile 
*          1    00000c10    00000008     UNINITIALIZED
                  00000c10    00000008     F2837xD_GlobalVariableDefs.obj (CpuTimer2RegsFile)

CpuSysRegsFile 
*          1    0005d300    00000082     UNINITIALIZED
                  0005d300    00000082     F2837xD_GlobalVariableDefs.obj (CpuSysRegsFile)

DevCfgRegsFile 
*          1    0005d000    0000012e     UNINITIALIZED
                  0005d000    0000012e     F2837xD_GlobalVariableDefs.obj (DevCfgRegsFile)

DcsmZ1RegsFile 
*          1    0005f000    00000022     UNINITIALIZED
                  0005f000    00000022     F2837xD_GlobalVariableDefs.obj (DcsmZ1RegsFile)

DcsmZ2RegsFile 
*          1    0005f040    00000022     UNINITIALIZED
                  0005f040    00000022     F2837xD_GlobalVariableDefs.obj (DcsmZ2RegsFile)

GpioCtrlRegsFile 
*          1    00007c00    00000180     UNINITIALIZED
                  00007c00    00000180     F2837xD_GlobalVariableDefs.obj (GpioCtrlRegsFile)

GpioDataRegsFile 
*          1    00007f00    00000030     UNINITIALIZED
                  00007f00    00000030     F2837xD_GlobalVariableDefs.obj (GpioDataRegsFile)

FlashPumpSemaphoreRegsFile 
*          1    00050024    00000002     UNINITIALIZED
                  00050024    00000002     F2837xD_GlobalVariableDefs.obj (FlashPumpSemaphoreRegsFile)

Flash0CtrlRegsFile 
*          1    0005f800    00000182     UNINITIALIZED
                  0005f800    00000182     F2837xD_GlobalVariableDefs.obj (Flash0CtrlRegsFile)

Flash0EccRegsFile 
*          1    0005fb00    00000028     UNINITIALIZED
                  0005fb00    00000028     F2837xD_GlobalVariableDefs.obj (Flash0EccRegsFile)

InputXbarRegsFile 
*          1    00007900    00000020     UNINITIALIZED
                  00007900    00000020     F2837xD_GlobalVariableDefs.obj (InputXbarRegsFile)

PieCtrlRegsFile 
*          1    00000ce0    0000001a     UNINITIALIZED
                  00000ce0    0000001a     F2837xD_GlobalVariableDefs.obj (PieCtrlRegsFile)

WdRegsFile 
*          1    00007000    0000002b     UNINITIALIZED
                  00007000    0000002b     F2837xD_GlobalVariableDefs.obj (WdRegsFile)

.text.1    0    00080008    00003ff8     
                  00080008    00000b76     sci_ex3_echoback.obj (.text)
                  00080b7e    000006c9     rts2800_fpu32_eabi.lib : _printfi.c.obj (.text)
                  00081247    00000663                            : k_rem_pio2.c.obj (.text)
                  000818aa    0000062a                            : _printfi.c.obj (.text:__TI_printfi)
                  00081ed4    00000585     F2837xD_DefaultISR.obj (.text:retain)
                  00082459    000004c4     F2837xD_SysCtrl.obj (.text)
                  0008291d    00000430     rts2800_fpu32_eabi.lib : e_rem_pio2.c.obj (.text)
                  00082d4d    00000244     F2837xD_Gpio.obj (.text)
                  00082f91    00000241     device.obj (.text)
                  000831d2    00000207     driverlib_eabi.lib : sysctl.obj (.text:SysCtl_setClock)
                  000833d9    00000001     rts2800_fpu32_eabi.lib : startup.c.obj (.text)
                  000833da    00000138     c28x_fpu_dsp_library_eabi.lib : RFFT_adc_f32.obj (.text)
                  00083512    00000126     board.obj (.text)
                  00083638    00000124     rts2800_fpu32_eabi.lib : k_sin.c.obj (.text)
                  0008375c    0000010b                            : k_cos.c.obj (.text)
                  00083867    00000107                            : ll_div28.asm.obj (.text)
                  0008396e    000000e9                            : s_floor.c.obj (.text)
                  00083a57    000000de                            : e_sqrt.c.obj (.text)
                  00083b35    000000cb                            : s_sin.c.obj (.text)
                  00083c00    000000ae                            : s_scalbn.c.obj (.text)
                  00083cae    0000009c                            : fd_add28.asm.obj (.text)
                  00083d4a    0000008b                            : fd_div28.asm.obj (.text)
                  00083dd5    00000088                            : fs_div28.asm.obj (.text)
                  00083e5d    00000001     --HOLE-- [fill = 0]
                  00083e5e    00000086     c28x_fpu_dsp_library_eabi.lib : RFFT_f32_phase_TMU0.obj (.text)
                  00083ee4    00000083     rts2800_fpu32_eabi.lib : fd_mpy28.asm.obj (.text)
                  00083f67    00000073     driverlib_eabi.lib : adc.obj (.text:ADC_setINLTrim)
                  00083fda    00000026     F2837xD_PieVect.obj (.text)

.text.2    0    00084170    00000b9d     
                  00084170    0000006b     driverlib_eabi.lib : sysctl.obj (.text:SysCtl_selectXTAL)
                  000841db    0000006b     c28x_fpu_dsp_library_eabi.lib : RFFT_f32_sincostable.obj (.text)
                  00084246    00000068     driverlib_eabi.lib : sysctl.obj (.text:SysCtl_getDeviceParametric)
                  000842ae    00000064                        : adc.obj (.text:ADC_setOffsetTrim)
                  00084312    00000063     rts2800_fpu32_eabi.lib : s_cosf.c.obj (.text)
                  00084375    0000005d     sci_ex3_echoback.obj (.text:retain)
                  000843d2    0000005a     rts2800_fpu32_eabi.lib : s_frexp.c.obj (.text)
                  0008442c    00000059                            : s_sinf.c.obj (.text)
                  00084485    00000054     driverlib_eabi.lib : sysctl.obj (.text:SysCtl_selectOscSource)
                  000844d9    00000051                        : sysctl.obj (.text:SysCtl_getClock)
                  0008452a    0000004e     c28x_fpu_dsp_library_eabi.lib : RFFT_f32_mag_TMU0.obj (.text)
                  00084578    00000046     driverlib_eabi.lib : sci.obj (.text:SCI_clearInterruptStatus)
                  000845be    00000041                        : sci.obj (.text:SCI_writeCharArray)
                  000845ff    0000003e                        : sci.obj (.text:SCI_setConfig)
                  0008463d    0000003d                        : interrupt.obj (.text:Interrupt_initModule)
                  0008467a    00000037                        : gpio.obj (.text:GPIO_setPinConfig)
                  000846b1    00000034                        : interrupt.obj (.text:Interrupt_enable)
                  000846e5    00000032     rts2800_fpu32_eabi.lib : sprintf.c.obj (.text)
                  00084717    00000031                            : copy_decompress_lzss.c.obj (.text:decompress:lzss)
                  00084748    00000031                            : atoi.c.obj (.text)
                  00084779    00000030                            : _ltoa.c.obj (.text)
                  000847a9    0000002f     driverlib_eabi.lib : adc.obj (.text:ADC_setMode)
                  000847d8    0000002b     rts2800_fpu32_eabi.lib : autoinit.c.obj (.text:__TI_auto_init_nobinit_nopinit)
                  00084803    0000002a                            : fd_cmp28.asm.obj (.text)
                  0008482d    0000002a                            : l_div28.asm.obj (.text)
                  00084857    00000029                            : exit.c.obj (.text)
                  00084880    00000028     F2837xD_PieCtrl.obj (.text)
                  000848a8    00000028     driverlib_eabi.lib : flash.obj (.text:Flash_setBankPowerUpDelay)
                  000848d0    00000025     rts2800_fpu32_eabi.lib : s_copysign.c.obj (.text)
                  000848f5    00000024     driverlib_eabi.lib : sysctl.obj (.text:CPUTimer_selectClockSource)
                  00084919    00000023     rts2800_fpu32_eabi.lib : fd_tofsfpu32.asm.obj (.text)
                  0008493c    00000022     driverlib_eabi.lib : sci.obj (.text:SCI_isFIFOEnabled)
                  0008495e    00000022     rts2800_fpu32_eabi.lib : i_div28.asm.obj (.text)
                  00084980    00000021                            : fd_toi28.asm.obj (.text)
                  000849a1    00000020     driverlib_eabi.lib : sysctl.obj (.text:CPUTimer_getTimerOverflowStatus)
                  000849c1    0000001f                        : adc.obj (.text:ADC_isBaseValid)
                  000849e0    0000001f                        : sci.obj (.text:SCI_isBaseValid)
                  000849ff    0000001f     rts2800_fpu32_eabi.lib : fd_tol28.asm.obj (.text)
                  00084a1e    0000001e                            : ll_cmp28.asm.obj (.text)
                  00084a3c    0000001d                            : i_tofd28.asm.obj (.text)
                  00084a59    0000001d                            : memcpy.c.obj (.text)
                  00084a76    0000001c                            : fs_tofdfpu32.asm.obj (.text)
                  00084a92    0000001c                            : l_tofd28.asm.obj (.text)
                  00084aae    0000001b     driverlib_eabi.lib : sysctl.obj (.text:CPUTimer_startTimer)
                  00084ac9    0000001b                        : sci.obj (.text:SCI_isSpaceAvailableNonFIFO)
                  00084ae4    0000001a                        : sysctl.obj (.text:CPUTimer_isBaseValid)
                  00084afe    0000001a                        : sysctl.obj (.text:SysCtl_getLowSpeedClock)
                  00084b18    00000019                        : sci.obj (.text:SCI_disableModule)
                  00084b31    00000019                        : sci.obj (.text:SCI_performSoftwareReset)
                  00084b4a    00000019                        : sysctl.obj (.text:SysCtl_pollCpuTimer)
                  00084b63    00000018     rts2800_fpu32_eabi.lib : ll_aox28.asm.obj (.text)
                  00084b7b    00000017                            : boot28.asm.obj (.text)
                  00084b92    00000017                            : u_tofd28.asm.obj (.text)
                  00084ba9    00000015     driverlib_eabi.lib : flash.obj (.text:Flash_isCtrlBaseValid)
                  00084bbe    00000015                        : flash.obj (.text:Flash_isECCBaseValid)
                  00084bd3    00000015                        : sci.obj (.text:SCI_getTxFIFOStatus)
                  00084be8    00000014                        : sysctl.obj (.text:CPUTimer_stopTimer)
                  00084bfc    00000014                        : sci.obj (.text:SCI_enableModule)
                  00084c10    00000013     examples_setup.obj (.text)
                  00084c23    00000012     driverlib_eabi.lib : sysctl.obj (.text:CPUTimer_clearOverflowFlag)
                  00084c35    00000012                        : sysctl.obj (.text:CPUTimer_disableInterrupt)
                  00084c47    00000012                        : sysctl.obj (.text:CPUTimer_setPeriod)
                  00084c59    00000010     rts2800_fpu32_eabi.lib : memccpy.c.obj (.text)
                  00084c69    0000000e                            : fd_sub28.asm.obj (.text)
                  00084c77    0000000d     driverlib_eabi.lib : interrupt.obj (.text:Interrupt_disableMaster)
                  00084c84    0000000d                        : interrupt.obj (.text:Interrupt_enableMaster)
                  00084c91    0000000c     rts2800_fpu32_eabi.lib : args_main.c.obj (.text)
                  00084c9d    0000000c                            : strchr.c.obj (.text)
                  00084ca9    0000000b     driverlib_eabi.lib : sysctl.obj (.text:SysCtl_isMCDClockFailureDetected)
                  00084cb4    0000000b     rts2800_fpu32_eabi.lib : wcslen.c.obj (.text)
                  00084cbf    00000009     driverlib_eabi.lib : sysctl.obj (.text:SysCtl_serviceWatchdog)
                  00084cc8    00000009     rts2800_fpu32_eabi.lib : _lock.c.obj (.text)
                  00084cd1    00000009                            : fd_neg28.asm.obj (.text)
                  00084cda    00000008     F2837xD_CodeStartBranch.obj (.text)
                  00084ce2    00000008     rts2800_fpu32_eabi.lib : copy_decompress_none.c.obj (.text:decompress:none)
                  00084cea    00000008                            : strlen.c.obj (.text)
                  00084cf2    00000007     driverlib_eabi.lib : sysctl.obj (.text:SysCtl_resetMCD)
                  00084cf9    00000007     rts2800_fpu32_eabi.lib : memset.c.obj (.text)
                  00084d00    00000006                            : copy_zero_init.c.obj (.text:decompress:ZI)
                  00084d06    00000005                            : strcpy.c.obj (.text)
                  00084d0b    00000002                            : pre_init.c.obj (.text)

MODULE SUMMARY

       Module                           code    ro data   rw data
       ------                           ----    -------   -------
    .\
       sci_ex3_echoback.obj             3027    338       17024  
       F2837xD_GlobalVariableDefs.obj   0       0         2037   
       F2837xD_DefaultISR.obj           1413    0         0      
       F2837xD_SysCtrl.obj              1330    8         0      
       F2837xD_Gpio.obj                 580     0         0      
       F2837xD_PieVect.obj              38      448       0      
       board.obj                        294     67        0      
       F2837xD_PieCtrl.obj              40      0         0      
       examples_setup.obj               19      0         0      
       F2837xD_CodeStartBranch.obj      10      0         0      
       F2837xD_usDelay.obj              8       0         0      
    +--+--------------------------------+-------+---------+---------+
       Total:                           6759    861       19061  
                                                                 
    .\device\
       device.obj                       577     19        6      
    +--+--------------------------------+-------+---------+---------+
       Total:                           577     19        6      
                                                                 
    H:\ti\C2000\C2000Ware_4_00_00_00\driverlib\f2837xs\driverlib\ccs\Debug\driverlib_eabi.lib
       sysctl.obj                       1176    194       0      
       flash.obj                        692     191       0      
       sci.obj                          380     187       0      
       adc.obj                          293     93        0      
       interrupt.obj                    139     0         0      
       gpio.obj                         55      0         0      
    +--+--------------------------------+-------+---------+---------+
       Total:                           2735    665       0      
                                                                 
    H:\ti\C2000\C2000Ware_4_00_00_00\libraries\dsp\FPU\c28\lib\c28x_fpu_dsp_library_eabi.lib
       RFFT_adc_f32.obj                 312     0         0      
       RFFT_f32_phase_TMU0.obj          134     0         0      
       RFFT_f32_sincostable.obj         107     0         0      
       RFFT_f32_mag_TMU0.obj            78      0         0      
    +--+--------------------------------+-------+---------+---------+
       Total:                           631     0         0      
                                                                 
    H:\ti\CCS11.0.0\ccs\tools\compiler\ti-cgt-c2000_21.6.0.LTS\lib\rts2800_fpu32_eabi.lib
       _printfi.c.obj                   3315    66        0      
       k_rem_pio2.c.obj                 1635    212       0      
       e_rem_pio2.c.obj                 1072    100       0      
       k_sin.c.obj                      292     56        0      
       k_cos.c.obj                      267     60        0      
       ll_div28.asm.obj                 263     0         0      
       ctype.c.obj                      0       257       0      
       s_floor.c.obj                    233     12        0      
       e_sqrt.c.obj                     222     12        0      
       s_sin.c.obj                      203     4         0      
       s_scalbn.c.obj                   174     28        0      
       fd_add28.asm.obj                 156     0         0      
       fd_div28.asm.obj                 139     0         0      
       fs_div28.asm.obj                 136     0         0      
       fd_mpy28.asm.obj                 131     0         0      
       s_cosf.c.obj                     99      0         0      
       s_frexp.c.obj                    90      8         0      
       s_sinf.c.obj                     89      0         0      
       sprintf.c.obj                    50      0         0      
       atoi.c.obj                       49      0         0      
       copy_decompress_lzss.c.obj       49      0         0      
       _ltoa.c.obj                      48      0         0      
       exit.c.obj                       41      0         6      
       autoinit.c.obj                   43      0         0      
       fd_cmp28.asm.obj                 42      0         0      
       l_div28.asm.obj                  42      0         0      
       s_copysign.c.obj                 37      0         0      
       fd_tofsfpu32.asm.obj             35      0         0      
       i_div28.asm.obj                  34      0         0      
       fd_toi28.asm.obj                 33      0         0      
       fd_tol28.asm.obj                 31      0         0      
       ll_cmp28.asm.obj                 30      0         0      
       i_tofd28.asm.obj                 29      0         0      
       memcpy.c.obj                     29      0         0      
       fs_tofdfpu32.asm.obj             28      0         0      
       l_tofd28.asm.obj                 28      0         0      
       ll_aox28.asm.obj                 24      0         0      
       boot28.asm.obj                   23      0         0      
       u_tofd28.asm.obj                 23      0         0      
       memccpy.c.obj                    16      0         0      
       fd_sub28.asm.obj                 14      0         0      
       _lock.c.obj                      9       0         4      
       args_main.c.obj                  12      0         0      
       strchr.c.obj                     12      0         0      
       wcslen.c.obj                     11      0         0      
       fd_neg28.asm.obj                 9       0         0      
       copy_decompress_none.c.obj       8       0         0      
       strlen.c.obj                     8       0         0      
       memset.c.obj                     7       0         0      
       copy_zero_init.c.obj             6       0         0      
       strcpy.c.obj                     5       0         0      
       pre_init.c.obj                   2       0         0      
       errno.c.obj                      0       0         1      
       startup.c.obj                    1       0         0      
    +--+--------------------------------+-------+---------+---------+
       Total:                           9384    815       11     
                                                                 
       Stack:                           0       0         256    
       Linker Generated:                0       90        0      
    +--+--------------------------------+-------+---------+---------+
       Grand Total:                     20086   2450      19334  


LINKER GENERATED COPY TABLES

__TI_cinit_table @ 00088980 records: 9, size/record: 4, table size: 36
	.data: load addr=00088948, load size=00000010 bytes, run addr=0000aa7c, run size=00000017 bytes, compression=lzss
	.bss: load addr=0008895e, load size=00000004 bytes, run addr=0000a800, run size=0000027c bytes, compression=zero_init
	PieVectTableFile: load addr=00088962, load size=00000004 bytes, run addr=00000d00, run size=000001c0 bytes, compression=zero_init
	RFFTdata1: load addr=00088966, load size=00000004 bytes, run addr=0000e000, run size=00000800 bytes, compression=zero_init
	RFFTdata2: load addr=0008896a, load size=00000004 bytes, run addr=00010000, run size=00000800 bytes, compression=zero_init
	RFFTdata3: load addr=0008896e, load size=00000004 bytes, run addr=00012000, run size=00000402 bytes, compression=zero_init
	RFFTdata4: load addr=00088972, load size=00000004 bytes, run addr=00014000, run size=00000400 bytes, compression=zero_init
	RFFTdata5: load addr=00088976, load size=00000004 bytes, run addr=0000e800, run size=00000800 bytes, compression=zero_init
	adcAResultsdata: load addr=0008897a, load size=00000004 bytes, run addr=00008000, run size=00002000 bytes, compression=zero_init


LINKER GENERATED HANDLER TABLE

__TI_handler_table @ 00088958 records: 3, size/record: 2, table size: 6
	index: 0, handler: __TI_zero_init
	index: 1, handler: __TI_decompress_lzss
	index: 2, handler: __TI_decompress_none


GLOBAL DATA SYMBOLS: SORTED BY DATA PAGE

address     data page           name
--------    ----------------    ----
00000400      10 (00000400)     __stack

00000c08      30 (00000c00)     CpuTimer1Regs
00000c10      30 (00000c00)     CpuTimer2Regs

00000ce0      33 (00000cc0)     PieCtrlRegs

00000d00      34 (00000d00)     PieVectTable

00007000     1c0 (00007000)     WdRegs

00007900     1e4 (00007900)     InputXbarRegs

00007c00     1f0 (00007c00)     GpioCtrlRegs

00007f00     1fc (00007f00)     GpioDataRegs

00008000     200 (00008000)     adcAResults

0000a800     2a0 (0000a800)     npts

0000aa00     2a8 (0000aa00)     wifi_data

0000aa40     2a9 (0000aa40)     index
0000aa41     2a9 (0000aa40)     bufferFull
0000aa42     2a9 (0000aa40)     len
0000aa43     2a9 (0000aa40)     i
0000aa44     2a9 (0000aa40)     j
0000aa45     2a9 (0000aa40)     val2
0000aa46     2a9 (0000aa40)     val3
0000aa47     2a9 (0000aa40)     val4
0000aa48     2a9 (0000aa40)     val5
0000aa49     2a9 (0000aa40)     val_THD
0000aa4a     2a9 (0000aa40)     msg
0000aa4c     2a9 (0000aa40)     str
0000aa4e     2a9 (0000aa40)     strmsg
0000aa50     2a9 (0000aa40)     msg_wifi
0000aa52     2a9 (0000aa40)     THD
0000aa54     2a9 (0000aa40)     gui2
0000aa56     2a9 (0000aa40)     gui3
0000aa58     2a9 (0000aa40)     gui4
0000aa5a     2a9 (0000aa40)     gui5
0000aa5c     2a9 (0000aa40)     rfft_adc
0000aa60     2a9 (0000aa40)     rfft
0000aa6c     2a9 (0000aa40)     f
0000aa76     2a9 (0000aa40)     wifi_uint16
0000aa7c     2a9 (0000aa40)     _lock
0000aa7e     2a9 (0000aa40)     _unlock

0000aa80     2aa (0000aa80)     Example_Result
0000aa82     2aa (0000aa80)     Example_PassCount
0000aa84     2aa (0000aa80)     Example_Fail
0000aa86     2aa (0000aa80)     __TI_enable_exit_profile_output
0000aa88     2aa (0000aa80)     __TI_cleanup_ptr
0000aa8a     2aa (0000aa80)     __TI_dtors_ptr
0000aa8c     2aa (0000aa80)     val
0000aa8e     2aa (0000aa80)     hnd_rfft
0000aa90     2aa (0000aa80)     hnd_rfft_adc
0000aa92     2aa (0000aa80)     errno

0000e000     380 (0000e000)     RFFTin1Buff

0000e800     3a0 (0000e800)     RFFTF32Coef

00010000     400 (00010000)     RFFToutBuff

00012000     480 (00012000)     RFFTmagBuff

00014000     500 (00014000)     RFFTphaseBuff

00050024    1400 (00050000)     FlashPumpSemaphoreRegs

0005d000    1740 (0005d000)     DevCfgRegs

0005d180    1746 (0005d180)     AnalogSubsysRegs

0005d200    1748 (0005d200)     ClkCfgRegs

0005d300    174c (0005d300)     CpuSysRegs

0005f000    17c0 (0005f000)     DcsmZ1Regs

0005f040    17c1 (0005f040)     DcsmZ2Regs

0005f800    17e0 (0005f800)     Flash0CtrlRegs

0005fb00    17ec (0005fb00)     Flash0EccRegs

00088000    2200 (00088000)     PieVectTableInit

000882f2    220b (000882c0)     _ctypes_


GLOBAL SYMBOLS: SORTED ALPHABETICALLY BY Name 

page  address   name                                     
----  -------   ----                                     
0     00081f92  ADCA1_ISR                                
0     00082212  ADCA2_ISR                                
0     0008221c  ADCA3_ISR                                
0     00082226  ADCA4_ISR                                
0     00082208  ADCA_EVT_ISR                             
0     00081f9c  ADCB1_ISR                                
0     0008223a  ADCB2_ISR                                
0     00082244  ADCB3_ISR                                
0     0008224e  ADCB4_ISR                                
0     00082230  ADCB_EVT_ISR                             
0     00081fa6  ADCC1_ISR                                
0     000823a2  ADCC2_ISR                                
0     000823ac  ADCC3_ISR                                
0     000823b6  ADCC4_ISR                                
0     00082398  ADCC_EVT_ISR                             
0     00081fc4  ADCD1_ISR                                
0     000823ca  ADCD2_ISR                                
0     000823d4  ADCD3_ISR                                
0     000823de  ADCD4_ISR                                
0     000823c0  ADCD_EVT_ISR                             
0     00083f67  ADC_setINLTrim                           
0     000847a9  ADC_setMode                              
0     000842ae  ADC_setOffsetTrim                        
0     0008241a  AUX_PLL_SLIP_ISR                         
1     0005d180  AnalogSubsysRegs                         
0     000828ac  AuxAuxClkSel                             
0     00082896  AuxIntOsc2Sel                            
0     000828a0  AuxXtalOscSel                            
0     000835b1  Board_init                               
0     00084857  C$$EXIT                                  
0     000821e0  CANA0_ISR                                
0     000821ea  CANA1_ISR                                
0     000821f4  CANB0_ISR                                
0     000821fe  CANB1_ISR                                
0     00082258  CLA1_1_ISR                               
0     00082262  CLA1_2_ISR                               
0     0008226c  CLA1_3_ISR                               
0     00082276  CLA1_4_ISR                               
0     00082280  CLA1_5_ISR                               
0     0008228a  CLA1_6_ISR                               
0     00082294  CLA1_7_ISR                               
0     0008229e  CLA1_8_ISR                               
0     00082424  CLA_OVERFLOW_ISR                         
0     0008242e  CLA_UNDERFLOW_ISR                        
1     0005d200  ClkCfgRegs                               
0     00082900  ConfigureTMXAnalogTrim                   
1     0005d300  CpuSysRegs                               
1     00000c08  CpuTimer1Regs                            
1     00000c10  CpuTimer2Regs                            
0     00082841  CsmUnlock                                
0     00081ee8  DATALOG_ISR                              
0     0008212c  DMA_CH1_ISR                              
0     00082136  DMA_CH2_ISR                              
0     00082140  DMA_CH3_ISR                              
0     0008214a  DMA_CH4_ISR                              
0     00082154  DMA_CH5_ISR                              
0     0008215e  DMA_CH6_ISR                              
1     0005f000  DcsmZ1Regs                               
1     0005f040  DcsmZ2Regs                               
1     0005d000  DevCfgRegs                               
0     0008318f  Device_configureTMXAnalogTrim            
0     0008303d  Device_enableAllPeripherals              
0     00083179  Device_enableUnbondedGPIOPullups         
0     0008315c  Device_enableUnbondedGPIOPullupsFor100Pin
0     00083149  Device_enableUnbondedGPIOPullupsFor176Pin
0     00082fea  Device_init                              
0     00083128  Device_initGPIO                          
0     00082545  DisableDog                               
0     00082506  DisablePeripheralClocks                  
0     00082082  ECAP1_ISR                                
0     0008208c  ECAP2_ISR                                
0     00082096  ECAP3_ISR                                
0     000820a0  ECAP4_ISR                                
0     000820aa  ECAP5_ISR                                
0     000820b4  ECAP6_ISR                                
0     000823e8  EMIF_ERROR_ISR                           
0     00082442  EMPTY_ISR                                
0     00081efc  EMU_ISR                                  
0     0008233e  EPWM10_ISR                               
0     00082316  EPWM10_TZ_ISR                            
0     00082348  EPWM11_ISR                               
0     00082320  EPWM11_TZ_ISR                            
0     00082352  EPWM12_ISR                               
0     0008232a  EPWM12_TZ_ISR                            
0     00082032  EPWM1_ISR                                
0     00081fe2  EPWM1_TZ_ISR                             
0     0008203c  EPWM2_ISR                                
0     00081fec  EPWM2_TZ_ISR                             
0     00082046  EPWM3_ISR                                
0     00081ff6  EPWM3_TZ_ISR                             
0     00082050  EPWM4_ISR                                
0     00082000  EPWM4_TZ_ISR                             
0     0008205a  EPWM5_ISR                                
0     0008200a  EPWM5_TZ_ISR                             
0     00082064  EPWM6_ISR                                
0     00082014  EPWM6_TZ_ISR                             
0     0008206e  EPWM7_ISR                                
0     0008201e  EPWM7_TZ_ISR                             
0     00082078  EPWM8_ISR                                
0     00082028  EPWM8_TZ_ISR                             
0     00082334  EPWM9_ISR                                
0     0008230c  EPWM9_TZ_ISR                             
0     000820be  EQEP1_ISR                                
0     000820c8  EQEP2_ISR                                
0     000820d2  EQEP3_ISR                                
0     0008489f  EnableInterrupts                         
1     0000aa84  Example_Fail                             
1     0000aa82  Example_PassCount                        
1     0000aa80  Example_Result                           
0     000831d1  Example_done                             
0     000831cc  Example_setResultFail                    
0     000831c7  Example_setResultPass                    
0     0000b168  F28x_usDelay                             
0     000823fc  FLASH_CORRECTABLE_ERROR_ISR              
0     000822d0  FPU_OVERFLOW_ISR                         
0     000822da  FPU_UNDERFLOW_ISR                        
0     00084c17  FPU_initEpie                             
0     00084c10  FPU_initSystemClocks                     
1     0005f800  Flash0CtrlRegs                           
1     0005fb00  Flash0EccRegs                            
0     0000b06c  FlashOff                                 
1     00050024  FlashPumpSemaphoreRegs                   
0     0000b000  Flash_initModule                         
0     00082f46  GPIO_EnableUnbondedIOPullups             
0     00082f21  GPIO_EnableUnbondedIOPullupsFor100Pin    
0     00082f08  GPIO_EnableUnbondedIOPullupsFor176Pin    
0     00082f5c  GPIO_ReadPin                             
0     00082ead  GPIO_SetupLock                           
0     00082d8d  GPIO_SetupPinMux                         
0     00082e19  GPIO_SetupPinOptions                     
0     00082ed6  GPIO_SetupXINT1Gpio                      
0     00082ee0  GPIO_SetupXINT2Gpio                      
0     00082eea  GPIO_SetupXINT3Gpio                      
0     00082ef4  GPIO_SetupXINT4Gpio                      
0     00082efe  GPIO_SetupXINT5Gpio                      
0     00082f73  GPIO_WritePin                            
0     0008467a  GPIO_setPinConfig                        
1     00007c00  GpioCtrlRegs                             
1     00007f00  GpioDataRegs                             
0     000828ca  HALT                                     
0     000828e3  HIB                                      
0     00082172  I2CA_FIFO_ISR                            
0     00082168  I2CA_ISR                                 
0     00082186  I2CB_FIFO_ISR                            
0     0008217c  I2CB_ISR                                 
0     000828b6  IDLE                                     
0     00081f10  ILLEGAL_ISR                              
0     000822e4  IPC0_ISR                                 
0     000822ee  IPC1_ISR                                 
0     000822f8  IPC2_ISR                                 
0     00082302  IPC3_ISR                                 
0     00082752  InitAuxPll                               
0     0000b043  InitFlash                                
0     00082d4d  InitGpio                                 
0     00082482  InitPeripheralClocks                     
0     00084880  InitPieCtrl                              
0     00083fda  InitPieVectTable                         
0     00082459  InitSysCtrl                              
0     00082553  InitSysPll                               
1     00007900  InputXbarRegs                            
0     000846b1  Interrupt_enable                         
0     0008463d  Interrupt_initModule                     
0     00082104  MCBSPA_RX_ISR                            
0     0008210e  MCBSPA_TX_ISR                            
0     00082118  MCBSPB_RX_ISR                            
0     00082122  MCBSPB_TX_ISR                            
0     00081f06  NMI_ISR                                  
0     0008244f  NOTUSED_ISR                              
0     00082438  PIE_RESERVED_ISR                         
1     00000ce0  PieCtrlRegs                              
1     00000d00  PieVectTable                             
0     00088000  PieVectTableInit                         
0     000835b8  PinMux_init                              
0     00082406  RAM_ACCESS_VIOLATION_ISR                 
0     000823f2  RAM_CORRECTABLE_ERROR_ISR                
1     0000e800  RFFTF32Coef                              
0     000833da  RFFT_adc_f32                             
0     0008452a  RFFT_f32_mag_TMU0                        
0     00083e5e  RFFT_f32_phase_TMU0                      
0     000841db  RFFT_f32_sincostable                     
1     0000e000  RFFTin1Buff                              
1     00012000  RFFTmagBuff                              
1     00010000  RFFToutBuff                              
1     00014000  RFFTphaseBuff                            
0     00081ef2  RTOS_ISR                                 
0     00084170  RamfuncsLoadEnd                          
abs   00000170  RamfuncsLoadSize                         
0     00084000  RamfuncsLoadStart                        
0     0000b170  RamfuncsRunEnd                           
abs   00000170  RamfuncsRunSize                          
0     0000b000  RamfuncsRunStart                         
0     0008252d  ReleaseFlashPump                         
0     000821b8  SCIA_RX_ISR                              
0     000821c2  SCIA_TX_ISR                              
0     000821cc  SCIB_RX_ISR                              
0     000821d6  SCIB_TX_ISR                              
0     00082190  SCIC_RX_ISR                              
0     0008219a  SCIC_TX_ISR                              
0     000821a4  SCID_RX_ISR                              
0     000821ae  SCID_TX_ISR                              
0     00084578  SCI_clearInterruptStatus                 
0     000835cd  SCI_init                                 
0     000845ff  SCI_setConfig                            
0     000845be  SCI_writeCharArray                       
0     0008235c  SD1_ISR                                  
0     00082366  SD2_ISR                                  
0     000820dc  SPIA_RX_ISR                              
0     000820e6  SPIA_TX_ISR                              
0     000820f0  SPIB_RX_ISR                              
0     000820fa  SPIB_TX_ISR                              
0     00082370  SPIC_RX_ISR                              
0     0008237a  SPIC_TX_ISR                              
0     000828bf  STANDBY                                  
0     00082410  SYS_PLL_SLIP_ISR                         
0     0008251e  SeizeFlashPump                           
0     00082537  ServiceDog                               
0     0000b16c  SysCtl_delay                             
0     000844d9  SysCtl_getClock                          
0     00084246  SysCtl_getDeviceParametric               
0     00084afe  SysCtl_getLowSpeedClock                  
0     00084485  SysCtl_selectOscSource                   
0     00084170  SysCtl_selectXTAL                        
0     000831d2  SysCtl_setClock                          
0     00082862  SysIntOsc1Sel                            
0     00082872  SysIntOsc2Sel                            
0     00082886  SysXtalOscSel                            
1     0000aa52  THD                                      
0     00081fce  TIMER0_ISR                               
0     00081ed4  TIMER1_ISR                               
0     00081ede  TIMER2_ISR                               
0     00082384  UPPA_ISR                                 
0     0008238e  USBA_ISR                                 
0     00081f74  USER10_ISR                               
0     00081f7e  USER11_ISR                               
0     00081f88  USER12_ISR                               
0     00081f1a  USER1_ISR                                
0     00081f24  USER2_ISR                                
0     00081f2e  USER3_ISR                                
0     00081f38  USER4_ISR                                
0     00081f42  USER5_ISR                                
0     00081f4c  USER6_ISR                                
0     00081f56  USER7_ISR                                
0     00081f60  USER8_ISR                                
0     00081f6a  USER9_ISR                                
0     000822c6  VCU_ISR                                  
0     00081fd8  WAKE_ISR                                 
1     00007000  WdRegs                                   
0     00081fb0  XINT1_ISR                                
0     00081fba  XINT2_ISR                                
0     000822a8  XINT3_ISR                                
0     000822b2  XINT4_ISR                                
0     000822bc  XINT5_ISR                                
0     00088980  __TI_CINIT_Base                          
0     000889a4  __TI_CINIT_Limit                         
0     000889a4  __TI_CINIT_Warm                          
0     00088958  __TI_Handler_Table_Base                  
0     0008895e  __TI_Handler_Table_Limit                 
1     00000500  __TI_STACK_END                           
abs   00000100  __TI_STACK_SIZE                          
0     000847d8  __TI_auto_init_nobinit_nopinit           
1     0000aa88  __TI_cleanup_ptr                         
0     00084717  __TI_decompress_lzss                     
0     00084ce2  __TI_decompress_none                     
1     0000aa8a  __TI_dtors_ptr                           
1     0000aa86  __TI_enable_exit_profile_output          
0     00084779  __TI_ltoa                                
abs   ffffffff  __TI_pprof_out_hndl                      
0     00081d43  __TI_printfi                             
abs   ffffffff  __TI_prof_data_size                      
abs   ffffffff  __TI_prof_data_start                     
0     00084d00  __TI_zero_init                           
0     00083cae  __c28xabi_addd                           
0     00084b63  __c28xabi_andll                          
0     00084803  __c28xabi_cmpd                           
0     00084a1e  __c28xabi_cmpll                          
0     00084a30  __c28xabi_cmpull                         
0     00083d4a  __c28xabi_divd                           
0     00083dd5  __c28xabi_divf                           
0     0008495e  __c28xabi_divi                           
0     0008482d  __c28xabi_divl                           
0     00083867  __c28xabi_divll                          
0     0008484a  __c28xabi_divul                          
0     000838dd  __c28xabi_divull                         
0     00084919  __c28xabi_dtof                           
0     00084980  __c28xabi_dtoi                           
0     000849ff  __c28xabi_dtol                           
0     00084a76  __c28xabi_ftod                           
0     00084a3c  __c28xabi_itod                           
0     00084a92  __c28xabi_ltod                           
0     0008496f  __c28xabi_modi                           
0     0008483c  __c28xabi_modl                           
0     000838a3  __c28xabi_modll                          
0     00084851  __c28xabi_modul                          
0     0008390c  __c28xabi_modull                         
0     00083ee4  __c28xabi_mpyd                           
0     00084cd1  __c28xabi_negd                           
0     00084b6b  __c28xabi_orll                           
0     00084c69  __c28xabi_subd                           
0     00084b92  __c28xabi_utod                           
0     00084b73  __c28xabi_xorll                          
n/a   UNDEFED   __c_args__                               
0     000831c0  __error__                                
0     0008375c  __kernel_cos                             
0     00081247  __kernel_rem_pio2                        
0     00083638  __kernel_sin                             
0     0008291d  __rem_pio2                               
1     00000400  __stack                                  
0     00084c91  _args_main                               
0     00084b7b  _c_int00                                 
0     000882f2  _ctypes_                                 
1     0000aa7c  _lock                                    
0     00084cd0  _nop                                     
0     00084ccc  _register_lock                           
0     00084cc8  _register_unlock                         
0     0008346a  _rfft_adc_f32_Stages4andUp               
0     000833d9  _system_post_cinit                       
0     00084d0b  _system_pre_init                         
1     0000aa7e  _unlock                                  
0     00084857  abort                                    
0     00084375  adcA1ISR                                 
0     00008000  adcAResults                              
0     00084748  atoi                                     
1     0000aa41  bufferFull                               
0     00080000  code_start                               
0     000848d0  copysign                                 
0     000848d0  copysignl                                
0     00084312  cosf                                     
0     00084c22  done                                     
1     0000aa92  errno                                    
0     00084859  exit                                     
1     0000aa6c  f                                        
0     0008396e  floor                                    
0     0008396e  floorl                                   
0     000843d2  frexp                                    
0     000843d2  frexpl                                   
0     00080aef  getADC                                   
1     0000aa54  gui2                                     
1     0000aa56  gui3                                     
1     0000aa58  gui4                                     
1     0000aa5a  gui5                                     
1     0000aa8e  hnd_rfft                                 
1     0000aa90  hnd_rfft_adc                             
1     0000aa43  i                                        
1     0000aa40  index                                    
0     00080b0f  initADC                                  
0     00080b5e  initADCSOC                               
0     00080b2d  initEPWM                                 
1     0000aa44  j                                        
0     00083c00  ldexp                                    
0     00083c00  ldexpl                                   
1     0000aa42  len                                      
0     00080356  main                                     
0     00084c59  memccpy                                  
0     00084a59  memcpy                                   
0     00084cf9  memset                                   
1     0000aa4a  msg                                      
1     0000aa50  msg_wifi                                 
1     0000a800  npts                                     
0     000807af  producePts                               
0     00080951  produceWifiPts                           
1     0000aa60  rfft                                     
1     0000aa5c  rfft_adc                                 
0     00083c00  scalbn                                   
0     00083c00  scalbnl                                  
0     00083b35  sin                                      
0     0008442c  sinf                                     
0     00083b35  sinl                                     
0     000846e5  sprintf                                  
0     00083a57  sqrt                                     
0     00083a57  sqrtl                                    
1     0000aa4c  str                                      
0     00084c9d  strchr                                   
0     00084d06  strcpy                                   
0     00084cea  strlen                                   
1     0000aa4e  strmsg                                   
1     0000aa8c  val                                      
1     0000aa45  val2                                     
1     0000aa46  val3                                     
1     0000aa47  val4                                     
1     0000aa48  val5                                     
1     0000aa49  val_THD                                  
0     00084cb4  wcslen                                   
1     0000aa00  wifi_data                                
0     00080741  wifi_send                                
1     0000aa76  wifi_uint16                              


GLOBAL SYMBOLS: SORTED BY Symbol Address 

page  address   name                                     
----  -------   ----                                     
0     00008000  adcAResults                              
0     0000b000  Flash_initModule                         
0     0000b000  RamfuncsRunStart                         
0     0000b043  InitFlash                                
0     0000b06c  FlashOff                                 
0     0000b168  F28x_usDelay                             
0     0000b16c  SysCtl_delay                             
0     0000b170  RamfuncsRunEnd                           
0     00080000  code_start                               
0     00080356  main                                     
0     00080741  wifi_send                                
0     000807af  producePts                               
0     00080951  produceWifiPts                           
0     00080aef  getADC                                   
0     00080b0f  initADC                                  
0     00080b2d  initEPWM                                 
0     00080b5e  initADCSOC                               
0     00081247  __kernel_rem_pio2                        
0     00081d43  __TI_printfi                             
0     00081ed4  TIMER1_ISR                               
0     00081ede  TIMER2_ISR                               
0     00081ee8  DATALOG_ISR                              
0     00081ef2  RTOS_ISR                                 
0     00081efc  EMU_ISR                                  
0     00081f06  NMI_ISR                                  
0     00081f10  ILLEGAL_ISR                              
0     00081f1a  USER1_ISR                                
0     00081f24  USER2_ISR                                
0     00081f2e  USER3_ISR                                
0     00081f38  USER4_ISR                                
0     00081f42  USER5_ISR                                
0     00081f4c  USER6_ISR                                
0     00081f56  USER7_ISR                                
0     00081f60  USER8_ISR                                
0     00081f6a  USER9_ISR                                
0     00081f74  USER10_ISR                               
0     00081f7e  USER11_ISR                               
0     00081f88  USER12_ISR                               
0     00081f92  ADCA1_ISR                                
0     00081f9c  ADCB1_ISR                                
0     00081fa6  ADCC1_ISR                                
0     00081fb0  XINT1_ISR                                
0     00081fba  XINT2_ISR                                
0     00081fc4  ADCD1_ISR                                
0     00081fce  TIMER0_ISR                               
0     00081fd8  WAKE_ISR                                 
0     00081fe2  EPWM1_TZ_ISR                             
0     00081fec  EPWM2_TZ_ISR                             
0     00081ff6  EPWM3_TZ_ISR                             
0     00082000  EPWM4_TZ_ISR                             
0     0008200a  EPWM5_TZ_ISR                             
0     00082014  EPWM6_TZ_ISR                             
0     0008201e  EPWM7_TZ_ISR                             
0     00082028  EPWM8_TZ_ISR                             
0     00082032  EPWM1_ISR                                
0     0008203c  EPWM2_ISR                                
0     00082046  EPWM3_ISR                                
0     00082050  EPWM4_ISR                                
0     0008205a  EPWM5_ISR                                
0     00082064  EPWM6_ISR                                
0     0008206e  EPWM7_ISR                                
0     00082078  EPWM8_ISR                                
0     00082082  ECAP1_ISR                                
0     0008208c  ECAP2_ISR                                
0     00082096  ECAP3_ISR                                
0     000820a0  ECAP4_ISR                                
0     000820aa  ECAP5_ISR                                
0     000820b4  ECAP6_ISR                                
0     000820be  EQEP1_ISR                                
0     000820c8  EQEP2_ISR                                
0     000820d2  EQEP3_ISR                                
0     000820dc  SPIA_RX_ISR                              
0     000820e6  SPIA_TX_ISR                              
0     000820f0  SPIB_RX_ISR                              
0     000820fa  SPIB_TX_ISR                              
0     00082104  MCBSPA_RX_ISR                            
0     0008210e  MCBSPA_TX_ISR                            
0     00082118  MCBSPB_RX_ISR                            
0     00082122  MCBSPB_TX_ISR                            
0     0008212c  DMA_CH1_ISR                              
0     00082136  DMA_CH2_ISR                              
0     00082140  DMA_CH3_ISR                              
0     0008214a  DMA_CH4_ISR                              
0     00082154  DMA_CH5_ISR                              
0     0008215e  DMA_CH6_ISR                              
0     00082168  I2CA_ISR                                 
0     00082172  I2CA_FIFO_ISR                            
0     0008217c  I2CB_ISR                                 
0     00082186  I2CB_FIFO_ISR                            
0     00082190  SCIC_RX_ISR                              
0     0008219a  SCIC_TX_ISR                              
0     000821a4  SCID_RX_ISR                              
0     000821ae  SCID_TX_ISR                              
0     000821b8  SCIA_RX_ISR                              
0     000821c2  SCIA_TX_ISR                              
0     000821cc  SCIB_RX_ISR                              
0     000821d6  SCIB_TX_ISR                              
0     000821e0  CANA0_ISR                                
0     000821ea  CANA1_ISR                                
0     000821f4  CANB0_ISR                                
0     000821fe  CANB1_ISR                                
0     00082208  ADCA_EVT_ISR                             
0     00082212  ADCA2_ISR                                
0     0008221c  ADCA3_ISR                                
0     00082226  ADCA4_ISR                                
0     00082230  ADCB_EVT_ISR                             
0     0008223a  ADCB2_ISR                                
0     00082244  ADCB3_ISR                                
0     0008224e  ADCB4_ISR                                
0     00082258  CLA1_1_ISR                               
0     00082262  CLA1_2_ISR                               
0     0008226c  CLA1_3_ISR                               
0     00082276  CLA1_4_ISR                               
0     00082280  CLA1_5_ISR                               
0     0008228a  CLA1_6_ISR                               
0     00082294  CLA1_7_ISR                               
0     0008229e  CLA1_8_ISR                               
0     000822a8  XINT3_ISR                                
0     000822b2  XINT4_ISR                                
0     000822bc  XINT5_ISR                                
0     000822c6  VCU_ISR                                  
0     000822d0  FPU_OVERFLOW_ISR                         
0     000822da  FPU_UNDERFLOW_ISR                        
0     000822e4  IPC0_ISR                                 
0     000822ee  IPC1_ISR                                 
0     000822f8  IPC2_ISR                                 
0     00082302  IPC3_ISR                                 
0     0008230c  EPWM9_TZ_ISR                             
0     00082316  EPWM10_TZ_ISR                            
0     00082320  EPWM11_TZ_ISR                            
0     0008232a  EPWM12_TZ_ISR                            
0     00082334  EPWM9_ISR                                
0     0008233e  EPWM10_ISR                               
0     00082348  EPWM11_ISR                               
0     00082352  EPWM12_ISR                               
0     0008235c  SD1_ISR                                  
0     00082366  SD2_ISR                                  
0     00082370  SPIC_RX_ISR                              
0     0008237a  SPIC_TX_ISR                              
0     00082384  UPPA_ISR                                 
0     0008238e  USBA_ISR                                 
0     00082398  ADCC_EVT_ISR                             
0     000823a2  ADCC2_ISR                                
0     000823ac  ADCC3_ISR                                
0     000823b6  ADCC4_ISR                                
0     000823c0  ADCD_EVT_ISR                             
0     000823ca  ADCD2_ISR                                
0     000823d4  ADCD3_ISR                                
0     000823de  ADCD4_ISR                                
0     000823e8  EMIF_ERROR_ISR                           
0     000823f2  RAM_CORRECTABLE_ERROR_ISR                
0     000823fc  FLASH_CORRECTABLE_ERROR_ISR              
0     00082406  RAM_ACCESS_VIOLATION_ISR                 
0     00082410  SYS_PLL_SLIP_ISR                         
0     0008241a  AUX_PLL_SLIP_ISR                         
0     00082424  CLA_OVERFLOW_ISR                         
0     0008242e  CLA_UNDERFLOW_ISR                        
0     00082438  PIE_RESERVED_ISR                         
0     00082442  EMPTY_ISR                                
0     0008244f  NOTUSED_ISR                              
0     00082459  InitSysCtrl                              
0     00082482  InitPeripheralClocks                     
0     00082506  DisablePeripheralClocks                  
0     0008251e  SeizeFlashPump                           
0     0008252d  ReleaseFlashPump                         
0     00082537  ServiceDog                               
0     00082545  DisableDog                               
0     00082553  InitSysPll                               
0     00082752  InitAuxPll                               
0     00082841  CsmUnlock                                
0     00082862  SysIntOsc1Sel                            
0     00082872  SysIntOsc2Sel                            
0     00082886  SysXtalOscSel                            
0     00082896  AuxIntOsc2Sel                            
0     000828a0  AuxXtalOscSel                            
0     000828ac  AuxAuxClkSel                             
0     000828b6  IDLE                                     
0     000828bf  STANDBY                                  
0     000828ca  HALT                                     
0     000828e3  HIB                                      
0     00082900  ConfigureTMXAnalogTrim                   
0     0008291d  __rem_pio2                               
0     00082d4d  InitGpio                                 
0     00082d8d  GPIO_SetupPinMux                         
0     00082e19  GPIO_SetupPinOptions                     
0     00082ead  GPIO_SetupLock                           
0     00082ed6  GPIO_SetupXINT1Gpio                      
0     00082ee0  GPIO_SetupXINT2Gpio                      
0     00082eea  GPIO_SetupXINT3Gpio                      
0     00082ef4  GPIO_SetupXINT4Gpio                      
0     00082efe  GPIO_SetupXINT5Gpio                      
0     00082f08  GPIO_EnableUnbondedIOPullupsFor176Pin    
0     00082f21  GPIO_EnableUnbondedIOPullupsFor100Pin    
0     00082f46  GPIO_EnableUnbondedIOPullups             
0     00082f5c  GPIO_ReadPin                             
0     00082f73  GPIO_WritePin                            
0     00082fea  Device_init                              
0     0008303d  Device_enableAllPeripherals              
0     00083128  Device_initGPIO                          
0     00083149  Device_enableUnbondedGPIOPullupsFor176Pin
0     0008315c  Device_enableUnbondedGPIOPullupsFor100Pin
0     00083179  Device_enableUnbondedGPIOPullups         
0     0008318f  Device_configureTMXAnalogTrim            
0     000831c0  __error__                                
0     000831c7  Example_setResultPass                    
0     000831cc  Example_setResultFail                    
0     000831d1  Example_done                             
0     000831d2  SysCtl_setClock                          
0     000833d9  _system_post_cinit                       
0     000833da  RFFT_adc_f32                             
0     0008346a  _rfft_adc_f32_Stages4andUp               
0     000835b1  Board_init                               
0     000835b8  PinMux_init                              
0     000835cd  SCI_init                                 
0     00083638  __kernel_sin                             
0     0008375c  __kernel_cos                             
0     00083867  __c28xabi_divll                          
0     000838a3  __c28xabi_modll                          
0     000838dd  __c28xabi_divull                         
0     0008390c  __c28xabi_modull                         
0     0008396e  floor                                    
0     0008396e  floorl                                   
0     00083a57  sqrt                                     
0     00083a57  sqrtl                                    
0     00083b35  sin                                      
0     00083b35  sinl                                     
0     00083c00  ldexp                                    
0     00083c00  ldexpl                                   
0     00083c00  scalbn                                   
0     00083c00  scalbnl                                  
0     00083cae  __c28xabi_addd                           
0     00083d4a  __c28xabi_divd                           
0     00083dd5  __c28xabi_divf                           
0     00083e5e  RFFT_f32_phase_TMU0                      
0     00083ee4  __c28xabi_mpyd                           
0     00083f67  ADC_setINLTrim                           
0     00083fda  InitPieVectTable                         
0     00084000  RamfuncsLoadStart                        
0     00084170  RamfuncsLoadEnd                          
0     00084170  SysCtl_selectXTAL                        
0     000841db  RFFT_f32_sincostable                     
0     00084246  SysCtl_getDeviceParametric               
0     000842ae  ADC_setOffsetTrim                        
0     00084312  cosf                                     
0     00084375  adcA1ISR                                 
0     000843d2  frexp                                    
0     000843d2  frexpl                                   
0     0008442c  sinf                                     
0     00084485  SysCtl_selectOscSource                   
0     000844d9  SysCtl_getClock                          
0     0008452a  RFFT_f32_mag_TMU0                        
0     00084578  SCI_clearInterruptStatus                 
0     000845be  SCI_writeCharArray                       
0     000845ff  SCI_setConfig                            
0     0008463d  Interrupt_initModule                     
0     0008467a  GPIO_setPinConfig                        
0     000846b1  Interrupt_enable                         
0     000846e5  sprintf                                  
0     00084717  __TI_decompress_lzss                     
0     00084748  atoi                                     
0     00084779  __TI_ltoa                                
0     000847a9  ADC_setMode                              
0     000847d8  __TI_auto_init_nobinit_nopinit           
0     00084803  __c28xabi_cmpd                           
0     0008482d  __c28xabi_divl                           
0     0008483c  __c28xabi_modl                           
0     0008484a  __c28xabi_divul                          
0     00084851  __c28xabi_modul                          
0     00084857  C$$EXIT                                  
0     00084857  abort                                    
0     00084859  exit                                     
0     00084880  InitPieCtrl                              
0     0008489f  EnableInterrupts                         
0     000848d0  copysign                                 
0     000848d0  copysignl                                
0     00084919  __c28xabi_dtof                           
0     0008495e  __c28xabi_divi                           
0     0008496f  __c28xabi_modi                           
0     00084980  __c28xabi_dtoi                           
0     000849ff  __c28xabi_dtol                           
0     00084a1e  __c28xabi_cmpll                          
0     00084a30  __c28xabi_cmpull                         
0     00084a3c  __c28xabi_itod                           
0     00084a59  memcpy                                   
0     00084a76  __c28xabi_ftod                           
0     00084a92  __c28xabi_ltod                           
0     00084afe  SysCtl_getLowSpeedClock                  
0     00084b63  __c28xabi_andll                          
0     00084b6b  __c28xabi_orll                           
0     00084b73  __c28xabi_xorll                          
0     00084b7b  _c_int00                                 
0     00084b92  __c28xabi_utod                           
0     00084c10  FPU_initSystemClocks                     
0     00084c17  FPU_initEpie                             
0     00084c22  done                                     
0     00084c59  memccpy                                  
0     00084c69  __c28xabi_subd                           
0     00084c91  _args_main                               
0     00084c9d  strchr                                   
0     00084cb4  wcslen                                   
0     00084cc8  _register_unlock                         
0     00084ccc  _register_lock                           
0     00084cd0  _nop                                     
0     00084cd1  __c28xabi_negd                           
0     00084ce2  __TI_decompress_none                     
0     00084cea  strlen                                   
0     00084cf9  memset                                   
0     00084d00  __TI_zero_init                           
0     00084d06  strcpy                                   
0     00084d0b  _system_pre_init                         
0     00088000  PieVectTableInit                         
0     000882f2  _ctypes_                                 
0     00088958  __TI_Handler_Table_Base                  
0     0008895e  __TI_Handler_Table_Limit                 
0     00088980  __TI_CINIT_Base                          
0     000889a4  __TI_CINIT_Limit                         
0     000889a4  __TI_CINIT_Warm                          
1     00000400  __stack                                  
1     00000500  __TI_STACK_END                           
1     00000c08  CpuTimer1Regs                            
1     00000c10  CpuTimer2Regs                            
1     00000ce0  PieCtrlRegs                              
1     00000d00  PieVectTable                             
1     00007000  WdRegs                                   
1     00007900  InputXbarRegs                            
1     00007c00  GpioCtrlRegs                             
1     00007f00  GpioDataRegs                             
1     0000a800  npts                                     
1     0000aa00  wifi_data                                
1     0000aa40  index                                    
1     0000aa41  bufferFull                               
1     0000aa42  len                                      
1     0000aa43  i                                        
1     0000aa44  j                                        
1     0000aa45  val2                                     
1     0000aa46  val3                                     
1     0000aa47  val4                                     
1     0000aa48  val5                                     
1     0000aa49  val_THD                                  
1     0000aa4a  msg                                      
1     0000aa4c  str                                      
1     0000aa4e  strmsg                                   
1     0000aa50  msg_wifi                                 
1     0000aa52  THD                                      
1     0000aa54  gui2                                     
1     0000aa56  gui3                                     
1     0000aa58  gui4                                     
1     0000aa5a  gui5                                     
1     0000aa5c  rfft_adc                                 
1     0000aa60  rfft                                     
1     0000aa6c  f                                        
1     0000aa76  wifi_uint16                              
1     0000aa7c  _lock                                    
1     0000aa7e  _unlock                                  
1     0000aa80  Example_Result                           
1     0000aa82  Example_PassCount                        
1     0000aa84  Example_Fail                             
1     0000aa86  __TI_enable_exit_profile_output          
1     0000aa88  __TI_cleanup_ptr                         
1     0000aa8a  __TI_dtors_ptr                           
1     0000aa8c  val                                      
1     0000aa8e  hnd_rfft                                 
1     0000aa90  hnd_rfft_adc                             
1     0000aa92  errno                                    
1     0000e000  RFFTin1Buff                              
1     0000e800  RFFTF32Coef                              
1     00010000  RFFToutBuff                              
1     00012000  RFFTmagBuff                              
1     00014000  RFFTphaseBuff                            
1     00050024  FlashPumpSemaphoreRegs                   
1     0005d000  DevCfgRegs                               
1     0005d180  AnalogSubsysRegs                         
1     0005d200  ClkCfgRegs                               
1     0005d300  CpuSysRegs                               
1     0005f000  DcsmZ1Regs                               
1     0005f040  DcsmZ2Regs                               
1     0005f800  Flash0CtrlRegs                           
1     0005fb00  Flash0EccRegs                            
abs   00000100  __TI_STACK_SIZE                          
abs   00000170  RamfuncsLoadSize                         
abs   00000170  RamfuncsRunSize                          
abs   ffffffff  __TI_pprof_out_hndl                      
abs   ffffffff  __TI_prof_data_size                      
abs   ffffffff  __TI_prof_data_start                     
n/a   UNDEFED   __c_args__                               

[385 symbols]
