<?xml version="1.0" encoding="ISO-8859-1" ?>
<link_info>
   <banner>TMS320C2000 Linker PC v21.6.0.LTS</banner>
   <copyright>Copyright (c) 1996-2018 Texas Instruments Incorporated</copyright>
   <link_time>0x6187c03d</link_time>
   <link_errors>0x0</link_errors>
   <output_file>DIAN_SAI_lanyahou.out</output_file>
   <entry_point>
      <name>code_start</name>
      <address>0x80000</address>
   </entry_point>
   <input_file_list>
      <input_file id="fl-2">
         <path>.\</path>
         <kind>object</kind>
         <file>F2837xD_Adc.obj</file>
         <name>F2837xD_Adc.obj</name>
      </input_file>
      <input_file id="fl-3">
         <path>.\</path>
         <kind>object</kind>
         <file>F2837xD_CodeStartBranch.obj</file>
         <name>F2837xD_CodeStartBranch.obj</name>
      </input_file>
      <input_file id="fl-4">
         <path>.\</path>
         <kind>object</kind>
         <file>F2837xD_DefaultISR.obj</file>
         <name>F2837xD_DefaultISR.obj</name>
      </input_file>
      <input_file id="fl-5">
         <path>.\</path>
         <kind>object</kind>
         <file>F2837xD_EPwm.obj</file>
         <name>F2837xD_EPwm.obj</name>
      </input_file>
      <input_file id="fl-6">
         <path>.\</path>
         <kind>object</kind>
         <file>F2837xD_GlobalVariableDefs.obj</file>
         <name>F2837xD_GlobalVariableDefs.obj</name>
      </input_file>
      <input_file id="fl-7">
         <path>.\</path>
         <kind>object</kind>
         <file>F2837xD_Gpio.obj</file>
         <name>F2837xD_Gpio.obj</name>
      </input_file>
      <input_file id="fl-8">
         <path>.\</path>
         <kind>object</kind>
         <file>F2837xD_PieCtrl.obj</file>
         <name>F2837xD_PieCtrl.obj</name>
      </input_file>
      <input_file id="fl-9">
         <path>.\</path>
         <kind>object</kind>
         <file>F2837xD_PieVect.obj</file>
         <name>F2837xD_PieVect.obj</name>
      </input_file>
      <input_file id="fl-a">
         <path>.\</path>
         <kind>object</kind>
         <file>F2837xD_SysCtrl.obj</file>
         <name>F2837xD_SysCtrl.obj</name>
      </input_file>
      <input_file id="fl-b">
         <path>.\</path>
         <kind>object</kind>
         <file>F2837xD_usDelay.obj</file>
         <name>F2837xD_usDelay.obj</name>
      </input_file>
      <input_file id="fl-c">
         <path>.\</path>
         <kind>object</kind>
         <file>board.obj</file>
         <name>board.obj</name>
      </input_file>
      <input_file id="fl-d">
         <path>.\</path>
         <kind>object</kind>
         <file>examples_setup.obj</file>
         <name>examples_setup.obj</name>
      </input_file>
      <input_file id="fl-e">
         <path>.\</path>
         <kind>object</kind>
         <file>sci_ex3_echoback.obj</file>
         <name>sci_ex3_echoback.obj</name>
      </input_file>
      <input_file id="fl-f">
         <path>.\device\</path>
         <kind>object</kind>
         <file>device.obj</file>
         <name>device.obj</name>
      </input_file>
      <input_file id="fl-16">
         <kind>object</kind>
         <file>&lt;internal&gt;</file>
         <name>&lt;internal&gt;</name>
      </input_file>
      <input_file id="fl-1a">
         <path>H:\ti\C2000\C2000Ware_4_00_00_00\driverlib\f2837xs\driverlib\ccs\Debug\</path>
         <kind>archive</kind>
         <file>driverlib_eabi.lib</file>
         <name>adc.obj</name>
      </input_file>
      <input_file id="fl-1b">
         <path>H:\ti\C2000\C2000Ware_4_00_00_00\driverlib\f2837xs\driverlib\ccs\Debug\</path>
         <kind>archive</kind>
         <file>driverlib_eabi.lib</file>
         <name>flash.obj</name>
      </input_file>
      <input_file id="fl-1c">
         <path>H:\ti\C2000\C2000Ware_4_00_00_00\driverlib\f2837xs\driverlib\ccs\Debug\</path>
         <kind>archive</kind>
         <file>driverlib_eabi.lib</file>
         <name>gpio.obj</name>
      </input_file>
      <input_file id="fl-1d">
         <path>H:\ti\C2000\C2000Ware_4_00_00_00\driverlib\f2837xs\driverlib\ccs\Debug\</path>
         <kind>archive</kind>
         <file>driverlib_eabi.lib</file>
         <name>interrupt.obj</name>
      </input_file>
      <input_file id="fl-1e">
         <path>H:\ti\C2000\C2000Ware_4_00_00_00\driverlib\f2837xs\driverlib\ccs\Debug\</path>
         <kind>archive</kind>
         <file>driverlib_eabi.lib</file>
         <name>sci.obj</name>
      </input_file>
      <input_file id="fl-1f">
         <path>H:\ti\C2000\C2000Ware_4_00_00_00\driverlib\f2837xs\driverlib\ccs\Debug\</path>
         <kind>archive</kind>
         <file>driverlib_eabi.lib</file>
         <name>sysctl.obj</name>
      </input_file>
      <input_file id="fl-23">
         <path>H:\ti\C2000\C2000Ware_4_00_00_00\libraries\dsp\FPU\c28\lib\</path>
         <kind>archive</kind>
         <file>c28x_fpu_dsp_library_eabi.lib</file>
         <name>RFFT_adc_f32.obj</name>
      </input_file>
      <input_file id="fl-24">
         <path>H:\ti\C2000\C2000Ware_4_00_00_00\libraries\dsp\FPU\c28\lib\</path>
         <kind>archive</kind>
         <file>c28x_fpu_dsp_library_eabi.lib</file>
         <name>RFFT_f32_mag_TMU0.obj</name>
      </input_file>
      <input_file id="fl-25">
         <path>H:\ti\C2000\C2000Ware_4_00_00_00\libraries\dsp\FPU\c28\lib\</path>
         <kind>archive</kind>
         <file>c28x_fpu_dsp_library_eabi.lib</file>
         <name>RFFT_f32_phase_TMU0.obj</name>
      </input_file>
      <input_file id="fl-26">
         <path>H:\ti\C2000\C2000Ware_4_00_00_00\libraries\dsp\FPU\c28\lib\</path>
         <kind>archive</kind>
         <file>c28x_fpu_dsp_library_eabi.lib</file>
         <name>RFFT_f32_sincostable.obj</name>
      </input_file>
      <input_file id="fl-32">
         <path>H:\ti\CCS11.0.0\ccs\tools\compiler\ti-cgt-c2000_21.6.0.LTS\lib\</path>
         <kind>archive</kind>
         <file>rts2800_fpu32_eabi.lib</file>
         <name>sprintf.c.obj</name>
      </input_file>
      <input_file id="fl-33">
         <path>H:\ti\CCS11.0.0\ccs\tools\compiler\ti-cgt-c2000_21.6.0.LTS\lib\</path>
         <kind>archive</kind>
         <file>rts2800_fpu32_eabi.lib</file>
         <name>e_sqrt.c.obj</name>
      </input_file>
      <input_file id="fl-34">
         <path>H:\ti\CCS11.0.0\ccs\tools\compiler\ti-cgt-c2000_21.6.0.LTS\lib\</path>
         <kind>archive</kind>
         <file>rts2800_fpu32_eabi.lib</file>
         <name>s_cosf.c.obj</name>
      </input_file>
      <input_file id="fl-35">
         <path>H:\ti\CCS11.0.0\ccs\tools\compiler\ti-cgt-c2000_21.6.0.LTS\lib\</path>
         <kind>archive</kind>
         <file>rts2800_fpu32_eabi.lib</file>
         <name>s_sinf.c.obj</name>
      </input_file>
      <input_file id="fl-36">
         <path>H:\ti\CCS11.0.0\ccs\tools\compiler\ti-cgt-c2000_21.6.0.LTS\lib\</path>
         <kind>archive</kind>
         <file>rts2800_fpu32_eabi.lib</file>
         <name>boot28.asm.obj</name>
      </input_file>
      <input_file id="fl-37">
         <path>H:\ti\CCS11.0.0\ccs\tools\compiler\ti-cgt-c2000_21.6.0.LTS\lib\</path>
         <kind>archive</kind>
         <file>rts2800_fpu32_eabi.lib</file>
         <name>fd_cmp28.asm.obj</name>
      </input_file>
      <input_file id="fl-38">
         <path>H:\ti\CCS11.0.0\ccs\tools\compiler\ti-cgt-c2000_21.6.0.LTS\lib\</path>
         <kind>archive</kind>
         <file>rts2800_fpu32_eabi.lib</file>
         <name>fd_mpy28.asm.obj</name>
      </input_file>
      <input_file id="fl-39">
         <path>H:\ti\CCS11.0.0\ccs\tools\compiler\ti-cgt-c2000_21.6.0.LTS\lib\</path>
         <kind>archive</kind>
         <file>rts2800_fpu32_eabi.lib</file>
         <name>fd_sub28.asm.obj</name>
      </input_file>
      <input_file id="fl-3a">
         <path>H:\ti\CCS11.0.0\ccs\tools\compiler\ti-cgt-c2000_21.6.0.LTS\lib\</path>
         <kind>archive</kind>
         <file>rts2800_fpu32_eabi.lib</file>
         <name>fd_tou28.asm.obj</name>
      </input_file>
      <input_file id="fl-3b">
         <path>H:\ti\CCS11.0.0\ccs\tools\compiler\ti-cgt-c2000_21.6.0.LTS\lib\</path>
         <kind>archive</kind>
         <file>rts2800_fpu32_eabi.lib</file>
         <name>fs_div28.asm.obj</name>
      </input_file>
      <input_file id="fl-3c">
         <path>H:\ti\CCS11.0.0\ccs\tools\compiler\ti-cgt-c2000_21.6.0.LTS\lib\</path>
         <kind>archive</kind>
         <file>rts2800_fpu32_eabi.lib</file>
         <name>ll_cmp28.asm.obj</name>
      </input_file>
      <input_file id="fl-3d">
         <path>H:\ti\CCS11.0.0\ccs\tools\compiler\ti-cgt-c2000_21.6.0.LTS\lib\</path>
         <kind>archive</kind>
         <file>rts2800_fpu32_eabi.lib</file>
         <name>i_tofd28.asm.obj</name>
      </input_file>
      <input_file id="fl-3e">
         <path>H:\ti\CCS11.0.0\ccs\tools\compiler\ti-cgt-c2000_21.6.0.LTS\lib\</path>
         <kind>archive</kind>
         <file>rts2800_fpu32_eabi.lib</file>
         <name>fs_tofdfpu32.asm.obj</name>
      </input_file>
      <input_file id="fl-3f">
         <path>H:\ti\CCS11.0.0\ccs\tools\compiler\ti-cgt-c2000_21.6.0.LTS\lib\</path>
         <kind>archive</kind>
         <file>rts2800_fpu32_eabi.lib</file>
         <name>fd_tofsfpu32.asm.obj</name>
      </input_file>
      <input_file id="fl-40">
         <path>H:\ti\CCS11.0.0\ccs\tools\compiler\ti-cgt-c2000_21.6.0.LTS\lib\</path>
         <kind>archive</kind>
         <file>rts2800_fpu32_eabi.lib</file>
         <name>fd_div28.asm.obj</name>
      </input_file>
      <input_file id="fl-41">
         <path>H:\ti\CCS11.0.0\ccs\tools\compiler\ti-cgt-c2000_21.6.0.LTS\lib\</path>
         <kind>archive</kind>
         <file>rts2800_fpu32_eabi.lib</file>
         <name>memcpy.c.obj</name>
      </input_file>
      <input_file id="fl-42">
         <path>H:\ti\CCS11.0.0\ccs\tools\compiler\ti-cgt-c2000_21.6.0.LTS\lib\</path>
         <kind>archive</kind>
         <file>rts2800_fpu32_eabi.lib</file>
         <name>pre_init.c.obj</name>
      </input_file>
      <input_file id="fl-43">
         <path>H:\ti\CCS11.0.0\ccs\tools\compiler\ti-cgt-c2000_21.6.0.LTS\lib\</path>
         <kind>archive</kind>
         <file>rts2800_fpu32_eabi.lib</file>
         <name>autoinit.c.obj</name>
      </input_file>
      <input_file id="fl-44">
         <path>H:\ti\CCS11.0.0\ccs\tools\compiler\ti-cgt-c2000_21.6.0.LTS\lib\</path>
         <kind>archive</kind>
         <file>rts2800_fpu32_eabi.lib</file>
         <name>copy_zero_init.c.obj</name>
      </input_file>
      <input_file id="fl-45">
         <path>H:\ti\CCS11.0.0\ccs\tools\compiler\ti-cgt-c2000_21.6.0.LTS\lib\</path>
         <kind>archive</kind>
         <file>rts2800_fpu32_eabi.lib</file>
         <name>copy_decompress_none.c.obj</name>
      </input_file>
      <input_file id="fl-46">
         <path>H:\ti\CCS11.0.0\ccs\tools\compiler\ti-cgt-c2000_21.6.0.LTS\lib\</path>
         <kind>archive</kind>
         <file>rts2800_fpu32_eabi.lib</file>
         <name>copy_decompress_lzss.c.obj</name>
      </input_file>
      <input_file id="fl-47">
         <path>H:\ti\CCS11.0.0\ccs\tools\compiler\ti-cgt-c2000_21.6.0.LTS\lib\</path>
         <kind>archive</kind>
         <file>rts2800_fpu32_eabi.lib</file>
         <name>exit.c.obj</name>
      </input_file>
      <input_file id="fl-48">
         <path>H:\ti\CCS11.0.0\ccs\tools\compiler\ti-cgt-c2000_21.6.0.LTS\lib\</path>
         <kind>archive</kind>
         <file>rts2800_fpu32_eabi.lib</file>
         <name>_lock.c.obj</name>
      </input_file>
      <input_file id="fl-49">
         <path>H:\ti\CCS11.0.0\ccs\tools\compiler\ti-cgt-c2000_21.6.0.LTS\lib\</path>
         <kind>archive</kind>
         <file>rts2800_fpu32_eabi.lib</file>
         <name>args_main.c.obj</name>
      </input_file>
      <input_file id="fl-4a">
         <path>H:\ti\CCS11.0.0\ccs\tools\compiler\ti-cgt-c2000_21.6.0.LTS\lib\</path>
         <kind>archive</kind>
         <file>rts2800_fpu32_eabi.lib</file>
         <name>memset.c.obj</name>
      </input_file>
      <input_file id="fl-4b">
         <path>H:\ti\CCS11.0.0\ccs\tools\compiler\ti-cgt-c2000_21.6.0.LTS\lib\</path>
         <kind>archive</kind>
         <file>rts2800_fpu32_eabi.lib</file>
         <name>errno.c.obj</name>
      </input_file>
      <input_file id="fl-4c">
         <path>H:\ti\CCS11.0.0\ccs\tools\compiler\ti-cgt-c2000_21.6.0.LTS\lib\</path>
         <kind>archive</kind>
         <file>rts2800_fpu32_eabi.lib</file>
         <name>_printfi.c.obj</name>
      </input_file>
      <input_file id="fl-4d">
         <path>H:\ti\CCS11.0.0\ccs\tools\compiler\ti-cgt-c2000_21.6.0.LTS\lib\</path>
         <kind>archive</kind>
         <file>rts2800_fpu32_eabi.lib</file>
         <name>s_frexp.c.obj</name>
      </input_file>
      <input_file id="fl-4e">
         <path>H:\ti\CCS11.0.0\ccs\tools\compiler\ti-cgt-c2000_21.6.0.LTS\lib\</path>
         <kind>archive</kind>
         <file>rts2800_fpu32_eabi.lib</file>
         <name>s_scalbn.c.obj</name>
      </input_file>
      <input_file id="fl-4f">
         <path>H:\ti\CCS11.0.0\ccs\tools\compiler\ti-cgt-c2000_21.6.0.LTS\lib\</path>
         <kind>archive</kind>
         <file>rts2800_fpu32_eabi.lib</file>
         <name>fd_add28.asm.obj</name>
      </input_file>
      <input_file id="fl-50">
         <path>H:\ti\CCS11.0.0\ccs\tools\compiler\ti-cgt-c2000_21.6.0.LTS\lib\</path>
         <kind>archive</kind>
         <file>rts2800_fpu32_eabi.lib</file>
         <name>fd_neg28.asm.obj</name>
      </input_file>
      <input_file id="fl-51">
         <path>H:\ti\CCS11.0.0\ccs\tools\compiler\ti-cgt-c2000_21.6.0.LTS\lib\</path>
         <kind>archive</kind>
         <file>rts2800_fpu32_eabi.lib</file>
         <name>fd_toi28.asm.obj</name>
      </input_file>
      <input_file id="fl-52">
         <path>H:\ti\CCS11.0.0\ccs\tools\compiler\ti-cgt-c2000_21.6.0.LTS\lib\</path>
         <kind>archive</kind>
         <file>rts2800_fpu32_eabi.lib</file>
         <name>fd_tol28.asm.obj</name>
      </input_file>
      <input_file id="fl-53">
         <path>H:\ti\CCS11.0.0\ccs\tools\compiler\ti-cgt-c2000_21.6.0.LTS\lib\</path>
         <kind>archive</kind>
         <file>rts2800_fpu32_eabi.lib</file>
         <name>ll_aox28.asm.obj</name>
      </input_file>
      <input_file id="fl-54">
         <path>H:\ti\CCS11.0.0\ccs\tools\compiler\ti-cgt-c2000_21.6.0.LTS\lib\</path>
         <kind>archive</kind>
         <file>rts2800_fpu32_eabi.lib</file>
         <name>ll_div28.asm.obj</name>
      </input_file>
      <input_file id="fl-55">
         <path>H:\ti\CCS11.0.0\ccs\tools\compiler\ti-cgt-c2000_21.6.0.LTS\lib\</path>
         <kind>archive</kind>
         <file>rts2800_fpu32_eabi.lib</file>
         <name>l_tofd28.asm.obj</name>
      </input_file>
      <input_file id="fl-56">
         <path>H:\ti\CCS11.0.0\ccs\tools\compiler\ti-cgt-c2000_21.6.0.LTS\lib\</path>
         <kind>archive</kind>
         <file>rts2800_fpu32_eabi.lib</file>
         <name>cpy_tbl.c.obj</name>
      </input_file>
      <input_file id="fl-57">
         <path>H:\ti\CCS11.0.0\ccs\tools\compiler\ti-cgt-c2000_21.6.0.LTS\lib\</path>
         <kind>archive</kind>
         <file>rts2800_fpu32_eabi.lib</file>
         <name>startup.c.obj</name>
      </input_file>
      <input_file id="fl-58">
         <path>H:\ti\CCS11.0.0\ccs\tools\compiler\ti-cgt-c2000_21.6.0.LTS\lib\</path>
         <kind>archive</kind>
         <file>rts2800_fpu32_eabi.lib</file>
         <name>_ltoa.c.obj</name>
      </input_file>
      <input_file id="fl-59">
         <path>H:\ti\CCS11.0.0\ccs\tools\compiler\ti-cgt-c2000_21.6.0.LTS\lib\</path>
         <kind>archive</kind>
         <file>rts2800_fpu32_eabi.lib</file>
         <name>atoi.c.obj</name>
      </input_file>
      <input_file id="fl-5a">
         <path>H:\ti\CCS11.0.0\ccs\tools\compiler\ti-cgt-c2000_21.6.0.LTS\lib\</path>
         <kind>archive</kind>
         <file>rts2800_fpu32_eabi.lib</file>
         <name>ctype.c.obj</name>
      </input_file>
      <input_file id="fl-5b">
         <path>H:\ti\CCS11.0.0\ccs\tools\compiler\ti-cgt-c2000_21.6.0.LTS\lib\</path>
         <kind>archive</kind>
         <file>rts2800_fpu32_eabi.lib</file>
         <name>memccpy.c.obj</name>
      </input_file>
      <input_file id="fl-5c">
         <path>H:\ti\CCS11.0.0\ccs\tools\compiler\ti-cgt-c2000_21.6.0.LTS\lib\</path>
         <kind>archive</kind>
         <file>rts2800_fpu32_eabi.lib</file>
         <name>strchr.c.obj</name>
      </input_file>
      <input_file id="fl-5d">
         <path>H:\ti\CCS11.0.0\ccs\tools\compiler\ti-cgt-c2000_21.6.0.LTS\lib\</path>
         <kind>archive</kind>
         <file>rts2800_fpu32_eabi.lib</file>
         <name>strcpy.c.obj</name>
      </input_file>
      <input_file id="fl-5e">
         <path>H:\ti\CCS11.0.0\ccs\tools\compiler\ti-cgt-c2000_21.6.0.LTS\lib\</path>
         <kind>archive</kind>
         <file>rts2800_fpu32_eabi.lib</file>
         <name>strlen.c.obj</name>
      </input_file>
      <input_file id="fl-5f">
         <path>H:\ti\CCS11.0.0\ccs\tools\compiler\ti-cgt-c2000_21.6.0.LTS\lib\</path>
         <kind>archive</kind>
         <file>rts2800_fpu32_eabi.lib</file>
         <name>wcslen.c.obj</name>
      </input_file>
      <input_file id="fl-60">
         <path>H:\ti\CCS11.0.0\ccs\tools\compiler\ti-cgt-c2000_21.6.0.LTS\lib\</path>
         <kind>archive</kind>
         <file>rts2800_fpu32_eabi.lib</file>
         <name>s_copysign.c.obj</name>
      </input_file>
      <input_file id="fl-61">
         <path>H:\ti\CCS11.0.0\ccs\tools\compiler\ti-cgt-c2000_21.6.0.LTS\lib\</path>
         <kind>archive</kind>
         <file>rts2800_fpu32_eabi.lib</file>
         <name>l_div28.asm.obj</name>
      </input_file>
   </input_file_list>
   <object_component_list>
      <object_component id="oc-603">
         <name>.cinit..data.load</name>
         <load_address>0x88738</load_address>
         <run_address>0x88738</run_address>
         <size>0x10</size>
      </object_component>
      <object_component id="oc-600">
         <name>__TI_handler_table</name>
         <load_address>0x88748</load_address>
         <run_address>0x88748</run_address>
         <size>0x6</size>
      </object_component>
      <object_component id="oc-602">
         <name>.cinit..bss.load</name>
         <load_address>0x8874e</load_address>
         <run_address>0x8874e</run_address>
         <size>0x4</size>
      </object_component>
      <object_component id="oc-60a">
         <name>.cinit.PieVectTableFile.load</name>
         <load_address>0x88752</load_address>
         <run_address>0x88752</run_address>
         <size>0x4</size>
      </object_component>
      <object_component id="oc-604">
         <name>.cinit.RFFTdata1.load</name>
         <load_address>0x88756</load_address>
         <run_address>0x88756</run_address>
         <size>0x4</size>
      </object_component>
      <object_component id="oc-605">
         <name>.cinit.RFFTdata2.load</name>
         <load_address>0x8875a</load_address>
         <run_address>0x8875a</run_address>
         <size>0x4</size>
      </object_component>
      <object_component id="oc-606">
         <name>.cinit.RFFTdata3.load</name>
         <load_address>0x8875e</load_address>
         <run_address>0x8875e</run_address>
         <size>0x4</size>
      </object_component>
      <object_component id="oc-607">
         <name>.cinit.RFFTdata4.load</name>
         <load_address>0x88762</load_address>
         <run_address>0x88762</run_address>
         <size>0x4</size>
      </object_component>
      <object_component id="oc-608">
         <name>.cinit.RFFTdata5.load</name>
         <load_address>0x88766</load_address>
         <run_address>0x88766</run_address>
         <size>0x4</size>
      </object_component>
      <object_component id="oc-609">
         <name>.cinit.adcAResultsdata.load</name>
         <load_address>0x8876a</load_address>
         <run_address>0x8876a</run_address>
         <size>0x4</size>
      </object_component>
      <object_component id="oc-601">
         <name>__TI_cinit_table</name>
         <load_address>0x88770</load_address>
         <run_address>0x88770</run_address>
         <size>0x24</size>
      </object_component>
      <object_component id="oc-af">
         <name>.text</name>
         <load_address>0x80008</load_address>
         <run_address>0x80008</run_address>
         <size>0x724</size>
         <input_file_ref idref="fl-e"/>
      </object_component>
      <object_component id="oc-43d">
         <name>.text</name>
         <load_address>0x8072c</load_address>
         <run_address>0x8072c</run_address>
         <size>0x6c9</size>
         <input_file_ref idref="fl-4c"/>
      </object_component>
      <object_component id="oc-35c">
         <name>.text:__TI_printfi</name>
         <load_address>0x80df5</load_address>
         <run_address>0x80df5</run_address>
         <size>0x62a</size>
         <input_file_ref idref="fl-4c"/>
      </object_component>
      <object_component id="oc-a5">
         <name>.text:retain</name>
         <load_address>0x8141f</load_address>
         <run_address>0x8141f</run_address>
         <size>0x585</size>
         <input_file_ref idref="fl-4"/>
      </object_component>
      <object_component id="oc-1c0">
         <name>.text</name>
         <load_address>0x819a4</load_address>
         <run_address>0x819a4</run_address>
         <size>0x4c4</size>
         <input_file_ref idref="fl-a"/>
      </object_component>
      <object_component id="oc-2ec">
         <name>.text</name>
         <load_address>0x81e68</load_address>
         <run_address>0x81e68</run_address>
         <size>0x244</size>
         <input_file_ref idref="fl-7"/>
      </object_component>
      <object_component id="oc-e3">
         <name>.text</name>
         <load_address>0x820ac</load_address>
         <run_address>0x820ac</run_address>
         <size>0x241</size>
         <input_file_ref idref="fl-f"/>
      </object_component>
      <object_component id="oc-1a8">
         <name>.text:SysCtl_setClock</name>
         <load_address>0x822ed</load_address>
         <run_address>0x822ed</run_address>
         <size>0x207</size>
         <input_file_ref idref="fl-1f"/>
      </object_component>
      <object_component id="oc-116">
         <name>.text</name>
         <load_address>0x824f4</load_address>
         <run_address>0x824f4</run_address>
         <size>0x138</size>
         <input_file_ref idref="fl-23"/>
      </object_component>
      <object_component id="oc-ef">
         <name>.text</name>
         <load_address>0x8262c</load_address>
         <run_address>0x8262c</run_address>
         <size>0x126</size>
         <input_file_ref idref="fl-c"/>
      </object_component>
      <object_component id="oc-42c">
         <name>.text</name>
         <load_address>0x82752</load_address>
         <run_address>0x82752</run_address>
         <size>0x107</size>
         <input_file_ref idref="fl-54"/>
      </object_component>
      <object_component id="oc-12d">
         <name>.text</name>
         <load_address>0x82859</load_address>
         <run_address>0x82859</run_address>
         <size>0xde</size>
         <input_file_ref idref="fl-33"/>
      </object_component>
      <object_component id="oc-4df">
         <name>.text</name>
         <load_address>0x82937</load_address>
         <run_address>0x82937</run_address>
         <size>0xae</size>
         <input_file_ref idref="fl-4e"/>
      </object_component>
      <object_component id="oc-344">
         <name>.text</name>
         <load_address>0x829e5</load_address>
         <run_address>0x829e5</run_address>
         <size>0x9c</size>
         <input_file_ref idref="fl-4f"/>
      </object_component>
      <object_component id="oc-133">
         <name>.text</name>
         <load_address>0x82a81</load_address>
         <run_address>0x82a81</run_address>
         <size>0x8b</size>
         <input_file_ref idref="fl-40"/>
      </object_component>
      <object_component id="oc-143">
         <name>.text</name>
         <load_address>0x82b0c</load_address>
         <run_address>0x82b0c</run_address>
         <size>0x88</size>
         <input_file_ref idref="fl-3b"/>
      </object_component>
      <object_component id="oc-120">
         <name>.text</name>
         <load_address>0x82b94</load_address>
         <run_address>0x82b94</run_address>
         <size>0x86</size>
         <input_file_ref idref="fl-25"/>
      </object_component>
      <object_component id="oc-15c">
         <name>.text</name>
         <load_address>0x82c1a</load_address>
         <run_address>0x82c1a</run_address>
         <size>0x83</size>
         <input_file_ref idref="fl-38"/>
      </object_component>
      <object_component id="oc-255">
         <name>.text:ADC_setINLTrim</name>
         <load_address>0x82c9d</load_address>
         <run_address>0x82c9d</run_address>
         <size>0x73</size>
         <input_file_ref idref="fl-1a"/>
      </object_component>
      <object_component id="oc-3c3">
         <name>.text:SysCtl_selectXTAL</name>
         <load_address>0x82d10</load_address>
         <run_address>0x82d10</run_address>
         <size>0x6b</size>
         <input_file_ref idref="fl-1f"/>
      </object_component>
      <object_component id="oc-110">
         <name>.text</name>
         <load_address>0x82d7b</load_address>
         <run_address>0x82d7b</run_address>
         <size>0x6b</size>
         <input_file_ref idref="fl-26"/>
      </object_component>
      <object_component id="oc-1a2">
         <name>.text:SysCtl_getDeviceParametric</name>
         <load_address>0x82de6</load_address>
         <run_address>0x82de6</run_address>
         <size>0x68</size>
         <input_file_ref idref="fl-1f"/>
      </object_component>
      <object_component id="oc-25b">
         <name>.text:ADC_setOffsetTrim</name>
         <load_address>0x82e4e</load_address>
         <run_address>0x82e4e</run_address>
         <size>0x64</size>
         <input_file_ref idref="fl-1a"/>
      </object_component>
      <object_component id="oc-205">
         <name>.text</name>
         <load_address>0x82eb2</load_address>
         <run_address>0x82eb2</run_address>
         <size>0x63</size>
         <input_file_ref idref="fl-34"/>
      </object_component>
      <object_component id="oc-ae">
         <name>.text:retain</name>
         <load_address>0x82f15</load_address>
         <run_address>0x82f15</run_address>
         <size>0x5d</size>
         <input_file_ref idref="fl-e"/>
      </object_component>
      <object_component id="oc-4d9">
         <name>.text</name>
         <load_address>0x82f72</load_address>
         <run_address>0x82f72</run_address>
         <size>0x5a</size>
         <input_file_ref idref="fl-4d"/>
      </object_component>
      <object_component id="oc-20b">
         <name>.text</name>
         <load_address>0x82fcc</load_address>
         <run_address>0x82fcc</run_address>
         <size>0x59</size>
         <input_file_ref idref="fl-35"/>
      </object_component>
      <object_component id="oc-2d2">
         <name>.text:SysCtl_selectOscSource</name>
         <load_address>0x83025</load_address>
         <run_address>0x83025</run_address>
         <size>0x54</size>
         <input_file_ref idref="fl-1f"/>
      </object_component>
      <object_component id="oc-1ae">
         <name>.text:SysCtl_getClock</name>
         <load_address>0x83079</load_address>
         <run_address>0x83079</run_address>
         <size>0x51</size>
         <input_file_ref idref="fl-1f"/>
      </object_component>
      <object_component id="oc-11b">
         <name>.text</name>
         <load_address>0x830ca</load_address>
         <run_address>0x830ca</run_address>
         <size>0x4e</size>
         <input_file_ref idref="fl-24"/>
      </object_component>
      <object_component id="oc-1de">
         <name>.text:SCI_clearInterruptStatus</name>
         <load_address>0x83118</load_address>
         <run_address>0x83118</run_address>
         <size>0x46</size>
         <input_file_ref idref="fl-1e"/>
      </object_component>
      <object_component id="oc-14e">
         <name>.text:SCI_writeCharArray</name>
         <load_address>0x8315e</load_address>
         <run_address>0x8315e</run_address>
         <size>0x41</size>
         <input_file_ref idref="fl-1e"/>
      </object_component>
      <object_component id="oc-1e4">
         <name>.text:SCI_setConfig</name>
         <load_address>0x8319f</load_address>
         <run_address>0x8319f</run_address>
         <size>0x3e</size>
         <input_file_ref idref="fl-1e"/>
      </object_component>
      <object_component id="oc-f5">
         <name>.text:Interrupt_initModule</name>
         <load_address>0x831dd</load_address>
         <run_address>0x831dd</run_address>
         <size>0x3d</size>
         <input_file_ref idref="fl-1d"/>
      </object_component>
      <object_component id="oc-1d8">
         <name>.text:GPIO_setPinConfig</name>
         <load_address>0x8321a</load_address>
         <run_address>0x8321a</run_address>
         <size>0x37</size>
         <input_file_ref idref="fl-1c"/>
      </object_component>
      <object_component id="oc-fb">
         <name>.text:Interrupt_enable</name>
         <load_address>0x83251</load_address>
         <run_address>0x83251</run_address>
         <size>0x34</size>
         <input_file_ref idref="fl-1d"/>
      </object_component>
      <object_component id="oc-148">
         <name>.text</name>
         <load_address>0x83285</load_address>
         <run_address>0x83285</run_address>
         <size>0x32</size>
         <input_file_ref idref="fl-32"/>
      </object_component>
      <object_component id="oc-8d">
         <name>.text:decompress:lzss</name>
         <load_address>0x832b7</load_address>
         <run_address>0x832b7</run_address>
         <size>0x31</size>
         <input_file_ref idref="fl-46"/>
      </object_component>
      <object_component id="oc-421">
         <name>.text</name>
         <load_address>0x832e8</load_address>
         <run_address>0x832e8</run_address>
         <size>0x31</size>
         <input_file_ref idref="fl-59"/>
      </object_component>
      <object_component id="oc-4c9">
         <name>.text</name>
         <load_address>0x83319</load_address>
         <run_address>0x83319</run_address>
         <size>0x30</size>
         <input_file_ref idref="fl-58"/>
      </object_component>
      <object_component id="oc-16e">
         <name>.text:ADC_setMode</name>
         <load_address>0x83349</load_address>
         <run_address>0x83349</run_address>
         <size>0x2f</size>
         <input_file_ref idref="fl-1a"/>
      </object_component>
      <object_component id="oc-377">
         <name>.text:__TI_auto_init_nobinit_nopinit</name>
         <load_address>0x83378</load_address>
         <run_address>0x83378</run_address>
         <size>0x2b</size>
         <input_file_ref idref="fl-43"/>
      </object_component>
      <object_component id="oc-13e">
         <name>.text</name>
         <load_address>0x833a3</load_address>
         <run_address>0x833a3</run_address>
         <size>0x2a</size>
         <input_file_ref idref="fl-37"/>
      </object_component>
      <object_component id="oc-522">
         <name>.text</name>
         <load_address>0x833cd</load_address>
         <run_address>0x833cd</run_address>
         <size>0x2a</size>
         <input_file_ref idref="fl-61"/>
      </object_component>
      <object_component id="oc-27d">
         <name>.text</name>
         <load_address>0x833f7</load_address>
         <run_address>0x833f7</run_address>
         <size>0x29</size>
         <input_file_ref idref="fl-47"/>
      </object_component>
      <object_component id="oc-1c6">
         <name>.text</name>
         <load_address>0x83420</load_address>
         <run_address>0x83420</run_address>
         <size>0x28</size>
         <input_file_ref idref="fl-8"/>
      </object_component>
      <object_component id="oc-291">
         <name>.text:Flash_setBankPowerUpDelay</name>
         <load_address>0x83448</load_address>
         <run_address>0x83448</run_address>
         <size>0x28</size>
         <input_file_ref idref="fl-1b"/>
      </object_component>
      <object_component id="oc-1cc">
         <name>.text</name>
         <load_address>0x83470</load_address>
         <run_address>0x83470</run_address>
         <size>0x26</size>
         <input_file_ref idref="fl-9"/>
      </object_component>
      <object_component id="oc-533">
         <name>.text</name>
         <load_address>0x83496</load_address>
         <run_address>0x83496</run_address>
         <size>0x25</size>
         <input_file_ref idref="fl-60"/>
      </object_component>
      <object_component id="oc-47f">
         <name>.text:CPUTimer_selectClockSource</name>
         <load_address>0x834bb</load_address>
         <run_address>0x834bb</run_address>
         <size>0x24</size>
         <input_file_ref idref="fl-1f"/>
      </object_component>
      <object_component id="oc-138">
         <name>.text</name>
         <load_address>0x834df</load_address>
         <run_address>0x834df</run_address>
         <size>0x23</size>
         <input_file_ref idref="fl-3f"/>
      </object_component>
      <object_component id="oc-232">
         <name>.text:SCI_isFIFOEnabled</name>
         <load_address>0x83502</load_address>
         <run_address>0x83502</run_address>
         <size>0x22</size>
         <input_file_ref idref="fl-1e"/>
      </object_component>
      <object_component id="oc-4d4">
         <name>.text</name>
         <load_address>0x83524</load_address>
         <run_address>0x83524</run_address>
         <size>0x21</size>
         <input_file_ref idref="fl-51"/>
      </object_component>
      <object_component id="oc-506">
         <name>.text:CPUTimer_getTimerOverflowStatus</name>
         <load_address>0x83545</load_address>
         <run_address>0x83545</run_address>
         <size>0x20</size>
         <input_file_ref idref="fl-1f"/>
      </object_component>
      <object_component id="oc-24e">
         <name>.text:ADC_isBaseValid</name>
         <load_address>0x83565</load_address>
         <run_address>0x83565</run_address>
         <size>0x1f</size>
         <input_file_ref idref="fl-1a"/>
      </object_component>
      <object_component id="oc-22b">
         <name>.text:SCI_isBaseValid</name>
         <load_address>0x83584</load_address>
         <run_address>0x83584</run_address>
         <size>0x1f</size>
         <input_file_ref idref="fl-1e"/>
      </object_component>
      <object_component id="oc-4c4">
         <name>.text</name>
         <load_address>0x835a3</load_address>
         <run_address>0x835a3</run_address>
         <size>0x1f</size>
         <input_file_ref idref="fl-52"/>
      </object_component>
      <object_component id="oc-427">
         <name>.text</name>
         <load_address>0x835c2</load_address>
         <run_address>0x835c2</run_address>
         <size>0x1e</size>
         <input_file_ref idref="fl-3c"/>
      </object_component>
      <object_component id="oc-157">
         <name>.text</name>
         <load_address>0x835e0</load_address>
         <run_address>0x835e0</run_address>
         <size>0x1d</size>
         <input_file_ref idref="fl-3d"/>
      </object_component>
      <object_component id="oc-bd">
         <name>.text</name>
         <load_address>0x835fd</load_address>
         <run_address>0x835fd</run_address>
         <size>0x1d</size>
         <input_file_ref idref="fl-41"/>
      </object_component>
      <object_component id="oc-128">
         <name>.text</name>
         <load_address>0x8361a</load_address>
         <run_address>0x8361a</run_address>
         <size>0x1c</size>
         <input_file_ref idref="fl-3e"/>
      </object_component>
      <object_component id="oc-4cf">
         <name>.text</name>
         <load_address>0x83636</load_address>
         <run_address>0x83636</run_address>
         <size>0x1c</size>
         <input_file_ref idref="fl-55"/>
      </object_component>
      <object_component id="oc-48b">
         <name>.text:CPUTimer_startTimer</name>
         <load_address>0x83652</load_address>
         <run_address>0x83652</run_address>
         <size>0x1b</size>
         <input_file_ref idref="fl-1f"/>
      </object_component>
      <object_component id="oc-23e">
         <name>.text:SCI_isSpaceAvailableNonFIFO</name>
         <load_address>0x8366d</load_address>
         <run_address>0x8366d</run_address>
         <size>0x1b</size>
         <input_file_ref idref="fl-1e"/>
      </object_component>
      <object_component id="oc-4fa">
         <name>.text:CPUTimer_isBaseValid</name>
         <load_address>0x83688</load_address>
         <run_address>0x83688</run_address>
         <size>0x1a</size>
         <input_file_ref idref="fl-1f"/>
      </object_component>
      <object_component id="oc-1b5">
         <name>.text:SysCtl_getLowSpeedClock</name>
         <load_address>0x836a2</load_address>
         <run_address>0x836a2</run_address>
         <size>0x1a</size>
         <input_file_ref idref="fl-1f"/>
      </object_component>
      <object_component id="oc-161">
         <name>.text</name>
         <load_address>0x836bc</load_address>
         <run_address>0x836bc</run_address>
         <size>0x1a</size>
         <input_file_ref idref="fl-3a"/>
      </object_component>
      <object_component id="oc-328">
         <name>.text:SCI_disableModule</name>
         <load_address>0x836d6</load_address>
         <run_address>0x836d6</run_address>
         <size>0x19</size>
         <input_file_ref idref="fl-1e"/>
      </object_component>
      <object_component id="oc-321">
         <name>.text:SCI_performSoftwareReset</name>
         <load_address>0x836ef</load_address>
         <run_address>0x836ef</run_address>
         <size>0x19</size>
         <input_file_ref idref="fl-1e"/>
      </object_component>
      <object_component id="oc-491">
         <name>.text:SysCtl_pollCpuTimer</name>
         <load_address>0x83708</load_address>
         <run_address>0x83708</run_address>
         <size>0x19</size>
         <input_file_ref idref="fl-1f"/>
      </object_component>
      <object_component id="oc-431">
         <name>.text</name>
         <load_address>0x83721</load_address>
         <run_address>0x83721</run_address>
         <size>0x18</size>
         <input_file_ref idref="fl-53"/>
      </object_component>
      <object_component id="oc-18c">
         <name>.text</name>
         <load_address>0x83739</load_address>
         <run_address>0x83739</run_address>
         <size>0x17</size>
         <input_file_ref idref="fl-36"/>
      </object_component>
      <object_component id="oc-284">
         <name>.text:Flash_isCtrlBaseValid</name>
         <load_address>0x83750</load_address>
         <run_address>0x83750</run_address>
         <size>0x15</size>
         <input_file_ref idref="fl-1b"/>
      </object_component>
      <object_component id="oc-28b">
         <name>.text:Flash_isECCBaseValid</name>
         <load_address>0x83765</load_address>
         <run_address>0x83765</run_address>
         <size>0x15</size>
         <input_file_ref idref="fl-1b"/>
      </object_component>
      <object_component id="oc-238">
         <name>.text:SCI_getTxFIFOStatus</name>
         <load_address>0x8377a</load_address>
         <run_address>0x8377a</run_address>
         <size>0x15</size>
         <input_file_ref idref="fl-1e"/>
      </object_component>
      <object_component id="oc-473">
         <name>.text:CPUTimer_stopTimer</name>
         <load_address>0x8378f</load_address>
         <run_address>0x8378f</run_address>
         <size>0x14</size>
         <input_file_ref idref="fl-1f"/>
      </object_component>
      <object_component id="oc-32e">
         <name>.text:SCI_enableModule</name>
         <load_address>0x837a3</load_address>
         <run_address>0x837a3</run_address>
         <size>0x14</size>
         <input_file_ref idref="fl-1e"/>
      </object_component>
      <object_component id="oc-e9">
         <name>.text</name>
         <load_address>0x837b7</load_address>
         <run_address>0x837b7</run_address>
         <size>0x13</size>
         <input_file_ref idref="fl-d"/>
      </object_component>
      <object_component id="oc-485">
         <name>.text:CPUTimer_clearOverflowFlag</name>
         <load_address>0x837ca</load_address>
         <run_address>0x837ca</run_address>
         <size>0x12</size>
         <input_file_ref idref="fl-1f"/>
      </object_component>
      <object_component id="oc-46d">
         <name>.text:CPUTimer_disableInterrupt</name>
         <load_address>0x837dc</load_address>
         <run_address>0x837dc</run_address>
         <size>0x12</size>
         <input_file_ref idref="fl-1f"/>
      </object_component>
      <object_component id="oc-479">
         <name>.text:CPUTimer_setPeriod</name>
         <load_address>0x837ee</load_address>
         <run_address>0x837ee</run_address>
         <size>0x12</size>
         <input_file_ref idref="fl-1f"/>
      </object_component>
      <object_component id="oc-419">
         <name>.text</name>
         <load_address>0x83800</load_address>
         <run_address>0x83800</run_address>
         <size>0x10</size>
         <input_file_ref idref="fl-5b"/>
      </object_component>
      <object_component id="oc-21a">
         <name>.text</name>
         <load_address>0x83810</load_address>
         <run_address>0x83810</run_address>
         <size>0xe</size>
         <input_file_ref idref="fl-39"/>
      </object_component>
      <object_component id="oc-1ec">
         <name>.text:Interrupt_disableMaster</name>
         <load_address>0x8381e</load_address>
         <run_address>0x8381e</run_address>
         <size>0xd</size>
         <input_file_ref idref="fl-1d"/>
      </object_component>
      <object_component id="oc-1f4">
         <name>.text:Interrupt_enableMaster</name>
         <load_address>0x8382b</load_address>
         <run_address>0x8382b</run_address>
         <size>0xd</size>
         <input_file_ref idref="fl-1d"/>
      </object_component>
      <object_component id="oc-277">
         <name>.text</name>
         <load_address>0x83838</load_address>
         <run_address>0x83838</run_address>
         <size>0xc</size>
         <input_file_ref idref="fl-49"/>
      </object_component>
      <object_component id="oc-4e5">
         <name>.text</name>
         <load_address>0x83844</load_address>
         <run_address>0x83844</run_address>
         <size>0xc</size>
         <input_file_ref idref="fl-5c"/>
      </object_component>
      <object_component id="oc-2cc">
         <name>.text:SysCtl_isMCDClockFailureDetected</name>
         <load_address>0x83850</load_address>
         <run_address>0x83850</run_address>
         <size>0xb</size>
         <input_file_ref idref="fl-1f"/>
      </object_component>
      <object_component id="oc-436">
         <name>.text</name>
         <load_address>0x8385b</load_address>
         <run_address>0x8385b</run_address>
         <size>0xb</size>
         <input_file_ref idref="fl-5f"/>
      </object_component>
      <object_component id="oc-2d8">
         <name>.text:SysCtl_serviceWatchdog</name>
         <load_address>0x83866</load_address>
         <run_address>0x83866</run_address>
         <size>0x9</size>
         <input_file_ref idref="fl-1f"/>
      </object_component>
      <object_component id="oc-461">
         <name>.text</name>
         <load_address>0x8386f</load_address>
         <run_address>0x8386f</run_address>
         <size>0x9</size>
         <input_file_ref idref="fl-48"/>
      </object_component>
      <object_component id="oc-4bf">
         <name>.text</name>
         <load_address>0x83878</load_address>
         <run_address>0x83878</run_address>
         <size>0x9</size>
         <input_file_ref idref="fl-50"/>
      </object_component>
      <object_component id="oc-d1">
         <name>.text</name>
         <load_address>0x83881</load_address>
         <run_address>0x83881</run_address>
         <size>0x8</size>
         <input_file_ref idref="fl-3"/>
      </object_component>
      <object_component id="oc-93">
         <name>.text:decompress:none</name>
         <load_address>0x83889</load_address>
         <run_address>0x83889</run_address>
         <size>0x8</size>
         <input_file_ref idref="fl-45"/>
      </object_component>
      <object_component id="oc-40d">
         <name>.text</name>
         <load_address>0x83891</load_address>
         <run_address>0x83891</run_address>
         <size>0x8</size>
         <input_file_ref idref="fl-5e"/>
      </object_component>
      <object_component id="oc-497">
         <name>.text:SysCtl_resetMCD</name>
         <load_address>0x83899</load_address>
         <run_address>0x83899</run_address>
         <size>0x7</size>
         <input_file_ref idref="fl-1f"/>
      </object_component>
      <object_component id="oc-185">
         <name>.text</name>
         <load_address>0x838a0</load_address>
         <run_address>0x838a0</run_address>
         <size>0x7</size>
         <input_file_ref idref="fl-4a"/>
      </object_component>
      <object_component id="oc-cb">
         <name>.text:decompress:ZI</name>
         <load_address>0x838a7</load_address>
         <run_address>0x838a7</run_address>
         <size>0x6</size>
         <input_file_ref idref="fl-44"/>
      </object_component>
      <object_component id="oc-413">
         <name>.text</name>
         <load_address>0x838ad</load_address>
         <run_address>0x838ad</run_address>
         <size>0x5</size>
         <input_file_ref idref="fl-5d"/>
      </object_component>
      <object_component id="oc-270">
         <name>.text</name>
         <load_address>0x838b2</load_address>
         <run_address>0x838b2</run_address>
         <size>0x2</size>
         <input_file_ref idref="fl-42"/>
      </object_component>
      <object_component id="oc-447">
         <name>.text</name>
         <load_address>0x838b4</load_address>
         <run_address>0x838b4</run_address>
         <size>0x1</size>
         <input_file_ref idref="fl-57"/>
      </object_component>
      <object_component id="oc-9a">
         <name>codestart</name>
         <load_address>0x80000</load_address>
         <run_address>0x80000</run_address>
         <size>0x2</size>
         <input_file_ref idref="fl-3"/>
      </object_component>
      <object_component id="oc-ba">
         <name>.stack</name>
         <uninitialized>true</uninitialized>
         <run_address>0x400</run_address>
         <size>0x0</size>
         <input_file_ref idref="fl-36"/>
      </object_component>
      <object_component id="oc-60b">
         <name>.stack</name>
         <uninitialized>true</uninitialized>
         <run_address>0x400</run_address>
         <size>0x0</size>
      </object_component>
      <object_component id="oc-df">
         <name>.bss</name>
         <uninitialized>true</uninitialized>
         <run_address>0xa840</run_address>
         <size>0x2c</size>
         <input_file_ref idref="fl-e"/>
      </object_component>
      <object_component id="oc-16b">
         <name>.bss:wifi_uint16</name>
         <uninitialized>true</uninitialized>
         <run_address>0xa876</run_address>
         <size>0x6</size>
         <input_file_ref idref="fl-e"/>
      </object_component>
      <object_component id="oc-125">
         <name>.bss:f</name>
         <uninitialized>true</uninitialized>
         <run_address>0xa86c</run_address>
         <size>0xa</size>
         <input_file_ref idref="fl-e"/>
      </object_component>
      <object_component id="oc-154">
         <name>.bss:wifi_data</name>
         <uninitialized>true</uninitialized>
         <run_address>0xa800</run_address>
         <size>0x3c</size>
         <input_file_ref idref="fl-e"/>
      </object_component>
      <object_component id="oc-175">
         <name>.data</name>
         <load_address>0xa88c</load_address>
         <run_address>0xa88c</run_address>
         <size>0x6</size>
         <input_file_ref idref="fl-e"/>
      </object_component>
      <object_component id="oc-1bb">
         <name>.data</name>
         <load_address>0xa880</load_address>
         <run_address>0xa880</run_address>
         <size>0x6</size>
         <input_file_ref idref="fl-f"/>
      </object_component>
      <object_component id="oc-3a9">
         <name>.data</name>
         <load_address>0xa886</load_address>
         <run_address>0xa886</run_address>
         <size>0x6</size>
         <input_file_ref idref="fl-47"/>
      </object_component>
      <object_component id="oc-3ac">
         <name>.data:_lock</name>
         <load_address>0xa87c</load_address>
         <run_address>0xa87c</run_address>
         <size>0x2</size>
         <input_file_ref idref="fl-48"/>
      </object_component>
      <object_component id="oc-4f3">
         <name>.data:_unlock</name>
         <load_address>0xa87e</load_address>
         <run_address>0xa87e</run_address>
         <size>0x2</size>
         <input_file_ref idref="fl-48"/>
      </object_component>
      <object_component id="oc-21f">
         <name>.data</name>
         <load_address>0xa892</load_address>
         <run_address>0xa892</run_address>
         <size>0x1</size>
         <input_file_ref idref="fl-4b"/>
      </object_component>
      <object_component id="oc-ab">
         <name>.const</name>
         <load_address>0x88000</load_address>
         <run_address>0x88000</run_address>
         <size>0x1c0</size>
         <input_file_ref idref="fl-9"/>
      </object_component>
      <object_component id="oc-4b4">
         <name>.const:.string:_ctypes_</name>
         <load_address>0x881c0</load_address>
         <run_address>0x881c0</run_address>
         <size>0x101</size>
         <input_file_ref idref="fl-5a"/>
      </object_component>
      <object_component id="oc-e2">
         <name>.const:.string</name>
         <load_address>0x882c2</load_address>
         <run_address>0x882c2</run_address>
         <size>0xf9</size>
         <input_file_ref idref="fl-e"/>
      </object_component>
      <object_component id="oc-2cb">
         <name>.const:.string</name>
         <load_address>0x883bc</load_address>
         <run_address>0x883bc</run_address>
         <size>0xc2</size>
         <input_file_ref idref="fl-1f"/>
      </object_component>
      <object_component id="oc-28a">
         <name>.const:.string</name>
         <load_address>0x8847e</load_address>
         <run_address>0x8847e</run_address>
         <size>0xbf</size>
         <input_file_ref idref="fl-1b"/>
      </object_component>
      <object_component id="oc-231">
         <name>.const:.string</name>
         <load_address>0x8853e</load_address>
         <run_address>0x8853e</run_address>
         <size>0xbb</size>
         <input_file_ref idref="fl-1e"/>
      </object_component>
      <object_component id="oc-254">
         <name>.const:.string</name>
         <load_address>0x885fa</load_address>
         <run_address>0x885fa</run_address>
         <size>0x5d</size>
         <input_file_ref idref="fl-1a"/>
      </object_component>
      <object_component id="oc-1d7">
         <name>.const:.string</name>
         <load_address>0x88658</load_address>
         <run_address>0x88658</run_address>
         <size>0x43</size>
         <input_file_ref idref="fl-c"/>
      </object_component>
      <object_component id="oc-40c">
         <name>.const:.string</name>
         <load_address>0x8869c</load_address>
         <run_address>0x8869c</run_address>
         <size>0x26</size>
         <input_file_ref idref="fl-4c"/>
      </object_component>
      <object_component id="oc-4be">
         <name>.const</name>
         <load_address>0x886c2</load_address>
         <run_address>0x886c2</run_address>
         <size>0x1c</size>
         <input_file_ref idref="fl-4c"/>
      </object_component>
      <object_component id="oc-530">
         <name>.const</name>
         <load_address>0x886de</load_address>
         <run_address>0x886de</run_address>
         <size>0x1c</size>
         <input_file_ref idref="fl-4e"/>
      </object_component>
      <object_component id="oc-1b4">
         <name>.const:.string</name>
         <load_address>0x886fa</load_address>
         <run_address>0x886fa</run_address>
         <size>0x13</size>
         <input_file_ref idref="fl-f"/>
      </object_component>
      <object_component id="oc-219">
         <name>.const</name>
         <load_address>0x8870e</load_address>
         <run_address>0x8870e</run_address>
         <size>0xc</size>
         <input_file_ref idref="fl-33"/>
      </object_component>
      <object_component id="oc-2f2">
         <name>.const</name>
         <load_address>0x8871a</load_address>
         <run_address>0x8871a</run_address>
         <size>0x8</size>
         <input_file_ref idref="fl-a"/>
      </object_component>
      <object_component id="oc-52b">
         <name>.const</name>
         <load_address>0x88722</load_address>
         <run_address>0x88722</run_address>
         <size>0x8</size>
         <input_file_ref idref="fl-4d"/>
      </object_component>
      <object_component id="oc-13d">
         <name>.const</name>
         <load_address>0x8872a</load_address>
         <run_address>0x8872a</run_address>
         <size>0x8</size>
         <input_file_ref idref="fl-e"/>
      </object_component>
      <object_component id="oc-19c">
         <name>.TI.ramfunc:Flash_initModule</name>
         <load_address>0x84000</load_address>
         <run_address>0xb000</run_address>
         <size>0x43</size>
         <input_file_ref idref="fl-1b"/>
      </object_component>
      <object_component id="oc-2e6">
         <name>.TI.ramfunc</name>
         <load_address>0x84043</load_address>
         <run_address>0xb043</run_address>
         <size>0x37</size>
         <input_file_ref idref="fl-a"/>
      </object_component>
      <object_component id="oc-297">
         <name>.TI.ramfunc:Flash_setBankPowerMode</name>
         <load_address>0x8407a</load_address>
         <run_address>0xb07a</run_address>
         <size>0x2d</size>
         <input_file_ref idref="fl-1b"/>
      </object_component>
      <object_component id="oc-2af">
         <name>.TI.ramfunc:Flash_setWaitstates</name>
         <load_address>0x840a7</load_address>
         <run_address>0xb0a7</run_address>
         <size>0x26</size>
         <input_file_ref idref="fl-1b"/>
      </object_component>
      <object_component id="oc-29d">
         <name>.TI.ramfunc:Flash_setPumpPowerMode</name>
         <load_address>0x840cd</load_address>
         <run_address>0xb0cd</run_address>
         <size>0x1e</size>
         <input_file_ref idref="fl-1b"/>
      </object_component>
      <object_component id="oc-2a3">
         <name>.TI.ramfunc:Flash_disableCache</name>
         <load_address>0x840eb</load_address>
         <run_address>0xb0eb</run_address>
         <size>0x1a</size>
         <input_file_ref idref="fl-1b"/>
      </object_component>
      <object_component id="oc-2a9">
         <name>.TI.ramfunc:Flash_disablePrefetch</name>
         <load_address>0x84105</load_address>
         <run_address>0xb105</run_address>
         <size>0x1a</size>
         <input_file_ref idref="fl-1b"/>
      </object_component>
      <object_component id="oc-2b5">
         <name>.TI.ramfunc:Flash_enableCache</name>
         <load_address>0x8411f</load_address>
         <run_address>0xb11f</run_address>
         <size>0x19</size>
         <input_file_ref idref="fl-1b"/>
      </object_component>
      <object_component id="oc-2bb">
         <name>.TI.ramfunc:Flash_enablePrefetch</name>
         <load_address>0x84138</load_address>
         <run_address>0xb138</run_address>
         <size>0x19</size>
         <input_file_ref idref="fl-1b"/>
      </object_component>
      <object_component id="oc-2c1">
         <name>.TI.ramfunc:Flash_enableECC</name>
         <load_address>0x84151</load_address>
         <run_address>0xb151</run_address>
         <size>0x17</size>
         <input_file_ref idref="fl-1b"/>
      </object_component>
      <object_component id="oc-166">
         <name>.TI.ramfunc</name>
         <load_address>0x84168</load_address>
         <run_address>0xb168</run_address>
         <size>0x4</size>
         <input_file_ref idref="fl-b"/>
      </object_component>
      <object_component id="oc-174">
         <name>.TI.ramfunc</name>
         <load_address>0x8416c</load_address>
         <run_address>0xb16c</run_address>
         <size>0x4</size>
         <input_file_ref idref="fl-1f"/>
      </object_component>
      <object_component id="oc-101">
         <name>RFFTdata1</name>
         <uninitialized>true</uninitialized>
         <run_address>0xe000</run_address>
         <size>0x800</size>
         <input_file_ref idref="fl-e"/>
      </object_component>
      <object_component id="oc-104">
         <name>RFFTdata2</name>
         <uninitialized>true</uninitialized>
         <run_address>0x10000</run_address>
         <size>0x800</size>
         <input_file_ref idref="fl-e"/>
      </object_component>
      <object_component id="oc-107">
         <name>RFFTdata3</name>
         <uninitialized>true</uninitialized>
         <run_address>0x12000</run_address>
         <size>0x402</size>
         <input_file_ref idref="fl-e"/>
      </object_component>
      <object_component id="oc-10a">
         <name>RFFTdata4</name>
         <uninitialized>true</uninitialized>
         <run_address>0x8000</run_address>
         <size>0x400</size>
         <input_file_ref idref="fl-e"/>
      </object_component>
      <object_component id="oc-10d">
         <name>RFFTdata5</name>
         <uninitialized>true</uninitialized>
         <run_address>0xe800</run_address>
         <size>0x800</size>
         <input_file_ref idref="fl-e"/>
      </object_component>
      <object_component id="oc-dc">
         <name>adcAResultsdata</name>
         <uninitialized>true</uninitialized>
         <run_address>0x14000</run_address>
         <size>0x2800</size>
         <input_file_ref idref="fl-e"/>
      </object_component>
      <object_component id="oc-315">
         <name>PieVectTableFile</name>
         <uninitialized>true</uninitialized>
         <run_address>0xd00</run_address>
         <size>0x1c0</size>
         <input_file_ref idref="fl-6"/>
      </object_component>
      <object_component id="oc-2f6">
         <name>AnalogSubsysRegsFile</name>
         <uninitialized>true</uninitialized>
         <run_address>0x5d180</run_address>
         <size>0x3e</size>
         <input_file_ref idref="fl-6"/>
      </object_component>
      <object_component id="oc-1d2">
         <name>ClkCfgRegsFile</name>
         <uninitialized>true</uninitialized>
         <run_address>0x5d200</run_address>
         <size>0x32</size>
         <input_file_ref idref="fl-6"/>
      </object_component>
      <object_component id="oc-302">
         <name>CpuTimer1RegsFile</name>
         <uninitialized>true</uninitialized>
         <run_address>0xc08</run_address>
         <size>0x8</size>
         <input_file_ref idref="fl-6"/>
      </object_component>
      <object_component id="oc-305">
         <name>CpuTimer2RegsFile</name>
         <uninitialized>true</uninitialized>
         <run_address>0xc10</run_address>
         <size>0x8</size>
         <input_file_ref idref="fl-6"/>
      </object_component>
      <object_component id="oc-2f9">
         <name>CpuSysRegsFile</name>
         <uninitialized>true</uninitialized>
         <run_address>0x5d300</run_address>
         <size>0x82</size>
         <input_file_ref idref="fl-6"/>
      </object_component>
      <object_component id="oc-308">
         <name>DcsmZ1RegsFile</name>
         <uninitialized>true</uninitialized>
         <run_address>0x5f000</run_address>
         <size>0x22</size>
         <input_file_ref idref="fl-6"/>
      </object_component>
      <object_component id="oc-30b">
         <name>DcsmZ2RegsFile</name>
         <uninitialized>true</uninitialized>
         <run_address>0x5f040</run_address>
         <size>0x22</size>
         <input_file_ref idref="fl-6"/>
      </object_component>
      <object_component id="oc-2f3">
         <name>DevCfgRegsFile</name>
         <uninitialized>true</uninitialized>
         <run_address>0x5d000</run_address>
         <size>0x12e</size>
         <input_file_ref idref="fl-6"/>
      </object_component>
      <object_component id="oc-3cb">
         <name>Flash0CtrlRegsFile</name>
         <uninitialized>true</uninitialized>
         <run_address>0x5f800</run_address>
         <size>0x182</size>
         <input_file_ref idref="fl-6"/>
      </object_component>
      <object_component id="oc-3ce">
         <name>Flash0EccRegsFile</name>
         <uninitialized>true</uninitialized>
         <run_address>0x5fb00</run_address>
         <size>0x28</size>
         <input_file_ref idref="fl-6"/>
      </object_component>
      <object_component id="oc-2fc">
         <name>FlashPumpSemaphoreRegsFile</name>
         <uninitialized>true</uninitialized>
         <run_address>0x50024</run_address>
         <size>0x2</size>
         <input_file_ref idref="fl-6"/>
      </object_component>
      <object_component id="oc-3d2">
         <name>GpioCtrlRegsFile</name>
         <uninitialized>true</uninitialized>
         <run_address>0x7c00</run_address>
         <size>0x180</size>
         <input_file_ref idref="fl-6"/>
      </object_component>
      <object_component id="oc-3d8">
         <name>GpioDataRegsFile</name>
         <uninitialized>true</uninitialized>
         <run_address>0x7f00</run_address>
         <size>0x30</size>
         <input_file_ref idref="fl-6"/>
      </object_component>
      <object_component id="oc-3d5">
         <name>InputXbarRegsFile</name>
         <uninitialized>true</uninitialized>
         <run_address>0x7900</run_address>
         <size>0x20</size>
         <input_file_ref idref="fl-6"/>
      </object_component>
      <object_component id="oc-310">
         <name>PieCtrlRegsFile</name>
         <uninitialized>true</uninitialized>
         <run_address>0xce0</run_address>
         <size>0x1a</size>
         <input_file_ref idref="fl-6"/>
      </object_component>
      <object_component id="oc-2ff">
         <name>WdRegsFile</name>
         <uninitialized>true</uninitialized>
         <run_address>0x7000</run_address>
         <size>0x2b</size>
         <input_file_ref idref="fl-6"/>
      </object_component>
      <object_component id="oc-9b">
         <name>.debug_info</name>
         <load_address>0x0</load_address>
         <run_address>0x0</run_address>
         <size>0x191</size>
         <input_file_ref idref="fl-3"/>
      </object_component>
      <object_component id="oc-d3">
         <name>.debug_info</name>
         <load_address>0x191</load_address>
         <run_address>0x191</run_address>
         <size>0x192</size>
         <input_file_ref idref="fl-3"/>
      </object_component>
      <object_component id="oc-a8">
         <name>.debug_info</name>
         <load_address>0x323</load_address>
         <run_address>0x323</run_address>
         <size>0x4952</size>
         <input_file_ref idref="fl-4"/>
      </object_component>
      <object_component id="oc-2fd">
         <name>.debug_info</name>
         <load_address>0x4c75</load_address>
         <run_address>0x4c75</run_address>
         <size>0x11f</size>
         <input_file_ref idref="fl-6"/>
      </object_component>
      <object_component id="oc-303">
         <name>.debug_info</name>
         <load_address>0x4d94</load_address>
         <run_address>0x4d94</run_address>
         <size>0x10d</size>
         <input_file_ref idref="fl-6"/>
      </object_component>
      <object_component id="oc-306">
         <name>.debug_info</name>
         <load_address>0x4ea1</load_address>
         <run_address>0x4ea1</run_address>
         <size>0x10d</size>
         <input_file_ref idref="fl-6"/>
      </object_component>
      <object_component id="oc-311">
         <name>.debug_info</name>
         <load_address>0x4fae</load_address>
         <run_address>0x4fae</run_address>
         <size>0x109</size>
         <input_file_ref idref="fl-6"/>
      </object_component>
      <object_component id="oc-3d6">
         <name>.debug_info</name>
         <load_address>0x50b7</load_address>
         <run_address>0x50b7</run_address>
         <size>0x10d</size>
         <input_file_ref idref="fl-6"/>
      </object_component>
      <object_component id="oc-309">
         <name>.debug_info</name>
         <load_address>0x51c4</load_address>
         <run_address>0x51c4</run_address>
         <size>0x107</size>
         <input_file_ref idref="fl-6"/>
      </object_component>
      <object_component id="oc-30c">
         <name>.debug_info</name>
         <load_address>0x52cb</load_address>
         <run_address>0x52cb</run_address>
         <size>0x107</size>
         <input_file_ref idref="fl-6"/>
      </object_component>
      <object_component id="oc-3cf">
         <name>.debug_info</name>
         <load_address>0x53d2</load_address>
         <run_address>0x53d2</run_address>
         <size>0x10d</size>
         <input_file_ref idref="fl-6"/>
      </object_component>
      <object_component id="oc-300">
         <name>.debug_info</name>
         <load_address>0x54df</load_address>
         <run_address>0x54df</run_address>
         <size>0xff</size>
         <input_file_ref idref="fl-6"/>
      </object_component>
      <object_component id="oc-3d9">
         <name>.debug_info</name>
         <load_address>0x55de</load_address>
         <run_address>0x55de</run_address>
         <size>0x10b</size>
         <input_file_ref idref="fl-6"/>
      </object_component>
      <object_component id="oc-1d3">
         <name>.debug_info</name>
         <load_address>0x56e9</load_address>
         <run_address>0x56e9</run_address>
         <size>0x107</size>
         <input_file_ref idref="fl-6"/>
      </object_component>
      <object_component id="oc-2f7">
         <name>.debug_info</name>
         <load_address>0x57f0</load_address>
         <run_address>0x57f0</run_address>
         <size>0x112</size>
         <input_file_ref idref="fl-6"/>
      </object_component>
      <object_component id="oc-2fa">
         <name>.debug_info</name>
         <load_address>0x5902</load_address>
         <run_address>0x5902</run_address>
         <size>0x107</size>
         <input_file_ref idref="fl-6"/>
      </object_component>
      <object_component id="oc-2f4">
         <name>.debug_info</name>
         <load_address>0x5a09</load_address>
         <run_address>0x5a09</run_address>
         <size>0x107</size>
         <input_file_ref idref="fl-6"/>
      </object_component>
      <object_component id="oc-3d3">
         <name>.debug_info</name>
         <load_address>0x5b10</load_address>
         <run_address>0x5b10</run_address>
         <size>0x10b</size>
         <input_file_ref idref="fl-6"/>
      </object_component>
      <object_component id="oc-3cc">
         <name>.debug_info</name>
         <load_address>0x5c1b</load_address>
         <run_address>0x5c1b</run_address>
         <size>0x10f</size>
         <input_file_ref idref="fl-6"/>
      </object_component>
      <object_component id="oc-316">
         <name>.debug_info</name>
         <load_address>0x5d2a</load_address>
         <run_address>0x5d2a</run_address>
         <size>0x10b</size>
         <input_file_ref idref="fl-6"/>
      </object_component>
      <object_component id="oc-2f0">
         <name>.debug_info</name>
         <load_address>0x5e35</load_address>
         <run_address>0x5e35</run_address>
         <size>0xea0</size>
         <input_file_ref idref="fl-7"/>
      </object_component>
      <object_component id="oc-1c7">
         <name>.debug_info</name>
         <load_address>0x6cd5</load_address>
         <run_address>0x6cd5</run_address>
         <size>0x23b</size>
         <input_file_ref idref="fl-8"/>
      </object_component>
      <object_component id="oc-ac">
         <name>.debug_info</name>
         <load_address>0x6f10</load_address>
         <run_address>0x6f10</run_address>
         <size>0x14b</size>
         <input_file_ref idref="fl-9"/>
      </object_component>
      <object_component id="oc-1cd">
         <name>.debug_info</name>
         <load_address>0x705b</load_address>
         <run_address>0x705b</run_address>
         <size>0x1e6</size>
         <input_file_ref idref="fl-9"/>
      </object_component>
      <object_component id="oc-1c3">
         <name>.debug_info</name>
         <load_address>0x7241</load_address>
         <run_address>0x7241</run_address>
         <size>0x1204</size>
         <input_file_ref idref="fl-a"/>
      </object_component>
      <object_component id="oc-2e7">
         <name>.debug_info</name>
         <load_address>0x8445</load_address>
         <run_address>0x8445</run_address>
         <size>0x22b</size>
         <input_file_ref idref="fl-a"/>
      </object_component>
      <object_component id="oc-167">
         <name>.debug_info</name>
         <load_address>0x8670</load_address>
         <run_address>0x8670</run_address>
         <size>0x18c</size>
         <input_file_ref idref="fl-b"/>
      </object_component>
      <object_component id="oc-f2">
         <name>.debug_info</name>
         <load_address>0x87fc</load_address>
         <run_address>0x87fc</run_address>
         <size>0x8ee</size>
         <input_file_ref idref="fl-c"/>
      </object_component>
      <object_component id="oc-ec">
         <name>.debug_info</name>
         <load_address>0x90ea</load_address>
         <run_address>0x90ea</run_address>
         <size>0x2ee</size>
         <input_file_ref idref="fl-d"/>
      </object_component>
      <object_component id="oc-e0">
         <name>.debug_info</name>
         <load_address>0x93d8</load_address>
         <run_address>0x93d8</run_address>
         <size>0x335</size>
         <input_file_ref idref="fl-e"/>
      </object_component>
      <object_component id="oc-176">
         <name>.debug_info</name>
         <load_address>0x970d</load_address>
         <run_address>0x970d</run_address>
         <size>0x13f</size>
         <input_file_ref idref="fl-e"/>
      </object_component>
      <object_component id="oc-16c">
         <name>.debug_info</name>
         <load_address>0x984c</load_address>
         <run_address>0x984c</run_address>
         <size>0xff</size>
         <input_file_ref idref="fl-e"/>
      </object_component>
      <object_component id="oc-126">
         <name>.debug_info</name>
         <load_address>0x994b</load_address>
         <run_address>0x994b</run_address>
         <size>0xeb</size>
         <input_file_ref idref="fl-e"/>
      </object_component>
      <object_component id="oc-155">
         <name>.debug_info</name>
         <load_address>0x9a36</load_address>
         <run_address>0x9a36</run_address>
         <size>0xfb</size>
         <input_file_ref idref="fl-e"/>
      </object_component>
      <object_component id="oc-10b">
         <name>.debug_info</name>
         <load_address>0x9b31</load_address>
         <run_address>0x9b31</run_address>
         <size>0x103</size>
         <input_file_ref idref="fl-e"/>
      </object_component>
      <object_component id="oc-108">
         <name>.debug_info</name>
         <load_address>0x9c34</load_address>
         <run_address>0x9c34</run_address>
         <size>0xff</size>
         <input_file_ref idref="fl-e"/>
      </object_component>
      <object_component id="oc-102">
         <name>.debug_info</name>
         <load_address>0x9d33</load_address>
         <run_address>0x9d33</run_address>
         <size>0xff</size>
         <input_file_ref idref="fl-e"/>
      </object_component>
      <object_component id="oc-105">
         <name>.debug_info</name>
         <load_address>0x9e32</load_address>
         <run_address>0x9e32</run_address>
         <size>0xff</size>
         <input_file_ref idref="fl-e"/>
      </object_component>
      <object_component id="oc-10e">
         <name>.debug_info</name>
         <load_address>0x9f31</load_address>
         <run_address>0x9f31</run_address>
         <size>0xff</size>
         <input_file_ref idref="fl-e"/>
      </object_component>
      <object_component id="oc-dd">
         <name>.debug_info</name>
         <load_address>0xa030</load_address>
         <run_address>0xa030</run_address>
         <size>0xff</size>
         <input_file_ref idref="fl-e"/>
      </object_component>
      <object_component id="oc-b0">
         <name>.debug_info</name>
         <load_address>0xa12f</load_address>
         <run_address>0xa12f</run_address>
         <size>0x205b</size>
         <input_file_ref idref="fl-e"/>
      </object_component>
      <object_component id="oc-b7">
         <name>.debug_info</name>
         <load_address>0xc18a</load_address>
         <run_address>0xc18a</run_address>
         <size>0x1d7</size>
         <input_file_ref idref="fl-e"/>
      </object_component>
      <object_component id="oc-1bc">
         <name>.debug_info</name>
         <load_address>0xc361</load_address>
         <run_address>0xc361</run_address>
         <size>0x164</size>
         <input_file_ref idref="fl-f"/>
      </object_component>
      <object_component id="oc-e4">
         <name>.debug_info</name>
         <load_address>0xc4c5</load_address>
         <run_address>0xc4c5</run_address>
         <size>0x1383</size>
         <input_file_ref idref="fl-f"/>
      </object_component>
      <object_component id="oc-24f">
         <name>.debug_info</name>
         <load_address>0xd848</load_address>
         <run_address>0xd848</run_address>
         <size>0x207</size>
         <input_file_ref idref="fl-1a"/>
      </object_component>
      <object_component id="oc-16f">
         <name>.debug_info</name>
         <load_address>0xda4f</load_address>
         <run_address>0xda4f</run_address>
         <size>0x2bc</size>
         <input_file_ref idref="fl-1a"/>
      </object_component>
      <object_component id="oc-256">
         <name>.debug_info</name>
         <load_address>0xdd0b</load_address>
         <run_address>0xdd0b</run_address>
         <size>0x24a</size>
         <input_file_ref idref="fl-1a"/>
      </object_component>
      <object_component id="oc-25c">
         <name>.debug_info</name>
         <load_address>0xdf55</load_address>
         <run_address>0xdf55</run_address>
         <size>0x288</size>
         <input_file_ref idref="fl-1a"/>
      </object_component>
      <object_component id="oc-285">
         <name>.debug_info</name>
         <load_address>0xe1dd</load_address>
         <run_address>0xe1dd</run_address>
         <size>0x21d</size>
         <input_file_ref idref="fl-1b"/>
      </object_component>
      <object_component id="oc-28c">
         <name>.debug_info</name>
         <load_address>0xe3fa</load_address>
         <run_address>0xe3fa</run_address>
         <size>0x219</size>
         <input_file_ref idref="fl-1b"/>
      </object_component>
      <object_component id="oc-2b0">
         <name>.debug_info</name>
         <load_address>0xe613</load_address>
         <run_address>0xe613</run_address>
         <size>0x279</size>
         <input_file_ref idref="fl-1b"/>
      </object_component>
      <object_component id="oc-29a">
         <name>.debug_info</name>
         <load_address>0xe88c</load_address>
         <run_address>0xe88c</run_address>
         <size>0x28f</size>
         <input_file_ref idref="fl-1b"/>
      </object_component>
      <object_component id="oc-29e">
         <name>.debug_info</name>
         <load_address>0xeb1b</load_address>
         <run_address>0xeb1b</run_address>
         <size>0x26e</size>
         <input_file_ref idref="fl-1b"/>
      </object_component>
      <object_component id="oc-2be">
         <name>.debug_info</name>
         <load_address>0xed89</load_address>
         <run_address>0xed89</run_address>
         <size>0x23f</size>
         <input_file_ref idref="fl-1b"/>
      </object_component>
      <object_component id="oc-2aa">
         <name>.debug_info</name>
         <load_address>0xefc8</load_address>
         <run_address>0xefc8</run_address>
         <size>0x241</size>
         <input_file_ref idref="fl-1b"/>
      </object_component>
      <object_component id="oc-2b7">
         <name>.debug_info</name>
         <load_address>0xf209</load_address>
         <run_address>0xf209</run_address>
         <size>0x239</size>
         <input_file_ref idref="fl-1b"/>
      </object_component>
      <object_component id="oc-2a5">
         <name>.debug_info</name>
         <load_address>0xf442</load_address>
         <run_address>0xf442</run_address>
         <size>0x23b</size>
         <input_file_ref idref="fl-1b"/>
      </object_component>
      <object_component id="oc-2c2">
         <name>.debug_info</name>
         <load_address>0xf67d</load_address>
         <run_address>0xf67d</run_address>
         <size>0x232</size>
         <input_file_ref idref="fl-1b"/>
      </object_component>
      <object_component id="oc-293">
         <name>.debug_info</name>
         <load_address>0xf8af</load_address>
         <run_address>0xf8af</run_address>
         <size>0x27b</size>
         <input_file_ref idref="fl-1b"/>
      </object_component>
      <object_component id="oc-19e">
         <name>.debug_info</name>
         <load_address>0xfb2a</load_address>
         <run_address>0xfb2a</run_address>
         <size>0x397</size>
         <input_file_ref idref="fl-1b"/>
      </object_component>
      <object_component id="oc-1d9">
         <name>.debug_info</name>
         <load_address>0xfec1</load_address>
         <run_address>0xfec1</run_address>
         <size>0x24f</size>
         <input_file_ref idref="fl-1c"/>
      </object_component>
      <object_component id="oc-1f5">
         <name>.debug_info</name>
         <load_address>0x10110</load_address>
         <run_address>0x10110</run_address>
         <size>0x1fe</size>
         <input_file_ref idref="fl-1d"/>
      </object_component>
      <object_component id="oc-1ef">
         <name>.debug_info</name>
         <load_address>0x1030e</load_address>
         <run_address>0x1030e</run_address>
         <size>0x202</size>
         <input_file_ref idref="fl-1d"/>
      </object_component>
      <object_component id="oc-f7">
         <name>.debug_info</name>
         <load_address>0x10510</load_address>
         <run_address>0x10510</run_address>
         <size>0x20f</size>
         <input_file_ref idref="fl-1d"/>
      </object_component>
      <object_component id="oc-fc">
         <name>.debug_info</name>
         <load_address>0x1071f</load_address>
         <run_address>0x1071f</run_address>
         <size>0x2b2</size>
         <input_file_ref idref="fl-1d"/>
      </object_component>
      <object_component id="oc-22c">
         <name>.debug_info</name>
         <load_address>0x109d1</load_address>
         <run_address>0x109d1</run_address>
         <size>0x205</size>
         <input_file_ref idref="fl-1e"/>
      </object_component>
      <object_component id="oc-32f">
         <name>.debug_info</name>
         <load_address>0x10bd6</load_address>
         <run_address>0x10bd6</run_address>
         <size>0x225</size>
         <input_file_ref idref="fl-1e"/>
      </object_component>
      <object_component id="oc-329">
         <name>.debug_info</name>
         <load_address>0x10dfb</load_address>
         <run_address>0x10dfb</run_address>
         <size>0x227</size>
         <input_file_ref idref="fl-1e"/>
      </object_component>
      <object_component id="oc-233">
         <name>.debug_info</name>
         <load_address>0x11022</load_address>
         <run_address>0x11022</run_address>
         <size>0x22f</size>
[...]
         <name>val_THD</name>
         <value>0xa849</value>
         <object_component_ref idref="oc-df"/>
      </symbol>
      <symbol id="sm-40a">
         <name>getADC</name>
         <value>0x8069d</value>
         <object_component_ref idref="oc-af"/>
      </symbol>
      <symbol id="sm-40b">
         <name>wifi_uint16</name>
         <value>0xa876</value>
         <object_component_ref idref="oc-16b"/>
      </symbol>
      <symbol id="sm-40c">
         <name>initEPWM</name>
         <value>0x806db</value>
         <object_component_ref idref="oc-af"/>
      </symbol>
      <symbol id="sm-40d">
         <name>RFFTmagBuff</name>
         <value>0x12000</value>
         <object_component_ref idref="oc-107"/>
      </symbol>
      <symbol id="sm-40e">
         <name>hnd_rfft_adc</name>
         <value>0xa890</value>
         <object_component_ref idref="oc-175"/>
      </symbol>
      <symbol id="sm-40f">
         <name>RFFTin1Buff</name>
         <value>0xe000</value>
         <object_component_ref idref="oc-101"/>
      </symbol>
      <symbol id="sm-410">
         <name>initADC</name>
         <value>0x806bd</value>
         <object_component_ref idref="oc-af"/>
      </symbol>
      <symbol id="sm-411">
         <name>RFFTphaseBuff</name>
         <value>0x8000</value>
         <object_component_ref idref="oc-10a"/>
      </symbol>
      <symbol id="sm-412">
         <name>str</name>
         <value>0xa84c</value>
         <object_component_ref idref="oc-df"/>
      </symbol>
      <symbol id="sm-413">
         <name>val5</name>
         <value>0xa848</value>
         <object_component_ref idref="oc-df"/>
      </symbol>
      <symbol id="sm-414">
         <name>val4</name>
         <value>0xa847</value>
         <object_component_ref idref="oc-df"/>
      </symbol>
      <symbol id="sm-415">
         <name>val3</name>
         <value>0xa846</value>
         <object_component_ref idref="oc-df"/>
      </symbol>
      <symbol id="sm-416">
         <name>val2</name>
         <value>0xa845</value>
         <object_component_ref idref="oc-df"/>
      </symbol>
      <symbol id="sm-417">
         <name>hnd_rfft</name>
         <value>0xa88e</value>
         <object_component_ref idref="oc-175"/>
      </symbol>
      <symbol id="sm-418">
         <name>msg_wifi</name>
         <value>0xa850</value>
         <object_component_ref idref="oc-df"/>
      </symbol>
      <symbol id="sm-419">
         <name>RFFTF32Coef</name>
         <value>0xe800</value>
         <object_component_ref idref="oc-10d"/>
      </symbol>
      <symbol id="sm-438">
         <name>Device_enableAllPeripherals</name>
         <value>0x82158</value>
         <object_component_ref idref="oc-e3"/>
      </symbol>
      <symbol id="sm-439">
         <name>Device_initGPIO</name>
         <value>0x82243</value>
         <object_component_ref idref="oc-e3"/>
      </symbol>
      <symbol id="sm-43a">
         <name>Example_Fail</name>
         <value>0xa884</value>
         <object_component_ref idref="oc-1bb"/>
      </symbol>
      <symbol id="sm-43b">
         <name>Example_setResultFail</name>
         <value>0x822e7</value>
         <object_component_ref idref="oc-e3"/>
      </symbol>
      <symbol id="sm-43c">
         <name>Device_init</name>
         <value>0x82105</value>
         <object_component_ref idref="oc-e3"/>
      </symbol>
      <symbol id="sm-43d">
         <name>Example_Result</name>
         <value>0xa880</value>
         <object_component_ref idref="oc-1bb"/>
      </symbol>
      <symbol id="sm-43e">
         <name>Device_enableUnbondedGPIOPullups</name>
         <value>0x82294</value>
         <object_component_ref idref="oc-e3"/>
      </symbol>
      <symbol id="sm-43f">
         <name>__error__</name>
         <value>0x822db</value>
         <object_component_ref idref="oc-e3"/>
      </symbol>
      <symbol id="sm-440">
         <name>Example_setResultPass</name>
         <value>0x822e2</value>
         <object_component_ref idref="oc-e3"/>
      </symbol>
      <symbol id="sm-441">
         <name>Device_configureTMXAnalogTrim</name>
         <value>0x822aa</value>
         <object_component_ref idref="oc-e3"/>
      </symbol>
      <symbol id="sm-442">
         <name>Device_enableUnbondedGPIOPullupsFor176Pin</name>
         <value>0x82264</value>
         <object_component_ref idref="oc-e3"/>
      </symbol>
      <symbol id="sm-443">
         <name>Example_done</name>
         <value>0x822ec</value>
         <object_component_ref idref="oc-e3"/>
      </symbol>
      <symbol id="sm-444">
         <name>Example_PassCount</name>
         <value>0xa882</value>
         <object_component_ref idref="oc-1bb"/>
      </symbol>
      <symbol id="sm-445">
         <name>Device_enableUnbondedGPIOPullupsFor100Pin</name>
         <value>0x82277</value>
         <object_component_ref idref="oc-e3"/>
      </symbol>
      <symbol id="sm-486">
         <name>ADC_setOffsetTrim</name>
         <value>0x82e4e</value>
         <object_component_ref idref="oc-25b"/>
      </symbol>
      <symbol id="sm-487">
         <name>ADC_setMode</name>
         <value>0x83349</value>
         <object_component_ref idref="oc-16e"/>
      </symbol>
      <symbol id="sm-488">
         <name>ADC_setINLTrim</name>
         <value>0x82c9d</value>
         <object_component_ref idref="oc-255"/>
      </symbol>
      <symbol id="sm-502">
         <name>Flash_initModule</name>
         <value>0xb000</value>
         <object_component_ref idref="oc-19c"/>
      </symbol>
      <symbol id="sm-50f">
         <name>GPIO_setPinConfig</name>
         <value>0x8321a</value>
         <object_component_ref idref="oc-1d8"/>
      </symbol>
      <symbol id="sm-53c">
         <name>Interrupt_initModule</name>
         <value>0x831dd</value>
         <object_component_ref idref="oc-f5"/>
      </symbol>
      <symbol id="sm-53d">
         <name>Interrupt_enable</name>
         <value>0x83251</value>
         <object_component_ref idref="oc-fb"/>
      </symbol>
      <symbol id="sm-5ae">
         <name>SCI_clearInterruptStatus</name>
         <value>0x83118</value>
         <object_component_ref idref="oc-1de"/>
      </symbol>
      <symbol id="sm-5af">
         <name>SCI_writeCharArray</name>
         <value>0x8315e</value>
         <object_component_ref idref="oc-14e"/>
      </symbol>
      <symbol id="sm-5b0">
         <name>SCI_setConfig</name>
         <value>0x8319f</value>
         <object_component_ref idref="oc-1e4"/>
      </symbol>
      <symbol id="sm-68c">
         <name>SysCtl_delay</name>
         <value>0xb16c</value>
         <object_component_ref idref="oc-174"/>
      </symbol>
      <symbol id="sm-68d">
         <name>SysCtl_getDeviceParametric</name>
         <value>0x82de6</value>
         <object_component_ref idref="oc-1a2"/>
      </symbol>
      <symbol id="sm-68e">
         <name>SysCtl_selectXTAL</name>
         <value>0x82d10</value>
         <object_component_ref idref="oc-3c3"/>
      </symbol>
      <symbol id="sm-68f">
         <name>SysCtl_selectOscSource</name>
         <value>0x83025</value>
         <object_component_ref idref="oc-2d2"/>
      </symbol>
      <symbol id="sm-690">
         <name>SysCtl_getLowSpeedClock</name>
         <value>0x836a2</value>
         <object_component_ref idref="oc-1b5"/>
      </symbol>
      <symbol id="sm-691">
         <name>SysCtl_setClock</name>
         <value>0x822ed</value>
         <object_component_ref idref="oc-1a8"/>
      </symbol>
      <symbol id="sm-692">
         <name>SysCtl_getClock</name>
         <value>0x83079</value>
         <object_component_ref idref="oc-1ae"/>
      </symbol>
      <symbol id="sm-6a0">
         <name>_rfft_adc_f32_Stages4andUp</name>
         <value>0x82584</value>
         <object_component_ref idref="oc-116"/>
      </symbol>
      <symbol id="sm-6a1">
         <name>RFFT_adc_f32</name>
         <value>0x824f4</value>
         <object_component_ref idref="oc-116"/>
      </symbol>
      <symbol id="sm-6ab">
         <name>RFFT_f32_mag_TMU0</name>
         <value>0x830ca</value>
         <object_component_ref idref="oc-11b"/>
      </symbol>
      <symbol id="sm-6b6">
         <name>RFFT_f32_phase_TMU0</name>
         <value>0x82b94</value>
         <object_component_ref idref="oc-120"/>
      </symbol>
      <symbol id="sm-6c7">
         <name>RFFT_f32_sincostable</name>
         <value>0x82d7b</value>
         <object_component_ref idref="oc-110"/>
      </symbol>
      <symbol id="sm-6d6">
         <name>sprintf</name>
         <value>0x83285</value>
         <object_component_ref idref="oc-148"/>
      </symbol>
      <symbol id="sm-6ed">
         <name>sqrtl</name>
         <value>0x82859</value>
         <object_component_ref idref="oc-12d"/>
      </symbol>
      <symbol id="sm-6ee">
         <name>sqrt</name>
         <value>0x82859</value>
         <object_component_ref idref="oc-12d"/>
      </symbol>
      <symbol id="sm-6fd">
         <name>cosf</name>
         <value>0x82eb2</value>
         <object_component_ref idref="oc-205"/>
      </symbol>
      <symbol id="sm-70b">
         <name>sinf</name>
         <value>0x82fcc</value>
         <object_component_ref idref="oc-20b"/>
      </symbol>
      <symbol id="sm-715">
         <name>_c_int00</name>
         <value>0x83739</value>
         <object_component_ref idref="oc-18c"/>
      </symbol>
      <symbol id="sm-716">
         <name>__stack</name>
         <value>0x400</value>
         <object_component_ref idref="oc-ba"/>
      </symbol>
      <symbol id="sm-722">
         <name>__c28xabi_cmpd</name>
         <value>0x833a3</value>
         <object_component_ref idref="oc-13e"/>
      </symbol>
      <symbol id="sm-730">
         <name>__c28xabi_mpyd</name>
         <value>0x82c1a</value>
         <object_component_ref idref="oc-15c"/>
      </symbol>
      <symbol id="sm-738">
         <name>__c28xabi_subd</name>
         <value>0x83810</value>
         <object_component_ref idref="oc-21a"/>
      </symbol>
      <symbol id="sm-743">
         <name>__c28xabi_dtou</name>
         <value>0x836bc</value>
         <object_component_ref idref="oc-161"/>
      </symbol>
      <symbol id="sm-750">
         <name>__c28xabi_divf</name>
         <value>0x82b0c</value>
         <object_component_ref idref="oc-143"/>
      </symbol>
      <symbol id="sm-75a">
         <name>__c28xabi_cmpll</name>
         <value>0x835c2</value>
         <object_component_ref idref="oc-427"/>
      </symbol>
      <symbol id="sm-75b">
         <name>__c28xabi_cmpull</name>
         <value>0x835d4</value>
         <object_component_ref idref="oc-427"/>
      </symbol>
      <symbol id="sm-767">
         <name>__c28xabi_itod</name>
         <value>0x835e0</value>
         <object_component_ref idref="oc-157"/>
      </symbol>
      <symbol id="sm-773">
         <name>__c28xabi_ftod</name>
         <value>0x8361a</value>
         <object_component_ref idref="oc-128"/>
      </symbol>
      <symbol id="sm-77f">
         <name>__c28xabi_dtof</name>
         <value>0x834df</value>
         <object_component_ref idref="oc-138"/>
      </symbol>
      <symbol id="sm-792">
         <name>__c28xabi_divd</name>
         <value>0x82a81</value>
         <object_component_ref idref="oc-133"/>
      </symbol>
      <symbol id="sm-7a4">
         <name>memcpy</name>
         <value>0x835fd</value>
         <object_component_ref idref="oc-bd"/>
      </symbol>
      <symbol id="sm-7b1">
         <name>_system_pre_init</name>
         <value>0x838b2</value>
         <object_component_ref idref="oc-270"/>
      </symbol>
      <symbol id="sm-7c0">
         <name>__TI_auto_init_nobinit_nopinit</name>
         <value>0x83378</value>
         <object_component_ref idref="oc-377"/>
      </symbol>
      <symbol id="sm-7cd">
         <name>__TI_zero_init</name>
         <value>0x838a7</value>
         <object_component_ref idref="oc-cb"/>
      </symbol>
      <symbol id="sm-7da">
         <name>__TI_decompress_none</name>
         <value>0x83889</value>
         <object_component_ref idref="oc-93"/>
      </symbol>
      <symbol id="sm-7ee">
         <name>__TI_decompress_lzss</name>
         <value>0x832b7</value>
         <object_component_ref idref="oc-8d"/>
      </symbol>
      <symbol id="sm-804">
         <name>C$$EXIT</name>
         <value>0x833f7</value>
         <object_component_ref idref="oc-27d"/>
      </symbol>
      <symbol id="sm-805">
         <name>abort</name>
         <value>0x833f7</value>
         <object_component_ref idref="oc-27d"/>
      </symbol>
      <symbol id="sm-806">
         <name>exit</name>
         <value>0x833f9</value>
         <object_component_ref idref="oc-27d"/>
      </symbol>
      <symbol id="sm-807">
         <name>__TI_dtors_ptr</name>
         <value>0xa88a</value>
         <object_component_ref idref="oc-3a9"/>
      </symbol>
      <symbol id="sm-808">
         <name>__TI_cleanup_ptr</name>
         <value>0xa888</value>
         <object_component_ref idref="oc-3a9"/>
      </symbol>
      <symbol id="sm-809">
         <name>__TI_enable_exit_profile_output</name>
         <value>0xa886</value>
         <object_component_ref idref="oc-3a9"/>
      </symbol>
      <symbol id="sm-820">
         <name>_nop</name>
         <value>0x83877</value>
         <object_component_ref idref="oc-461"/>
      </symbol>
      <symbol id="sm-821">
         <name>_lock</name>
         <value>0xa87c</value>
         <object_component_ref idref="oc-3ac"/>
      </symbol>
      <symbol id="sm-822">
         <name>_unlock</name>
         <value>0xa87e</value>
         <object_component_ref idref="oc-4f3"/>
      </symbol>
      <symbol id="sm-823">
         <name>_register_lock</name>
         <value>0x83873</value>
         <object_component_ref idref="oc-461"/>
      </symbol>
      <symbol id="sm-824">
         <name>_register_unlock</name>
         <value>0x8386f</value>
         <object_component_ref idref="oc-461"/>
      </symbol>
      <symbol id="sm-833">
         <name>_args_main</name>
         <value>0x83838</value>
         <object_component_ref idref="oc-277"/>
      </symbol>
      <symbol id="sm-842">
         <name>memset</name>
         <value>0x838a0</value>
         <object_component_ref idref="oc-185"/>
      </symbol>
      <symbol id="sm-84d">
         <name>errno</name>
         <value>0xa892</value>
         <object_component_ref idref="oc-21f"/>
      </symbol>
      <symbol id="sm-9b5">
         <name>__TI_printfi</name>
         <value>0x8128e</value>
         <object_component_ref idref="oc-35c"/>
      </symbol>
      <symbol id="sm-9cc">
         <name>frexpl</name>
         <value>0x82f72</value>
         <object_component_ref idref="oc-4d9"/>
      </symbol>
      <symbol id="sm-9cd">
         <name>frexp</name>
         <value>0x82f72</value>
         <object_component_ref idref="oc-4d9"/>
      </symbol>
      <symbol id="sm-9ef">
         <name>scalbn</name>
         <value>0x82937</value>
         <object_component_ref idref="oc-4df"/>
      </symbol>
      <symbol id="sm-9f0">
         <name>scalbnl</name>
         <value>0x82937</value>
         <object_component_ref idref="oc-4df"/>
      </symbol>
      <symbol id="sm-9f1">
         <name>ldexpl</name>
         <value>0x82937</value>
         <object_component_ref idref="oc-4df"/>
      </symbol>
      <symbol id="sm-9f2">
         <name>ldexp</name>
         <value>0x82937</value>
         <object_component_ref idref="oc-4df"/>
      </symbol>
      <symbol id="sm-a09">
         <name>__c28xabi_addd</name>
         <value>0x829e5</value>
         <object_component_ref idref="oc-344"/>
      </symbol>
      <symbol id="sm-a12">
         <name>__c28xabi_negd</name>
         <value>0x83878</value>
         <object_component_ref idref="oc-4bf"/>
      </symbol>
      <symbol id="sm-a1d">
         <name>__c28xabi_dtoi</name>
         <value>0x83524</value>
         <object_component_ref idref="oc-4d4"/>
      </symbol>
      <symbol id="sm-a28">
         <name>__c28xabi_dtol</name>
         <value>0x835a3</value>
         <object_component_ref idref="oc-4c4"/>
      </symbol>
      <symbol id="sm-a30">
         <name>__c28xabi_orll</name>
         <value>0x83729</value>
         <object_component_ref idref="oc-431"/>
      </symbol>
      <symbol id="sm-a31">
         <name>__c28xabi_xorll</name>
         <value>0x83731</value>
         <object_component_ref idref="oc-431"/>
      </symbol>
      <symbol id="sm-a32">
         <name>__c28xabi_andll</name>
         <value>0x83721</value>
         <object_component_ref idref="oc-431"/>
      </symbol>
      <symbol id="sm-a59">
         <name>__c28xabi_modull</name>
         <value>0x827f7</value>
         <object_component_ref idref="oc-42c"/>
      </symbol>
      <symbol id="sm-a5a">
         <name>__c28xabi_divull</name>
         <value>0x827c8</value>
         <object_component_ref idref="oc-42c"/>
      </symbol>
      <symbol id="sm-a5b">
         <name>__c28xabi_divll</name>
         <value>0x82752</value>
         <object_component_ref idref="oc-42c"/>
      </symbol>
      <symbol id="sm-a5c">
         <name>__c28xabi_modll</name>
         <value>0x8278e</value>
         <object_component_ref idref="oc-42c"/>
      </symbol>
      <symbol id="sm-a68">
         <name>__c28xabi_ltod</name>
         <value>0x83636</value>
         <object_component_ref idref="oc-4cf"/>
      </symbol>
      <symbol id="sm-a76">
         <name>_system_post_cinit</name>
         <value>0x838b4</value>
         <object_component_ref idref="oc-447"/>
      </symbol>
      <symbol id="sm-a85">
         <name>__TI_ltoa</name>
         <value>0x83319</value>
         <object_component_ref idref="oc-4c9"/>
      </symbol>
      <symbol id="sm-a9a">
         <name>atoi</name>
         <value>0x832e8</value>
         <object_component_ref idref="oc-421"/>
      </symbol>
      <symbol id="sm-aa5">
         <name>_ctypes_</name>
         <value>0x881c0</value>
         <object_component_ref idref="oc-4b4"/>
      </symbol>
      <symbol id="sm-ab5">
         <name>memccpy</name>
         <value>0x83800</value>
         <object_component_ref idref="oc-419"/>
      </symbol>
      <symbol id="sm-ac5">
         <name>strchr</name>
         <value>0x83844</value>
         <object_component_ref idref="oc-4e5"/>
      </symbol>
      <symbol id="sm-ad3">
         <name>strcpy</name>
         <value>0x838ad</value>
         <object_component_ref idref="oc-413"/>
      </symbol>
      <symbol id="sm-ae1">
         <name>strlen</name>
         <value>0x83891</value>
         <object_component_ref idref="oc-40d"/>
      </symbol>
      <symbol id="sm-af0">
         <name>wcslen</name>
         <value>0x8385b</value>
         <object_component_ref idref="oc-436"/>
      </symbol>
      <symbol id="sm-afe">
         <name>copysign</name>
         <value>0x83496</value>
         <object_component_ref idref="oc-533"/>
      </symbol>
      <symbol id="sm-aff">
         <name>copysignl</name>
         <value>0x83496</value>
         <object_component_ref idref="oc-533"/>
      </symbol>
      <symbol id="sm-b07">
         <name>__c28xabi_divul</name>
         <value>0x833ea</value>
         <object_component_ref idref="oc-522"/>
      </symbol>
      <symbol id="sm-b08">
         <name>__c28xabi_modul</name>
         <value>0x833f1</value>
         <object_component_ref idref="oc-522"/>
      </symbol>
      <symbol id="sm-b09">
         <name>__c28xabi_modl</name>
         <value>0x833dc</value>
         <object_component_ref idref="oc-522"/>
      </symbol>
      <symbol id="sm-b0a">
         <name>__c28xabi_divl</name>
         <value>0x833cd</value>
         <object_component_ref idref="oc-522"/>
      </symbol>
      <symbol id="sm-b0c">
         <name>__c_args__</name>
         <value>0x0</value>
      </symbol>
   </symbol_table>
   <title>Link successful</title>
</link_info>
